Archive member included because of file (symbol)

c:/sunplus/s_core~1.1/gnu/bin/../lib/gcc/score-elf/4.2.1/../../../../score-elf/lib/mel\libc.a(abort.o)
                              Debug\libgloss.o (abort)
c:/sunplus/s_core~1.1/gnu/bin/../lib/gcc/score-elf/4.2.1/../../../../score-elf/lib/mel\libc.a(signal.o)
                              c:/sunplus/s_core~1.1/gnu/bin/../lib/gcc/score-elf/4.2.1/../../../../score-elf/lib/mel\libc.a(abort.o) (raise)
c:/sunplus/s_core~1.1/gnu/bin/../lib/gcc/score-elf/4.2.1/../../../../score-elf/lib/mel\libc.a(syswrite.o)
                              Debug\libgloss.o (write)
c:/sunplus/s_core~1.1/gnu/bin/../lib/gcc/score-elf/4.2.1/../../../../score-elf/lib/mel\libc.a(impure.o)
                              c:/sunplus/s_core~1.1/gnu/bin/../lib/gcc/score-elf/4.2.1/../../../../score-elf/lib/mel\libc.a(signal.o) (_impure_ptr)
c:/sunplus/s_core~1.1/gnu/bin/../lib/gcc/score-elf/4.2.1/../../../../score-elf/lib/mel\libc.a(mallocr.o)
                              c:/sunplus/s_core~1.1/gnu/bin/../lib/gcc/score-elf/4.2.1/../../../../score-elf/lib/mel\libc.a(signal.o) (_malloc_r)
c:/sunplus/s_core~1.1/gnu/bin/../lib/gcc/score-elf/4.2.1/../../../../score-elf/lib/mel\libc.a(mlock.o)
                              c:/sunplus/s_core~1.1/gnu/bin/../lib/gcc/score-elf/4.2.1/../../../../score-elf/lib/mel\libc.a(mallocr.o) (__malloc_lock)
c:/sunplus/s_core~1.1/gnu/bin/../lib/gcc/score-elf/4.2.1/../../../../score-elf/lib/mel\libc.a(freer.o)
                              c:/sunplus/s_core~1.1/gnu/bin/../lib/gcc/score-elf/4.2.1/../../../../score-elf/lib/mel\libc.a(mallocr.o) (_free_r)

Allocating common symbols
Common symbol       size              file

controller          0x5               Debug\main.o

Memory Configuration

Name             Origin             Length             Attributes
*default*        0x0000000000000000 0xffffffffffffffff

Linker script and memory map

LOAD Obj.lst
LOAD Debug\hyperscan_startup.o
LOAD Debug\main.o
LOAD Debug\libgloss.o
LOAD Debug\UART.o
LOAD Debug\TV.o
LOAD Debug\NorFlash.o
LOAD Debug\User_IRQ.o
LOAD Debug\Sys_isr.o
LOAD Debug\Sys_IRQ.o
LOAD Debug\I2C.o
LOAD Debug\HS_Controller.o
LOAD Lib.lst
LOAD c:/sunplus/s_core~1.1/gnu/bin/../lib/gcc/score-elf/4.2.1/../../../../score-elf/lib/mel\libm.a
LOAD c:/sunplus/s_core~1.1/gnu/bin/../lib/gcc/score-elf/4.2.1/../../../../score-elf/lib/mel\libc.a
LOAD c:/sunplus/s_core~1.1/gnu/bin/../lib/gcc/score-elf/4.2.1/mel\libgcc.a
LOAD c:/sunplus/s_core~1.1/gnu/bin/../lib/gcc/score-elf/4.2.1/mel\libgcc.a
LOAD c:/sunplus/s_core~1.1/gnu/bin/../lib/gcc/score-elf/4.2.1/../../../../score-elf/lib/mel\libc.a
LOAD c:/sunplus/s_core~1.1/gnu/bin/../lib/gcc/score-elf/4.2.1/mel\libgcc.a
START GROUP
LOAD c:/sunplus/s_core~1.1/gnu/bin/../lib/gcc/score-elf/4.2.1/../../../../score-elf/lib/mel\libc.a
LOAD c:/sunplus/s_core~1.1/gnu/bin/../lib/gcc/score-elf/4.2.1/../../../../score-elf/lib/mel\libm.a
LOAD c:/sunplus/s_core~1.1/gnu/bin/../lib/gcc/score-elf/4.2.1/mel\libgcc.a
END GROUP

.exception      0x00000000a00001fc      0x23c
 *(.exception_vec)
 .exception_vec
                0x00000000a00001fc      0x23c Debug\Sys_isr.o

.stack          0x00000000a0fffff0        0x0
                0x00000000a0fffff0                _stack = .
 *(.stack)
                0x00000000a0001000                . = 0xa0001000

.interp
 *(.interp)

.hash
 *(.hash)

.dynsym
 *(.dynsym)

.dynstr
 *(.dynstr)

.gnu.version
 *(.gnu.version)

.gnu.version_d
 *(.gnu.version_d)

.gnu.version_r
 *(.gnu.version_r)

.rel.dyn        0x00000000a0001000        0x0
 *(.rel.init)
 *(.rel.text .rel.text.* .rel.gnu.linkonce.t.*)
 *(.rel.fini)
 *(.rel.rodata .rel.rodata.* .rel.gnu.linkonce.r.*)
 *(.rel.data .rel.data.* .rel.gnu.linkonce.d.*)
 *(.rel.tdata .rel.tdata.* .rel.gnu.linkonce.td.*)
 *(.rel.tbss .rel.tbss.* .rel.gnu.linkonce.tb.*)
 *(.rel.ctors)
 *(.rel.dtors)
 *(.rel.got)
 *(.rel.sdata .rel.sdata.* .rel.gnu.linkonce.s.*)
 *(.rel.sbss .rel.sbss.* .rel.gnu.linkonce.sb.*)
 *(.rel.sdata2 .rel.sdata2.* .rel.gnu.linkonce.s2.*)
 *(.rel.sbss2 .rel.sbss2.* .rel.gnu.linkonce.sb2.*)
 *(.rel.bss .rel.bss.* .rel.gnu.linkonce.b.*)
 .rel.dyn       0x0000000000000000        0x0 c:/sunplus/s_core~1.1/gnu/bin/../lib/gcc/score-elf/4.2.1/../../../../score-elf/lib/mel\libc.a(mallocr.o)

.rela.dyn
 *(.rela.init)
 *(.rela.text .rela.text.* .rela.gnu.linkonce.t.*)
 *(.rela.fini)
 *(.rela.rodata .rela.rodata.* .rela.gnu.linkonce.r.*)
 *(.rela.data .rela.data.* .rela.gnu.linkonce.d.*)
 *(.rela.tdata .rela.tdata.* .rela.gnu.linkonce.td.*)
 *(.rela.tbss .rela.tbss.* .rela.gnu.linkonce.tb.*)
 *(.rela.ctors)
 *(.rela.dtors)
 *(.rela.got)
 *(.rela.sdata .rela.sdata.* .rela.gnu.linkonce.s.*)
 *(.rela.sbss .rela.sbss.* .rela.gnu.linkonce.sb.*)
 *(.rela.sdata2 .rela.sdata2.* .rela.gnu.linkonce.s2.*)
 *(.rela.sbss2 .rela.sbss2.* .rela.gnu.linkonce.sb2.*)
 *(.rela.bss .rela.bss.* .rela.gnu.linkonce.b.*)

.rel.plt
 *(.rel.plt)

.rela.plt
 *(.rela.plt)

.hardware_init  0x00000000a0001000       0x94
 *(.hardware_init)
 .hardware_init
                0x00000000a0001000       0x94 Debug\hyperscan_startup.o
                0x00000000a0001000                _hardware_init

.init
 *(.init)

.plt
 *(.plt)

.text           0x00000000a0001094     0x2934
 *(.text .stub .text.* .gnu.linkonce.t.*)
 .text          0x00000000a0001094        0x0 Debug\hyperscan_startup.o
 .text          0x00000000a0001094      0x68c Debug\main.o
                0x00000000a00011a8                main
 .text          0x00000000a0001720      0x3c0 Debug\libgloss.o
                0x00000000a0001a50                _getpid
                0x00000000a00019d0                _lseek_r
                0x00000000a0001aa8                _kill_r
                0x00000000a00019e8                _fstat_r
                0x00000000a0001a08                isatty
                0x00000000a0001a60                _getpid_r
                0x00000000a0001940                _sbrk_r
                0x00000000a00017a0                _read_r
                0x00000000a0001720                _putc_r
                0x00000000a00018f4                _open_r
                0x00000000a000190c                _close_r
                0x00000000a0001870                _write_r
                0x00000000a0001a70                _kill
                0x00000000a0001920                _exit
 .text          0x00000000a0001ae0       0xd8 Debug\UART.o
                0x00000000a0001ae0                UART_Init
                0x00000000a0001aec                UART_SendChar
                0x00000000a0001b3c                UART_GetChar
 .text          0x00000000a0001bb8      0x46c Debug\TV.o
                0x00000000a0001fc4                TV_FadeIn
                0x00000000a0001c0c                TV_Init
                0x00000000a0001cd4                TV_Buffer_Sel
                0x00000000a0001bb8                TV_ClearScreen
                0x00000000a0001d30                TV_Fade
                0x00000000a0001f6c                TV_FadeOut
                0x00000000a0001e94                TV_PrintHex
                0x00000000a0001ca0                TV_Buffer_Set
                0x00000000a0001d50                TV_Print
                0x00000000a0001d10                TV_Hue
                0x00000000a0001cf0                TV_Saturation
 .text          0x00000000a0002024      0x3cc Debug\NorFlash.o
                0x00000000a000205c                NorFlash_ChipErase
                0x00000000a0002198                NorFlash_SectorErase
                0x00000000a0002024                NorFlash_Init
                0x00000000a0002368                NorFlash_SetAddress
                0x00000000a00022f8                NorFlash_WordWrite
                0x00000000a00020e0                NorFlash_BlockErase
                0x00000000a0002250                NorFlash_Write32
                0x00000000a00023bc                NorFlash_Delay
 .text          0x00000000a00023f0      0x1e0 Debug\User_IRQ.o
                0x00000000a0002594                IRQ28
                0x00000000a0002450                IRQ55
                0x00000000a000242c                IRQ58
                0x00000000a0002504                IRQ40
                0x00000000a0002534                IRQ36
                0x00000000a0002570                IRQ31
                0x00000000a00023fc                IRQ62
                0x00000000a0002408                IRQ61
                0x00000000a0002528                IRQ37
                0x00000000a000251c                IRQ38
                0x00000000a000257c                IRQ30
                0x00000000a0002588                IRQ29
                0x00000000a000245c                IRQ54
                0x00000000a00024ec                IRQ42
                0x00000000a0002438                IRQ57
                0x00000000a0002444                IRQ56
                0x00000000a00024f8                IRQ41
                0x00000000a00024b0                IRQ47
                0x00000000a0002558                IRQ33
                0x00000000a0002420                IRQ59
                0x00000000a00025c4                IRQ24
                0x00000000a0002510                IRQ39
                0x00000000a00024d4                IRQ44
                0x00000000a00025a0                IRQ27
                0x00000000a0002480                IRQ51
                0x00000000a000254c                IRQ34
                0x00000000a000248c                IRQ50
                0x00000000a0002414                IRQ60
                0x00000000a00025b8                IRQ25
                0x00000000a0002468                IRQ53
                0x00000000a0002498                IRQ49
                0x00000000a00024bc                IRQ46
                0x00000000a00024c8                IRQ45
                0x00000000a00025ac                IRQ26
                0x00000000a0002474                IRQ52
                0x00000000a0002564                IRQ32
                0x00000000a00024e0                IRQ43
                0x00000000a00024a4                IRQ48
                0x00000000a00023f0                IRQ63
                0x00000000a0002540                IRQ35
 .text          0x00000000a00025d0        0x0 Debug\Sys_isr.o
 .text          0x00000000a00025d0      0x198 Debug\Sys_IRQ.o
                0x00000000a00025d8                irq_dispatch
                0x00000000a00025d0                intmsg
 .text          0x00000000a0002768      0x164 Debug\I2C.o
                0x00000000a0002844                I2C_Write8
                0x00000000a0002768                I2C_Init
                0x00000000a00027b8                I2C_Read8
 .text          0x00000000a00028cc      0x138 Debug\HS_Controller.o
                0x00000000a0002920                HS_Controller_Read
                0x00000000a00028cc                HS_Controller_Init
 .text          0x00000000a0002a04       0x14 c:/sunplus/s_core~1.1/gnu/bin/../lib/gcc/score-elf/4.2.1/../../../../score-elf/lib/mel\libc.a(abort.o)
                0x00000000a0002a04                abort
 .text          0x00000000a0002a18      0x2a8 c:/sunplus/s_core~1.1/gnu/bin/../lib/gcc/score-elf/4.2.1/../../../../score-elf/lib/mel\libc.a(signal.o)
                0x00000000a0002c20                _signal_r
                0x00000000a0002b44                _raise_r
                0x00000000a0002a94                __sigtramp_r
                0x00000000a0002c98                signal
                0x00000000a0002a84                _init_signal
                0x00000000a0002a18                _init_signal_r
                0x00000000a0002b24                __sigtramp
                0x00000000a0002c00                raise
 .text          0x00000000a0002cc0       0x28 c:/sunplus/s_core~1.1/gnu/bin/../lib/gcc/score-elf/4.2.1/../../../../score-elf/lib/mel\libc.a(syswrite.o)
                0x00000000a0002cc0                write
 .text          0x00000000a0002ce8        0x0 c:/sunplus/s_core~1.1/gnu/bin/../lib/gcc/score-elf/4.2.1/../../../../score-elf/lib/mel\libc.a(impure.o)
 .text          0x00000000a0002ce8      0x8ac c:/sunplus/s_core~1.1/gnu/bin/../lib/gcc/score-elf/4.2.1/../../../../score-elf/lib/mel\libc.a(mallocr.o)
                0x00000000a0002ce8                _malloc_r
 .text          0x00000000a0003594        0x8 c:/sunplus/s_core~1.1/gnu/bin/../lib/gcc/score-elf/4.2.1/../../../../score-elf/lib/mel\libc.a(mlock.o)
                0x00000000a0003598                __malloc_unlock
                0x00000000a0003594                __malloc_lock
 .text          0x00000000a000359c      0x42c c:/sunplus/s_core~1.1/gnu/bin/../lib/gcc/score-elf/4.2.1/../../../../score-elf/lib/mel\libc.a(freer.o)
                0x00000000a00036b8                _free_r
                0x00000000a000359c                _malloc_trim_r
 *(.gnu.warning)
 *(.glue_7t)
 *(.glue_7)

.fini
 *(.fini)
                0x00000000a00039c8                PROVIDE (__etext, .)
                0x00000000a00039c8                PROVIDE (_etext, .)
                0x00000000a00039c8                PROVIDE (etext, .)

.rodata         0x00000000a00039c8     0x1308
 *(.rodata .rodata.* .gnu.linkonce.r.*)
 .rodata        0x00000000a00039c8      0x250 Debug\main.o
 .rodata        0x00000000a0003c18       0x10 Debug\libgloss.o
 .rodata        0x00000000a0003c28     0x1004 Debug\TV.o
                0x00000000a0003c28                font
 .rodata        0x00000000a0004c2c       0xa0 Debug\Sys_IRQ.o
 .rodata.str1.4
                0x00000000a0004ccc        0x4 c:/sunplus/s_core~1.1/gnu/bin/../lib/gcc/score-elf/4.2.1/../../../../score-elf/lib/mel\libc.a(impure.o)

.rodata1
 *(.rodata1)

.sdata2
 *(.sdata2 .sdata2.* .gnu.linkonce.s2.*)

.sbss2
 *(.sbss2 .sbss2.* .gnu.linkonce.sb2.*)

.eh_frame_hdr
 *(.eh_frame_hdr)
                0x00000000a0004dd0                . = (ALIGN (0x100) + (. & 0xff))
                0x00000000a0004dd0                . = ALIGN (0x4)
                0x00000000a0004dd0                PROVIDE (__preinit_array_start, .)

.preinit_array
 *(.preinit_array)
                0x00000000a0004dd0                PROVIDE (__preinit_array_end, .)
                0x00000000a0004dd0                PROVIDE (__init_array_start, .)

.init_array
 *(.init_array)
                0x00000000a0004dd0                PROVIDE (__init_array_end, .)
                0x00000000a0004dd0                PROVIDE (__fini_array_start, .)

.fini_array
 *(.fini_array)
                0x00000000a0004dd0                PROVIDE (__fini_array_end, .)

.data           0x00000000a0004dd0      0x798
                0x00000000a0004dd0                __data_start = .
 *(.data .data.* .gnu.linkonce.d.*)
 .data          0x00000000a0004dd0        0x0 Debug\hyperscan_startup.o
 .data          0x00000000a0004dd0        0x0 Debug\main.o
 .data          0x00000000a0004dd0        0x0 Debug\libgloss.o
 .data          0x00000000a0004dd0        0x0 Debug\UART.o
 .data          0x00000000a0004dd0        0x0 Debug\TV.o
 .data          0x00000000a0004dd0        0x0 Debug\NorFlash.o
 .data          0x00000000a0004dd0        0x0 Debug\User_IRQ.o
 .data          0x00000000a0004dd0        0x0 Debug\Sys_isr.o
 .data          0x00000000a0004dd0        0x0 Debug\Sys_IRQ.o
 .data          0x00000000a0004dd0        0x0 Debug\I2C.o
 .data          0x00000000a0004dd0        0x0 Debug\HS_Controller.o
 .data          0x00000000a0004dd0        0x0 c:/sunplus/s_core~1.1/gnu/bin/../lib/gcc/score-elf/4.2.1/../../../../score-elf/lib/mel\libc.a(abort.o)
 .data          0x00000000a0004dd0        0x0 c:/sunplus/s_core~1.1/gnu/bin/../lib/gcc/score-elf/4.2.1/../../../../score-elf/lib/mel\libc.a(signal.o)
 .data          0x00000000a0004dd0        0x0 c:/sunplus/s_core~1.1/gnu/bin/../lib/gcc/score-elf/4.2.1/../../../../score-elf/lib/mel\libc.a(syswrite.o)
 .data          0x00000000a0004dd0      0x388 c:/sunplus/s_core~1.1/gnu/bin/../lib/gcc/score-elf/4.2.1/../../../../score-elf/lib/mel\libc.a(impure.o)
                0x00000000a0004dd0                _impure_ptr
 .data          0x00000000a0005158      0x410 c:/sunplus/s_core~1.1/gnu/bin/../lib/gcc/score-elf/4.2.1/../../../../score-elf/lib/mel\libc.a(mallocr.o)
                0x00000000a0005564                __malloc_sbrk_base
                0x00000000a0005158                __malloc_av_
                0x00000000a0005560                __malloc_trim_threshold
 .data          0x00000000a0005568        0x0 c:/sunplus/s_core~1.1/gnu/bin/../lib/gcc/score-elf/4.2.1/../../../../score-elf/lib/mel\libc.a(mlock.o)
 .data          0x00000000a0005568        0x0 c:/sunplus/s_core~1.1/gnu/bin/../lib/gcc/score-elf/4.2.1/../../../../score-elf/lib/mel\libc.a(freer.o)

.data1
 *(.data1)

.tdata
 *(.tdata .tdata.* .gnu.linkonce.td.*)

.tbss
 *(.tbss .tbss.* .gnu.linkonce.tb.*)
 *(.tcommon)

.eh_frame
 *(.eh_frame)

.gcc_except_table
 *(.gcc_except_table)

.dynamic
 *(.dynamic)

.ctors
 *crtbegin.o(.ctors)
 *(EXCLUDE_FILE(*crtend.o) .ctors)
 *(SORT(.ctors.*))
 *(.ctors)

.dtors
 *crtbegin.o(.dtors)
 *(EXCLUDE_FILE(*crtend.o) .dtors)
 *(SORT(.dtors.*))
 *(.dtors)

.jcr
 *(.jcr)

.got
 *(.got.plt)
 *(.got)
                0x00000000a0009568                _gp = (. + 0x4000)

.sdata          0x00000000a0005568        0x4
                0x00000000a0005568                _sdata_start = .
 *(.sdata .sdata.* .gnu.linkonce.s.*)
 .sdata         0x00000000a0005568        0x4 Debug\main.o
                0x00000000a0005568                fb
                0x00000000a000556c                _edata = .
                0x00000000a000556c                PROVIDE (edata, .)
                0x00000000a000556c                . = ALIGN (0x4)
                0x00000000a000556c                __bss_start = .
                0x00000000a000556c                __bss_start__ = .

.sbss           0x00000000a000556c        0x9
                0x00000000a000556c                PROVIDE (__sbss_start, .)
                0x00000000a000556c                PROVIDE (___sbss_start, .)
 *(.dynsbss)
 *(.sbss .sbss.* .gnu.linkonce.sb.*)
 .sbss          0x00000000a000556c        0x4 Debug\libgloss.o
 *(.scommon)
 .scommon       0x00000000a0005570        0x5 Debug\main.o
                0x00000000a0005570                controller
 .scommon       0x00000000a0005575        0x0 Debug\HS_Controller.o
                0x00000000a0005575                PROVIDE (__sbss_end, .)
                0x00000000a0005575                PROVIDE (___sbss_end, .)
                0x00000000a0009568                _gp = (_sdata_start + 0x4000)

.bss            0x00000000a0005578   0x100034
 *(.dynbss)
 *(.bss .bss.* .gnu.linkonce.b.*)
 .bss           0x00000000a0005578        0x0 Debug\hyperscan_startup.o
 .bss           0x00000000a0005578        0x0 Debug\main.o
 .bss           0x00000000a0005578   0x100000 Debug\libgloss.o
 .bss           0x00000000a0105578        0x0 Debug\UART.o
 .bss           0x00000000a0105578        0x0 Debug\TV.o
 .bss           0x00000000a0105578        0x0 Debug\NorFlash.o
 .bss           0x00000000a0105578        0x0 Debug\User_IRQ.o
 .bss           0x00000000a0105578        0x0 Debug\Sys_isr.o
 .bss           0x00000000a0105578        0x0 Debug\Sys_IRQ.o
 .bss           0x00000000a0105578        0x0 Debug\I2C.o
 .bss           0x00000000a0105578        0x0 Debug\HS_Controller.o
 .bss           0x00000000a0105578        0x0 c:/sunplus/s_core~1.1/gnu/bin/../lib/gcc/score-elf/4.2.1/../../../../score-elf/lib/mel\libc.a(abort.o)
 .bss           0x00000000a0105578        0x0 c:/sunplus/s_core~1.1/gnu/bin/../lib/gcc/score-elf/4.2.1/../../../../score-elf/lib/mel\libc.a(signal.o)
 .bss           0x00000000a0105578        0x0 c:/sunplus/s_core~1.1/gnu/bin/../lib/gcc/score-elf/4.2.1/../../../../score-elf/lib/mel\libc.a(syswrite.o)
 .bss           0x00000000a0105578        0x0 c:/sunplus/s_core~1.1/gnu/bin/../lib/gcc/score-elf/4.2.1/../../../../score-elf/lib/mel\libc.a(impure.o)
 .bss           0x00000000a0105578       0x34 c:/sunplus/s_core~1.1/gnu/bin/../lib/gcc/score-elf/4.2.1/../../../../score-elf/lib/mel\libc.a(mallocr.o)
                0x00000000a0105578                __malloc_top_pad
                0x00000000a010557c                __malloc_max_sbrked_mem
                0x00000000a0105584                __malloc_current_mallinfo
                0x00000000a0105580                __malloc_max_total_mem
 .bss           0x00000000a01055ac        0x0 c:/sunplus/s_core~1.1/gnu/bin/../lib/gcc/score-elf/4.2.1/../../../../score-elf/lib/mel\libc.a(mlock.o)
 .bss           0x00000000a01055ac        0x0 c:/sunplus/s_core~1.1/gnu/bin/../lib/gcc/score-elf/4.2.1/../../../../score-elf/lib/mel\libc.a(freer.o)
 *(COMMON)
                0x00000000a01055ac                . = ALIGN (0x4)
                0x00000000a01055ac                . = ALIGN (0x4)
                0x00000000a01055ac                _end = .
                0x00000000a01055ac                _bss_end__ = .
                0x00000000a01055ac                __bss_end__ = .
                0x00000000a01055ac                __end__ = .
                0x00000000a01055ac                PROVIDE (end, .)

.stab
 *(.stab)

.stabstr
 *(.stabstr)

.stab.excl
 *(.stab.excl)

.stab.exclstr
 *(.stab.exclstr)

.stab.index
 *(.stab.index)

.stab.indexstr
 *(.stab.indexstr)

.comment        0x0000000000000000      0x120
 *(.comment)
 .comment       0x0000000000000000       0x12 Debug\main.o
 .comment       0x0000000000000012       0x12 Debug\libgloss.o
 .comment       0x0000000000000024       0x12 Debug\UART.o
 .comment       0x0000000000000036       0x12 Debug\TV.o
 .comment       0x0000000000000048       0x12 Debug\NorFlash.o
 .comment       0x000000000000005a       0x12 Debug\User_IRQ.o
 .comment       0x000000000000006c       0x12 Debug\Sys_IRQ.o
 .comment       0x000000000000007e       0x12 Debug\I2C.o
 .comment       0x0000000000000090       0x12 Debug\HS_Controller.o
 .comment       0x00000000000000a2       0x12 c:/sunplus/s_core~1.1/gnu/bin/../lib/gcc/score-elf/4.2.1/../../../../score-elf/lib/mel\libc.a(abort.o)
 .comment       0x00000000000000b4       0x12 c:/sunplus/s_core~1.1/gnu/bin/../lib/gcc/score-elf/4.2.1/../../../../score-elf/lib/mel\libc.a(signal.o)
 .comment       0x00000000000000c6       0x12 c:/sunplus/s_core~1.1/gnu/bin/../lib/gcc/score-elf/4.2.1/../../../../score-elf/lib/mel\libc.a(syswrite.o)
 .comment       0x00000000000000d8       0x12 c:/sunplus/s_core~1.1/gnu/bin/../lib/gcc/score-elf/4.2.1/../../../../score-elf/lib/mel\libc.a(impure.o)
 .comment       0x00000000000000ea       0x12 c:/sunplus/s_core~1.1/gnu/bin/../lib/gcc/score-elf/4.2.1/../../../../score-elf/lib/mel\libc.a(mallocr.o)
 .comment       0x00000000000000fc       0x12 c:/sunplus/s_core~1.1/gnu/bin/../lib/gcc/score-elf/4.2.1/../../../../score-elf/lib/mel\libc.a(mlock.o)
 .comment       0x000000000000010e       0x12 c:/sunplus/s_core~1.1/gnu/bin/../lib/gcc/score-elf/4.2.1/../../../../score-elf/lib/mel\libc.a(freer.o)

.debug
 *(.debug)

.line
 *(.line)

.debug_srcinfo
 *(.debug_srcinfo)

.debug_sfnames
 *(.debug_sfnames)

.debug_aranges  0x0000000000000000      0x160
 *(.debug_aranges)
 .debug_aranges
                0x0000000000000000       0x20 Debug\hyperscan_startup.o
 .debug_aranges
                0x0000000000000020       0x20 Debug\main.o
 .debug_aranges
                0x0000000000000040       0x20 Debug\libgloss.o
 .debug_aranges
                0x0000000000000060       0x20 Debug\UART.o
 .debug_aranges
                0x0000000000000080       0x20 Debug\TV.o
 .debug_aranges
                0x00000000000000a0       0x20 Debug\NorFlash.o
 .debug_aranges
                0x00000000000000c0       0x20 Debug\User_IRQ.o
 .debug_aranges
                0x00000000000000e0       0x20 Debug\Sys_isr.o
 .debug_aranges
                0x0000000000000100       0x20 Debug\Sys_IRQ.o
 .debug_aranges
                0x0000000000000120       0x20 Debug\I2C.o
 .debug_aranges
                0x0000000000000140       0x20 Debug\HS_Controller.o

.debug_pubnames
                0x0000000000000000      0x50e
 *(.debug_pubnames)
 .debug_pubnames
                0x0000000000000000       0x31 Debug\main.o
 .debug_pubnames
                0x0000000000000031       0xbb Debug\libgloss.o
 .debug_pubnames
                0x00000000000000ec       0x43 Debug\UART.o
 .debug_pubnames
                0x000000000000012f       0xc1 Debug\TV.o
 .debug_pubnames
                0x00000000000001f0       0xc3 Debug\NorFlash.o
 .debug_pubnames
                0x00000000000002b3      0x1a2 Debug\User_IRQ.o
 .debug_pubnames
                0x0000000000000455       0x2e Debug\Sys_IRQ.o
 .debug_pubnames
                0x0000000000000483       0x3c Debug\I2C.o
 .debug_pubnames
                0x00000000000004bf       0x4f Debug\HS_Controller.o

.debug_info     0x0000000000000000     0x2b66
 *(.debug_info .gnu.linkonce.wi.*)
 .debug_info    0x0000000000000000       0xe3 Debug\hyperscan_startup.o
 .debug_info    0x00000000000000e3      0x513 Debug\main.o
 .debug_info    0x00000000000005f6     0x114a Debug\libgloss.o
 .debug_info    0x0000000000001740      0x194 Debug\UART.o
 .debug_info    0x00000000000018d4      0x4a4 Debug\TV.o
 .debug_info    0x0000000000001d78      0x2bf Debug\NorFlash.o
 .debug_info    0x0000000000002037      0x48c Debug\User_IRQ.o
 .debug_info    0x00000000000024c3       0xd5 Debug\Sys_isr.o
 .debug_info    0x0000000000002598      0x149 Debug\Sys_IRQ.o
 .debug_info    0x00000000000026e1      0x186 Debug\I2C.o
 .debug_info    0x0000000000002867      0x2ff Debug\HS_Controller.o

.debug_abbrev   0x0000000000000000      0x6d4
 *(.debug_abbrev)
 .debug_abbrev  0x0000000000000000       0x14 Debug\hyperscan_startup.o
 .debug_abbrev  0x0000000000000014      0x135 Debug\main.o
 .debug_abbrev  0x0000000000000149      0x1ce Debug\libgloss.o
 .debug_abbrev  0x0000000000000317       0x69 Debug\UART.o
 .debug_abbrev  0x0000000000000380       0xa8 Debug\TV.o
 .debug_abbrev  0x0000000000000428       0x97 Debug\NorFlash.o
 .debug_abbrev  0x00000000000004bf       0x49 Debug\User_IRQ.o
 .debug_abbrev  0x0000000000000508       0x14 Debug\Sys_isr.o
 .debug_abbrev  0x000000000000051c       0x69 Debug\Sys_IRQ.o
 .debug_abbrev  0x0000000000000585       0x80 Debug\I2C.o
 .debug_abbrev  0x0000000000000605       0xcf Debug\HS_Controller.o

.debug_line     0x0000000000000000      0xc77
 *(.debug_line)
 .debug_line    0x0000000000000000       0xbc Debug\hyperscan_startup.o
 .debug_line    0x00000000000000bc      0x1bb Debug\main.o
 .debug_line    0x0000000000000277      0x1c0 Debug\libgloss.o
 .debug_line    0x0000000000000437       0xa1 Debug\UART.o
 .debug_line    0x00000000000004d8      0x176 Debug\TV.o
 .debug_line    0x000000000000064e       0xfc Debug\NorFlash.o
 .debug_line    0x000000000000074a      0x12d Debug\User_IRQ.o
 .debug_line    0x0000000000000877      0x120 Debug\Sys_isr.o
 .debug_line    0x0000000000000997       0xe8 Debug\Sys_IRQ.o
 .debug_line    0x0000000000000a7f       0xad Debug\I2C.o
 .debug_line    0x0000000000000b2c      0x14b Debug\HS_Controller.o

.debug_frame    0x0000000000000000      0x9b0
 *(.debug_frame)
 .debug_frame   0x0000000000000000       0xbc Debug\main.o
 .debug_frame   0x00000000000000bc      0x184 Debug\libgloss.o
 .debug_frame   0x0000000000000240       0x5c Debug\UART.o
 .debug_frame   0x000000000000029c      0x140 Debug\TV.o
 .debug_frame   0x00000000000003dc      0x100 Debug\NorFlash.o
 .debug_frame   0x00000000000004dc      0x3d0 Debug\User_IRQ.o
 .debug_frame   0x00000000000008ac       0x48 Debug\Sys_IRQ.o
 .debug_frame   0x00000000000008f4       0x60 Debug\I2C.o
 .debug_frame   0x0000000000000954       0x5c Debug\HS_Controller.o

.debug_str      0x0000000000000000       0x3a
 *(.debug_str)
 .debug_str     0x0000000000000000       0x1f Debug\libgloss.o
 .debug_str     0x000000000000001f       0x1b Debug\TV.o

.debug_loc      0x0000000000000000     0x1141
 *(.debug_loc)
 .debug_loc     0x0000000000000000      0x158 Debug\main.o
 .debug_loc     0x0000000000000158      0x2c6 Debug\libgloss.o
 .debug_loc     0x000000000000041e       0x8d Debug\UART.o
 .debug_loc     0x00000000000004ab      0x251 Debug\TV.o
 .debug_loc     0x00000000000006fc      0x1e8 Debug\NorFlash.o
 .debug_loc     0x00000000000008e4      0x6b8 Debug\User_IRQ.o
 .debug_loc     0x0000000000000f9c       0x6e Debug\Sys_IRQ.o
 .debug_loc     0x000000000000100a       0x99 Debug\I2C.o
 .debug_loc     0x00000000000010a3       0x9e Debug\HS_Controller.o

.debug_macinfo
 *(.debug_macinfo)

.debug_weaknames
 *(.debug_weaknames)

.debug_funcnames
 *(.debug_funcnames)

.debug_typenames
 *(.debug_typenames)

.debug_varnames
 *(.debug_varnames)
OUTPUT(Debug\hyperscan.elf elf32-littlescore)

.pdr            0x0000000000000000      0xd00
 .pdr           0x0000000000000000        0x0 Debug\hyperscan_startup.o
 .pdr           0x0000000000000000       0xc0 Debug\main.o
 .pdr           0x00000000000000c0      0x1c0 Debug\libgloss.o
 .pdr           0x0000000000000280       0x60 Debug\UART.o
 .pdr           0x00000000000002e0      0x160 Debug\TV.o
 .pdr           0x0000000000000440      0x100 Debug\NorFlash.o
 .pdr           0x0000000000000540      0x500 Debug\User_IRQ.o
 .pdr           0x0000000000000a40        0x0 Debug\Sys_isr.o
 .pdr           0x0000000000000a40       0x40 Debug\Sys_IRQ.o
 .pdr           0x0000000000000a80       0x60 Debug\I2C.o
 .pdr           0x0000000000000ae0       0x40 Debug\HS_Controller.o
 .pdr           0x0000000000000b20       0x20 c:/sunplus/s_core~1.1/gnu/bin/../lib/gcc/score-elf/4.2.1/../../../../score-elf/lib/mel\libc.a(abort.o)
 .pdr           0x0000000000000b40      0x100 c:/sunplus/s_core~1.1/gnu/bin/../lib/gcc/score-elf/4.2.1/../../../../score-elf/lib/mel\libc.a(signal.o)
 .pdr           0x0000000000000c40       0x20 c:/sunplus/s_core~1.1/gnu/bin/../lib/gcc/score-elf/4.2.1/../../../../score-elf/lib/mel\libc.a(syswrite.o)
 .pdr           0x0000000000000c60        0x0 c:/sunplus/s_core~1.1/gnu/bin/../lib/gcc/score-elf/4.2.1/../../../../score-elf/lib/mel\libc.a(impure.o)
 .pdr           0x0000000000000c60       0x20 c:/sunplus/s_core~1.1/gnu/bin/../lib/gcc/score-elf/4.2.1/../../../../score-elf/lib/mel\libc.a(mallocr.o)
 .pdr           0x0000000000000c80       0x40 c:/sunplus/s_core~1.1/gnu/bin/../lib/gcc/score-elf/4.2.1/../../../../score-elf/lib/mel\libc.a(mlock.o)
 .pdr           0x0000000000000cc0       0x40 c:/sunplus/s_core~1.1/gnu/bin/../lib/gcc/score-elf/4.2.1/../../../../score-elf/lib/mel\libc.a(freer.o)
