Archive member included because of file (symbol)

c:/sunplus/s_core~1.1/gnu/bin/../lib/gcc/score-elf/4.2.1/../../../../score-elf/lib/mel\libc.a(abort.o)
                              Debug\libgloss.o (abort)
c:/sunplus/s_core~1.1/gnu/bin/../lib/gcc/score-elf/4.2.1/../../../../score-elf/lib/mel\libc.a(atof.o)
                              Debug\m_config.o (atof)
c:/sunplus/s_core~1.1/gnu/bin/../lib/gcc/score-elf/4.2.1/../../../../score-elf/lib/mel\libc.a(atoi.o)
                              Debug\i_video.o (atoi)
c:/sunplus/s_core~1.1/gnu/bin/../lib/gcc/score-elf/4.2.1/../../../../score-elf/lib/mel\libc.a(calloc.o)
                              Debug\w_wad.o (calloc)
c:/sunplus/s_core~1.1/gnu/bin/../lib/gcc/score-elf/4.2.1/../../../../score-elf/lib/mel\libc.a(callocr.o)
                              c:/sunplus/s_core~1.1/gnu/bin/../lib/gcc/score-elf/4.2.1/../../../../score-elf/lib/mel\libc.a(calloc.o) (_calloc_r)
c:/sunplus/s_core~1.1/gnu/bin/../lib/gcc/score-elf/4.2.1/../../../../score-elf/lib/mel\libc.a(ctype_.o)
                              Debug\w_wad.o (_ctype_)
c:/sunplus/s_core~1.1/gnu/bin/../lib/gcc/score-elf/4.2.1/../../../../score-elf/lib/mel\libc.a(errno.o)
                              Debug\m_misc.o (__errno)
c:/sunplus/s_core~1.1/gnu/bin/../lib/gcc/score-elf/4.2.1/../../../../score-elf/lib/mel\libc.a(exit.o)
                              Debug\doomgeneric_hyperscan.o (exit)
c:/sunplus/s_core~1.1/gnu/bin/../lib/gcc/score-elf/4.2.1/../../../../score-elf/lib/mel\libc.a(fclose.o)
                              Debug\w_file_stdc.o (fclose)
c:/sunplus/s_core~1.1/gnu/bin/../lib/gcc/score-elf/4.2.1/../../../../score-elf/lib/mel\libc.a(fflush.o)
                              Debug\i_system.o (fflush)
c:/sunplus/s_core~1.1/gnu/bin/../lib/gcc/score-elf/4.2.1/../../../../score-elf/lib/mel\libc.a(findfp.o)
                              c:/sunplus/s_core~1.1/gnu/bin/../lib/gcc/score-elf/4.2.1/../../../../score-elf/lib/mel\libc.a(fclose.o) (__sinit)
c:/sunplus/s_core~1.1/gnu/bin/../lib/gcc/score-elf/4.2.1/../../../../score-elf/lib/mel\libc.a(fopen.o)
                              Debug\w_file_stdc.o (fopen)
c:/sunplus/s_core~1.1/gnu/bin/../lib/gcc/score-elf/4.2.1/../../../../score-elf/lib/mel\libc.a(fprintf.o)
                              Debug\z_zone.o (fprintf)
c:/sunplus/s_core~1.1/gnu/bin/../lib/gcc/score-elf/4.2.1/../../../../score-elf/lib/mel\libc.a(fputc.o)
                              Debug\gusconf.o (fputc)
c:/sunplus/s_core~1.1/gnu/bin/../lib/gcc/score-elf/4.2.1/../../../../score-elf/lib/mel\libc.a(fread.o)
                              Debug\w_file_stdc.o (fread)
c:/sunplus/s_core~1.1/gnu/bin/../lib/gcc/score-elf/4.2.1/../../../../score-elf/lib/mel\libc.a(freer.o)
                              c:/sunplus/s_core~1.1/gnu/bin/../lib/gcc/score-elf/4.2.1/../../../../score-elf/lib/mel\libc.a(fclose.o) (_free_r)
c:/sunplus/s_core~1.1/gnu/bin/../lib/gcc/score-elf/4.2.1/../../../../score-elf/lib/mel\libc.a(fseek.o)
                              c:/sunplus/s_core~1.1/gnu/bin/../lib/gcc/score-elf/4.2.1/../../../../score-elf/lib/mel\libc.a(fopen.o) (_fseek_r)
c:/sunplus/s_core~1.1/gnu/bin/../lib/gcc/score-elf/4.2.1/../../../../score-elf/lib/mel\libc.a(ftell.o)
                              Debug\p_saveg.o (ftell)
c:/sunplus/s_core~1.1/gnu/bin/../lib/gcc/score-elf/4.2.1/../../../../score-elf/lib/mel\libc.a(fwalk.o)
                              c:/sunplus/s_core~1.1/gnu/bin/../lib/gcc/score-elf/4.2.1/../../../../score-elf/lib/mel\libc.a(fflush.o) (_fwalk)
c:/sunplus/s_core~1.1/gnu/bin/../lib/gcc/score-elf/4.2.1/../../../../score-elf/lib/mel\libc.a(fwrite.o)
                              Debug\z_zone.o (fwrite)
c:/sunplus/s_core~1.1/gnu/bin/../lib/gcc/score-elf/4.2.1/../../../../score-elf/lib/mel\libc.a(impure.o)
                              Debug\p_spec.o (_impure_ptr)
c:/sunplus/s_core~1.1/gnu/bin/../lib/gcc/score-elf/4.2.1/../../../../score-elf/lib/mel\libc.a(makebuf.o)
                              c:/sunplus/s_core~1.1/gnu/bin/../lib/gcc/score-elf/4.2.1/../../../../score-elf/lib/mel\libc.a(fseek.o) (__smakebuf)
c:/sunplus/s_core~1.1/gnu/bin/../lib/gcc/score-elf/4.2.1/../../../../score-elf/lib/mel\libc.a(malloc.o)
                              Debug\w_wad.o (free)
c:/sunplus/s_core~1.1/gnu/bin/../lib/gcc/score-elf/4.2.1/../../../../score-elf/lib/mel\libc.a(mallocr.o)
                              c:/sunplus/s_core~1.1/gnu/bin/../lib/gcc/score-elf/4.2.1/../../../../score-elf/lib/mel\libc.a(callocr.o) (_malloc_r)
c:/sunplus/s_core~1.1/gnu/bin/../lib/gcc/score-elf/4.2.1/../../../../score-elf/lib/mel\libc.a(memcmp.o)
                              Debug\ff.o (memcmp)
c:/sunplus/s_core~1.1/gnu/bin/../lib/gcc/score-elf/4.2.1/../../../../score-elf/lib/mel\libc.a(memcpy.o)
                              Debug\wi_stuff.o (memcpy)
c:/sunplus/s_core~1.1/gnu/bin/../lib/gcc/score-elf/4.2.1/../../../../score-elf/lib/mel\libc.a(memmove.o)
                              Debug\d_main.o (memmove)
[...]
Memory Configuration

Name             Origin             Length             Attributes
*default*        0x0000000000000000 0xffffffffffffffff

Linker script and memory map

LOAD Obj.lst
LOAD Debug\hyperscan_startup.o
LOAD Debug\z_zone.o
LOAD Debug\wi_stuff.o
LOAD Debug\w_wad.o
LOAD Debug\w_main.o
LOAD Debug\w_file_stdc.o
LOAD Debug\w_file.o
LOAD Debug\w_checksum.o
LOAD Debug\v_video.o
LOAD Debug\tables.o
LOAD Debug\statdump.o
LOAD Debug\st_stuff.o
LOAD Debug\st_lib.o
LOAD Debug\sounds.o
LOAD Debug\sha1.o
LOAD Debug\s_sound.o
LOAD Debug\r_things.o
LOAD Debug\r_sky.o
LOAD Debug\r_segs.o
LOAD Debug\r_plane.o
LOAD Debug\r_main.o
LOAD Debug\r_draw.o
LOAD Debug\r_data.o
LOAD Debug\r_bsp.o
LOAD Debug\p_user.o
LOAD Debug\p_tick.o
LOAD Debug\p_telept.o
LOAD Debug\p_switch.o
LOAD Debug\p_spec.o
LOAD Debug\p_sight.o
LOAD Debug\p_setup.o
LOAD Debug\p_saveg.o
LOAD Debug\p_pspr.o
LOAD Debug\p_plats.o
LOAD Debug\p_mobj.o
LOAD Debug\p_maputl.o
LOAD Debug\p_map.o
LOAD Debug\p_lights.o
LOAD Debug\p_inter.o
LOAD Debug\p_floor.o
LOAD Debug\p_enemy.o
LOAD Debug\p_doors.o
LOAD Debug\p_ceilng.o
LOAD Debug\mus2mid.o
LOAD Debug\memio.o
LOAD Debug\m_random.o
LOAD Debug\m_misc.o
LOAD Debug\m_menu.o
LOAD Debug\m_fixed.o
LOAD Debug\m_controls.o
LOAD Debug\m_config.o
LOAD Debug\m_cheat.o
LOAD Debug\m_bbox.o
LOAD Debug\m_argv.o
LOAD Debug\info.o
LOAD Debug\icon.o
LOAD Debug\i_video.o
LOAD Debug\i_timer.o
LOAD Debug\i_system.o
LOAD Debug\i_sound.o
LOAD Debug\i_scale.o
LOAD Debug\i_joystick.o
LOAD Debug\i_input.o
LOAD Debug\i_endoom.o
LOAD Debug\i_cdmus.o
LOAD Debug\hu_stuff.o
LOAD Debug\hu_lib.o
LOAD Debug\gusconf.o
LOAD Debug\g_game.o
LOAD Debug\f_wipe.o
LOAD Debug\f_finale.o
LOAD Debug\dummy.o
LOAD Debug\dstrings.o
LOAD Debug\doomstat.o
LOAD Debug\doomgeneric_hyperscan.o
LOAD Debug\doomgeneric.o
LOAD Debug\doomdef.o
LOAD Debug\d_net.o
LOAD Debug\d_mode.o
LOAD Debug\d_main.o
LOAD Debug\d_loop.o
LOAD Debug\d_iwad.o
LOAD Debug\d_items.o
LOAD Debug\d_event.o
LOAD Debug\am_map.o
LOAD Debug\libgloss.o
LOAD Debug\UART.o
LOAD Debug\TV.o
LOAD Debug\NorFlash.o
LOAD Debug\User_IRQ.o
LOAD Debug\sys_isr.o
LOAD Debug\I2C.o
LOAD Debug\ff.o
LOAD Debug\diskio.o
LOAD Debug\HS_Controller.o
LOAD Lib.lst
LOAD c:/sunplus/s_core~1.1/gnu/bin/../lib/gcc/score-elf/4.2.1/../../../../score-elf/lib/mel\libm.a
LOAD c:/sunplus/s_core~1.1/gnu/bin/../lib/gcc/score-elf/4.2.1/../../../../score-elf/lib/mel\libc.a
LOAD c:/sunplus/s_core~1.1/gnu/bin/../lib/gcc/score-elf/4.2.1/mel\libgcc.a
LOAD c:/sunplus/s_core~1.1/gnu/bin/../lib/gcc/score-elf/4.2.1/mel\libgcc.a
LOAD c:/sunplus/s_core~1.1/gnu/bin/../lib/gcc/score-elf/4.2.1/../../../../score-elf/lib/mel\libc.a
LOAD c:/sunplus/s_core~1.1/gnu/bin/../lib/gcc/score-elf/4.2.1/mel\libgcc.a
START GROUP
LOAD c:/sunplus/s_core~1.1/gnu/bin/../lib/gcc/score-elf/4.2.1/../../../../score-elf/lib/mel\libc.a
LOAD c:/sunplus/s_core~1.1/gnu/bin/../lib/gcc/score-elf/4.2.1/../../../../score-elf/lib/mel\libm.a
LOAD c:/sunplus/s_core~1.1/gnu/bin/../lib/gcc/score-elf/4.2.1/mel\libgcc.a
END GROUP

.exception      0x00000000a00901fc      0x304
 *(.exception_vec)
 .exception_vec
                0x00000000a00901fc      0x304 Debug\hyperscan_startup.o
                0x00000000a0090300                hal_interrupt_handlers
                0x00000000a0090400                hal_interrupt_data

.stack          0x00000000a0fffff0        0x0
                0x00000000a0fffff0                _stack = .
 *(.stack)
                0x00000000a0091000                . = 0xa0091000

.interp
 *(.interp)

.hash
 *(.hash)

.dynsym
 *(.dynsym)

.dynstr
 *(.dynstr)

.gnu.version
 *(.gnu.version)

.gnu.version_d
 *(.gnu.version_d)

.gnu.version_r
 *(.gnu.version_r)

.rel.dyn        0x00000000a0091000        0x0
 *(.rel.init)
 *(.rel.text .rel.text.* .rel.gnu.linkonce.t.*)
 *(.rel.fini)
 *(.rel.rodata .rel.rodata.* .rel.gnu.linkonce.r.*)
 *(.rel.data .rel.data.* .rel.gnu.linkonce.d.*)
 *(.rel.tdata .rel.tdata.* .rel.gnu.linkonce.td.*)
 *(.rel.tbss .rel.tbss.* .rel.gnu.linkonce.tb.*)
 *(.rel.ctors)
 *(.rel.dtors)
 *(.rel.got)
 *(.rel.sdata .rel.sdata.* .rel.gnu.linkonce.s.*)
 *(.rel.sbss .rel.sbss.* .rel.gnu.linkonce.sb.*)
 *(.rel.sdata2 .rel.sdata2.* .rel.gnu.linkonce.s2.*)
 *(.rel.sbss2 .rel.sbss2.* .rel.gnu.linkonce.sb2.*)
 *(.rel.bss .rel.bss.* .rel.gnu.linkonce.b.*)
 .rel.dyn       0x0000000000000000        0x0 Debug\hyperscan_startup.o

.rela.dyn
 *(.rela.init)
 *(.rela.text .rela.text.* .rela.gnu.linkonce.t.*)
 *(.rela.fini)
 *(.rela.rodata .rela.rodata.* .rela.gnu.linkonce.r.*)
 *(.rela.data .rela.data.* .rela.gnu.linkonce.d.*)
 *(.rela.tdata .rela.tdata.* .rela.gnu.linkonce.td.*)
 *(.rela.tbss .rela.tbss.* .rela.gnu.linkonce.tb.*)
 *(.rela.ctors)
 *(.rela.dtors)
 *(.rela.got)
 *(.rela.sdata .rela.sdata.* .rela.gnu.linkonce.s.*)
 *(.rela.sbss .rela.sbss.* .rela.gnu.linkonce.sb.*)
 *(.rela.sdata2 .rela.sdata2.* .rela.gnu.linkonce.s2.*)
 *(.rela.sbss2 .rela.sbss2.* .rela.gnu.linkonce.sb2.*)
 *(.rela.bss .rela.bss.* .rela.gnu.linkonce.b.*)

.rel.plt
 *(.rel.plt)

.rela.plt
 *(.rela.plt)

.hardware_init  0x00000000a0091000      0x230
 *(.hardware_init)
 .hardware_init
                0x00000000a0091000      0x230 Debug\hyperscan_startup.o
                0x00000000a0091000                _hardware_init
                0x00000000a0091098                general_service
                0x00000000a009122c                hal_default_isr
                0x00000000a0091094                norm_debug_service

.init
 *(.init)

.plt
 *(.plt)

.text           0x00000000a0091230    0x5f764
 *(.text .stub .text.* .gnu.linkonce.t.*)
 .text          0x00000000a0091230        0x0 Debug\hyperscan_startup.o
 .text          0x00000000a0091230      0x9bc Debug\z_zone.o
                0x00000000a00914c0                Z_Malloc
                0x00000000a0091370                Z_Free
                0x00000000a00916b4                Z_FreeTags
                0x00000000a0091a78                Z_ChangeTag2
                0x00000000a00919b8                Z_CheckHeap
                0x00000000a0091884                Z_FileDumpHeap
                0x00000000a0091b0c                Z_ChangeUser
                0x00000000a0091734                Z_DumpHeap
                0x00000000a0091b60                Z_FreeMemory
                0x00000000a00912bc                Z_Init
                0x00000000a0091bd8                Z_ZoneSize
                0x00000000a0091230                Z_ClearZone
 .text          0x00000000a0091bec     0x3c40 Debug\wi_stuff.o
                0x00000000a00935bc                WI_initNetgameStats
                0x00000000a0092ba0                WI_drawNoState
                0x00000000a0095578                WI_loadData
                0x00000000a00929b8                WI_updateNoState
                0x00000000a0092624                WI_drawNum
                0x00000000a0091c20                WI_drawLF
                0x00000000a0093214                WI_drawDeathmatchStats
                0x00000000a0095644                WI_unloadData
                0x00000000a0092a20                WI_updateShowNextLoc
                0x00000000a00927e0                WI_drawPercent
                0x00000000a0094da8                WI_checkForAccelerate
                0x00000000a00922f8                WI_updateAnimatedBack
                0x00000000a00957cc                WI_Start
                0x00000000a0093f10                WI_drawNetgameStats
                0x00000000a00921a8                WI_initAnimatedBack
                0x00000000a0092bc0                WI_fragSum
                0x00000000a00944fc                WI_updateStats
                0x00000000a0092d78                WI_updateDeathmatchStats
                0x00000000a0092c90                WI_initDeathmatchStats
                0x00000000a00956f8                WI_initVariables
                0x00000000a0091f30                WI_drawOnLnode
                0x00000000a0094474                WI_initStats
                0x00000000a0092994                WI_initNoState
                0x00000000a0094c58                WI_drawStats
                0x00000000a0094e9c                WI_Ticker
                0x00000000a0091c10                WI_Responder
                0x00000000a0092978                WI_End
                0x00000000a0091de0                WI_drawEL
                0x00000000a0092824                WI_drawTime
                0x00000000a0095668                WI_Drawer
                0x00000000a00936f4                WI_updateNetgameStats
                0x00000000a0091bec                WI_slamBackground
                0x00000000a0092a88                WI_drawShowNextLoc
                0x00000000a0092540                WI_drawAnimatedBack
                0x00000000a00929f0                WI_initShowNextLoc
 .text          0x00000000a009582c      0xd24 Debug\w_wad.o
                0x00000000a0096044                W_ReadLump
                0x00000000a009582c                W_LumpNameHash
                0x00000000a009621c                W_CacheLumpName
                0x00000000a0095f98                W_GetNumForName
                0x00000000a009624c                W_ReleaseLumpNum
                0x00000000a00962d8                W_ReleaseLumpName
                0x00000000a0095ae8                W_AddFile
                0x00000000a0096300                W_GenerateHashTable
                0x00000000a0095e4c                W_CheckNumForName
                0x00000000a0095e34                W_NumLumps
                0x00000000a0096454                W_CheckCorrectIWAD
                0x00000000a0096114                W_CacheLumpNum
                0x00000000a0095fe0                W_LumpLength
 .text          0x00000000a0096550       0xd4 Debug\w_main.o
                0x00000000a0096550                W_ParseCommandLine
 .text          0x00000000a0096624      0x110 Debug\w_file_stdc.o
                0x00000000a00966e4                W_StdC_Read
 .text          0x00000000a0096734       0xf8 Debug\w_file.o
                0x00000000a00967d0                W_CloseFile
                0x00000000a00967f4                W_Read
                0x00000000a0096734                W_OpenFile
 .text          0x00000000a009682c      0x1bc Debug\w_checksum.o
                0x00000000a0096958                W_Checksum
 .text          0x00000000a00969e8     0x1d08 Debug\v_video.o
                0x00000000a00974f4                V_DrawXlaPatch
                0x00000000a0097d40                V_DrawBlock
                0x00000000a00969e8                V_MarkRect
                0x00000000a0097fb0                V_DrawBox
                0x00000000a0097258                V_DrawTLPatch
                0x00000000a0096f30                V_DrawPatchFlipped
                0x00000000a0097d08                V_LoadXlaTable
                0x00000000a0096b70                V_SetPatchClipCallback
                0x00000000a0098490                V_DrawMouseSpeedBox
                0x00000000a0097734                V_DrawAltTLPatch
                0x00000000a0098080                WritePCXfile
                0x00000000a0097eb0                V_DrawHorizLine
                0x00000000a0098044                V_Init
                0x00000000a0098018                V_DrawRawScreen
                0x00000000a0096a58                V_CopyRect
                0x00000000a0097230                V_DrawPatchDirect
                0x00000000a0097cd0                V_LoadTintTable
                0x00000000a0098050                V_UseBuffer
                0x00000000a0097e08                V_DrawFilledBox
                0x00000000a0098064                V_RestoreBuffer
                0x00000000a0097f30                V_DrawVertLine
                0x00000000a0096b84                V_DrawPatch
                0x00000000a00979d0                V_DrawShadowedPatch
                0x00000000a00983c0                V_ScreenShot
 .text          0x00000000a00986f0       0x68 Debug\tables.o
                0x00000000a00986f0                SlopeDiv
 .text          0x00000000a0098758       0x8c Debug\statdump.o
                0x00000000a00987d8                StatDump
                0x00000000a0098758                StatCopy
 .text          0x00000000a00987e4     0x22ac Debug\st_stuff.o
                0x00000000a009a9e8                ST_Start
                0x00000000a00999c4                ST_Ticker
                0x00000000a009a49c                ST_createWidgets
                0x00000000a009aa20                ST_Stop
                0x00000000a009a344                ST_unloadGraphics
                0x00000000a009a2ec                ST_loadData
                0x00000000a009a368                ST_unloadData
                0x00000000a0099d40                ST_doRefresh
                0x00000000a0099a04                ST_doPaletteStuff
                0x00000000a0099d84                ST_Drawer
                0x00000000a009a2c8                ST_loadGraphics
                0x00000000a00987e4                ST_refreshBackground
                0x00000000a009a384                ST_initData
                0x00000000a0099d68                ST_diffDraw
                0x00000000a0098870                ST_Responder
                0x00000000a0099748                ST_updateWidgets
                0x00000000a009aa60                ST_Init
                0x00000000a0099b74                ST_drawWidgets
                0x00000000a0099280                ST_calcPainOffset
                0x00000000a009930c                ST_updateFaceWidget
 .text          0x00000000a009aa90      0x850 Debug\st_lib.o
                0x00000000a009aac0                STlib_initNum
                0x00000000a009b0f0                STlib_initBinIcon
                0x00000000a009aed4                STlib_updateMultIcon
                0x00000000a009ae30                STlib_updatePercent
                0x00000000a009ae8c                STlib_initMultIcon
                0x00000000a009adb0                STlib_updateNum
                0x00000000a009ab0c                STlib_drawNum
                0x00000000a009ade4                STlib_initPercent
                0x00000000a009b134                STlib_updateBinIcon
                0x00000000a009aa90                STlib_init
 .text          0x00000000a009b2e0        0x0 Debug\sounds.o
 .text          0x00000000a009b2e0     0x269c Debug\sha1.o
                0x00000000a009d940                SHA1_UpdateString
                0x00000000a009b2e0                SHA1_Init
                0x00000000a009d318                SHA1_Update
                0x00000000a009d498                SHA1_Final
                0x00000000a009d8ec                SHA1_UpdateInt32
 .text          0x00000000a009d97c      0xe60 Debug\s_sound.o
                0x00000000a009e104                S_StartSound
                0x00000000a009d97c                S_Init
                0x00000000a009e3c0                S_ResumeSound
                0x00000000a009e594                S_SetSfxVolume
                0x00000000a009dbac                S_Start
                0x00000000a009e770                S_StopMusic
                0x00000000a009e750                S_MusicPlaying
                0x00000000a009e5e0                S_StartMusic
                0x00000000a009e600                S_ChangeMusic
                0x00000000a009e3fc                S_UpdateSounds
                0x00000000a009dcd8                S_StopSound
                0x00000000a009e548                S_SetMusicVolume
                0x00000000a009dab0                S_Shutdown
                0x00000000a009e384                S_PauseSound
 .text          0x00000000a009e7dc     0x200c Debug\r_things.o
                0x00000000a009f4ec                R_ProjectSprite
                0x00000000a009ff54                R_DrawPlayerSprites
                0x00000000a009f03c                R_DrawMaskedColumn
                0x00000000a009ef78                R_InitSprites
                0x00000000a00a0240                R_DrawSprite
                0x00000000a009e7dc                R_InstallSpriteLump
                0x00000000a009efe4                R_NewVisSprite
                0x00000000a00a0068                R_SortVisSprites
                0x00000000a009efcc                R_ClearSprites
                0x00000000a009fa84                R_AddSprites
                0x00000000a009eaec                R_InitSpriteDefs
                0x00000000a00a070c                R_DrawMasked
                0x00000000a009f260                R_DrawVisSprite
                0x00000000a009fb7c                R_DrawPSprite
 .text          0x00000000a00a07e8       0x14 Debug\r_sky.o
                0x00000000a00a07e8                R_InitSkyMap
 .text          0x00000000a00a07fc     0x1f18 Debug\r_segs.o
                0x00000000a00a1468                R_StoreWallRange
                0x00000000a00a0d1c                R_RenderSegLoop
                0x00000000a00a07fc                R_RenderMaskedSegRange
 .text          0x00000000a00a2714      0xd24 Debug\r_plane.o
                0x00000000a00a2d10                R_CheckPlane
                0x00000000a00a2720                R_MapPlane
                0x00000000a00a2ab4                R_ClearPlanes
                0x00000000a00a2be4                R_FindPlane
                0x00000000a00a2f78                R_DrawPlanes
                0x00000000a00a2e50                R_MakeSpans
                0x00000000a00a2714                R_InitPlanes
 .text          0x00000000a00a3438     0x13d8 Debug\r_main.o
                0x00000000a00a3eec                R_InitLightTables
                0x00000000a00a37b8                R_PointToAngle
                0x00000000a00a4018                R_ExecuteSetViewSize
                0x00000000a00a3ff0                R_SetViewSize
                0x00000000a00a3438                R_AddPointToBox
                0x00000000a00a44e4                R_Init
                0x00000000a00a47b0                R_RenderPlayerView
                0x00000000a00a3b24                R_ScaleFromGlobalAngle
                0x00000000a00a363c                R_PointOnSegSide
                0x00000000a00a34b8                R_PointOnSide
                0x00000000a00a3b18                R_InitPointToAngle
                0x00000000a00a3a44                R_PointToDist
                0x00000000a00a3a0c                R_PointToAngle2
                0x00000000a00a3c30                R_InitTables
                0x00000000a00a465c                R_SetupFrame
                0x00000000a00a4570                R_PointInSubsector
                0x00000000a00a3c3c                R_InitTextureMapping
 .text          0x00000000a00a4810     0x1444 Debug\r_draw.o
                0x00000000a00a4f10                R_DrawTranslatedColumn
                0x00000000a00a5358                R_DrawSpan
                0x00000000a00a4950                R_DrawColumnLow
                0x00000000a00a4cb0                R_DrawFuzzColumnLow
                0x00000000a00a5784                R_FillBackScreen
                0x00000000a00a4ae4                R_DrawFuzzColumn
                0x00000000a00a5060                R_DrawTranslatedColumnLow
                0x00000000a00a5acc                R_VideoErase
                0x00000000a00a5b20                R_DrawViewBorder
                0x00000000a00a54cc                R_DrawSpanLow
                0x00000000a00a523c                R_InitTranslationTables
                0x00000000a00a5690                R_InitBuffer
                0x00000000a00a4810                R_DrawColumn
 .text          0x00000000a00a5c54     0x1958 Debug\r_data.o
                0x00000000a00a5c54                R_DrawColumnInCache
                0x00000000a00a6c2c                R_InitFlats
                0x00000000a00a5d24                R_GenerateComposite
                0x00000000a00a6504                R_InitTextures
                0x00000000a00a7028                R_TextureNumForName
                0x00000000a00a6ce0                R_InitSpriteLumps
                0x00000000a00a7070                R_PrecacheLevel
                0x00000000a00a6f7c                R_CheckTextureNumForName
                0x00000000a00a62f4                R_GetColumn
                0x00000000a00a6ed4                R_InitData
                0x00000000a00a6e9c                R_InitColormaps
                0x00000000a00a5f70                R_GenerateLookup
                0x00000000a00a6f14                R_FlatNumForName
 .text          0x00000000a00a75ac      0xc98 Debug\r_bsp.o
                0x00000000a00a75c4                R_ClipSolidWallSegment
                0x00000000a00a75ac                R_ClearDrawSegs
                0x00000000a00a7900                R_AddLine
                0x00000000a00a7bc0                R_CheckBBox
                0x00000000a00a7f2c                R_Subsector
                0x00000000a00a8124                R_RenderBSPNode
                0x00000000a00a7898                R_ClearClipSegs
                0x00000000a00a779c                R_ClipPassWallSegment
 .text          0x00000000a00a8244      0xad0 Debug\p_user.o
                0x00000000a00a82ec                P_CalcHeight
                0x00000000a00a8244                P_Thrust
                0x00000000a00a88c4                P_PlayerThink
                0x00000000a00a8598                P_MovePlayer
                0x00000000a00a86cc                P_DeathThink
 .text          0x00000000a00a8d14      0x260 Debug\p_tick.o
                0x00000000a00a8d14                P_InitThinkers
                0x00000000a00a8dc4                P_RunThinkers
                0x00000000a00a8d4c                P_AddThinker
                0x00000000a00a8e5c                P_Ticker
                0x00000000a00a8db8                P_AllocateThinker
                0x00000000a00a8da0                P_RemoveThinker
 .text          0x00000000a00a8f74      0x338 Debug\p_telept.o
                0x00000000a00a8f74                EV_Teleport
 .text          0x00000000a00a92ac      0xd78 Debug\p_switch.o
                0x00000000a00a9458                P_StartButton
                0x00000000a00a95e4                P_ChangeSwitchTexture
                0x00000000a00a92ac                P_InitSwitchList
                0x00000000a00a9918                P_UseSpecialLine
 .text          0x00000000a00aa024     0x1c3c Debug\p_spec.o
                0x00000000a00aa024                P_InitPicAnims
                0x00000000a00aa6e0                P_FindHighestCeilingSurrounding
                0x00000000a00ab6e0                EV_DoDonut
                0x00000000a00aa220                getSide
                0x00000000a00aa508                P_FindNextHighestFloor
                0x00000000a00ab11c                P_UpdateSpecials
                0x00000000a00aa400                P_FindLowestFloorSurrounding
                0x00000000a00aa654                P_FindLowestCeilingSurrounding
                0x00000000a00aa394                getNextSector
                0x00000000a00aa2a8                getSector
                0x00000000a00ab938                P_SpawnSpecials
                0x00000000a00aa764                P_FindSectorFromLineTag
                0x00000000a00aa808                P_FindMinSurroundingLight
                0x00000000a00aae94                P_ShootSpecialLine
                0x00000000a00aa484                P_FindHighestFloorSurrounding
                0x00000000a00aa89c                P_CrossSpecialLine
                0x00000000a00aaf58                P_PlayerInSpecialSector
                0x00000000a00aa334                twoSided
 .text          0x00000000a00abc60      0x960 Debug\p_sight.o
                0x00000000a00ac364                P_CheckSight
                0x00000000a00abc60                P_DivlineSide
                0x00000000a00abdd8                P_InterceptVector2
                0x00000000a00ac214                P_CrossBSPNode
                0x00000000a00abeb4                P_CrossSubsector
 .text          0x00000000a00ac5c0     0x1d70 Debug\p_setup.o
                0x00000000a00ac728                P_LoadSegs
                0x00000000a00acfc8                P_LoadThings
                0x00000000a00ac5c0                P_LoadVertexes
                0x00000000a00ad8e8                P_GroupLines
                0x00000000a00ae304                P_Init
                0x00000000a00ac6b8                GetSectorAtNullAddress
                0x00000000a00ad198                P_LoadLineDefs
                0x00000000a00adf60                P_SetupLevel
                0x00000000a00ad7a8                P_LoadBlockMap
                0x00000000a00acb4c                P_LoadSectors
                0x00000000a00acd6c                P_LoadNodes
                0x00000000a00aca44                P_LoadSubsectors
                0x00000000a00ad5bc                P_LoadSideDefs
 .text          0x00000000a00ae330     0x2ffc Debug\p_saveg.o
                0x00000000a00b0710                P_ArchivePlayers
                0x00000000a00b0cc4                P_ArchiveThinkers
                0x00000000a00b0870                P_ArchiveWorld
                0x00000000a00b0eb8                P_ArchiveSpecials
                0x00000000a00ae38c                P_SaveGameFile
                0x00000000a00b06bc                P_ReadSaveGameEOF
                0x00000000a00b0ab0                P_UnArchiveWorld
                0x00000000a00b10c8                P_UnArchiveSpecials
                0x00000000a00b0d40                P_UnArchiveThinkers
                0x00000000a00b06f4                P_WriteSaveGameEOF
                0x00000000a00b0360                P_WriteSaveGameHeader
                0x00000000a00b0790                P_UnArchivePlayers
                0x00000000a00ae330                P_TempSaveGameFile
                0x00000000a00b0528                P_ReadSaveGameHeader
 .text          0x00000000a00b132c     0x1790 Debug\p_pspr.o
                0x00000000a00b29a4                P_SetupPsprites
                0x00000000a00b2508                A_FireShotgun2
                0x00000000a00b15a0                P_CheckAmmo
                0x00000000a00b22bc                P_GunShot
                0x00000000a00b1e28                A_Saw
                0x00000000a00b1b30                A_CheckReload
                0x00000000a00b1504                P_BringUpWeapon
                0x00000000a00b1bf0                A_Raise
                0x00000000a00b2184                A_FirePlasma
                0x00000000a00b20dc                A_FireMissile
                0x00000000a00b2220                P_BulletSlope
                0x00000000a00b297c                A_BFGsound
                0x00000000a00b2684                A_FireCGun
                0x00000000a00b2130                A_FireBFG
                0x00000000a00b1b50                A_Lower
                0x00000000a00b2818                A_Light2
                0x00000000a00b1ccc                A_Punch
                0x00000000a00b1888                P_DropWeapon
                0x00000000a00b237c                A_FirePistol
                0x00000000a00b1428                P_CalcSwing
                0x00000000a00b132c                P_SetPsprite
                0x00000000a00b2440                A_FireShotgun
                0x00000000a00b180c                P_FireWeapon
                0x00000000a00b18d0                A_WeaponReady
                0x00000000a00b27e8                A_Light0
                0x00000000a00b1c74                A_GunFlash
                0x00000000a00b2a04                P_MovePsprites
                0x00000000a00b2800                A_Light1
                0x00000000a00b1aa8                A_ReFire
                0x00000000a00b2830                A_BFGSpray
 .text          0x00000000a00b2abc      0x974 Debug\p_plats.o
                0x00000000a00b2d34                EV_DoPlat
                0x00000000a00b31ec                EV_StopPlat
                0x00000000a00b2abc                T_PlatRaise
                0x00000000a00b3100                P_ActivateInStasis
                0x00000000a00b3374                P_RemoveActivePlat
                0x00000000a00b32f8                P_AddActivePlat
 .text          0x00000000a00b3430     0x22cc Debug\p_mobj.o
                0x00000000a00b43c4                P_RemoveMobj
                0x00000000a00b4a84                P_SpawnMapThing
                0x00000000a00b534c                P_SpawnMissile
                0x00000000a00b3500                P_ExplodeMissile
                0x00000000a00b41a4                P_SpawnMobj
                0x00000000a00b5210                P_CheckMissileSpawn
                0x00000000a00b507c                P_SpawnPuff
                0x00000000a00b5544                P_SpawnPlayerMissile
                0x00000000a00b3430                P_SetMobjState
                0x00000000a00b404c                P_MobjThinker
                0x00000000a00b52f4                P_SubstNullMobj
                0x00000000a00b4728                P_SpawnPlayer
                0x00000000a00b3e84                P_NightmareRespawn
                0x00000000a00b5138                P_SpawnBlood
                0x00000000a00b3aa8                P_ZMovement
                0x00000000a00b35fc                P_XYMovement
                0x00000000a00b44c4                P_RespawnSpecials
 .text          0x00000000a00b56fc     0x17f4 Debug\p_maputl.o
                0x00000000a00b67c4                P_TraverseIntercepts
                0x00000000a00b5e04                P_UnsetThingPosition
                0x00000000a00b58b8                P_BoxOnLineSide
                0x00000000a00b5c1c                P_MakeDivline
                0x00000000a00b6ac8                P_PathTraverse
                0x00000000a00b5c68                P_InterceptVector
                0x00000000a00b5d44                P_LineOpening
                0x00000000a00b5fa8                P_SetThingPosition
                0x00000000a00b62b0                P_BlockThingsIterator
                0x00000000a00b6154                P_BlockLinesIterator
                0x00000000a00b65bc                PIT_AddThingIntercepts
                0x00000000a00b5a88                P_PointOnDivlineSide
                0x00000000a00b5780                P_PointOnLineSide
                0x00000000a00b56fc                P_AproxDistance
                0x00000000a00b6388                PIT_AddLineIntercepts
 .text          0x00000000a00b6ef0     0x2620 Debug\p_map.o
                0x00000000a00b7ac4                P_TryMove
                0x00000000a00b7cec                P_ThingHeightClip
                0x00000000a00b7de4                P_HitSlideLine
                0x00000000a00b9324                P_ChangeSector
                0x00000000a00b77b4                P_CheckPosition
                0x00000000a00b9084                P_RadiusAttack
                0x00000000a00b7f6c                PTR_SlideTraverse
                0x00000000a00b8700                PTR_ShootTraverse
                0x00000000a00b8b94                P_AimLineAttack
                0x00000000a00b6fe8                P_TeleportMove
                0x00000000a00b8098                P_SlideMove
                0x00000000a00b8de8                PTR_UseTraverse
                0x00000000a00b8f60                PIT_RadiusAttack
                0x00000000a00b8ce4                P_LineAttack
                0x00000000a00b919c                PIT_ChangeSector
                0x00000000a00b722c                PIT_CheckLine
                0x00000000a00b7434                PIT_CheckThing
                0x00000000a00b6ef0                PIT_StompThing
                0x00000000a00b8eac                P_UseLines
                0x00000000a00b841c                PTR_AimTraverse
 .text          0x00000000a00b9510      0x8a8 Debug\p_lights.o
                0x00000000a00b9d2c                P_SpawnGlowingLight
                0x00000000a00b9664                T_LightFlash
                0x00000000a00b987c                P_SpawnStrobeFlash
                0x00000000a00b97d8                T_StrobeFlash
                0x00000000a00b95d4                P_SpawnFireFlicker
                0x00000000a00b99e0                EV_TurnTagLightsOff
                0x00000000a00b9510                T_FireFlicker
                0x00000000a00b9960                EV_StartLightStrobing
                0x00000000a00b972c                P_SpawnLightFlash
                0x00000000a00b9ae8                EV_LightTurnOn
                0x00000000a00b9bf0                T_Glow
 .text          0x00000000a00b9db8     0x1a6c Debug\p_inter.o
                0x00000000a00b9db8                P_GiveAmmo
                0x00000000a00ba06c                P_GiveWeapon
                0x00000000a00ba3dc                P_GivePower
                0x00000000a00ba398                P_GiveCard
                0x00000000a00ba2bc                P_GiveBody
                0x00000000a00bb2ac                P_DamageMobj
                0x00000000a00baeac                P_KillMobj
                0x00000000a00ba514                P_TouchSpecialThing
                0x00000000a00ba334                P_GiveArmor
 .text          0x00000000a00bb824      0xdcc Debug\p_floor.o
                0x00000000a00bc2f4                EV_BuildStairs
                0x00000000a00bbb28                T_MoveFloor
                0x00000000a00bb824                T_MovePlane
                0x00000000a00bbc90                EV_DoFloor
 .text          0x00000000a00bc5f0     0x39a4 Debug\p_enemy.o
                0x00000000a00bd44c                A_Chase
                0x00000000a00beee8                A_SkullAttack
                0x00000000a00bc5f0                P_RecursiveSound
                0x00000000a00bf3ac                A_XScream
                0x00000000a00bc8cc                P_CheckMissileRange
                0x00000000a00bfb88                A_BrainExplode
                0x00000000a00bdc74                A_BspiAttack
                0x00000000a00bfc70                A_BrainSpit
                0x00000000a00bdd5c                A_SargAttack
                0x00000000a00bf910                A_BabyMetal
                0x00000000a00bdfa8                A_SkelMissile
                0x00000000a00bfaa0                A_BrainScream
                0x00000000a00beb74                A_FatAttack1
                0x00000000a00bfd84                A_SpawnFly
                0x00000000a00bcce8                P_TryWalk
                0x00000000a00bd2a4                A_Look
                0x00000000a00bf204                A_PainAttack
                0x00000000a00bed6c                A_FatAttack3
                0x00000000a00bda80                A_CPosAttack
                0x00000000a00bdcb8                A_TroopAttack
                0x00000000a00be068                A_Tracer
                0x00000000a00bf938                A_OpenShotgun2
                0x00000000a00bf058                A_PainShootSkull
                0x00000000a00bf244                A_PainDie
                0x00000000a00bf40c                A_Fall
                0x00000000a00bf2a0                A_Scream
                0x00000000a00be384                A_SkelWhoosh
                0x00000000a00be844                A_FireCrackle
                0x00000000a00bf430                A_Explode
                0x00000000a00be5d0                A_VileChase
                0x00000000a00bcd38                P_NewChaseDir
                0x00000000a00bd88c                A_PosAttack
                0x00000000a00bfd5c                A_SpawnSound
                0x00000000a00bf8c0                A_Hoof
                0x00000000a00bc810                P_CheckMeleeRange
                0x00000000a00bf3cc                A_Pain
                0x00000000a00be7fc                A_VileStart
                0x00000000a00bdec4                A_CyberAttack
                0x00000000a00bd1f8                A_KeenDie
                0x00000000a00bea00                A_VileAttack
                0x00000000a00bfc54                A_BrainDie
                0x00000000a00bf9b8                A_BrainAwake
                0x00000000a00be86c                A_Fire
                0x00000000a00be478                PIT_VileCheck
                0x00000000a00bde00                A_HeadAttack
                0x00000000a00bf988                A_CloseShotgun2
                0x00000000a00bc7c0                P_NoiseAlert
                0x00000000a00bdbf0                A_SpidRefire
                0x00000000a00be3bc                A_SkelFist
                0x00000000a00beb4c                A_FatRaise
                0x00000000a00bec70                A_FatAttack2
                0x00000000a00bf8e8                A_Metal
                0x00000000a00bd7c4                A_FaceTarget
                0x00000000a00bd05c                P_LookForPlayers
                0x00000000a00bdf08                A_BruisAttack
                0x00000000a00bf960                A_LoadShotgun2
                0x00000000a00be974                A_VileTarget
                0x00000000a00bfa80                A_BrainPain
                0x00000000a00bca8c                P_Move
                0x00000000a00bd978                A_SPosAttack
                0x00000000a00bff48                A_PlayerScream
                0x00000000a00bdb6c                A_CPosRefire
                0x00000000a00be81c                A_StartFire
                0x00000000a00bf634                A_BossDeath
 .text          0x00000000a00bff94      0xcbc Debug\p_doors.o
                0x00000000a00c02e8                EV_DoLockedDoor
                0x00000000a00c06e0                EV_VerticalDoor
                0x00000000a00c0ba0                P_SpawnDoorRaiseIn5Mins
                0x00000000a00c0448                EV_DoDoor
                0x00000000a00bff94                T_VerticalDoor
                0x00000000a00c0b20                P_SpawnDoorCloseIn30
 .text          0x00000000a00c0c50      0x784 Debug\p_ceilng.o
                0x00000000a00c12bc                EV_CeilingCrushStop
                0x00000000a00c0eb0                EV_DoCeiling
                0x00000000a00c0c50                T_MoveCeiling
                0x00000000a00c11c4                P_ActivateInStasisCeiling
                0x00000000a00c1114                P_RemoveActiveCeiling
                0x00000000a00c10a4                P_AddActiveCeiling
 .text          0x00000000a00c13d4      0xf0c Debug\mus2mid.o
                0x00000000a00c1cac                mus2mid
 .text          0x00000000a00c22e0      0x3f0 Debug\memio.o
                0x00000000a00c25f0                mem_ftell
                0x00000000a00c2470                mem_fwrite
                0x00000000a00c25b4                mem_fclose
                0x00000000a00c2408                mem_fopen_write
                0x00000000a00c2590                mem_get_buf
                0x00000000a00c2604                mem_fseek
                0x00000000a00c22e0                mem_fopen_read
                0x00000000a00c232c                mem_fread
 .text          0x00000000a00c26d0       0xc8 Debug\m_random.o
                0x00000000a00c271c                M_Random
                0x00000000a00c2768                M_ClearRandom
                0x00000000a00c26d0                P_Random
 .text          0x00000000a00c2798      0xa60 Debug\m_misc.o
                0x00000000a00c2a94                M_ExtractFileBase
                0x00000000a00c2f84                M_StringStartsWith
                0x00000000a00c27c4                M_FileExists
                0x00000000a00c2798                M_MakeDirectory
                0x00000000a00c2998                M_TempFile
                0x00000000a00c2eac                M_StringCopy
                0x00000000a00c2f30                M_StringConcat
                0x00000000a00c28ec                M_ReadFile
                0x00000000a00c29e4                M_StrToInt
                0x00000000a00c2828                M_FileLength
                0x00000000a00c3140                M_vsnprintf
                0x00000000a00c2c5c                M_StrCaseStr
                0x00000000a00c2874                M_WriteFile
                0x00000000a00c2fec                M_StringEndsWith
                0x00000000a00c31c0                M_snprintf
                0x00000000a00c306c                M_StringJoin
                0x00000000a00c2bd0                M_ForceUppercase
                0x00000000a00c2d50                M_StringReplace
                0x00000000a00c2d00                M_StringDuplicate
 .text          0x00000000a00c31f8     0x31e0 Debug\m_menu.o
                0x00000000a00c490c                M_DrawSelCell
                0x00000000a00c6208                M_ClearMenus
                0x00000000a00c4974                M_StartMessage
                0x00000000a00c43b0                M_ReadThis2
                0x00000000a00c430c                M_EndGame
                0x00000000a00c4ad4                M_StringHeight
                0x00000000a00c5e98                M_Drawer
                0x00000000a00c36ac                M_DoSave
                0x00000000a00c49d4                M_StringWidth
                0x00000000a00c45ec                M_ChangeSensitivity
                0x00000000a00c399c                M_QuickLoad
                0x00000000a00c6290                M_Init
                0x00000000a00c3c9c                M_SfxVol
                0x00000000a00c34f8                M_LoadGame
                0x00000000a00c3ff0                M_Episode
                0x00000000a00c3548                M_DrawSave
                0x00000000a00c6240                M_Ticker
                0x00000000a00c3a54                M_DrawReadThis1
                0x00000000a00c5e5c                M_StartControlPanel
                0x00000000a00c33f8                M_DrawSaveLoadBorder
                0x00000000a00c384c                M_QuickSaveResponse
                0x00000000a00c34b0                M_LoadSelect
                0x00000000a00c48a4                M_DrawEmptyCell
                0x00000000a00c4b6c                M_WriteText
                0x00000000a00c388c                M_QuickSave
                0x00000000a00c3bc4                M_DrawSound
                0x00000000a00c4728                M_SizeDisplay
                0x00000000a00c3e88                M_NewGame
                0x00000000a00c3f20                M_DrawEpisode
                0x00000000a00c440c                M_FinishReadThis
                0x00000000a00c395c                M_QuickLoadResponse
                0x00000000a00c4d08                M_Responder
                0x00000000a00c31f8                M_ReadSaveStrings
                0x00000000a00c4220                M_ChangeMessages
                0x00000000a00c47c4                M_DrawThermo
                0x00000000a00c3b8c                M_DrawReadThis2
                0x00000000a00c3f54                M_VerifyNightmare
                0x00000000a00c4388                M_ReadThis
                0x00000000a00c49b8                M_StopMessage
                0x00000000a00c621c                M_SetupNextMenu
                0x00000000a00c3f98                M_ChooseSkill
                0x00000000a00c41fc                M_Options
                0x00000000a00c4658                M_ChangeDetail
                0x00000000a00c4434                M_QuitResponse
                0x00000000a00c3e38                M_DrawNewGame
                0x00000000a00c3318                M_DrawLoad
                0x00000000a00c3d50                M_MusicVol
                0x00000000a00c42c8                M_EndGameResponse
                0x00000000a00c3c78                M_Sound
                0x00000000a00c4598                M_QuitDOOM
                0x00000000a00c3704                M_SaveSelect
                0x00000000a00c37e8                M_SaveGame
                0x00000000a00c3e04                M_DrawMainMenu
                0x00000000a00c40a0                M_DrawOptions
 .text          0x00000000a00c63d8      0x11c Debug\m_fixed.o
                0x00000000a00c63d8                FixedMul
                0x00000000a00c6438                FixedDiv
 .text          0x00000000a00c64f4      0xa54 Debug\m_controls.o
                0x00000000a00c6a6c                M_BindWeaponControls
                0x00000000a00c6ca4                M_BindMenuControls
                0x00000000a00c6f3c                M_ApplyPlatformDefaults
                0x00000000a00c6b9c                M_BindMapControls
                0x00000000a00c64f4                M_BindBaseControls
                0x00000000a00c67f4                M_BindHexenControls
                0x00000000a00c6728                M_BindHereticControls
                0x00000000a00c68e8                M_BindStrifeControls
                0x00000000a00c6eb0                M_BindChatControls
 .text          0x00000000a00c6f48      0x7d4 Debug\m_config.o
                0x00000000a00c7190                M_SaveDefaults
                0x00000000a00c761c                M_SetConfigDir
                0x00000000a00c751c                M_GetStrVariable
                0x00000000a00c7170                M_SetConfigFilenames
                0x00000000a00c7230                M_LoadDefaults
                0x00000000a00c7450                M_SetVariable
                0x00000000a00c7580                M_GetFloatVariable
                0x00000000a00c71c0                M_SaveDefaultsAlternate
                0x00000000a00c74a8                M_GetIntVariable
                0x00000000a00c768c                M_GetSaveGameDir
                0x00000000a00c741c                M_BindVariable
 .text          0x00000000a00c771c      0x178 Debug\m_cheat.o
                0x00000000a00c771c                cht_CheckCheat
                0x00000000a00c7864                cht_GetParam
 .text          0x00000000a00c7894       0xc0 Debug\m_bbox.o
                0x00000000a00c7894                M_ClearBox
                0x00000000a00c78d0                M_AddToBox
 .text          0x00000000a00c7954      0x1a0 Debug\m_argv.o
                0x00000000a00c7954                M_CheckParmWithArgs
                0x00000000a00c7a3c                M_FindResponseFile
                0x00000000a00c7aa0                M_GetExecutableName
                0x00000000a00c79d4                M_ParmExists
                0x00000000a00c7a0c                M_CheckParm
 .text          0x00000000a00c7af4        0x0 Debug\info.o
 .text          0x00000000a00c7af4        0x0 Debug\icon.o
 .text          0x00000000a00c7af4      0xb18 Debug\i_video.o
                0x00000000a00c80a4                I_ShutdownGraphics
                0x00000000a00c85dc                I_EnableLoadingDisk
                0x00000000a00c80d8                I_StartTic
                0x00000000a00c85f4                I_DisplayFPSDots
                0x00000000a00c85d0                I_SetGrabMouseCallback
                0x00000000a00c7bd8                cmap_to_fb
                0x00000000a00c8600                I_CheckIsScreensaver
                0x00000000a00c80f4                I_UpdateNoBlit
                0x00000000a00c82d8                I_SetPalette
                0x00000000a00c85c4                I_GraphicsCheckCommandLine
                0x00000000a00c82a4                I_ReadScreen
                0x00000000a00c8100                I_FinishUpdate
                0x00000000a00c80cc                I_StartFrame
                0x00000000a00c7d74                I_InitGraphics
                0x00000000a00c7af4                cmap_to_rgb565
                0x00000000a00c8598                I_EndRead
                0x00000000a00c85e8                I_BindVideoVariables
                0x00000000a00c858c                I_BeginRead
                0x00000000a00c8420                I_GetPaletteIndex
                0x00000000a00c85a4                I_SetWindowTitle
 .text          0x00000000a00c860c      0x110 Debug\i_timer.o
                0x00000000a00c8704                I_WaitVBL
                0x00000000a00c86e4                I_Sleep
                0x00000000a00c860c                I_GetTicks
                0x00000000a00c862c                I_GetTime
                0x00000000a00c8710                I_InitTimer
                0x00000000a00c86a0                I_GetTimeMS
 .text          0x00000000a00c871c      0xbfc Debug\i_system.o
                0x00000000a00c8764                I_Tactile
                0x00000000a00c871c                I_AtExit
                0x00000000a00c8ca4                I_ConsoleStdout
                0x00000000a00c87f4                I_ZoneBase
                0x00000000a00c8c6c                I_PrintStartupBanner
                0x00000000a00c8a04                I_PrintDivider
                0x00000000a00c8ea8                I_Error
                0x00000000a00c8cb4                I_Quit
                0x00000000a00c8894                I_PrintBanner
                0x00000000a00c9004                I_GetMemoryValue
 .text          0x00000000a00c9318      0x788 Debug\i_sound.o
                0x00000000a00c946c                I_InitSound
                0x00000000a00c97d4                I_InitMusic
                0x00000000a00c9950                I_StopSong
                0x00000000a00c971c                I_StopSound
                0x00000000a00c974c                I_SoundIsPlaying
                0x00000000a00c98a0                I_RegisterSong
                0x00000000a00c95b8                I_UpdateSound
                0x00000000a00c99c0                I_BindSoundVariables
                0x00000000a00c96bc                I_StartSound
                0x00000000a00c978c                I_PrecacheSounds
                0x00000000a00c9980                I_MusicIsPlaying
                0x00000000a00c98e8                I_UnRegisterSong
                0x00000000a00c9670                I_UpdateSoundParams
                0x00000000a00c9578                I_GetSfxLumpNum
                0x00000000a00c9840                I_PauseSong
                0x00000000a00c9530                I_ShutdownSound
                0x00000000a00c9870                I_ResumeSong
                0x00000000a00c9804                I_ShutdownMusic
                0x00000000a00c9918                I_PlaySong
                0x00000000a00c9810                I_SetMusicVolume
 .text          0x00000000a00c9aa0     0x31e0 Debug\i_scale.o
                0x00000000a00c9aa0                I_InitScale
                0x00000000a00ca9a4                I_ResetScaleTables
 .text          0x00000000a00ccc80      0x138 Debug\i_joystick.o
                0x00000000a00ccca4                I_BindJoystickVariables
                0x00000000a00ccc8c                I_InitJoystick
                0x00000000a00ccc98                I_UpdateJoystick
                0x00000000a00ccc80                I_ShutdownJoystick
 .text          0x00000000a00ccdb8      0x1cc Debug\i_input.o
                0x00000000a00ccea0                I_GetEvent
                0x00000000a00ccf78                I_InitInput
 .text          0x00000000a00ccf84        0xc Debug\i_endoom.o
                0x00000000a00ccf84                I_Endoom
 .text          0x00000000a00ccf90       0x94 Debug\i_cdmus.o
                0x00000000a00ccfcc                I_CDMusResume
                0x00000000a00ccfa0                I_CDMusPrintStartup
                0x00000000a00ccfbc                I_CDMusStop
                0x00000000a00ccfdc                I_CDMusSetVolume
                0x00000000a00ccf90                I_CDMusInit
                0x00000000a00ccff4                I_CDMusFirstTrack
                0x00000000a00cd004                I_CDMusLastTrack
                0x00000000a00ccfac                I_CDMusPlay
                0x00000000a00cd014                I_CDMusTrackLength
 .text          0x00000000a00cd024      0xd18 Debug\hu_stuff.o
                0x00000000a00cd8d4                HU_Responder
                0x00000000a00cd024                HU_Init
                0x00000000a00cd814                HU_queueChatChar
                0x00000000a00cd498                HU_Erase
                0x00000000a00cd874                HU_dequeueChatChar
                0x00000000a00cd0c0                HU_Start
                0x00000000a00cd4d4                HU_Ticker
                0x00000000a00cd444                HU_Drawer
                0x00000000a00cd0ac                HU_Stop
 .text          0x00000000a00cdd3c      0xb70 Debug\hu_lib.o
                0x00000000a00cdd3c                HUlib_init
                0x00000000a00cddb4                HUlib_addCharToTextLine
                0x00000000a00ce73c                HUlib_keyInIText
                0x00000000a00ce678                HUlib_eraseLineFromIText
                0x00000000a00ce818                HUlib_drawIText
                0x00000000a00ce6dc                HUlib_addPrefixToIText
                0x00000000a00ce0a4                HUlib_eraseTextLine
                0x00000000a00cdd48                HUlib_clearTextLine
                0x00000000a00ce6b4                HUlib_resetIText
                0x00000000a00ce300                HUlib_addLineToSText
                0x00000000a00ce5f4                HUlib_initIText
                0x00000000a00cde34                HUlib_delCharFromTextLine
                0x00000000a00ce230                HUlib_initSText
                0x00000000a00cdea0                HUlib_drawTextLine
                0x00000000a00ce498                HUlib_drawSText
                0x00000000a00ce850                HUlib_eraseIText
                0x00000000a00ce640                HUlib_delCharFromIText
                0x00000000a00cdd70                HUlib_initTextLine
                0x00000000a00ce3c0                HUlib_addMessageToSText
                0x00000000a00ce53c                HUlib_eraseSText
 .text          0x00000000a00ce8ac      0x6bc Debug\gusconf.o
                0x00000000a00ceec8                GUS_WriteConfig
 .text          0x00000000a00cef68     0x47a8 Debug\g_game.o
                0x00000000a00d1648                G_DeathMatchSpawnPlayer
                0x00000000a00d2388                G_SaveGame
                0x00000000a00d23c0                G_DoSaveGame
                0x00000000a00d2694                G_InitNew
                0x00000000a00d2d90                G_RecordDemo
                0x00000000a00d2a84                G_ReadDemoTiccmd
                0x00000000a00d0f10                G_PlayerFinishLevel
                0x00000000a00d11ac                G_CheckSpot
                0x00000000a00d3508                G_CheckDemoStatus
                0x00000000a00d2234                G_LoadGame
                0x00000000a00d089c                G_Ticker
                0x00000000a00cef68                G_CmdChecksum
                0x00000000a00d2e74                G_VanillaVersionCode
                0x00000000a00d2ef8                G_BeginRecording
                0x00000000a00d25c8                G_DoNewGame
                0x00000000a00d0fac                G_PlayerReborn
                0x00000000a00d21f0                G_DoWorldDone
                0x00000000a00d1a4c                G_ExitLevel
                0x00000000a00d30c0                G_DeferedPlayDemo
                0x00000000a00d17f0                G_DoReborn
                0x00000000a00d2c30                G_WriteDemoTiccmd
                0x00000000a00d1a38                G_ScreenShot
                0x00000000a00cf278                G_BuildTiccmd
                0x00000000a00d1ac8                G_DoCompleted
                0x00000000a00d0ef0                G_InitPlayer
                0x00000000a00d34b4                G_TimeDemo
                0x00000000a00d1a68                G_SecretExitLevel
                0x00000000a00d0034                G_DoLoadLevel
                0x00000000a00d0488                G_Responder
                0x00000000a00d2134                G_WorldDone
                0x00000000a00d3248                G_DoPlayDemo
                0x00000000a00d2268                G_DoLoadGame
                0x00000000a00d2598                G_DeferedInitNew
 .text          0x00000000a00d3710      0x94c Debug\f_wipe.o
                0x00000000a00d3f04                wipe_EndScreen
                0x00000000a00d37ec                wipe_initColorXForm
                0x00000000a00d3980                wipe_exitColorXForm
                0x00000000a00d3e78                wipe_exitMelt
                0x00000000a00d3828                wipe_doColorXForm
                0x00000000a00d3994                wipe_initMelt
                0x00000000a00d3ebc                wipe_StartScreen
                0x00000000a00d3710                wipe_shittyColMajorXform
                0x00000000a00d3b58                wipe_doMelt
                0x00000000a00d3f60                wipe_ScreenWipe
 .text          0x00000000a00d405c     0x15bc Debug\f_finale.o
                0x00000000a00d405c                F_StartFinale
                0x00000000a00d4dbc                F_CastResponder
                0x00000000a00d4260                F_Responder
                0x00000000a00d4610                F_StartCast
                0x00000000a00d43f0                F_TextWrite
                0x00000000a00d55c0                F_Drawer
                0x00000000a00d429c                F_Ticker
                0x00000000a00d4f10                F_CastPrint
                0x00000000a00d512c                F_CastDrawer
                0x00000000a00d46dc                F_CastTicker
                0x00000000a00d5350                F_BunnyScroll
                0x00000000a00d522c                F_DrawPatchCol
 .text          0x00000000a00d5618        0xc Debug\dummy.o
                0x00000000a00d5618                I_InitTimidityConfig
 .text          0x00000000a00d5624        0x0 Debug\dstrings.o
 .text          0x00000000a00d5624        0x0 Debug\doomstat.o
 .text          0x00000000a00d5624      0x6e0 Debug\doomgeneric_hyperscan.o
                0x00000000a00d58b0                DG_Init
                0x00000000a00d5bfc                DG_GetTicksMs
                0x00000000a00d5bc4                DG_SleepMs
                0x00000000a00d5c30                DG_GetKey
                0x00000000a00d5624                _unlink_r
                0x00000000a00d5cc4                DG_SetWindowTitle
                0x00000000a00d5b14                DG_DrawFrame
                0x00000000a00d5880                disableRawMode
                0x00000000a00d5cd0                main
                0x00000000a00d5648                _link_r
                0x00000000a00d588c                enableRawMode
                0x00000000a00d5898                fake_mmap
 .text          0x00000000a00d5d04       0x60 Debug\doomgeneric.o
                0x00000000a00d5d04                doomgeneric_Create
 .text          0x00000000a00d5d64        0x0 Debug\doomdef.o
 .text          0x00000000a00d5d64      0x784 Debug\d_net.o
                0x00000000a00d62f4                D_ConnectNetGame
                0x00000000a00d635c                D_CheckNetGame
 .text          0x00000000a00d64e8      0x404 Debug\d_mode.o
                0x00000000a00d6710                D_ValidGameVersion
                0x00000000a00d6810                D_GameMissionString
                0x00000000a00d64e8                D_ValidGameMode
                0x00000000a00d67c4                D_IsEpisodeMap
                0x00000000a00d66bc                D_GetNumEpisodes
                0x00000000a00d656c                D_ValidEpisodeMap
 .text          0x00000000a00d68ec     0x2a84 Debug\d_main.o
                0x00000000a00d7ac4                D_SetGameDescription
                0x00000000a00d7208                D_PageTicker
                0x00000000a00d78a4                D_IdentifyVersion
                0x00000000a00d6940                D_Display
                0x00000000a00d7110                D_DoomLoop
                0x00000000a00d726c                D_AdvanceDemo
                0x00000000a00d7280                D_DoAdvanceDemo
                0x00000000a00d723c                D_PageDrawer
                0x00000000a00d7580                D_StartTitle
                0x00000000a00d821c                PrintGameVersion
                0x00000000a00d70a8                doomgeneric_Tick
                0x00000000a00d68ec                D_ProcessEvents
                0x00000000a00d7de8                PrintDehackedBanners
                0x00000000a00d6ffc                D_GrabMouseCallback
                0x00000000a00d8364                D_DoomMain
                0x00000000a00d6e58                D_BindVariables
 .text          0x00000000a00d9370      0xac8 Debug\d_loop.o
                0x00000000a00d96a4                D_ReceiveTic
                0x00000000a00d9808                D_StartNetGame
                0x00000000a00d9860                D_InitNetGame
                0x00000000a00d989c                D_QuitNetGame
                0x00000000a00d97d8                D_StartGameLoop
                0x00000000a00d9e24                D_RegisterLoopCallbacks
                0x00000000a00d95a8                NetUpdate
                0x00000000a00d9b70                TryRunTics
 .text          0x00000000a00d9e38      0x89c Debug\d_iwad.o
                0x00000000a00da628                D_SuggestGameName
                0x00000000a00da428                D_FindAllIWADs
                0x00000000a00da508                D_SaveGameIWADName
                0x00000000a00da2e8                D_TryFindWADByName
                0x00000000a00da1b0                D_FindWADByName
                0x00000000a00da588                D_SuggestIWADName
                0x00000000a00da328                D_FindIWAD
 .text          0x00000000a00da6d4        0x0 Debug\d_items.o
 .text          0x00000000a00da6d4       0xe8 Debug\d_event.o
                0x00000000a00da73c                D_PopEvent
                0x00000000a00da6d4                D_PostEvent
 .text          0x00000000a00da7bc     0x2a64 Debug\am_map.o
                0x00000000a00dbc18                AM_clearFB
                0x00000000a00db3c4                AM_maxOutWindowScale
                0x00000000a00db388                AM_minOutWindowScale
                0x00000000a00db17c                AM_unloadPics
                0x00000000a00dbc4c                AM_clipMline
                0x00000000a00dcbe0                AM_drawLineCharacter
                0x00000000a00da9a8                AM_restoreScaleAndLoc
                0x00000000a00dc580                AM_drawGrid
                0x00000000a00db2bc                AM_Stop
                0x00000000a00da7bc                AM_getIslope
                0x00000000a00dd150                AM_drawCrosshair
                0x00000000a00dab54                AM_findMinMaxBoundaries
                0x00000000a00daf14                AM_initVariables
                0x00000000a00dad8c                AM_changeWindowLoc
                0x00000000a00da97c                AM_saveScaleAndLoc
                0x00000000a00dc738                AM_drawWalls
                0x00000000a00db960                AM_changeWindowScale
                0x00000000a00dc2a4                AM_drawFline
                0x00000000a00dd004                AM_drawMarks
                0x00000000a00db9dc                AM_doFollowPlayer
                0x00000000a00dcd48                AM_drawPlayers
                0x00000000a00dd194                AM_Drawer
                0x00000000a00da894                AM_activateNewScale
                0x00000000a00daa8c                AM_addMark
                0x00000000a00db400                AM_Responder
                0x00000000a00dbaf4                AM_updateLightLev
                0x00000000a00dc53c                AM_drawMline
                0x00000000a00dcaf0                AM_rotate
                0x00000000a00dbba0                AM_Ticker
                0x00000000a00db100                AM_loadPics
                0x00000000a00db1d8                AM_clearMarks
                0x00000000a00dcf2c                AM_drawThings
                0x00000000a00db22c                AM_LevelInit
                0x00000000a00db2fc                AM_Start
 .text          0x00000000a00dd220      0x658 Debug\libgloss.o
                0x00000000a00dd7e8                _getpid
                0x00000000a00dd768                _lseek_r
                0x00000000a00dd840                _kill_r
                0x00000000a00dd780                _fstat_r
                0x00000000a00dd378                fatfs_fread
                0x00000000a00dd7a0                isatty
                0x00000000a00dd7f8                _getpid_r
                0x00000000a00dd6d8                _sbrk_r
                0x00000000a00dd538                _read_r
                0x00000000a00dd4b8                _putc_r
                0x00000000a00dd68c                _open_r
                0x00000000a00dd6a4                _close_r
                0x00000000a00dd3dc                fatfs_fwrite
                0x00000000a00dd220                fatfs_fopen
                0x00000000a00dd608                _write_r
                0x00000000a00dd440                fatfs_fseek
                0x00000000a00dd808                _kill
                0x00000000a00dd6b8                _exit
                0x00000000a00dd48c                fatfs_fclose
 .text          0x00000000a00dd878       0xd8 Debug\UART.o
                0x00000000a00dd878                UART_Init
                0x00000000a00dd884                UART_SendChar
                0x00000000a00dd8d4                UART_GetChar
 .text          0x00000000a00dd950      0x46c Debug\TV.o
                0x00000000a00ddd5c                TV_FadeIn
                0x00000000a00dd9a4                TV_Init
                0x00000000a00dda6c                TV_Buffer_Sel
                0x00000000a00dd950                TV_ClearScreen
                0x00000000a00ddac8                TV_Fade
                0x00000000a00ddd04                TV_FadeOut
                0x00000000a00ddc2c                TV_PrintHex
                0x00000000a00dda38                TV_Buffer_Set
                0x00000000a00ddae8                TV_Print
                0x00000000a00ddaa8                TV_Hue
                0x00000000a00dda88                TV_Saturation
 .text          0x00000000a00dddbc      0x3d0 Debug\NorFlash.o
                0x00000000a00dddf4                NorFlash_ChipErase
                0x00000000a00ddf30                NorFlash_SectorErase
                0x00000000a00dddbc                NorFlash_Init
                0x00000000a00de104                NorFlash_SetAddress
                0x00000000a00de090                NorFlash_WordWrite
                0x00000000a00dde78                NorFlash_BlockErase
                0x00000000a00ddfe8                NorFlash_Write32
                0x00000000a00de158                NorFlash_Delay
 .text          0x00000000a00de18c        0xc Debug\User_IRQ.o
                0x00000000a00de18c                AP_Init_SysIRQs
 .text          0x00000000a00de198       0xb0 Debug\sys_isr.o
                0x00000000a00de1f4                AP_Attach_ISR
                0x00000000a00de198                irq_dispatch
 .text          0x00000000a00de248      0x164 Debug\I2C.o
                0x00000000a00de324                I2C_Write8
                0x00000000a00de248                I2C_Init
                0x00000000a00de298                I2C_Read8
 .text          0x00000000a00de3ac     0x4644 Debug\ff.o
                0x00000000a00e274c                f_rename
                0x00000000a00e2250                f_truncate
                0x00000000a00e1ebc                f_closedir
                0x00000000a00e23d4                f_unlink
                0x00000000a00e19f0                f_close
                0x00000000a00e1140                f_read
                0x00000000a00e1f00                f_readdir
                0x00000000a00e18d0                f_sync
                0x00000000a00e0c08                f_mount
                0x00000000a00e1da4                f_opendir
                0x00000000a00e1a4c                f_lseek
                0x00000000a00e1fa4                f_stat
                0x00000000a00e1488                f_write
                0x00000000a00e0d00                f_open
                0x00000000a00e2554                f_mkdir
                0x00000000a00e2038                f_getfree
 .text          0x00000000a00e29f0      0x220 Debug\diskio.o
                0x00000000a00e2a5c                USB_disk_initialize
                0x00000000a00e2ad8                DiskB_ReadSector
                0x00000000a00e2b74                disk_initialize
                0x00000000a00e2b60                disk_status
                0x00000000a00e2bf8                disk_ioctl
                0x00000000a00e29f0                DiskB_Initial
                0x00000000a00e2b1c                DiskB_WriteSector
                0x00000000a00e2bc8                disk_write
                0x00000000a00e2b98                disk_read
 .text          0x00000000a00e2c10      0x138 Debug\HS_Controller.o
                0x00000000a00e2c64                HS_Controller_Read
                0x00000000a00e2c10                HS_Controller_Init
 .text          0x00000000a00e2d48       0x14 c:/sunplus/s_core~1.1/gnu/bin/../lib/gcc/score-elf/4.2.1/../../../../score-elf/lib/mel\libc.a(abort.o)
                0x00000000a00e2d48                abort
 .text          0x00000000a00e2d5c       0x14 c:/sunplus/s_core~1.1/gnu/bin/../lib/gcc/score-elf/4.2.1/../../../../score-elf/lib/mel\libc.a(atof.o)
                0x00000000a00e2d5c                atof
 .text          0x00000000a00e2d70       0x30 c:/sunplus/s_core~1.1/gnu/bin/../lib/gcc/score-elf/4.2.1/../../../../score-elf/lib/mel\libc.a(atoi.o)
                0x00000000a00e2d70                _atoi_r
                0x00000000a00e2d88                atoi
 .text          0x00000000a00e2da0       0x28 c:/sunplus/s_core~1.1/gnu/bin/../lib/gcc/score-elf/4.2.1/../../../../score-elf/lib/mel\libc.a(calloc.o)
                0x00000000a00e2da0                calloc
 .text          0x00000000a00e2dc8       0xb4 c:/sunplus/s_core~1.1/gnu/bin/../lib/gcc/score-elf/4.2.1/../../../../score-elf/lib/mel\libc.a(callocr.o)
                0x00000000a00e2dc8                _calloc_r
 .text          0x00000000a00e2e7c        0x0 c:/sunplus/s_core~1.1/gnu/bin/../lib/gcc/score-elf/4.2.1/../../../../score-elf/lib/mel\libc.a(ctype_.o)
 .text          0x00000000a00e2e7c        0xc c:/sunplus/s_core~1.1/gnu/bin/../lib/gcc/score-elf/4.2.1/../../../../score-elf/lib/mel\libc.a(errno.o)
                0x00000000a00e2e7c                __errno
 .text          0x00000000a00e2e88       0xd4 c:/sunplus/s_core~1.1/gnu/bin/../lib/gcc/score-elf/4.2.1/../../../../score-elf/lib/mel\libc.a(exit.o)
                0x00000000a00e2e88                exit
 .text          0x00000000a00e2f5c      0x13c c:/sunplus/s_core~1.1/gnu/bin/../lib/gcc/score-elf/4.2.1/../../../../score-elf/lib/mel\libc.a(fclose.o)
                0x00000000a00e2f5c                fclose
 .text          0x00000000a00e3098       0xf8 c:/sunplus/s_core~1.1/gnu/bin/../lib/gcc/score-elf/4.2.1/../../../../score-elf/lib/mel\libc.a(fflush.o)
                0x00000000a00e3098                fflush
 .text          0x00000000a00e3190      0x24c c:/sunplus/s_core~1.1/gnu/bin/../lib/gcc/score-elf/4.2.1/../../../../score-elf/lib/mel\libc.a(findfp.o)
                0x00000000a00e31ec                __sinit
                0x00000000a00e3288                __sfmoreglue
                0x00000000a00e3278                _cleanup
                0x00000000a00e325c                _cleanup_r
                0x00000000a00e32ec                __sfp
 .text          0x00000000a00e33dc       0xec c:/sunplus/s_core~1.1/gnu/bin/../lib/gcc/score-elf/4.2.1/../../../../score-elf/lib/mel\libc.a(fopen.o)
                0x00000000a00e34a0                fopen
                0x00000000a00e33dc                _fopen_r
 .text          0x00000000a00e34c8       0x1c c:/sunplus/s_core~1.1/gnu/bin/../lib/gcc/score-elf/4.2.1/../../../../score-elf/lib/mel\libc.a(fprintf.o)
                0x00000000a00e34c8                fprintf
 .text          0x00000000a00e34e4       0x58 c:/sunplus/s_core~1.1/gnu/bin/../lib/gcc/score-elf/4.2.1/../../../../score-elf/lib/mel\libc.a(fputc.o)
                0x00000000a00e34e4                fputc
 .text          0x00000000a00e353c       0xdc c:/sunplus/s_core~1.1/gnu/bin/../lib/gcc/score-elf/4.2.1/../../../../score-elf/lib/mel\libc.a(fread.o)
                0x00000000a00e353c                fread
 .text          0x00000000a00e3618      0x42c c:/sunplus/s_core~1.1/gnu/bin/../lib/gcc/score-elf/4.2.1/../../../../score-elf/lib/mel\libc.a(freer.o)
                0x00000000a00e3734                _free_r
                0x00000000a00e3618                _malloc_trim_r
 .text          0x00000000a00e3a44      0x4b8 c:/sunplus/s_core~1.1/gnu/bin/../lib/gcc/score-elf/4.2.1/../../../../score-elf/lib/mel\libc.a(fseek.o)
                0x00000000a00e3ed4                fseek
                0x00000000a00e3a44                _fseek_r
 .text          0x00000000a00e3efc      0x108 c:/sunplus/s_core~1.1/gnu/bin/../lib/gcc/score-elf/4.2.1/../../../../score-elf/lib/mel\libc.a(ftell.o)
                0x00000000a00e3fe4                ftell
                0x00000000a00e3efc                _ftell_r
 .text          0x00000000a00e4004      0x110 c:/sunplus/s_core~1.1/gnu/bin/../lib/gcc/score-elf/4.2.1/../../../../score-elf/lib/mel\libc.a(fwalk.o)
                0x00000000a00e4004                _fwalk
 .text          0x00000000a00e4114       0x6c c:/sunplus/s_core~1.1/gnu/bin/../lib/gcc/score-elf/4.2.1/../../../../score-elf/lib/mel\libc.a(fwrite.o)
                0x00000000a00e4114                fwrite
 .text          0x00000000a00e4180        0x0 c:/sunplus/s_core~1.1/gnu/bin/../lib/gcc/score-elf/4.2.1/../../../../score-elf/lib/mel\libc.a(impure.o)
 .text          0x00000000a00e4180      0x17c c:/sunplus/s_core~1.1/gnu/bin/../lib/gcc/score-elf/4.2.1/../../../../score-elf/lib/mel\libc.a(makebuf.o)
                0x00000000a00e4180                __smakebuf
 .text          0x00000000a00e42fc       0x40 c:/sunplus/s_core~1.1/gnu/bin/../lib/gcc/score-elf/4.2.1/../../../../score-elf/lib/mel\libc.a(malloc.o)
                0x00000000a00e431c                malloc
                0x00000000a00e42fc                free
 .text          0x00000000a00e433c      0x8ac c:/sunplus/s_core~1.1/gnu/bin/../lib/gcc/score-elf/4.2.1/../../../../score-elf/lib/mel\libc.a(mallocr.o)
                0x00000000a00e433c                _malloc_r
 .text          0x00000000a00e4be8       0x90 c:/sunplus/s_core~1.1/gnu/bin/../lib/gcc/score-elf/4.2.1/../../../../score-elf/lib/mel\libc.a(memcmp.o)
                0x00000000a00e4be8                memcmp
 .text          0x00000000a00e4c78       0xb0 c:/sunplus/s_core~1.1/gnu/bin/../lib/gcc/score-elf/4.2.1/../../../../score-elf/lib/mel\libc.a(memcpy.o)
                0x00000000a00e4c78                memcpy
 .text          0x00000000a00e4d28       0xe8 c:/sunplus/s_core~1.1/gnu/bin/../lib/gcc/score-elf/4.2.1/../../../../score-elf/lib/mel\libc.a(memmove.o)
                0x00000000a00e4d28                memmove
 .text          0x00000000a00e4e10       0xb4 c:/sunplus/s_core~1.1/gnu/bin/../lib/gcc/score-elf/4.2.1/../../../../score-elf/lib/mel\libc.a(memset.o)
                0x00000000a00e4e10                memset
 .text          0x00000000a00e4ec4        0x8 c:/sunplus/s_core~1.1/gnu/bin/../lib/gcc/score-elf/4.2.1/../../../../score-elf/lib/mel\libc.a(mlock.o)
                0x00000000a00e4ec8                __malloc_unlock
                0x00000000a00e4ec4                __malloc_lock
 .text          0x00000000a00e4ecc       0x4c c:/sunplus/s_core~1.1/gnu/bin/../lib/gcc/score-elf/4.2.1/../../../../score-elf/lib/mel\libc.a(printf.o)
                0x00000000a00e4ecc                printf
                0x00000000a00e4ef8                _printf_r
 .text          0x00000000a00e4f18       0x88 c:/sunplus/s_core~1.1/gnu/bin/../lib/gcc/score-elf/4.2.1/../../../../score-elf/lib/mel\libc.a(putchar.o)
                0x00000000a00e4f80                putchar
                0x00000000a00e4f18                _putchar_r
 .text          0x00000000a00e4fa0       0x94 c:/sunplus/s_core~1.1/gnu/bin/../lib/gcc/score-elf/4.2.1/../../../../score-elf/lib/mel\libc.a(puts.o)
                0x00000000a00e4fa0                _puts_r
                0x00000000a00e5014                puts
 .text          0x00000000a00e5034       0x28 c:/sunplus/s_core~1.1/gnu/bin/../lib/gcc/score-elf/4.2.1/../../../../score-elf/lib/mel\libc.a(realloc.o)
                0x00000000a00e5034                realloc
 .text          0x00000000a00e505c      0x5d4 c:/sunplus/s_core~1.1/gnu/bin/../lib/gcc/score-elf/4.2.1/../../../../score-elf/lib/mel\libc.a(reallocr.o)
                0x00000000a00e505c                _realloc_r
 .text          0x00000000a00e5630      0x1f0 c:/sunplus/s_core~1.1/gnu/bin/../lib/gcc/score-elf/4.2.1/../../../../score-elf/lib/mel\libc.a(refill.o)
                0x00000000a00e5648                __srefill
 .text          0x00000000a00e5820       0x44 c:/sunplus/s_core~1.1/gnu/bin/../lib/gcc/score-elf/4.2.1/../../../../score-elf/lib/mel\libc.a(remove.o)
                0x00000000a00e5844                remove
                0x00000000a00e5820                _remove_r
 .text          0x00000000a00e5864       0x74 c:/sunplus/s_core~1.1/gnu/bin/../lib/gcc/score-elf/4.2.1/../../../../score-elf/lib/mel\libc.a(rename.o)
                0x00000000a00e58b0                rename
                0x00000000a00e5864                _rename_r
 .text          0x00000000a00e58d8      0x2a8 c:/sunplus/s_core~1.1/gnu/bin/../lib/gcc/score-elf/4.2.1/../../../../score-elf/lib/mel\libc.a(signal.o)
                0x00000000a00e5ae0                _signal_r
                0x00000000a00e5a04                _raise_r
                0x00000000a00e5954                __sigtramp_r
                0x00000000a00e5b58                signal
                0x00000000a00e5944                _init_signal
                0x00000000a00e58d8                _init_signal_r
                0x00000000a00e59e4                __sigtramp
                0x00000000a00e5ac0                raise
 .text          0x00000000a00e5b80       0xf8 c:/sunplus/s_core~1.1/gnu/bin/../lib/gcc/score-elf/4.2.1/../../../../score-elf/lib/mel\libc.a(snprintf.o)
                0x00000000a00e5b80                snprintf
                0x00000000a00e5c04                _snprintf_r
 .text          0x00000000a00e5c78       0xd4 c:/sunplus/s_core~1.1/gnu/bin/../lib/gcc/score-elf/4.2.1/../../../../score-elf/lib/mel\libc.a(sscanf.o)
                0x00000000a00e5ce4                sscanf
                0x00000000a00e5c7c                _sscanf_r
 .text          0x00000000a00e5d4c      0x170 c:/sunplus/s_core~1.1/gnu/bin/../lib/gcc/score-elf/4.2.1/../../../../score-elf/lib/mel\libc.a(stdio.o)
                0x00000000a00e5d74                __sseek
                0x00000000a00e5e54                __sread
                0x00000000a00e5d4c                __sclose
                0x00000000a00e5de0                __swrite
 .text          0x00000000a00e5ebc       0xc0 c:/sunplus/s_core~1.1/gnu/bin/../lib/gcc/score-elf/4.2.1/../../../../score-elf/lib/mel\libc.a(strcasecmp.o)
                0x00000000a00e5ebc                strcasecmp
 .text          0x00000000a00e5f7c       0xfc c:/sunplus/s_core~1.1/gnu/bin/../lib/gcc/score-elf/4.2.1/../../../../score-elf/lib/mel\libc.a(strchr.o)
                0x00000000a00e5f7c                strchr
 .text          0x00000000a00e6078       0xc4 c:/sunplus/s_core~1.1/gnu/bin/../lib/gcc/score-elf/4.2.1/../../../../score-elf/lib/mel\libc.a(strcmp.o)
                0x00000000a00e6078                strcmp
 .text          0x00000000a00e613c       0x20 c:/sunplus/s_core~1.1/gnu/bin/../lib/gcc/score-elf/4.2.1/../../../../score-elf/lib/mel\libc.a(strdup.o)
                0x00000000a00e613c                strdup
 .text          0x00000000a00e615c       0x48 c:/sunplus/s_core~1.1/gnu/bin/../lib/gcc/score-elf/4.2.1/../../../../score-elf/lib/mel\libc.a(strdup_r.o)
                0x00000000a00e615c                _strdup_r
 .text          0x00000000a00e61a4       0x60 c:/sunplus/s_core~1.1/gnu/bin/../lib/gcc/score-elf/4.2.1/../../../../score-elf/lib/mel\libc.a(strlen.o)
                0x00000000a00e61a4                strlen
 .text          0x00000000a00e6204       0xe4 c:/sunplus/s_core~1.1/gnu/bin/../lib/gcc/score-elf/4.2.1/../../../../score-elf/lib/mel\libc.a(strncasecmp.o)
                0x00000000a00e6204                strncasecmp
 .text          0x00000000a00e62e8      0x120 c:/sunplus/s_core~1.1/gnu/bin/../lib/gcc/score-elf/4.2.1/../../../../score-elf/lib/mel\libc.a(strncmp.o)
                0x00000000a00e62e8                strncmp
 .text          0x00000000a00e6408      0x10c c:/sunplus/s_core~1.1/gnu/bin/../lib/gcc/score-elf/4.2.1/../../../../score-elf/lib/mel\libc.a(strncpy.o)
                0x00000000a00e6408                strncpy
 .text          0x00000000a00e6514       0x54 c:/sunplus/s_core~1.1/gnu/bin/../lib/gcc/score-elf/4.2.1/../../../../score-elf/lib/mel\libc.a(strrchr.o)
                0x00000000a00e6514                strrchr
 .text          0x00000000a00e6568       0x84 c:/sunplus/s_core~1.1/gnu/bin/../lib/gcc/score-elf/4.2.1/../../../../score-elf/lib/mel\libc.a(strstr.o)
                0x00000000a00e6568                strstr
 .text          0x00000000a00e65ec      0xffc c:/sunplus/s_core~1.1/gnu/bin/../lib/gcc/score-elf/4.2.1/../../../../score-elf/lib/mel\libc.a(strtod.o)
                0x00000000a00e65f8                _strtod_r
                0x00000000a00e65ec                getversion
                0x00000000a00e75c0                strtod
                0x00000000a00e7598                strtof
 .text          0x00000000a00e75e8      0x208 c:/sunplus/s_core~1.1/gnu/bin/../lib/gcc/score-elf/4.2.1/../../../../score-elf/lib/mel\libc.a(strtol.o)
                0x00000000a00e77c8                strtol
                0x00000000a00e75e8                _strtol_r
 .text          0x00000000a00e77f0       0x28 c:/sunplus/s_core~1.1/gnu/bin/../lib/gcc/score-elf/4.2.1/../../../../score-elf/lib/mel\libc.a(sysread.o)
                0x00000000a00e77f0                read
 .text          0x00000000a00e7818       0x50 c:/sunplus/s_core~1.1/gnu/bin/../lib/gcc/score-elf/4.2.1/../../../../score-elf/lib/mel\libc.a(system.o)
                0x00000000a00e7848                system
                0x00000000a00e7818                _system_r
 .text          0x00000000a00e7868       0x28 c:/sunplus/s_core~1.1/gnu/bin/../lib/gcc/score-elf/4.2.1/../../../../score-elf/lib/mel\libc.a(syswrite.o)
                0x00000000a00e7868                write
 .text          0x00000000a00e7890     0x1bb0 c:/sunplus/s_core~1.1/gnu/bin/../lib/gcc/score-elf/4.2.1/../../../../score-elf/lib/mel\libc.a(vfprintf.o)
                0x00000000a00e7930                _vfprintf_r
                0x00000000a00e78d4                vfprintf
 .text          0x00000000a00e9440     0x1020 c:/sunplus/s_core~1.1/gnu/bin/../lib/gcc/score-elf/4.2.1/../../../../score-elf/lib/mel\libc.a(vfscanf.o)
                0x00000000a00ea3d4                __svfscanf
                0x00000000a00ea3d0                _vfscanf_r
                0x00000000a00ea3fc                vfscanf
                0x00000000a00e9440                __sccl
                0x00000000a00e9540                __svfscanf_r
 .text          0x00000000a00ea460       0xe0 c:/sunplus/s_core~1.1/gnu/bin/../lib/gcc/score-elf/4.2.1/../../../../score-elf/lib/mel\libc.a(vsnprintf.o)
                0x00000000a00ea4cc                vsnprintf
                0x00000000a00ea460                _vsnprintf_r
 .text          0x00000000a00ea540      0x124 c:/sunplus/s_core~1.1/gnu/bin/../lib/gcc/score-elf/4.2.1/../../../../score-elf/lib/mel\libc.a(wbuf.o)
                0x00000000a00ea540                __swbuf
 .text          0x00000000a00ea664       0x78 c:/sunplus/s_core~1.1/gnu/bin/../lib/gcc/score-elf/4.2.1/../../../../score-elf/lib/mel\libc.a(wcrtomb.o)
                0x00000000a00ea664                _wcrtomb_r
                0x00000000a00ea6b4                wcrtomb
 .text          0x00000000a00ea6dc      0x174 c:/sunplus/s_core~1.1/gnu/bin/../lib/gcc/score-elf/4.2.1/../../../../score-elf/lib/mel\libc.a(wcsrtombs.o)
                0x00000000a00ea6dc                _wcsrtombs_r
                0x00000000a00ea824                wcsrtombs
 .text          0x00000000a00ea850      0x4d8 c:/sunplus/s_core~1.1/gnu/bin/../lib/gcc/score-elf/4.2.1/../../../../score-elf/lib/mel\libc.a(wctomb_r.o)
                0x00000000a00ea850                _wctomb_r
 .text          0x00000000a00ead28      0x124 c:/sunplus/s_core~1.1/gnu/bin/../lib/gcc/score-elf/4.2.1/../../../../score-elf/lib/mel\libc.a(wsetup.o)
                0x00000000a00ead28                __swsetup
 .text          0x00000000a00eae4c     0x14b0 c:/sunplus/s_core~1.1/gnu/bin/../lib/gcc/score-elf/4.2.1/../../../../score-elf/lib/mel\libc.a(dtoa.o)
                0x00000000a00eb03c                _dtoa_r
 .text          0x00000000a00ec2fc       0x8c c:/sunplus/s_core~1.1/gnu/bin/../lib/gcc/score-elf/4.2.1/../../../../score-elf/lib/mel\libc.a(flags.o)
                0x00000000a00ec2fc                __sflags
 .text          0x00000000a00ec388      0x390 c:/sunplus/s_core~1.1/gnu/bin/../lib/gcc/score-elf/4.2.1/../../../../score-elf/lib/mel\libc.a(fvwrite.o)
                0x00000000a00ec388                __sfvwrite
 .text          0x00000000a00ec718       0x24 c:/sunplus/s_core~1.1/gnu/bin/../lib/gcc/score-elf/4.2.1/../../../../score-elf/lib/mel\libc.a(iswspace.o)
                0x00000000a00ec718                iswspace
 .text          0x00000000a00ec73c       0xdc c:/sunplus/s_core~1.1/gnu/bin/../lib/gcc/score-elf/4.2.1/../../../../score-elf/lib/mel\libc.a(locale.o)
                0x00000000a00ec764                _setlocale_r
                0x00000000a00ec73c                __locale_charset
                0x00000000a00ec748                _localeconv_r
                0x00000000a00ec7f0                setlocale
                0x00000000a00ec754                localeconv
 .text          0x00000000a00ec818       0x94 c:/sunplus/s_core~1.1/gnu/bin/../lib/gcc/score-elf/4.2.1/../../../../score-elf/lib/mel\libc.a(mbrtowc.o)
                0x00000000a00ec880                mbrtowc
                0x00000000a00ec818                _mbrtowc_r
 .text          0x00000000a00ec8ac       0x54 c:/sunplus/s_core~1.1/gnu/bin/../lib/gcc/score-elf/4.2.1/../../../../score-elf/lib/mel\libc.a(mbtowc_r.o)
                0x00000000a00ec8ac                _mbtowc_r
 .text          0x00000000a00ec900      0x100 c:/sunplus/s_core~1.1/gnu/bin/../lib/gcc/score-elf/4.2.1/../../../../score-elf/lib/mel\libc.a(memchr.o)
                0x00000000a00ec900                memchr
 .text          0x00000000a00eca00      0xd5c c:/sunplus/s_core~1.1/gnu/bin/../lib/gcc/score-elf/4.2.1/../../../../score-elf/lib/mel\libc.a(mprec.o)
                0x00000000a00ecda0                _mprec_log10
                0x00000000a00eca20                _hi0bits
                0x00000000a00ece10                _Balloc
                0x00000000a00eceac                _d2b
                0x00000000a00ed25c                _multiply
                0x00000000a00ecd14                _ratio
                0x00000000a00ed650                _s2b
                0x00000000a00ed44c                _i2b
                0x00000000a00eca94                _lo0bits
                0x00000000a00ecb48                __mcmp
                0x00000000a00ed564                _pow5mult
                0x00000000a00ecba0                _ulp
                0x00000000a00ecbfc                _b2d
                0x00000000a00ed474                _multadd
                0x00000000a00ecfe8                __mdiff
                0x00000000a00ed140                _lshift
                0x00000000a00eca00                _Bfree
 .text          0x00000000a00ed75c        0x0 c:/sunplus/s_core~1.1/gnu/bin/../lib/gcc/score-elf/4.2.1/../../../../score-elf/lib/mel\libc.a(s_infconst.o)
 .text          0x00000000a00ed75c       0x3c c:/sunplus/s_core~1.1/gnu/bin/../lib/gcc/score-elf/4.2.1/../../../../score-elf/lib/mel\libc.a(s_isinf.o)
                0x00000000a00ed75c                isinf
 .text          0x00000000a00ed798       0x2c c:/sunplus/s_core~1.1/gnu/bin/../lib/gcc/score-elf/4.2.1/../../../../score-elf/lib/mel\libc.a(s_isnan.o)
                0x00000000a00ed798                isnan
 .text          0x00000000a00ed7c4       0xb0 c:/sunplus/s_core~1.1/gnu/bin/../lib/gcc/score-elf/4.2.1/../../../../score-elf/lib/mel\libc.a(sprintf.o)
                0x00000000a00ed824                _sprintf_r
                0x00000000a00ed7c4                sprintf
 .text          0x00000000a00ed874      0x298 c:/sunplus/s_core~1.1/gnu/bin/../lib/gcc/score-elf/4.2.1/../../../../score-elf/lib/mel\libc.a(strtoll_r.o)
                0x00000000a00ed874                _strtoll_r
 .text          0x00000000a00edb0c      0x27c c:/sunplus/s_core~1.1/gnu/bin/../lib/gcc/score-elf/4.2.1/../../../../score-elf/lib/mel\libc.a(strtoull_r.o)
                0x00000000a00edb0c                _strtoull_r
 .text          0x00000000a00edd88      0x204 c:/sunplus/s_core~1.1/gnu/bin/../lib/gcc/score-elf/4.2.1/../../../../score-elf/lib/mel\libc.a(strtoul.o)
                0x00000000a00edf64                strtoul
                0x00000000a00edd88                _strtoul_r
 .text          0x00000000a00edf8c      0x278 c:/sunplus/s_core~1.1/gnu/bin/../lib/gcc/score-elf/4.2.1/../../../../score-elf/lib/mel\libc.a(ungetc.o)
                0x00000000a00ee07c                ungetc
                0x00000000a00edf8c                __submore
 .text          0x00000000a00ee204      0x1fc c:/sunplus/s_core~1.1/gnu/bin/../lib/gcc/score-elf/4.2.1/mel\libgcc.a(_addsub_sf.o)
                0x00000000a00ee204                __subsf3
                0x00000000a00ee206                __addsf3
 .text          0x00000000a00ee400      0x368 c:/sunplus/s_core~1.1/gnu/bin/../lib/gcc/score-elf/4.2.1/mel\libgcc.a(_addsub_df.o)
                0x00000000a00ee402                __adddf3
                0x00000000a00ee400                __subdf3
 .text          0x00000000a00ee768      0x1b4 c:/sunplus/s_core~1.1/gnu/bin/../lib/gcc/score-elf/4.2.1/mel\libgcc.a(_mulsf3.o)
                0x00000000a00ee768                __mulsf3
 .text          0x00000000a00ee91c      0x324 c:/sunplus/s_core~1.1/gnu/bin/../lib/gcc/score-elf/4.2.1/mel\libgcc.a(_muldf3.o)
                0x00000000a00ee91c                __muldf3
 .text          0x00000000a00eec40      0x228 c:/sunplus/s_core~1.1/gnu/bin/../lib/gcc/score-elf/4.2.1/mel\libgcc.a(_divsf3.o)
                0x00000000a00eec40                __divsf3
 .text          0x00000000a00eee68      0x4c0 c:/sunplus/s_core~1.1/gnu/bin/../lib/gcc/score-elf/4.2.1/mel\libgcc.a(_divdf3.o)
                0x00000000a00eef2c                __divdf3
                0x00000000a00eee68                Div64by32To32
 .text          0x00000000a00ef328       0x6c c:/sunplus/s_core~1.1/gnu/bin/../lib/gcc/score-elf/4.2.1/mel\libgcc.a(_clz32.o)
                0x00000000a00ef328                countLeadingZeros32
 .text          0x00000000a00ef394       0x80 c:/sunplus/s_core~1.1/gnu/bin/../lib/gcc/score-elf/4.2.1/mel\libgcc.a(_clz64.o)
                0x00000000a00ef394                countLeadingZeros64
 .text          0x00000000a00ef414       0x74 c:/sunplus/s_core~1.1/gnu/bin/../lib/gcc/score-elf/4.2.1/mel\libgcc.a(_floatsisf.o)
                0x00000000a00ef414                __floatsisf
 .text          0x00000000a00ef488       0x70 c:/sunplus/s_core~1.1/gnu/bin/../lib/gcc/score-elf/4.2.1/mel\libgcc.a(_floatsidf.o)
                0x00000000a00ef488                __floatsidf
 .text          0x00000000a00ef4f8       0x54 c:/sunplus/s_core~1.1/gnu/bin/../lib/gcc/score-elf/4.2.1/mel\libgcc.a(_floatunsidf.o)
                0x00000000a00ef4f8                __floatunsidf
 .text          0x00000000a00ef54c       0xac c:/sunplus/s_core~1.1/gnu/bin/../lib/gcc/score-elf/4.2.1/mel\libgcc.a(_sf_to_df.o)
                0x00000000a00ef54c                __extendsfdf2
 .text          0x00000000a00ef5f8       0xe4 c:/sunplus/s_core~1.1/gnu/bin/../lib/gcc/score-elf/4.2.1/mel\libgcc.a(_df_to_sf.o)
                0x00000000a00ef5f8                __truncdfsf2
 .text          0x00000000a00ef6dc       0x68 c:/sunplus/s_core~1.1/gnu/bin/../lib/gcc/score-elf/4.2.1/mel\libgcc.a(_fixsfsi.o)
                0x00000000a00ef6dc                __fixsfsi
 .text          0x00000000a00ef744       0x74 c:/sunplus/s_core~1.1/gnu/bin/../lib/gcc/score-elf/4.2.1/mel\libgcc.a(_fixdfsi.o)
                0x00000000a00ef744                __fixdfsi
 .text          0x00000000a00ef7b8       0xa4 c:/sunplus/s_core~1.1/gnu/bin/../lib/gcc/score-elf/4.2.1/mel\libgcc.a(_fpcmp_parts_df.o)
                0x00000000a00ef7c0                __eqdf2
                0x00000000a00ef7b8                __gtdf2
                0x00000000a00ef7c0                __ltdf2
                0x00000000a00ef7c4                __compare_df2
                0x00000000a00ef7c0                __ledf2
                0x00000000a00ef7c0                __nedf2
                0x00000000a00ef7b8                __gedf2
 .text          0x00000000a00ef85c      0x5e0 c:/sunplus/s_core~1.1/gnu/bin/../lib/gcc/score-elf/4.2.1/mel\libgcc.a(_divdi3.o)
                0x00000000a00ef85c                __divdi3
 .text          0x00000000a00efe3c      0x5bc c:/sunplus/s_core~1.1/gnu/bin/../lib/gcc/score-elf/4.2.1/mel\libgcc.a(_udivdi3.o)
                0x00000000a00efe3c                __udivdi3