Archive member included because of file (symbol)

c:/sunplus/s_core~1.1/gnu/bin/../lib/gcc/score-elf/4.2.1/../../../../score-elf/lib/mel\libc.a(abort.o)
                              Debug\libgloss.o (abort)
c:/sunplus/s_core~1.1/gnu/bin/../lib/gcc/score-elf/4.2.1/../../../../score-elf/lib/mel\libc.a(memcmp.o)
                              Debug\ff.o (memcmp)
c:/sunplus/s_core~1.1/gnu/bin/../lib/gcc/score-elf/4.2.1/../../../../score-elf/lib/mel\libc.a(memcpy.o)
                              Debug\ff.o (memcpy)
c:/sunplus/s_core~1.1/gnu/bin/../lib/gcc/score-elf/4.2.1/../../../../score-elf/lib/mel\libc.a(memset.o)
                              Debug\ff.o (memset)
c:/sunplus/s_core~1.1/gnu/bin/../lib/gcc/score-elf/4.2.1/../../../../score-elf/lib/mel\libc.a(signal.o)
                              c:/sunplus/s_core~1.1/gnu/bin/../lib/gcc/score-elf/4.2.1/../../../../score-elf/lib/mel\libc.a(abort.o) (raise)
c:/sunplus/s_core~1.1/gnu/bin/../lib/gcc/score-elf/4.2.1/../../../../score-elf/lib/mel\libc.a(strchr.o)
                              Debug\ff.o (strchr)
c:/sunplus/s_core~1.1/gnu/bin/../lib/gcc/score-elf/4.2.1/../../../../score-elf/lib/mel\libc.a(syswrite.o)
                              Debug\libgloss.o (write)
c:/sunplus/s_core~1.1/gnu/bin/../lib/gcc/score-elf/4.2.1/../../../../score-elf/lib/mel\libc.a(impure.o)
                              c:/sunplus/s_core~1.1/gnu/bin/../lib/gcc/score-elf/4.2.1/../../../../score-elf/lib/mel\libc.a(signal.o) (_impure_ptr)
c:/sunplus/s_core~1.1/gnu/bin/../lib/gcc/score-elf/4.2.1/../../../../score-elf/lib/mel\libc.a(mallocr.o)
                              c:/sunplus/s_core~1.1/gnu/bin/../lib/gcc/score-elf/4.2.1/../../../../score-elf/lib/mel\libc.a(signal.o) (_malloc_r)
c:/sunplus/s_core~1.1/gnu/bin/../lib/gcc/score-elf/4.2.1/../../../../score-elf/lib/mel\libc.a(mlock.o)
                              c:/sunplus/s_core~1.1/gnu/bin/../lib/gcc/score-elf/4.2.1/../../../../score-elf/lib/mel\libc.a(mallocr.o) (__malloc_lock)
c:/sunplus/s_core~1.1/gnu/bin/../lib/gcc/score-elf/4.2.1/../../../../score-elf/lib/mel\libc.a(freer.o)
                              c:/sunplus/s_core~1.1/gnu/bin/../lib/gcc/score-elf/4.2.1/../../../../score-elf/lib/mel\libc.a(mallocr.o) (_free_r)

Allocating common symbols
Common symbol       size              file

controller          0x5               Debug\main.o

Memory Configuration

Name             Origin             Length             Attributes
*default*        0x0000000000000000 0xffffffffffffffff

Linker script and memory map

LOAD Obj.lst
LOAD Debug\hyperscan_startup.o
LOAD Debug\main.o
LOAD Debug\libgloss.o
LOAD Debug\UART.o
LOAD Debug\TV.o
LOAD Debug\I2C.o
LOAD Debug\ff.o
LOAD Debug\diskio.o
LOAD Debug\HS_Controller.o
LOAD Lib.lst
LOAD c:/sunplus/s_core~1.1/gnu/bin/../lib/gcc/score-elf/4.2.1/../../../../score-elf/lib/mel\libm.a
LOAD c:/sunplus/s_core~1.1/gnu/bin/../lib/gcc/score-elf/4.2.1/../../../../score-elf/lib/mel\libc.a
LOAD c:/sunplus/s_core~1.1/gnu/bin/../lib/gcc/score-elf/4.2.1/mel\libgcc.a
LOAD c:/sunplus/s_core~1.1/gnu/bin/../lib/gcc/score-elf/4.2.1/mel\libgcc.a
LOAD c:/sunplus/s_core~1.1/gnu/bin/../lib/gcc/score-elf/4.2.1/../../../../score-elf/lib/mel\libc.a
LOAD c:/sunplus/s_core~1.1/gnu/bin/../lib/gcc/score-elf/4.2.1/mel\libgcc.a
START GROUP
LOAD c:/sunplus/s_core~1.1/gnu/bin/../lib/gcc/score-elf/4.2.1/../../../../score-elf/lib/mel\libc.a
LOAD c:/sunplus/s_core~1.1/gnu/bin/../lib/gcc/score-elf/4.2.1/../../../../score-elf/lib/mel\libm.a
LOAD c:/sunplus/s_core~1.1/gnu/bin/../lib/gcc/score-elf/4.2.1/mel\libgcc.a
END GROUP

.stack          0x00000000a0fffff0        0x0
                0x00000000a0fffff0                _stack = .
 *(.stack)
                0x00000000a0f00000                . = 0xa0f00000

.interp
 *(.interp)

.hash
 *(.hash)

.dynsym
 *(.dynsym)

.dynstr
 *(.dynstr)

.gnu.version
 *(.gnu.version)

.gnu.version_d
 *(.gnu.version_d)

.gnu.version_r
 *(.gnu.version_r)

.rel.dyn        0x00000000a0f00000        0x0
 *(.rel.init)
 *(.rel.text .rel.text.* .rel.gnu.linkonce.t.*)
 *(.rel.fini)
 *(.rel.rodata .rel.rodata.* .rel.gnu.linkonce.r.*)
 *(.rel.data .rel.data.* .rel.gnu.linkonce.d.*)
 *(.rel.tdata .rel.tdata.* .rel.gnu.linkonce.td.*)
 *(.rel.tbss .rel.tbss.* .rel.gnu.linkonce.tb.*)
 *(.rel.ctors)
 *(.rel.dtors)
 *(.rel.got)
 *(.rel.sdata .rel.sdata.* .rel.gnu.linkonce.s.*)
 *(.rel.sbss .rel.sbss.* .rel.gnu.linkonce.sb.*)
 *(.rel.sdata2 .rel.sdata2.* .rel.gnu.linkonce.s2.*)
 *(.rel.sbss2 .rel.sbss2.* .rel.gnu.linkonce.sb2.*)
 *(.rel.bss .rel.bss.* .rel.gnu.linkonce.b.*)
 .rel.dyn       0x0000000000000000        0x0 c:/sunplus/s_core~1.1/gnu/bin/../lib/gcc/score-elf/4.2.1/../../../../score-elf/lib/mel\libc.a(mallocr.o)

.rela.dyn
 *(.rela.init)
 *(.rela.text .rela.text.* .rela.gnu.linkonce.t.*)
 *(.rela.fini)
 *(.rela.rodata .rela.rodata.* .rela.gnu.linkonce.r.*)
 *(.rela.data .rela.data.* .rela.gnu.linkonce.d.*)
 *(.rela.tdata .rela.tdata.* .rela.gnu.linkonce.td.*)
 *(.rela.tbss .rela.tbss.* .rela.gnu.linkonce.tb.*)
 *(.rela.ctors)
 *(.rela.dtors)
 *(.rela.got)
 *(.rela.sdata .rela.sdata.* .rela.gnu.linkonce.s.*)
 *(.rela.sbss .rela.sbss.* .rela.gnu.linkonce.sb.*)
 *(.rela.sdata2 .rela.sdata2.* .rela.gnu.linkonce.s2.*)
 *(.rela.sbss2 .rela.sbss2.* .rela.gnu.linkonce.sb2.*)
 *(.rela.bss .rela.bss.* .rela.gnu.linkonce.b.*)

.rel.plt
 *(.rel.plt)

.rela.plt
 *(.rela.plt)

.hardware_init  0x00000000a0f00000       0x94
 *(.hardware_init)
 .hardware_init
                0x00000000a0f00000       0x94 Debug\hyperscan_startup.o
                0x00000000a0f00000                _hardware_init

.init
 *(.init)

.plt
 *(.plt)

.text           0x00000000a0f00094     0x66d8
 *(.text .stub .text.* .gnu.linkonce.t.*)
 .text          0x00000000a0f00094        0x0 Debug\hyperscan_startup.o
 .text          0x00000000a0f00094       0x60 Debug\main.o
                0x00000000a0f00094                main
 .text          0x00000000a0f000f4      0x3c0 Debug\libgloss.o
                0x00000000a0f00424                _getpid
                0x00000000a0f003a4                _lseek_r
                0x00000000a0f0047c                _kill_r
                0x00000000a0f003bc                _fstat_r
                0x00000000a0f003dc                isatty
                0x00000000a0f00434                _getpid_r
                0x00000000a0f00314                _sbrk_r
                0x00000000a0f00174                _read_r
                0x00000000a0f000f4                _putc_r
                0x00000000a0f002c8                _open_r
                0x00000000a0f002e0                _close_r
                0x00000000a0f00244                _write_r
                0x00000000a0f00444                _kill
                0x00000000a0f002f4                _exit
 .text          0x00000000a0f004b4       0xd8 Debug\UART.o
                0x00000000a0f004b4                UART_Init
                0x00000000a0f004c0                UART_SendChar
                0x00000000a0f00510                UART_GetChar
 .text          0x00000000a0f0058c      0x46c Debug\TV.o
                0x00000000a0f00998                TV_FadeIn
                0x00000000a0f005e0                TV_Init
                0x00000000a0f006a8                TV_Buffer_Sel
                0x00000000a0f0058c                TV_ClearScreen
                0x00000000a0f00704                TV_Fade
                0x00000000a0f00940                TV_FadeOut
                0x00000000a0f00868                TV_PrintHex
                0x00000000a0f00674                TV_Buffer_Set
                0x00000000a0f00724                TV_Print
                0x00000000a0f006e4                TV_Hue
                0x00000000a0f006c4                TV_Saturation
 .text          0x00000000a0f009f8      0x164 Debug\I2C.o
                0x00000000a0f00ad4                I2C_Write8
                0x00000000a0f009f8                I2C_Init
                0x00000000a0f00a48                I2C_Read8
 .text          0x00000000a0f00b5c     0x4644 Debug\ff.o
                0x00000000a0f04efc                f_rename
                0x00000000a0f04a00                f_truncate
                0x00000000a0f0466c                f_closedir
                0x00000000a0f04b84                f_unlink
                0x00000000a0f041a0                f_close
                0x00000000a0f038f0                f_read
                0x00000000a0f046b0                f_readdir
                0x00000000a0f04080                f_sync
                0x00000000a0f033b8                f_mount
                0x00000000a0f04554                f_opendir
                0x00000000a0f041fc                f_lseek
                0x00000000a0f04754                f_stat
                0x00000000a0f03c38                f_write
                0x00000000a0f034b0                f_open
                0x00000000a0f04d04                f_mkdir
                0x00000000a0f047e8                f_getfree
 .text          0x00000000a0f051a0      0x1e0 Debug\diskio.o
                0x00000000a0f051fc                USB_disk_initialize
                0x00000000a0f05268                DiskB_ReadSector
                0x00000000a0f052e4                disk_initialize
                0x00000000a0f052d0                disk_status
                0x00000000a0f05368                disk_ioctl
                0x00000000a0f051a0                DiskB_Initial
                0x00000000a0f0529c                DiskB_WriteSector
                0x00000000a0f05338                disk_write
                0x00000000a0f05308                disk_read
 .text          0x00000000a0f05380      0x138 Debug\HS_Controller.o
                0x00000000a0f053d4                HS_Controller_Read
                0x00000000a0f05380                HS_Controller_Init
 .text          0x00000000a0f054b8       0x14 c:/sunplus/s_core~1.1/gnu/bin/../lib/gcc/score-elf/4.2.1/../../../../score-elf/lib/mel\libc.a(abort.o)
                0x00000000a0f054b8                abort
 .text          0x00000000a0f054cc       0x90 c:/sunplus/s_core~1.1/gnu/bin/../lib/gcc/score-elf/4.2.1/../../../../score-elf/lib/mel\libc.a(memcmp.o)
                0x00000000a0f054cc                memcmp
 .text          0x00000000a0f0555c       0xb0 c:/sunplus/s_core~1.1/gnu/bin/../lib/gcc/score-elf/4.2.1/../../../../score-elf/lib/mel\libc.a(memcpy.o)
                0x00000000a0f0555c                memcpy
 .text          0x00000000a0f0560c       0xb4 c:/sunplus/s_core~1.1/gnu/bin/../lib/gcc/score-elf/4.2.1/../../../../score-elf/lib/mel\libc.a(memset.o)
                0x00000000a0f0560c                memset
 .text          0x00000000a0f056c0      0x2a8 c:/sunplus/s_core~1.1/gnu/bin/../lib/gcc/score-elf/4.2.1/../../../../score-elf/lib/mel\libc.a(signal.o)
                0x00000000a0f058c8                _signal_r
                0x00000000a0f057ec                _raise_r
                0x00000000a0f0573c                __sigtramp_r
                0x00000000a0f05940                signal
                0x00000000a0f0572c                _init_signal
                0x00000000a0f056c0                _init_signal_r
                0x00000000a0f057cc                __sigtramp
                0x00000000a0f058a8                raise
 .text          0x00000000a0f05968       0xfc c:/sunplus/s_core~1.1/gnu/bin/../lib/gcc/score-elf/4.2.1/../../../../score-elf/lib/mel\libc.a(strchr.o)
                0x00000000a0f05968                strchr
 .text          0x00000000a0f05a64       0x28 c:/sunplus/s_core~1.1/gnu/bin/../lib/gcc/score-elf/4.2.1/../../../../score-elf/lib/mel\libc.a(syswrite.o)
                0x00000000a0f05a64                write
 .text          0x00000000a0f05a8c        0x0 c:/sunplus/s_core~1.1/gnu/bin/../lib/gcc/score-elf/4.2.1/../../../../score-elf/lib/mel\libc.a(impure.o)
 .text          0x00000000a0f05a8c      0x8ac c:/sunplus/s_core~1.1/gnu/bin/../lib/gcc/score-elf/4.2.1/../../../../score-elf/lib/mel\libc.a(mallocr.o)
                0x00000000a0f05a8c                _malloc_r
 .text          0x00000000a0f06338        0x8 c:/sunplus/s_core~1.1/gnu/bin/../lib/gcc/score-elf/4.2.1/../../../../score-elf/lib/mel\libc.a(mlock.o)
                0x00000000a0f0633c                __malloc_unlock
                0x00000000a0f06338                __malloc_lock
 .text          0x00000000a0f06340      0x42c c:/sunplus/s_core~1.1/gnu/bin/../lib/gcc/score-elf/4.2.1/../../../../score-elf/lib/mel\libc.a(freer.o)
                0x00000000a0f0645c                _free_r
                0x00000000a0f06340                _malloc_trim_r
 *(.gnu.warning)
 *(.glue_7t)
 *(.glue_7)

.fini
 *(.fini)
                0x00000000a0f0676c                PROVIDE (__etext, .)
                0x00000000a0f0676c                PROVIDE (_etext, .)
                0x00000000a0f0676c                PROVIDE (etext, .)

.rodata         0x00000000a0f0676c     0x10b4
 *(.rodata .rodata.* .gnu.linkonce.r.*)
 .rodata        0x00000000a0f0676c       0x10 Debug\libgloss.o
 .rodata        0x00000000a0f0677c     0x1004 Debug\TV.o
                0x00000000a0f0677c                font
 .rodata        0x00000000a0f07780       0x9c Debug\ff.o
 .rodata.str1.4
                0x00000000a0f0781c        0x4 c:/sunplus/s_core~1.1/gnu/bin/../lib/gcc/score-elf/4.2.1/../../../../score-elf/lib/mel\libc.a(impure.o)

.rodata1
 *(.rodata1)

.sdata2
 *(.sdata2 .sdata2.* .gnu.linkonce.s2.*)

.sbss2
 *(.sbss2 .sbss2.* .gnu.linkonce.sb2.*)

.eh_frame_hdr
 *(.eh_frame_hdr)
                0x00000000a0f07920                . = (ALIGN (0x100) + (. & 0xff))
                0x00000000a0f07920                . = ALIGN (0x4)
                0x00000000a0f07920                PROVIDE (__preinit_array_start, .)

.preinit_array
 *(.preinit_array)
                0x00000000a0f07920                PROVIDE (__preinit_array_end, .)
                0x00000000a0f07920                PROVIDE (__init_array_start, .)

.init_array
 *(.init_array)
                0x00000000a0f07920                PROVIDE (__init_array_end, .)
                0x00000000a0f07920                PROVIDE (__fini_array_start, .)

.fini_array
 *(.fini_array)
                0x00000000a0f07920                PROVIDE (__fini_array_end, .)

.data           0x00000000a0f07920      0x798
                0x00000000a0f07920                __data_start = .
 *(.data .data.* .gnu.linkonce.d.*)
 .data          0x00000000a0f07920        0x0 Debug\hyperscan_startup.o
 .data          0x00000000a0f07920        0x0 Debug\main.o
 .data          0x00000000a0f07920        0x0 Debug\libgloss.o
 .data          0x00000000a0f07920        0x0 Debug\UART.o
 .data          0x00000000a0f07920        0x0 Debug\TV.o
 .data          0x00000000a0f07920        0x0 Debug\I2C.o
 .data          0x00000000a0f07920        0x0 Debug\ff.o
 .data          0x00000000a0f07920        0x0 Debug\diskio.o
 .data          0x00000000a0f07920        0x0 Debug\HS_Controller.o
 .data          0x00000000a0f07920        0x0 c:/sunplus/s_core~1.1/gnu/bin/../lib/gcc/score-elf/4.2.1/../../../../score-elf/lib/mel\libc.a(abort.o)
 .data          0x00000000a0f07920        0x0 c:/sunplus/s_core~1.1/gnu/bin/../lib/gcc/score-elf/4.2.1/../../../../score-elf/lib/mel\libc.a(memcmp.o)
 .data          0x00000000a0f07920        0x0 c:/sunplus/s_core~1.1/gnu/bin/../lib/gcc/score-elf/4.2.1/../../../../score-elf/lib/mel\libc.a(memcpy.o)
 .data          0x00000000a0f07920        0x0 c:/sunplus/s_core~1.1/gnu/bin/../lib/gcc/score-elf/4.2.1/../../../../score-elf/lib/mel\libc.a(memset.o)
 .data          0x00000000a0f07920        0x0 c:/sunplus/s_core~1.1/gnu/bin/../lib/gcc/score-elf/4.2.1/../../../../score-elf/lib/mel\libc.a(signal.o)
 .data          0x00000000a0f07920        0x0 c:/sunplus/s_core~1.1/gnu/bin/../lib/gcc/score-elf/4.2.1/../../../../score-elf/lib/mel\libc.a(strchr.o)
 .data          0x00000000a0f07920        0x0 c:/sunplus/s_core~1.1/gnu/bin/../lib/gcc/score-elf/4.2.1/../../../../score-elf/lib/mel\libc.a(syswrite.o)
 .data          0x00000000a0f07920      0x388 c:/sunplus/s_core~1.1/gnu/bin/../lib/gcc/score-elf/4.2.1/../../../../score-elf/lib/mel\libc.a(impure.o)
                0x00000000a0f07920                _impure_ptr
 .data          0x00000000a0f07ca8      0x410 c:/sunplus/s_core~1.1/gnu/bin/../lib/gcc/score-elf/4.2.1/../../../../score-elf/lib/mel\libc.a(mallocr.o)
                0x00000000a0f080b4                __malloc_sbrk_base
                0x00000000a0f07ca8                __malloc_av_
                0x00000000a0f080b0                __malloc_trim_threshold
 .data          0x00000000a0f080b8        0x0 c:/sunplus/s_core~1.1/gnu/bin/../lib/gcc/score-elf/4.2.1/../../../../score-elf/lib/mel\libc.a(mlock.o)
 .data          0x00000000a0f080b8        0x0 c:/sunplus/s_core~1.1/gnu/bin/../lib/gcc/score-elf/4.2.1/../../../../score-elf/lib/mel\libc.a(freer.o)

.data1
 *(.data1)

.tdata
 *(.tdata .tdata.* .gnu.linkonce.td.*)

.tbss
 *(.tbss .tbss.* .gnu.linkonce.tb.*)
 *(.tcommon)

.eh_frame
 *(.eh_frame)

.gcc_except_table
 *(.gcc_except_table)

.dynamic
 *(.dynamic)

.ctors
 *crtbegin.o(.ctors)
 *(EXCLUDE_FILE(*crtend.o) .ctors)
 *(SORT(.ctors.*))
 *(.ctors)

.dtors
 *crtbegin.o(.dtors)
 *(EXCLUDE_FILE(*crtend.o) .dtors)
 *(SORT(.dtors.*))
 *(.dtors)

.jcr
 *(.jcr)

.got
 *(.got.plt)
 *(.got)
                0x00000000a0f0c0b8                _gp = (. + 0x4000)

.sdata          0x00000000a0f080b8        0x0
                0x00000000a0f080b8                _sdata_start = .
 *(.sdata .sdata.* .gnu.linkonce.s.*)
                0x00000000a0f080b8                _edata = .
                0x00000000a0f080b8                PROVIDE (edata, .)
                0x00000000a0f080b8                . = ALIGN (0x4)
                0x00000000a0f080b8                __bss_start = .
                0x00000000a0f080b8                __bss_start__ = .

.sbss           0x00000000a0f080b8       0x11
                0x00000000a0f080b8                PROVIDE (__sbss_start, .)
                0x00000000a0f080b8                PROVIDE (___sbss_start, .)
 *(.dynsbss)
 *(.sbss .sbss.* .gnu.linkonce.sb.*)
 .sbss          0x00000000a0f080b8        0x4 Debug\libgloss.o
 .sbss          0x00000000a0f080bc        0x8 Debug\ff.o
 *(.scommon)
 .scommon       0x00000000a0f080c4        0x5 Debug\main.o
                0x00000000a0f080c4                controller
 .scommon       0x00000000a0f080c9        0x0 Debug\HS_Controller.o
                0x00000000a0f080c9                PROVIDE (__sbss_end, .)
                0x00000000a0f080c9                PROVIDE (___sbss_end, .)
                0x00000000a0f0c0b8                _gp = (_sdata_start + 0x4000)

.bss            0x00000000a0f080cc   0x100034
 *(.dynbss)
 *(.bss .bss.* .gnu.linkonce.b.*)
 .bss           0x00000000a0f080cc        0x0 Debug\hyperscan_startup.o
 .bss           0x00000000a0f080cc        0x0 Debug\main.o
 .bss           0x00000000a0f080cc   0x100000 Debug\libgloss.o
 .bss           0x00000000a10080cc        0x0 Debug\UART.o
 .bss           0x00000000a10080cc        0x0 Debug\TV.o
 .bss           0x00000000a10080cc        0x0 Debug\I2C.o
 .bss           0x00000000a10080cc        0x0 Debug\ff.o
 .bss           0x00000000a10080cc        0x0 Debug\diskio.o
 .bss           0x00000000a10080cc        0x0 Debug\HS_Controller.o
 .bss           0x00000000a10080cc        0x0 c:/sunplus/s_core~1.1/gnu/bin/../lib/gcc/score-elf/4.2.1/../../../../score-elf/lib/mel\libc.a(abort.o)
 .bss           0x00000000a10080cc        0x0 c:/sunplus/s_core~1.1/gnu/bin/../lib/gcc/score-elf/4.2.1/../../../../score-elf/lib/mel\libc.a(memcmp.o)
 .bss           0x00000000a10080cc        0x0 c:/sunplus/s_core~1.1/gnu/bin/../lib/gcc/score-elf/4.2.1/../../../../score-elf/lib/mel\libc.a(memcpy.o)
 .bss           0x00000000a10080cc        0x0 c:/sunplus/s_core~1.1/gnu/bin/../lib/gcc/score-elf/4.2.1/../../../../score-elf/lib/mel\libc.a(memset.o)
 .bss           0x00000000a10080cc        0x0 c:/sunplus/s_core~1.1/gnu/bin/../lib/gcc/score-elf/4.2.1/../../../../score-elf/lib/mel\libc.a(signal.o)
 .bss           0x00000000a10080cc        0x0 c:/sunplus/s_core~1.1/gnu/bin/../lib/gcc/score-elf/4.2.1/../../../../score-elf/lib/mel\libc.a(strchr.o)
 .bss           0x00000000a10080cc        0x0 c:/sunplus/s_core~1.1/gnu/bin/../lib/gcc/score-elf/4.2.1/../../../../score-elf/lib/mel\libc.a(syswrite.o)
 .bss           0x00000000a10080cc        0x0 c:/sunplus/s_core~1.1/gnu/bin/../lib/gcc/score-elf/4.2.1/../../../../score-elf/lib/mel\libc.a(impure.o)
 .bss           0x00000000a10080cc       0x34 c:/sunplus/s_core~1.1/gnu/bin/../lib/gcc/score-elf/4.2.1/../../../../score-elf/lib/mel\libc.a(mallocr.o)
                0x00000000a10080cc                __malloc_top_pad
                0x00000000a10080d0                __malloc_max_sbrked_mem
                0x00000000a10080d8                __malloc_current_mallinfo
                0x00000000a10080d4                __malloc_max_total_mem
 .bss           0x00000000a1008100        0x0 c:/sunplus/s_core~1.1/gnu/bin/../lib/gcc/score-elf/4.2.1/../../../../score-elf/lib/mel\libc.a(mlock.o)
 .bss           0x00000000a1008100        0x0 c:/sunplus/s_core~1.1/gnu/bin/../lib/gcc/score-elf/4.2.1/../../../../score-elf/lib/mel\libc.a(freer.o)
 *(COMMON)
                0x00000000a1008100                . = ALIGN (0x4)
                0x00000000a1008100                . = ALIGN (0x4)
                0x00000000a1008100                _end = .
                0x00000000a1008100                _bss_end__ = .
                0x00000000a1008100                __bss_end__ = .
                0x00000000a1008100                __end__ = .
                0x00000000a1008100                PROVIDE (end, .)

.stab
 *(.stab)

.stabstr
 *(.stabstr)

.stab.excl
 *(.stab.excl)

.stab.exclstr
 *(.stab.exclstr)

.stab.index
 *(.stab.index)

.stab.indexstr
 *(.stab.indexstr)

.comment        0x0000000000000000      0x156
 *(.comment)
 .comment       0x0000000000000000       0x12 Debug\main.o
 .comment       0x0000000000000012       0x12 Debug\libgloss.o
 .comment       0x0000000000000024       0x12 Debug\UART.o
 .comment       0x0000000000000036       0x12 Debug\TV.o
 .comment       0x0000000000000048       0x12 Debug\I2C.o
 .comment       0x000000000000005a       0x12 Debug\ff.o
 .comment       0x000000000000006c       0x12 Debug\diskio.o
 .comment       0x000000000000007e       0x12 Debug\HS_Controller.o
 .comment       0x0000000000000090       0x12 c:/sunplus/s_core~1.1/gnu/bin/../lib/gcc/score-elf/4.2.1/../../../../score-elf/lib/mel\libc.a(abort.o)
 .comment       0x00000000000000a2       0x12 c:/sunplus/s_core~1.1/gnu/bin/../lib/gcc/score-elf/4.2.1/../../../../score-elf/lib/mel\libc.a(memcmp.o)
 .comment       0x00000000000000b4       0x12 c:/sunplus/s_core~1.1/gnu/bin/../lib/gcc/score-elf/4.2.1/../../../../score-elf/lib/mel\libc.a(memcpy.o)
 .comment       0x00000000000000c6       0x12 c:/sunplus/s_core~1.1/gnu/bin/../lib/gcc/score-elf/4.2.1/../../../../score-elf/lib/mel\libc.a(memset.o)
 .comment       0x00000000000000d8       0x12 c:/sunplus/s_core~1.1/gnu/bin/../lib/gcc/score-elf/4.2.1/../../../../score-elf/lib/mel\libc.a(signal.o)
 .comment       0x00000000000000ea       0x12 c:/sunplus/s_core~1.1/gnu/bin/../lib/gcc/score-elf/4.2.1/../../../../score-elf/lib/mel\libc.a(strchr.o)
 .comment       0x00000000000000fc       0x12 c:/sunplus/s_core~1.1/gnu/bin/../lib/gcc/score-elf/4.2.1/../../../../score-elf/lib/mel\libc.a(syswrite.o)
 .comment       0x000000000000010e       0x12 c:/sunplus/s_core~1.1/gnu/bin/../lib/gcc/score-elf/4.2.1/../../../../score-elf/lib/mel\libc.a(impure.o)
 .comment       0x0000000000000120       0x12 c:/sunplus/s_core~1.1/gnu/bin/../lib/gcc/score-elf/4.2.1/../../../../score-elf/lib/mel\libc.a(mallocr.o)
 .comment       0x0000000000000132       0x12 c:/sunplus/s_core~1.1/gnu/bin/../lib/gcc/score-elf/4.2.1/../../../../score-elf/lib/mel\libc.a(mlock.o)
 .comment       0x0000000000000144       0x12 c:/sunplus/s_core~1.1/gnu/bin/../lib/gcc/score-elf/4.2.1/../../../../score-elf/lib/mel\libc.a(freer.o)

.debug
 *(.debug)

.line
 *(.line)

.debug_srcinfo
 *(.debug_srcinfo)

.debug_sfnames
 *(.debug_sfnames)

.debug_aranges  0x0000000000000000      0x120
 *(.debug_aranges)
 .debug_aranges
                0x0000000000000000       0x20 Debug\hyperscan_startup.o
 .debug_aranges
                0x0000000000000020       0x20 Debug\main.o
 .debug_aranges
                0x0000000000000040       0x20 Debug\libgloss.o
 .debug_aranges
                0x0000000000000060       0x20 Debug\UART.o
 .debug_aranges
                0x0000000000000080       0x20 Debug\TV.o
 .debug_aranges
                0x00000000000000a0       0x20 Debug\I2C.o
 .debug_aranges
                0x00000000000000c0       0x20 Debug\ff.o
 .debug_aranges
                0x00000000000000e0       0x20 Debug\diskio.o
 .debug_aranges
                0x0000000000000100       0x20 Debug\HS_Controller.o

.debug_pubnames
                0x0000000000000000      0x407
 *(.debug_pubnames)
 .debug_pubnames
                0x0000000000000000       0x2a Debug\main.o
 .debug_pubnames
                0x000000000000002a       0xbb Debug\libgloss.o
 .debug_pubnames
                0x00000000000000e5       0x43 Debug\UART.o
 .debug_pubnames
                0x0000000000000128       0xc1 Debug\TV.o
 .debug_pubnames
                0x00000000000001e9       0x3c Debug\I2C.o
 .debug_pubnames
                0x0000000000000225       0xdc Debug\ff.o
 .debug_pubnames
                0x0000000000000301       0xb7 Debug\diskio.o
 .debug_pubnames
                0x00000000000003b8       0x4f Debug\HS_Controller.o

.debug_info     0x0000000000000000     0x418c
 *(.debug_info .gnu.linkonce.wi.*)
 .debug_info    0x0000000000000000       0xe1 Debug\hyperscan_startup.o
 .debug_info    0x00000000000000e1      0x337 Debug\main.o
 .debug_info    0x0000000000000418     0x1149 Debug\libgloss.o
 .debug_info    0x0000000000001561      0x193 Debug\UART.o
 .debug_info    0x00000000000016f4      0x4a3 Debug\TV.o
 .debug_info    0x0000000000001b97      0x185 Debug\I2C.o
 .debug_info    0x0000000000001d1c     0x1d21 Debug\ff.o
 .debug_info    0x0000000000003a3d      0x451 Debug\diskio.o
 .debug_info    0x0000000000003e8e      0x2fe Debug\HS_Controller.o

.debug_abbrev   0x0000000000000000      0x703
 *(.debug_abbrev)
 .debug_abbrev  0x0000000000000000       0x14 Debug\hyperscan_startup.o
 .debug_abbrev  0x0000000000000014       0xc3 Debug\main.o
 .debug_abbrev  0x00000000000000d7      0x1ce Debug\libgloss.o
 .debug_abbrev  0x00000000000002a5       0x69 Debug\UART.o
 .debug_abbrev  0x000000000000030e       0xa8 Debug\TV.o
 .debug_abbrev  0x00000000000003b6       0x80 Debug\I2C.o
 .debug_abbrev  0x0000000000000436      0x155 Debug\ff.o
 .debug_abbrev  0x000000000000058b       0xa9 Debug\diskio.o
 .debug_abbrev  0x0000000000000634       0xcf Debug\HS_Controller.o

.debug_line     0x0000000000000000     0x1127
 *(.debug_line)
 .debug_line    0x0000000000000000       0xbc Debug\hyperscan_startup.o
 .debug_line    0x00000000000000bc      0x124 Debug\main.o
 .debug_line    0x00000000000001e0      0x1c0 Debug\libgloss.o
 .debug_line    0x00000000000003a0       0xa1 Debug\UART.o
 .debug_line    0x0000000000000441      0x176 Debug\TV.o
 .debug_line    0x00000000000005b7       0xad Debug\I2C.o
 .debug_line    0x0000000000000664      0x7de Debug\ff.o
 .debug_line    0x0000000000000e42      0x19a Debug\diskio.o
 .debug_line    0x0000000000000fdc      0x14b Debug\HS_Controller.o

.debug_frame    0x0000000000000000      0xb2c
 *(.debug_frame)
 .debug_frame   0x0000000000000000       0x30 Debug\main.o
 .debug_frame   0x0000000000000030      0x184 Debug\libgloss.o
 .debug_frame   0x00000000000001b4       0x5c Debug\UART.o
 .debug_frame   0x0000000000000210      0x140 Debug\TV.o
 .debug_frame   0x0000000000000350       0x60 Debug\I2C.o
 .debug_frame   0x00000000000003b0      0x600 Debug\ff.o
 .debug_frame   0x00000000000009b0      0x120 Debug\diskio.o
 .debug_frame   0x0000000000000ad0       0x5c Debug\HS_Controller.o

.debug_str      0x0000000000000000       0x52
 *(.debug_str)
 .debug_str     0x0000000000000000       0x1f Debug\libgloss.o
 .debug_str     0x000000000000001f       0x1b Debug\TV.o
 .debug_str     0x000000000000003a        0xf Debug\ff.o
 .debug_str     0x0000000000000049        0x9 Debug\diskio.o

.debug_loc      0x0000000000000000     0x1595
 *(.debug_loc)
 .debug_loc     0x0000000000000000       0x43 Debug\main.o
 .debug_loc     0x0000000000000043      0x2c6 Debug\libgloss.o
 .debug_loc     0x0000000000000309       0x8d Debug\UART.o
 .debug_loc     0x0000000000000396      0x251 Debug\TV.o
 .debug_loc     0x00000000000005e7       0x99 Debug\I2C.o
 .debug_loc     0x0000000000000680      0xc4c Debug\ff.o
 .debug_loc     0x00000000000012cc      0x22b Debug\diskio.o
 .debug_loc     0x00000000000014f7       0x9e Debug\HS_Controller.o

.debug_macinfo
 *(.debug_macinfo)

.debug_weaknames
 *(.debug_weaknames)

.debug_funcnames
 *(.debug_funcnames)

.debug_typenames
 *(.debug_typenames)

.debug_varnames
 *(.debug_varnames)
OUTPUT(Debug\hyperscan.elf elf32-littlescore)

.pdr            0x0000000000000000      0xdc0
 .pdr           0x0000000000000000        0x0 Debug\hyperscan_startup.o
 .pdr           0x0000000000000000       0x20 Debug\main.o
 .pdr           0x0000000000000020      0x1c0 Debug\libgloss.o
 .pdr           0x00000000000001e0       0x60 Debug\UART.o
 .pdr           0x0000000000000240      0x160 Debug\TV.o
 .pdr           0x00000000000003a0       0x60 Debug\I2C.o
 .pdr           0x0000000000000400      0x600 Debug\ff.o
 .pdr           0x0000000000000a00      0x120 Debug\diskio.o
 .pdr           0x0000000000000b20       0x40 Debug\HS_Controller.o
 .pdr           0x0000000000000b60       0x20 c:/sunplus/s_core~1.1/gnu/bin/../lib/gcc/score-elf/4.2.1/../../../../score-elf/lib/mel\libc.a(abort.o)
 .pdr           0x0000000000000b80       0x20 c:/sunplus/s_core~1.1/gnu/bin/../lib/gcc/score-elf/4.2.1/../../../../score-elf/lib/mel\libc.a(memcmp.o)
 .pdr           0x0000000000000ba0       0x20 c:/sunplus/s_core~1.1/gnu/bin/../lib/gcc/score-elf/4.2.1/../../../../score-elf/lib/mel\libc.a(memcpy.o)
 .pdr           0x0000000000000bc0       0x20 c:/sunplus/s_core~1.1/gnu/bin/../lib/gcc/score-elf/4.2.1/../../../../score-elf/lib/mel\libc.a(memset.o)
 .pdr           0x0000000000000be0      0x100 c:/sunplus/s_core~1.1/gnu/bin/../lib/gcc/score-elf/4.2.1/../../../../score-elf/lib/mel\libc.a(signal.o)
 .pdr           0x0000000000000ce0       0x20 c:/sunplus/s_core~1.1/gnu/bin/../lib/gcc/score-elf/4.2.1/../../../../score-elf/lib/mel\libc.a(strchr.o)
 .pdr           0x0000000000000d00       0x20 c:/sunplus/s_core~1.1/gnu/bin/../lib/gcc/score-elf/4.2.1/../../../../score-elf/lib/mel\libc.a(syswrite.o)
 .pdr           0x0000000000000d20        0x0 c:/sunplus/s_core~1.1/gnu/bin/../lib/gcc/score-elf/4.2.1/../../../../score-elf/lib/mel\libc.a(impure.o)
 .pdr           0x0000000000000d20       0x20 c:/sunplus/s_core~1.1/gnu/bin/../lib/gcc/score-elf/4.2.1/../../../../score-elf/lib/mel\libc.a(mallocr.o)
 .pdr           0x0000000000000d40       0x40 c:/sunplus/s_core~1.1/gnu/bin/../lib/gcc/score-elf/4.2.1/../../../../score-elf/lib/mel\libc.a(mlock.o)
 .pdr           0x0000000000000d80       0x40 c:/sunplus/s_core~1.1/gnu/bin/../lib/gcc/score-elf/4.2.1/../../../../score-elf/lib/mel\libc.a(freer.o)
