Archive member included because of file (symbol)

c:/sunplus/s_core~1.1/gnu/bin/../lib/gcc/score-elf/4.2.1/../../../../score-elf/lib/mel\libc.a(memcmp.o)
                              Debug\ff.o (memcmp)
c:/sunplus/s_core~1.1/gnu/bin/../lib/gcc/score-elf/4.2.1/../../../../score-elf/lib/mel\libc.a(memcpy.o)
                              Debug\ff.o (memcpy)
c:/sunplus/s_core~1.1/gnu/bin/../lib/gcc/score-elf/4.2.1/../../../../score-elf/lib/mel\libc.a(memset.o)
                              Debug\ff.o (memset)
c:/sunplus/s_core~1.1/gnu/bin/../lib/gcc/score-elf/4.2.1/../../../../score-elf/lib/mel\libc.a(strchr.o)
                              Debug\main.o (strchr)
c:/sunplus/s_core~1.1/gnu/bin/../lib/gcc/score-elf/4.2.1/../../../../score-elf/lib/mel\libc.a(strcmp.o)
                              Debug\main.o (strcmp)
c:/sunplus/s_core~1.1/gnu/bin/../lib/gcc/score-elf/4.2.1/../../../../score-elf/lib/mel\libc.a(strlen.o)
                              Debug\main.o (strlen)
c:/sunplus/s_core~1.1/gnu/bin/../lib/gcc/score-elf/4.2.1/../../../../score-elf/lib/mel\libc.a(strncpy.o)
                              Debug\main.o (strncpy)
c:/sunplus/s_core~1.1/gnu/bin/../lib/gcc/score-elf/4.2.1/../../../../score-elf/lib/mel\libc.a(strtoul.o)
                              Debug\main.o (strtoul)
c:/sunplus/s_core~1.1/gnu/bin/../lib/gcc/score-elf/4.2.1/../../../../score-elf/lib/mel\libc.a(ctype_.o)
                              c:/sunplus/s_core~1.1/gnu/bin/../lib/gcc/score-elf/4.2.1/../../../../score-elf/lib/mel\libc.a(strtoul.o) (_ctype_)
c:/sunplus/s_core~1.1/gnu/bin/../lib/gcc/score-elf/4.2.1/../../../../score-elf/lib/mel\libc.a(impure.o)
                              c:/sunplus/s_core~1.1/gnu/bin/../lib/gcc/score-elf/4.2.1/../../../../score-elf/lib/mel\libc.a(strtoul.o) (_impure_ptr)

Allocating common symbols
Common symbol       size              file

fs                  0x230             Debug\main.o

Memory Configuration

Name             Origin             Length             Attributes
*default*        0x0000000000000000 0xffffffffffffffff

Linker script and memory map

LOAD Obj.lst
LOAD Debug\hyperscan_startup.o
LOAD Debug\main.o
LOAD Debug\ff.o
LOAD Debug\diskio.o
LOAD Lib.lst
LOAD c:/sunplus/s_core~1.1/gnu/bin/../lib/gcc/score-elf/4.2.1/../../../../score-elf/lib/mel\libm.a
LOAD c:/sunplus/s_core~1.1/gnu/bin/../lib/gcc/score-elf/4.2.1/../../../../score-elf/lib/mel\libc.a
LOAD c:/sunplus/s_core~1.1/gnu/bin/../lib/gcc/score-elf/4.2.1/mel\libgcc.a
START GROUP
LOAD c:/sunplus/s_core~1.1/gnu/bin/../lib/gcc/score-elf/4.2.1/../../../../score-elf/lib/mel\libc.a
LOAD c:/sunplus/s_core~1.1/gnu/bin/../lib/gcc/score-elf/4.2.1/../../../../score-elf/lib/mel\libm.a
LOAD c:/sunplus/s_core~1.1/gnu/bin/../lib/gcc/score-elf/4.2.1/mel\libgcc.a
END GROUP

.stack          0x00000000a0fffff0        0x0
                0x00000000a0fffff0                _stack = .
 *(.stack)
                0x00000000a00f5d00                . = 0xa00f5d00

.interp
 *(.interp)

.hash
 *(.hash)

.dynsym
 *(.dynsym)

.dynstr
 *(.dynstr)

.gnu.version
 *(.gnu.version)

.gnu.version_d
 *(.gnu.version_d)

.gnu.version_r
 *(.gnu.version_r)

.rel.dyn
 *(.rel.init)
 *(.rel.text .rel.text.* .rel.gnu.linkonce.t.*)
 *(.rel.fini)
 *(.rel.rodata .rel.rodata.* .rel.gnu.linkonce.r.*)
 *(.rel.data .rel.data.* .rel.gnu.linkonce.d.*)
 *(.rel.tdata .rel.tdata.* .rel.gnu.linkonce.td.*)
 *(.rel.tbss .rel.tbss.* .rel.gnu.linkonce.tb.*)
 *(.rel.ctors)
 *(.rel.dtors)
 *(.rel.got)
 *(.rel.sdata .rel.sdata.* .rel.gnu.linkonce.s.*)
 *(.rel.sbss .rel.sbss.* .rel.gnu.linkonce.sb.*)
 *(.rel.sdata2 .rel.sdata2.* .rel.gnu.linkonce.s2.*)
 *(.rel.sbss2 .rel.sbss2.* .rel.gnu.linkonce.sb2.*)
 *(.rel.bss .rel.bss.* .rel.gnu.linkonce.b.*)

.rela.dyn
 *(.rela.init)
 *(.rela.text .rela.text.* .rela.gnu.linkonce.t.*)
 *(.rela.fini)
 *(.rela.rodata .rela.rodata.* .rela.gnu.linkonce.r.*)
 *(.rela.data .rela.data.* .rela.gnu.linkonce.d.*)
 *(.rela.tdata .rela.tdata.* .rela.gnu.linkonce.td.*)
 *(.rela.tbss .rela.tbss.* .rela.gnu.linkonce.tb.*)
 *(.rela.ctors)
 *(.rela.dtors)
 *(.rela.got)
 *(.rela.sdata .rela.sdata.* .rela.gnu.linkonce.s.*)
 *(.rela.sbss .rela.sbss.* .rela.gnu.linkonce.sb.*)
 *(.rela.sdata2 .rela.sdata2.* .rela.gnu.linkonce.s2.*)
 *(.rela.sbss2 .rela.sbss2.* .rela.gnu.linkonce.sb2.*)
 *(.rela.bss .rela.bss.* .rela.gnu.linkonce.b.*)

.rel.plt
 *(.rel.plt)

.rela.plt
 *(.rela.plt)

.hardware_init  0x00000000a00f5d00       0x30
 *(.hardware_init)
 .hardware_init
                0x00000000a00f5d00       0x30 Debug\hyperscan_startup.o
                0x00000000a00f5d00                _hardware_init

.init
 *(.init)

.plt
 *(.plt)

.text           0x00000000a00f5d30     0x4160
 *(.text .stub .text.* .gnu.linkonce.t.*)
 .text          0x00000000a00f5d30        0x0 Debug\hyperscan_startup.o
 .text          0x00000000a00f5d30      0x348 Debug\main.o
                0x00000000a00f5e78                main
                0x00000000a00f5d30                parseConfigFile
 .text          0x00000000a00f6078     0x357c Debug\ff.o
                0x00000000a00f72ec                f_gets
                0x00000000a00f7c74                f_printf
                0x00000000a00f9044                f_rename
                0x00000000a00f8ab8                f_truncate
                0x00000000a00f635c                f_closedir
                0x00000000a00f93ac                f_unlink
                0x00000000a00f8178                f_putc
                0x00000000a00f8124                f_puts
                0x00000000a00f95b4                f_close
                0x00000000a00f70cc                f_read
                0x00000000a00f8860                f_readdir
                0x00000000a00f94e4                f_sync
                0x00000000a00f6b04                f_mount
                0x00000000a00f86c4                f_opendir
                0x00000000a00f768c                f_lseek
                0x00000000a00f8634                f_stat
                0x00000000a00f78cc                f_write
                0x00000000a00f8bf0                f_open
                0x00000000a00f91f8                f_mkdir
                0x00000000a00f6f18                f_getfree
 .text          0x00000000a00f95f4      0x178 Debug\diskio.o
                0x00000000a00f9648                USB_disk_initialize
                0x00000000a00f96a4                DiskB_ReadSector
                0x00000000a00f9710                disk_initialize
                0x00000000a00f970c                disk_status
                0x00000000a00f9768                disk_ioctl
                0x00000000a00f95f4                DiskB_Initial
                0x00000000a00f96d8                DiskB_WriteSector
                0x00000000a00f9748                disk_write
                0x00000000a00f9728                disk_read
 .text          0x00000000a00f976c       0x90 c:/sunplus/s_core~1.1/gnu/bin/../lib/gcc/score-elf/4.2.1/../../../../score-elf/lib/mel\libc.a(memcmp.o)
                0x00000000a00f976c                memcmp
 .text          0x00000000a00f97fc       0xb0 c:/sunplus/s_core~1.1/gnu/bin/../lib/gcc/score-elf/4.2.1/../../../../score-elf/lib/mel\libc.a(memcpy.o)
                0x00000000a00f97fc                memcpy
 .text          0x00000000a00f98ac       0xb4 c:/sunplus/s_core~1.1/gnu/bin/../lib/gcc/score-elf/4.2.1/../../../../score-elf/lib/mel\libc.a(memset.o)
                0x00000000a00f98ac                memset
 .text          0x00000000a00f9960       0xfc c:/sunplus/s_core~1.1/gnu/bin/../lib/gcc/score-elf/4.2.1/../../../../score-elf/lib/mel\libc.a(strchr.o)
                0x00000000a00f9960                strchr
 .text          0x00000000a00f9a5c       0xc4 c:/sunplus/s_core~1.1/gnu/bin/../lib/gcc/score-elf/4.2.1/../../../../score-elf/lib/mel\libc.a(strcmp.o)
                0x00000000a00f9a5c                strcmp
 .text          0x00000000a00f9b20       0x60 c:/sunplus/s_core~1.1/gnu/bin/../lib/gcc/score-elf/4.2.1/../../../../score-elf/lib/mel\libc.a(strlen.o)
                0x00000000a00f9b20                strlen
 .text          0x00000000a00f9b80      0x10c c:/sunplus/s_core~1.1/gnu/bin/../lib/gcc/score-elf/4.2.1/../../../../score-elf/lib/mel\libc.a(strncpy.o)
                0x00000000a00f9b80                strncpy
 .text          0x00000000a00f9c8c      0x204 c:/sunplus/s_core~1.1/gnu/bin/../lib/gcc/score-elf/4.2.1/../../../../score-elf/lib/mel\libc.a(strtoul.o)
                0x00000000a00f9e68                strtoul
                0x00000000a00f9c8c                _strtoul_r
 .text          0x00000000a00f9e90        0x0 c:/sunplus/s_core~1.1/gnu/bin/../lib/gcc/score-elf/4.2.1/../../../../score-elf/lib/mel\libc.a(ctype_.o)
 .text          0x00000000a00f9e90        0x0 c:/sunplus/s_core~1.1/gnu/bin/../lib/gcc/score-elf/4.2.1/../../../../score-elf/lib/mel\libc.a(impure.o)
 *(.gnu.warning)
 *(.glue_7t)
 *(.glue_7)

.fini
 *(.fini)
                0x00000000a00f9e90                PROVIDE (__etext, .)
                0x00000000a00f9e90                PROVIDE (_etext, .)
                0x00000000a00f9e90                PROVIDE (etext, .)

.rodata         0x00000000a00f9e90      0x2e8
 *(.rodata .rodata.* .gnu.linkonce.r.*)
 .rodata.str1.4
                0x00000000a00f9e90       0x3e Debug\main.o
                                         0x40 (size before relaxing)
 *fill*         0x00000000a00f9ece        0x2 00
 .rodata.str1.4
                0x00000000a00f9ed0       0x1b Debug\ff.o
                                         0x1c (size before relaxing)
 *fill*         0x00000000a00f9eeb        0x1 00
 .rodata        0x00000000a00f9eec      0x104 Debug\ff.o
 .rodata        0x00000000a00f9ff0      0x184 c:/sunplus/s_core~1.1/gnu/bin/../lib/gcc/score-elf/4.2.1/../../../../score-elf/lib/mel\libc.a(ctype_.o)
                0x00000000a00f9ff0                _ctype_
 .rodata.str1.4
                0x00000000a00fa174        0x4 c:/sunplus/s_core~1.1/gnu/bin/../lib/gcc/score-elf/4.2.1/../../../../score-elf/lib/mel\libc.a(impure.o)

.rodata1
 *(.rodata1)

.sdata2
 *(.sdata2 .sdata2.* .gnu.linkonce.s2.*)

.sbss2
 *(.sbss2 .sbss2.* .gnu.linkonce.sb2.*)

.eh_frame_hdr
 *(.eh_frame_hdr)
                0x00000000a00fa278                . = (ALIGN (0x100) + (. & 0xff))
                0x00000000a00fa278                . = ALIGN (0x4)
                0x00000000a00fa278                PROVIDE (__preinit_array_start, .)

.preinit_array
 *(.preinit_array)
                0x00000000a00fa278                PROVIDE (__preinit_array_end, .)
                0x00000000a00fa278                PROVIDE (__init_array_start, .)

.init_array
 *(.init_array)
                0x00000000a00fa278                PROVIDE (__init_array_end, .)
                0x00000000a00fa278                PROVIDE (__fini_array_start, .)

.fini_array
 *(.fini_array)
                0x00000000a00fa278                PROVIDE (__fini_array_end, .)

.data           0x00000000a00fa278      0x390
                0x00000000a00fa278                __data_start = .
 *(.data .data.* .gnu.linkonce.d.*)
 .data          0x00000000a00fa278        0x0 Debug\hyperscan_startup.o
 .data          0x00000000a00fa278        0x0 Debug\main.o
 .data          0x00000000a00fa278        0x0 Debug\ff.o
 .data          0x00000000a00fa278        0x0 Debug\diskio.o
 .data          0x00000000a00fa278        0x0 c:/sunplus/s_core~1.1/gnu/bin/../lib/gcc/score-elf/4.2.1/../../../../score-elf/lib/mel\libc.a(memcmp.o)
 .data          0x00000000a00fa278        0x0 c:/sunplus/s_core~1.1/gnu/bin/../lib/gcc/score-elf/4.2.1/../../../../score-elf/lib/mel\libc.a(memcpy.o)
 .data          0x00000000a00fa278        0x0 c:/sunplus/s_core~1.1/gnu/bin/../lib/gcc/score-elf/4.2.1/../../../../score-elf/lib/mel\libc.a(memset.o)
 .data          0x00000000a00fa278        0x0 c:/sunplus/s_core~1.1/gnu/bin/../lib/gcc/score-elf/4.2.1/../../../../score-elf/lib/mel\libc.a(strchr.o)
 .data          0x00000000a00fa278        0x0 c:/sunplus/s_core~1.1/gnu/bin/../lib/gcc/score-elf/4.2.1/../../../../score-elf/lib/mel\libc.a(strcmp.o)
 .data          0x00000000a00fa278        0x0 c:/sunplus/s_core~1.1/gnu/bin/../lib/gcc/score-elf/4.2.1/../../../../score-elf/lib/mel\libc.a(strlen.o)
 .data          0x00000000a00fa278        0x0 c:/sunplus/s_core~1.1/gnu/bin/../lib/gcc/score-elf/4.2.1/../../../../score-elf/lib/mel\libc.a(strncpy.o)
 .data          0x00000000a00fa278        0x0 c:/sunplus/s_core~1.1/gnu/bin/../lib/gcc/score-elf/4.2.1/../../../../score-elf/lib/mel\libc.a(strtoul.o)
 .data          0x00000000a00fa278        0x4 c:/sunplus/s_core~1.1/gnu/bin/../lib/gcc/score-elf/4.2.1/../../../../score-elf/lib/mel\libc.a(ctype_.o)
                0x00000000a00fa278                __ctype_ptr
 *fill*         0x00000000a00fa27c        0x4 00
 .data          0x00000000a00fa280      0x388 c:/sunplus/s_core~1.1/gnu/bin/../lib/gcc/score-elf/4.2.1/../../../../score-elf/lib/mel\libc.a(impure.o)
                0x00000000a00fa280                _impure_ptr

.data1
 *(.data1)

.tdata
 *(.tdata .tdata.* .gnu.linkonce.td.*)

.tbss
 *(.tbss .tbss.* .gnu.linkonce.tb.*)
 *(.tcommon)

.eh_frame
 *(.eh_frame)

.gcc_except_table
 *(.gcc_except_table)

.dynamic
 *(.dynamic)

.ctors
 *crtbegin.o(.ctors)
 *(EXCLUDE_FILE(*crtend.o) .ctors)
 *(SORT(.ctors.*))
 *(.ctors)

.dtors
 *crtbegin.o(.dtors)
 *(EXCLUDE_FILE(*crtend.o) .dtors)
 *(SORT(.dtors.*))
 *(.dtors)

.jcr
 *(.jcr)

.got
 *(.got.plt)
 *(.got)
                0x00000000a00fe608                _gp = (. + 0x4000)

.sdata          0x00000000a00fa608        0x0
                0x00000000a00fa608                _sdata_start = .
 *(.sdata .sdata.* .gnu.linkonce.s.*)
                0x00000000a00fa608                _edata = .
                0x00000000a00fa608                PROVIDE (edata, .)
                0x00000000a00fa608                . = ALIGN (0x4)
                0x00000000a00fa608                __bss_start = .
                0x00000000a00fa608                __bss_start__ = .

.sbss           0x00000000a00fa608        0x8
                0x00000000a00fa608                PROVIDE (__sbss_start, .)
                0x00000000a00fa608                PROVIDE (___sbss_start, .)
 *(.dynsbss)
 *(.sbss .sbss.* .gnu.linkonce.sb.*)
 .sbss          0x00000000a00fa608        0x8 Debug\ff.o
 *(.scommon)
                0x00000000a00fa610                PROVIDE (__sbss_end, .)
                0x00000000a00fa610                PROVIDE (___sbss_end, .)
                0x00000000a00fe608                _gp = (_sdata_start + 0x4000)

.bss            0x00000000a00fa610      0x230
 *(.dynbss)
 *(.bss .bss.* .gnu.linkonce.b.*)
 .bss           0x00000000a00fa610        0x0 Debug\hyperscan_startup.o
 .bss           0x00000000a00fa610        0x0 Debug\main.o
 .bss           0x00000000a00fa610        0x0 Debug\ff.o
 .bss           0x00000000a00fa610        0x0 Debug\diskio.o
 .bss           0x00000000a00fa610        0x0 c:/sunplus/s_core~1.1/gnu/bin/../lib/gcc/score-elf/4.2.1/../../../../score-elf/lib/mel\libc.a(memcmp.o)
 .bss           0x00000000a00fa610        0x0 c:/sunplus/s_core~1.1/gnu/bin/../lib/gcc/score-elf/4.2.1/../../../../score-elf/lib/mel\libc.a(memcpy.o)
 .bss           0x00000000a00fa610        0x0 c:/sunplus/s_core~1.1/gnu/bin/../lib/gcc/score-elf/4.2.1/../../../../score-elf/lib/mel\libc.a(memset.o)
 .bss           0x00000000a00fa610        0x0 c:/sunplus/s_core~1.1/gnu/bin/../lib/gcc/score-elf/4.2.1/../../../../score-elf/lib/mel\libc.a(strchr.o)
 .bss           0x00000000a00fa610        0x0 c:/sunplus/s_core~1.1/gnu/bin/../lib/gcc/score-elf/4.2.1/../../../../score-elf/lib/mel\libc.a(strcmp.o)
 .bss           0x00000000a00fa610        0x0 c:/sunplus/s_core~1.1/gnu/bin/../lib/gcc/score-elf/4.2.1/../../../../score-elf/lib/mel\libc.a(strlen.o)
 .bss           0x00000000a00fa610        0x0 c:/sunplus/s_core~1.1/gnu/bin/../lib/gcc/score-elf/4.2.1/../../../../score-elf/lib/mel\libc.a(strncpy.o)
 .bss           0x00000000a00fa610        0x0 c:/sunplus/s_core~1.1/gnu/bin/../lib/gcc/score-elf/4.2.1/../../../../score-elf/lib/mel\libc.a(strtoul.o)
 .bss           0x00000000a00fa610        0x0 c:/sunplus/s_core~1.1/gnu/bin/../lib/gcc/score-elf/4.2.1/../../../../score-elf/lib/mel\libc.a(ctype_.o)
 .bss           0x00000000a00fa610        0x0 c:/sunplus/s_core~1.1/gnu/bin/../lib/gcc/score-elf/4.2.1/../../../../score-elf/lib/mel\libc.a(impure.o)
 *(COMMON)
 COMMON         0x00000000a00fa610      0x230 Debug\main.o
                0x00000000a00fa610                fs
                0x00000000a00fa840                . = ALIGN (0x4)
                0x00000000a00fa840                . = ALIGN (0x4)
                0x00000000a00fa840                _end = .
                0x00000000a00fa840                _bss_end__ = .
                0x00000000a00fa840                __bss_end__ = .
                0x00000000a00fa840                __end__ = .
                0x00000000a00fa840                PROVIDE (end, .)

.stab
 *(.stab)

.stabstr
 *(.stabstr)

.stab.excl
 *(.stab.excl)

.stab.exclstr
 *(.stab.exclstr)

.stab.index
 *(.stab.index)

.stab.indexstr
 *(.stab.indexstr)

.comment        0x0000000000000000       0xea
 *(.comment)
 .comment       0x0000000000000000       0x12 Debug\main.o
 .comment       0x0000000000000012       0x12 Debug\ff.o
 .comment       0x0000000000000024       0x12 Debug\diskio.o
 .comment       0x0000000000000036       0x12 c:/sunplus/s_core~1.1/gnu/bin/../lib/gcc/score-elf/4.2.1/../../../../score-elf/lib/mel\libc.a(memcmp.o)
 .comment       0x0000000000000048       0x12 c:/sunplus/s_core~1.1/gnu/bin/../lib/gcc/score-elf/4.2.1/../../../../score-elf/lib/mel\libc.a(memcpy.o)
 .comment       0x000000000000005a       0x12 c:/sunplus/s_core~1.1/gnu/bin/../lib/gcc/score-elf/4.2.1/../../../../score-elf/lib/mel\libc.a(memset.o)
 .comment       0x000000000000006c       0x12 c:/sunplus/s_core~1.1/gnu/bin/../lib/gcc/score-elf/4.2.1/../../../../score-elf/lib/mel\libc.a(strchr.o)
 .comment       0x000000000000007e       0x12 c:/sunplus/s_core~1.1/gnu/bin/../lib/gcc/score-elf/4.2.1/../../../../score-elf/lib/mel\libc.a(strcmp.o)
 .comment       0x0000000000000090       0x12 c:/sunplus/s_core~1.1/gnu/bin/../lib/gcc/score-elf/4.2.1/../../../../score-elf/lib/mel\libc.a(strlen.o)
 .comment       0x00000000000000a2       0x12 c:/sunplus/s_core~1.1/gnu/bin/../lib/gcc/score-elf/4.2.1/../../../../score-elf/lib/mel\libc.a(strncpy.o)
 .comment       0x00000000000000b4       0x12 c:/sunplus/s_core~1.1/gnu/bin/../lib/gcc/score-elf/4.2.1/../../../../score-elf/lib/mel\libc.a(strtoul.o)
 .comment       0x00000000000000c6       0x12 c:/sunplus/s_core~1.1/gnu/bin/../lib/gcc/score-elf/4.2.1/../../../../score-elf/lib/mel\libc.a(ctype_.o)
 .comment       0x00000000000000d8       0x12 c:/sunplus/s_core~1.1/gnu/bin/../lib/gcc/score-elf/4.2.1/../../../../score-elf/lib/mel\libc.a(impure.o)

.debug
 *(.debug)

.line
 *(.line)

.debug_srcinfo
 *(.debug_srcinfo)

.debug_sfnames
 *(.debug_sfnames)

.debug_aranges  0x0000000000000000       0x80
 *(.debug_aranges)
 .debug_aranges
                0x0000000000000000       0x20 Debug\hyperscan_startup.o
 .debug_aranges
                0x0000000000000020       0x20 Debug\main.o
 .debug_aranges
                0x0000000000000040       0x20 Debug\ff.o
 .debug_aranges
                0x0000000000000060       0x20 Debug\diskio.o

.debug_pubnames
                0x0000000000000000      0x205
 *(.debug_pubnames)
 .debug_pubnames
                0x0000000000000000       0x36 Debug\main.o
 .debug_pubnames
                0x0000000000000036      0x111 Debug\ff.o
 .debug_pubnames
                0x0000000000000147       0xbe Debug\diskio.o

.debug_info     0x0000000000000000     0x2893
 *(.debug_info .gnu.linkonce.wi.*)
 .debug_info    0x0000000000000000       0xf9 Debug\hyperscan_startup.o
 .debug_info    0x00000000000000f9      0x584 Debug\main.o
 .debug_info    0x000000000000067d     0x1ded Debug\ff.o
 .debug_info    0x000000000000246a      0x429 Debug\diskio.o

.debug_abbrev   0x0000000000000000      0x56e
 *(.debug_abbrev)
 .debug_abbrev  0x0000000000000000       0x14 Debug\hyperscan_startup.o
 .debug_abbrev  0x0000000000000014      0x187 Debug\main.o
 .debug_abbrev  0x000000000000019b      0x2a9 Debug\ff.o
 .debug_abbrev  0x0000000000000444      0x12a Debug\diskio.o

.debug_line     0x0000000000000000      0xf64
 *(.debug_line)
 .debug_line    0x0000000000000000       0xb2 Debug\hyperscan_startup.o
 .debug_line    0x00000000000000b2      0x197 Debug\main.o
 .debug_line    0x0000000000000249      0xbcd Debug\ff.o
 .debug_line    0x0000000000000e16      0x14e Debug\diskio.o

.debug_frame    0x0000000000000000      0x9f8
 *(.debug_frame)
 .debug_frame   0x0000000000000000       0xa4 Debug\main.o
 .debug_frame   0x00000000000000a4      0x87c Debug\ff.o
 .debug_frame   0x0000000000000920       0xd8 Debug\diskio.o

.debug_str      0x0000000000000000      0x850
 *(.debug_str)
 .debug_str     0x0000000000000000      0x390 Debug\main.o
                                        0x3e9 (size before relaxing)
 .debug_str     0x0000000000000390      0x3bd Debug\ff.o
                                        0x6d8 (size before relaxing)
 .debug_str     0x000000000000074d      0x103 Debug\diskio.o
                                        0x2a4 (size before relaxing)

.debug_loc      0x0000000000000000     0x4507
 *(.debug_loc)
 .debug_loc     0x0000000000000000      0x2af Debug\main.o
 .debug_loc     0x00000000000002af     0x3fbc Debug\ff.o
 .debug_loc     0x000000000000426b      0x29c Debug\diskio.o

.debug_macinfo
 *(.debug_macinfo)

.debug_weaknames
 *(.debug_weaknames)

.debug_funcnames
 *(.debug_funcnames)

.debug_typenames
 *(.debug_typenames)

.debug_varnames
 *(.debug_varnames)
OUTPUT(Debug\hyperscan.elf elf32-littlescore)

.pdr            0x0000000000000000      0x8a0
 .pdr           0x0000000000000000        0x0 Debug\hyperscan_startup.o
 .pdr           0x0000000000000000       0x40 Debug\main.o
 .pdr           0x0000000000000040      0x620 Debug\ff.o
 .pdr           0x0000000000000660      0x120 Debug\diskio.o
 .pdr           0x0000000000000780       0x20 c:/sunplus/s_core~1.1/gnu/bin/../lib/gcc/score-elf/4.2.1/../../../../score-elf/lib/mel\libc.a(memcmp.o)
 .pdr           0x00000000000007a0       0x20 c:/sunplus/s_core~1.1/gnu/bin/../lib/gcc/score-elf/4.2.1/../../../../score-elf/lib/mel\libc.a(memcpy.o)
 .pdr           0x00000000000007c0       0x20 c:/sunplus/s_core~1.1/gnu/bin/../lib/gcc/score-elf/4.2.1/../../../../score-elf/lib/mel\libc.a(memset.o)
 .pdr           0x00000000000007e0       0x20 c:/sunplus/s_core~1.1/gnu/bin/../lib/gcc/score-elf/4.2.1/../../../../score-elf/lib/mel\libc.a(strchr.o)
 .pdr           0x0000000000000800       0x20 c:/sunplus/s_core~1.1/gnu/bin/../lib/gcc/score-elf/4.2.1/../../../../score-elf/lib/mel\libc.a(strcmp.o)
 .pdr           0x0000000000000820       0x20 c:/sunplus/s_core~1.1/gnu/bin/../lib/gcc/score-elf/4.2.1/../../../../score-elf/lib/mel\libc.a(strlen.o)
 .pdr           0x0000000000000840       0x20 c:/sunplus/s_core~1.1/gnu/bin/../lib/gcc/score-elf/4.2.1/../../../../score-elf/lib/mel\libc.a(strncpy.o)
 .pdr           0x0000000000000860       0x40 c:/sunplus/s_core~1.1/gnu/bin/../lib/gcc/score-elf/4.2.1/../../../../score-elf/lib/mel\libc.a(strtoul.o)
 .pdr           0x00000000000008a0        0x0 c:/sunplus/s_core~1.1/gnu/bin/../lib/gcc/score-elf/4.2.1/../../../../score-elf/lib/mel\libc.a(ctype_.o)
 .pdr           0x00000000000008a0        0x0 c:/sunplus/s_core~1.1/gnu/bin/../lib/gcc/score-elf/4.2.1/../../../../score-elf/lib/mel\libc.a(impure.o)

.debug_ranges   0x0000000000000000      0x1b8
 .debug_ranges  0x0000000000000000       0x30 Debug\main.o
 .debug_ranges  0x0000000000000030      0x188 Debug\ff.o
