/*	Created by S+core IDE	*/


INPUT("Debug\hyperscan_startup.o")
INPUT("Debug\z_zone.o")
INPUT("Debug\wi_stuff.o")
INPUT("Debug\w_wad.o")
INPUT("Debug\w_main.o")
INPUT("Debug\w_file_stdc.o")
INPUT("Debug\w_file.o")
INPUT("Debug\w_checksum.o")
INPUT("Debug\v_video.o")
INPUT("Debug\tables.o")
INPUT("Debug\statdump.o")
INPUT("Debug\st_stuff.o")
INPUT("Debug\st_lib.o")
INPUT("Debug\sounds.o")
INPUT("Debug\sha1.o")
INPUT("Debug\s_sound.o")
INPUT("Debug\r_things.o")
INPUT("Debug\r_sky.o")
INPUT("Debug\r_segs.o")
INPUT("Debug\r_plane.o")
INPUT("Debug\r_main.o")
INPUT("Debug\r_draw.o")
INPUT("Debug\r_data.o")
INPUT("Debug\r_bsp.o")
INPUT("Debug\p_user.o")
INPUT("Debug\p_tick.o")
INPUT("Debug\p_telept.o")
INPUT("Debug\p_switch.o")
INPUT("Debug\p_spec.o")
INPUT("Debug\p_sight.o")
INPUT("Debug\p_setup.o")
INPUT("Debug\p_saveg.o")
INPUT("Debug\p_pspr.o")
INPUT("Debug\p_plats.o")
INPUT("Debug\p_mobj.o")
INPUT("Debug\p_maputl.o")
INPUT("Debug\p_map.o")
INPUT("Debug\p_lights.o")
INPUT("Debug\p_inter.o")
INPUT("Debug\p_floor.o")
INPUT("Debug\p_enemy.o")
INPUT("Debug\p_doors.o")
INPUT("Debug\p_ceilng.o")
INPUT("Debug\mus2mid.o")
INPUT("Debug\memio.o")
INPUT("Debug\m_random.o")
INPUT("Debug\m_misc.o")
INPUT("Debug\m_menu.o")
INPUT("Debug\m_fixed.o")
INPUT("Debug\m_controls.o")
INPUT("Debug\m_config.o")
INPUT("Debug\m_cheat.o")
INPUT("Debug\m_bbox.o")
INPUT("Debug\m_argv.o")
INPUT("Debug\info.o")
INPUT("Debug\i_video.o")
INPUT("Debug\i_timer.o")
INPUT("Debug\i_system.o")
INPUT("Debug\i_sound.o")
INPUT("Debug\i_scale.o")
INPUT("Debug\i_joystick.o")
INPUT("Debug\i_input.o")
INPUT("Debug\i_endoom.o")
INPUT("Debug\i_cdmus.o")
INPUT("Debug\hu_stuff.o")
INPUT("Debug\hu_lib.o")
INPUT("Debug\gusconf.o")
INPUT("Debug\g_game.o")
INPUT("Debug\f_wipe.o")
INPUT("Debug\f_finale.o")
INPUT("Debug\dummy.o")
INPUT("Debug\dstrings.o")
INPUT("Debug\doomstat.o")
INPUT("Debug\doomgeneric_hyperscan.o")
INPUT("Debug\doomgeneric.o")
INPUT("Debug\doomdef.o")
INPUT("Debug\d_net.o")
INPUT("Debug\d_mode.o")
INPUT("Debug\d_main.o")
INPUT("Debug\d_loop.o")
INPUT("Debug\d_iwad.o")
INPUT("Debug\d_items.o")
INPUT("Debug\d_event.o")
INPUT("Debug\am_map.o")
INPUT("Debug\libgloss.o")
INPUT("Debug\UART.o")
INPUT("Debug\TV.o")
INPUT("Debug\NorFlash.o")
INPUT("Debug\User_IRQ.o")
INPUT("Debug\Sys_isr.o")
INPUT("Debug\Sys_IRQ.o")
INPUT("Debug\I2C.o")
INPUT("Debug\HS_Controller.o")
INPUT("Debug\ff.o")
INPUT("Debug\diskio.o")

SECTIONS
{

}

