Archive member included because of file (symbol)

c:/sunplus/s_core~1.1/gnu/bin/../lib/gcc/score-elf/4.2.1/../../../../score-elf/lib/mel\libc.a(memcmp.o)
                              Debug\ff.o (memcmp)
c:/sunplus/s_core~1.1/gnu/bin/../lib/gcc/score-elf/4.2.1/../../../../score-elf/lib/mel\libc.a(memcpy.o)
                              Debug\ff.o (memcpy)
c:/sunplus/s_core~1.1/gnu/bin/../lib/gcc/score-elf/4.2.1/../../../../score-elf/lib/mel\libc.a(memset.o)
                              Debug\ff.o (memset)
c:/sunplus/s_core~1.1/gnu/bin/../lib/gcc/score-elf/4.2.1/../../../../score-elf/lib/mel\libc.a(strchr.o)
                              Debug\ff.o (strchr)

Memory Configuration

Name             Origin             Length             Attributes
*default*        0x0000000000000000 0xffffffffffffffff

Linker script and memory map

LOAD Obj.lst
LOAD Debug\hyperscan_startup.o
LOAD Debug\main.o
LOAD Debug\ff.o
LOAD Debug\diskio.o
LOAD Lib.lst
LOAD c:/sunplus/s_core~1.1/gnu/bin/../lib/gcc/score-elf/4.2.1/../../../../score-elf/lib/mel\libm.a
LOAD c:/sunplus/s_core~1.1/gnu/bin/../lib/gcc/score-elf/4.2.1/../../../../score-elf/lib/mel\libc.a
LOAD c:/sunplus/s_core~1.1/gnu/bin/../lib/gcc/score-elf/4.2.1/mel\libgcc.a
START GROUP
LOAD c:/sunplus/s_core~1.1/gnu/bin/../lib/gcc/score-elf/4.2.1/../../../../score-elf/lib/mel\libc.a
LOAD c:/sunplus/s_core~1.1/gnu/bin/../lib/gcc/score-elf/4.2.1/../../../../score-elf/lib/mel\libm.a
LOAD c:/sunplus/s_core~1.1/gnu/bin/../lib/gcc/score-elf/4.2.1/mel\libgcc.a
END GROUP

.stack          0x00000000a0fffff0        0x0
                0x00000000a0fffff0                _stack = .
 *(.stack)
                0x00000000a00f5d00                . = 0xa00f5d00

.interp
 *(.interp)

.hash
 *(.hash)

.dynsym
 *(.dynsym)

.dynstr
 *(.dynstr)

.gnu.version
 *(.gnu.version)

.gnu.version_d
 *(.gnu.version_d)

.gnu.version_r
 *(.gnu.version_r)

.rel.dyn
 *(.rel.init)
 *(.rel.text .rel.text.* .rel.gnu.linkonce.t.*)
 *(.rel.fini)
 *(.rel.rodata .rel.rodata.* .rel.gnu.linkonce.r.*)
 *(.rel.data .rel.data.* .rel.gnu.linkonce.d.*)
 *(.rel.tdata .rel.tdata.* .rel.gnu.linkonce.td.*)
 *(.rel.tbss .rel.tbss.* .rel.gnu.linkonce.tb.*)
 *(.rel.ctors)
 *(.rel.dtors)
 *(.rel.got)
 *(.rel.sdata .rel.sdata.* .rel.gnu.linkonce.s.*)
 *(.rel.sbss .rel.sbss.* .rel.gnu.linkonce.sb.*)
 *(.rel.sdata2 .rel.sdata2.* .rel.gnu.linkonce.s2.*)
 *(.rel.sbss2 .rel.sbss2.* .rel.gnu.linkonce.sb2.*)
 *(.rel.bss .rel.bss.* .rel.gnu.linkonce.b.*)

.rela.dyn
 *(.rela.init)
 *(.rela.text .rela.text.* .rela.gnu.linkonce.t.*)
 *(.rela.fini)
 *(.rela.rodata .rela.rodata.* .rela.gnu.linkonce.r.*)
 *(.rela.data .rela.data.* .rela.gnu.linkonce.d.*)
 *(.rela.tdata .rela.tdata.* .rela.gnu.linkonce.td.*)
 *(.rela.tbss .rela.tbss.* .rela.gnu.linkonce.tb.*)
 *(.rela.ctors)
 *(.rela.dtors)
 *(.rela.got)
 *(.rela.sdata .rela.sdata.* .rela.gnu.linkonce.s.*)
 *(.rela.sbss .rela.sbss.* .rela.gnu.linkonce.sb.*)
 *(.rela.sdata2 .rela.sdata2.* .rela.gnu.linkonce.s2.*)
 *(.rela.sbss2 .rela.sbss2.* .rela.gnu.linkonce.sb2.*)
 *(.rela.bss .rela.bss.* .rela.gnu.linkonce.b.*)

.rel.plt
 *(.rel.plt)

.rela.plt
 *(.rela.plt)

.hardware_init  0x00000000a00f5d00       0x30
 *(.hardware_init)
 .hardware_init
                0x00000000a00f5d00       0x30 Debug\hyperscan_startup.o
                0x00000000a00f5d00                _hardware_init

.init
 *(.init)

.plt
 *(.plt)

.text           0x00000000a00f5d30     0x4128
 *(.text .stub .text.* .gnu.linkonce.t.*)
 .text          0x00000000a00f5d30        0x0 Debug\hyperscan_startup.o
 .text          0x00000000a00f5d30       0xb8 Debug\main.o
                0x00000000a00f5d30                main
 .text          0x00000000a00f5de8     0x3ba0 Debug\ff.o
                0x00000000a00f98a0                f_closedir
                0x00000000a00f93d4                f_close
                0x00000000a00f8b24                f_read
                0x00000000a00f98e4                f_readdir
                0x00000000a00f92b4                f_sync
                0x00000000a00f85ec                f_mount
                0x00000000a00f9788                f_opendir
                0x00000000a00f9430                f_lseek
                0x00000000a00f8e6c                f_write
                0x00000000a00f86e4                f_open
 .text          0x00000000a00f9988      0x1e0 Debug\diskio.o
                0x00000000a00f99e4                USB_disk_initialize
                0x00000000a00f9a50                DiskB_ReadSector
                0x00000000a00f9acc                disk_initialize
                0x00000000a00f9ab8                disk_status
                0x00000000a00f9b50                disk_ioctl
                0x00000000a00f9988                DiskB_Initial
                0x00000000a00f9a84                DiskB_WriteSector
                0x00000000a00f9b20                disk_write
                0x00000000a00f9af0                disk_read
 .text          0x00000000a00f9b68       0x90 c:/sunplus/s_core~1.1/gnu/bin/../lib/gcc/score-elf/4.2.1/../../../../score-elf/lib/mel\libc.a(memcmp.o)
                0x00000000a00f9b68                memcmp
 .text          0x00000000a00f9bf8       0xb0 c:/sunplus/s_core~1.1/gnu/bin/../lib/gcc/score-elf/4.2.1/../../../../score-elf/lib/mel\libc.a(memcpy.o)
                0x00000000a00f9bf8                memcpy
 .text          0x00000000a00f9ca8       0xb4 c:/sunplus/s_core~1.1/gnu/bin/../lib/gcc/score-elf/4.2.1/../../../../score-elf/lib/mel\libc.a(memset.o)
                0x00000000a00f9ca8                memset
 .text          0x00000000a00f9d5c       0xfc c:/sunplus/s_core~1.1/gnu/bin/../lib/gcc/score-elf/4.2.1/../../../../score-elf/lib/mel\libc.a(strchr.o)
                0x00000000a00f9d5c                strchr
 *(.gnu.warning)
 *(.glue_7t)
 *(.glue_7)

.fini
 *(.fini)
                0x00000000a00f9e58                PROVIDE (__etext, .)
                0x00000000a00f9e58                PROVIDE (_etext, .)
                0x00000000a00f9e58                PROVIDE (etext, .)

.rodata         0x00000000a00f9e58       0xac
 *(.rodata .rodata.* .gnu.linkonce.r.*)
 .rodata        0x00000000a00f9e58       0x10 Debug\main.o
 .rodata        0x00000000a00f9e68       0x9c Debug\ff.o

.rodata1
 *(.rodata1)

.sdata2
 *(.sdata2 .sdata2.* .gnu.linkonce.s2.*)

.sbss2
 *(.sbss2 .sbss2.* .gnu.linkonce.sb2.*)

.eh_frame_hdr
 *(.eh_frame_hdr)
                0x00000000a00fa004                . = (ALIGN (0x100) + (. & 0xff))
                0x00000000a00fa004                . = ALIGN (0x4)
                0x00000000a00fa004                PROVIDE (__preinit_array_start, .)

.preinit_array
 *(.preinit_array)
                0x00000000a00fa004                PROVIDE (__preinit_array_end, .)
                0x00000000a00fa004                PROVIDE (__init_array_start, .)

.init_array
 *(.init_array)
                0x00000000a00fa004                PROVIDE (__init_array_end, .)
                0x00000000a00fa004                PROVIDE (__fini_array_start, .)

.fini_array
 *(.fini_array)
                0x00000000a00fa004                PROVIDE (__fini_array_end, .)

.data           0x00000000a00fa004        0x0
                0x00000000a00fa004                __data_start = .
 *(.data .data.* .gnu.linkonce.d.*)
 .data          0x00000000a00fa004        0x0 Debug\hyperscan_startup.o
 .data          0x00000000a00fa004        0x0 Debug\main.o
 .data          0x00000000a00fa004        0x0 Debug\ff.o
 .data          0x00000000a00fa004        0x0 Debug\diskio.o
 .data          0x00000000a00fa004        0x0 c:/sunplus/s_core~1.1/gnu/bin/../lib/gcc/score-elf/4.2.1/../../../../score-elf/lib/mel\libc.a(memcmp.o)
 .data          0x00000000a00fa004        0x0 c:/sunplus/s_core~1.1/gnu/bin/../lib/gcc/score-elf/4.2.1/../../../../score-elf/lib/mel\libc.a(memcpy.o)
 .data          0x00000000a00fa004        0x0 c:/sunplus/s_core~1.1/gnu/bin/../lib/gcc/score-elf/4.2.1/../../../../score-elf/lib/mel\libc.a(memset.o)
 .data          0x00000000a00fa004        0x0 c:/sunplus/s_core~1.1/gnu/bin/../lib/gcc/score-elf/4.2.1/../../../../score-elf/lib/mel\libc.a(strchr.o)

.data1
 *(.data1)

.tdata
 *(.tdata .tdata.* .gnu.linkonce.td.*)

.tbss
 *(.tbss .tbss.* .gnu.linkonce.tb.*)
 *(.tcommon)

.eh_frame
 *(.eh_frame)

.gcc_except_table
 *(.gcc_except_table)

.dynamic
 *(.dynamic)

.ctors
 *crtbegin.o(.ctors)
 *(EXCLUDE_FILE(*crtend.o) .ctors)
 *(SORT(.ctors.*))
 *(.ctors)

.dtors
 *crtbegin.o(.dtors)
 *(EXCLUDE_FILE(*crtend.o) .dtors)
 *(SORT(.dtors.*))
 *(.dtors)

.jcr
 *(.jcr)

.got
 *(.got.plt)
 *(.got)
                0x00000000a00fe004                _gp = (. + 0x4000)

.sdata          0x00000000a00fa004        0x0
                0x00000000a00fa004                _sdata_start = .
 *(.sdata .sdata.* .gnu.linkonce.s.*)
                0x00000000a00fa004                _edata = .
                0x00000000a00fa004                PROVIDE (edata, .)
                0x00000000a00fa004                . = ALIGN (0x4)
                0x00000000a00fa004                __bss_start = .
                0x00000000a00fa004                __bss_start__ = .

.sbss           0x00000000a00fa004        0x8
                0x00000000a00fa004                PROVIDE (__sbss_start, .)
                0x00000000a00fa004                PROVIDE (___sbss_start, .)
 *(.dynsbss)
 *(.sbss .sbss.* .gnu.linkonce.sb.*)
 .sbss          0x00000000a00fa004        0x8 Debug\ff.o
 *(.scommon)
                0x00000000a00fa00c                PROVIDE (__sbss_end, .)
                0x00000000a00fa00c                PROVIDE (___sbss_end, .)
                0x00000000a00fe004                _gp = (_sdata_start + 0x4000)

.bss            0x00000000a00fa00c        0x0
 *(.dynbss)
 *(.bss .bss.* .gnu.linkonce.b.*)
 .bss           0x00000000a00fa00c        0x0 Debug\hyperscan_startup.o
 .bss           0x00000000a00fa00c        0x0 Debug\main.o
 .bss           0x00000000a00fa00c        0x0 Debug\ff.o
 .bss           0x00000000a00fa00c        0x0 Debug\diskio.o
 .bss           0x00000000a00fa00c        0x0 c:/sunplus/s_core~1.1/gnu/bin/../lib/gcc/score-elf/4.2.1/../../../../score-elf/lib/mel\libc.a(memcmp.o)
 .bss           0x00000000a00fa00c        0x0 c:/sunplus/s_core~1.1/gnu/bin/../lib/gcc/score-elf/4.2.1/../../../../score-elf/lib/mel\libc.a(memcpy.o)
 .bss           0x00000000a00fa00c        0x0 c:/sunplus/s_core~1.1/gnu/bin/../lib/gcc/score-elf/4.2.1/../../../../score-elf/lib/mel\libc.a(memset.o)
 .bss           0x00000000a00fa00c        0x0 c:/sunplus/s_core~1.1/gnu/bin/../lib/gcc/score-elf/4.2.1/../../../../score-elf/lib/mel\libc.a(strchr.o)
 *(COMMON)
                0x00000000a00fa00c                . = ALIGN (0x4)
                0x00000000a00fa00c                . = ALIGN (0x4)
                0x00000000a00fa00c                _end = .
                0x00000000a00fa00c                _bss_end__ = .
                0x00000000a00fa00c                __bss_end__ = .
                0x00000000a00fa00c                __end__ = .
                0x00000000a00fa00c                PROVIDE (end, .)

.stab
 *(.stab)

.stabstr
 *(.stabstr)

.stab.excl
 *(.stab.excl)

.stab.exclstr
 *(.stab.exclstr)

.stab.index
 *(.stab.index)

.stab.indexstr
 *(.stab.indexstr)

.comment        0x0000000000000000       0x7e
 *(.comment)
 .comment       0x0000000000000000       0x12 Debug\main.o
 .comment       0x0000000000000012       0x12 Debug\ff.o
 .comment       0x0000000000000024       0x12 Debug\diskio.o
 .comment       0x0000000000000036       0x12 c:/sunplus/s_core~1.1/gnu/bin/../lib/gcc/score-elf/4.2.1/../../../../score-elf/lib/mel\libc.a(memcmp.o)
 .comment       0x0000000000000048       0x12 c:/sunplus/s_core~1.1/gnu/bin/../lib/gcc/score-elf/4.2.1/../../../../score-elf/lib/mel\libc.a(memcpy.o)
 .comment       0x000000000000005a       0x12 c:/sunplus/s_core~1.1/gnu/bin/../lib/gcc/score-elf/4.2.1/../../../../score-elf/lib/mel\libc.a(memset.o)
 .comment       0x000000000000006c       0x12 c:/sunplus/s_core~1.1/gnu/bin/../lib/gcc/score-elf/4.2.1/../../../../score-elf/lib/mel\libc.a(strchr.o)

.debug
 *(.debug)

.line
 *(.line)

.debug_srcinfo
 *(.debug_srcinfo)

.debug_sfnames
 *(.debug_sfnames)

.debug_aranges  0x0000000000000000       0x80
 *(.debug_aranges)
 .debug_aranges
                0x0000000000000000       0x20 Debug\hyperscan_startup.o
 .debug_aranges
                0x0000000000000020       0x20 Debug\main.o
 .debug_aranges
                0x0000000000000040       0x20 Debug\ff.o
 .debug_aranges
                0x0000000000000060       0x20 Debug\diskio.o

.debug_pubnames
                0x0000000000000000      0x160
 *(.debug_pubnames)
 .debug_pubnames
                0x0000000000000000       0x1b Debug\main.o
 .debug_pubnames
                0x000000000000001b       0x8e Debug\ff.o
 .debug_pubnames
                0x00000000000000a9       0xb7 Debug\diskio.o

.debug_info     0x0000000000000000     0x24ab
 *(.debug_info .gnu.linkonce.wi.*)
 .debug_info    0x0000000000000000       0xe1 Debug\hyperscan_startup.o
 .debug_info    0x00000000000000e1      0x616 Debug\main.o
 .debug_info    0x00000000000006f7     0x195c Debug\ff.o
 .debug_info    0x0000000000002053      0x458 Debug\diskio.o

.debug_abbrev   0x0000000000000000      0x2d2
 *(.debug_abbrev)
 .debug_abbrev  0x0000000000000000       0x14 Debug\hyperscan_startup.o
 .debug_abbrev  0x0000000000000014       0xc0 Debug\main.o
 .debug_abbrev  0x00000000000000d4      0x155 Debug\ff.o
 .debug_abbrev  0x0000000000000229       0xa9 Debug\diskio.o

.debug_line     0x0000000000000000      0x95f
 *(.debug_line)
 .debug_line    0x0000000000000000       0xa6 Debug\hyperscan_startup.o
 .debug_line    0x00000000000000a6      0x105 Debug\main.o
 .debug_line    0x00000000000001ab      0x676 Debug\ff.o
 .debug_line    0x0000000000000821      0x13e Debug\diskio.o

.debug_frame    0x0000000000000000      0x66c
 *(.debug_frame)
 .debug_frame   0x0000000000000000       0x34 Debug\main.o
 .debug_frame   0x0000000000000034      0x518 Debug\ff.o
 .debug_frame   0x000000000000054c      0x120 Debug\diskio.o

.debug_str      0x0000000000000000       0x18
 *(.debug_str)
 .debug_str     0x0000000000000000        0xf Debug\ff.o
 .debug_str     0x000000000000000f        0x9 Debug\diskio.o

.debug_loc      0x0000000000000000      0xcd1
 *(.debug_loc)
 .debug_loc     0x0000000000000000       0x45 Debug\main.o
 .debug_loc     0x0000000000000045      0xa61 Debug\ff.o
 .debug_loc     0x0000000000000aa6      0x22b Debug\diskio.o

.debug_macinfo
 *(.debug_macinfo)

.debug_weaknames
 *(.debug_weaknames)

.debug_funcnames
 *(.debug_funcnames)

.debug_typenames
 *(.debug_typenames)

.debug_varnames
 *(.debug_varnames)
OUTPUT(Debug\hyperscan.elf elf32-littlescore)

.pdr            0x0000000000000000      0x6e0
 .pdr           0x0000000000000000        0x0 Debug\hyperscan_startup.o
 .pdr           0x0000000000000000       0x20 Debug\main.o
 .pdr           0x0000000000000020      0x520 Debug\ff.o
 .pdr           0x0000000000000540      0x120 Debug\diskio.o
 .pdr           0x0000000000000660       0x20 c:/sunplus/s_core~1.1/gnu/bin/../lib/gcc/score-elf/4.2.1/../../../../score-elf/lib/mel\libc.a(memcmp.o)
 .pdr           0x0000000000000680       0x20 c:/sunplus/s_core~1.1/gnu/bin/../lib/gcc/score-elf/4.2.1/../../../../score-elf/lib/mel\libc.a(memcpy.o)
 .pdr           0x00000000000006a0       0x20 c:/sunplus/s_core~1.1/gnu/bin/../lib/gcc/score-elf/4.2.1/../../../../score-elf/lib/mel\libc.a(memset.o)
 .pdr           0x00000000000006c0       0x20 c:/sunplus/s_core~1.1/gnu/bin/../lib/gcc/score-elf/4.2.1/../../../../score-elf/lib/mel\libc.a(strchr.o)
