Archive member included because of file (symbol)

c:/sunplus/s_core~1.1/gnu/bin/../lib/gcc/score-elf/4.2.1/../../../../score-elf/lib/mel\libc.a(abort.o)
                              Debug\libgloss.o (abort)
c:/sunplus/s_core~1.1/gnu/bin/../lib/gcc/score-elf/4.2.1/../../../../score-elf/lib/mel\libc.a(signal.o)
                              c:/sunplus/s_core~1.1/gnu/bin/../lib/gcc/score-elf/4.2.1/../../../../score-elf/lib/mel\libc.a(abort.o) (raise)
c:/sunplus/s_core~1.1/gnu/bin/../lib/gcc/score-elf/4.2.1/../../../../score-elf/lib/mel\libc.a(syswrite.o)
                              Debug\libgloss.o (write)
c:/sunplus/s_core~1.1/gnu/bin/../lib/gcc/score-elf/4.2.1/../../../../score-elf/lib/mel\libc.a(impure.o)
                              c:/sunplus/s_core~1.1/gnu/bin/../lib/gcc/score-elf/4.2.1/../../../../score-elf/lib/mel\libc.a(signal.o) (_impure_ptr)
c:/sunplus/s_core~1.1/gnu/bin/../lib/gcc/score-elf/4.2.1/../../../../score-elf/lib/mel\libc.a(mallocr.o)
                              c:/sunplus/s_core~1.1/gnu/bin/../lib/gcc/score-elf/4.2.1/../../../../score-elf/lib/mel\libc.a(signal.o) (_malloc_r)
c:/sunplus/s_core~1.1/gnu/bin/../lib/gcc/score-elf/4.2.1/../../../../score-elf/lib/mel\libc.a(mlock.o)
                              c:/sunplus/s_core~1.1/gnu/bin/../lib/gcc/score-elf/4.2.1/../../../../score-elf/lib/mel\libc.a(mallocr.o) (__malloc_lock)
c:/sunplus/s_core~1.1/gnu/bin/../lib/gcc/score-elf/4.2.1/../../../../score-elf/lib/mel\libc.a(freer.o)
                              c:/sunplus/s_core~1.1/gnu/bin/../lib/gcc/score-elf/4.2.1/../../../../score-elf/lib/mel\libc.a(mallocr.o) (_free_r)

Allocating common symbols
Common symbol       size              file

fs                  0x230             Debug\libgloss.o
controller          0x5               Debug\HS_Controller.o

Memory Configuration

Name             Origin             Length             Attributes
*default*        0x0000000000000000 0xffffffffffffffff

Linker script and memory map

LOAD Obj.lst
LOAD Debug\hyperscan_startup.o
LOAD Debug\main.o
LOAD Debug\libgloss.o
LOAD Debug\UART.o
LOAD Debug\TV.o
LOAD Debug\NorFlash.o
LOAD Debug\User_IRQ.o
LOAD Debug\Sys_isr.o
LOAD Debug\Sys_IRQ.o
LOAD Debug\I2C.o
LOAD Debug\HS_Controller.o
LOAD Lib.lst
LOAD c:/sunplus/s_core~1.1/gnu/bin/../lib/gcc/score-elf/4.2.1/../../../../score-elf/lib/mel\libm.a
LOAD c:/sunplus/s_core~1.1/gnu/bin/../lib/gcc/score-elf/4.2.1/../../../../score-elf/lib/mel\libc.a
LOAD c:/sunplus/s_core~1.1/gnu/bin/../lib/gcc/score-elf/4.2.1/mel\libgcc.a
LOAD c:/sunplus/s_core~1.1/gnu/bin/../lib/gcc/score-elf/4.2.1/mel\libgcc.a
LOAD c:/sunplus/s_core~1.1/gnu/bin/../lib/gcc/score-elf/4.2.1/../../../../score-elf/lib/mel\libc.a
LOAD c:/sunplus/s_core~1.1/gnu/bin/../lib/gcc/score-elf/4.2.1/mel\libgcc.a
START GROUP
LOAD c:/sunplus/s_core~1.1/gnu/bin/../lib/gcc/score-elf/4.2.1/../../../../score-elf/lib/mel\libc.a
LOAD c:/sunplus/s_core~1.1/gnu/bin/../lib/gcc/score-elf/4.2.1/../../../../score-elf/lib/mel\libm.a
LOAD c:/sunplus/s_core~1.1/gnu/bin/../lib/gcc/score-elf/4.2.1/mel\libgcc.a
END GROUP

.exception      0x00000000a00901fc      0x23c
 *(.exception_vec)
 .exception_vec
                0x00000000a00901fc      0x23c Debug\Sys_isr.o

.stack          0x00000000a0fffff0        0x0
                0x00000000a0fffff0                _stack = .
 *(.stack)
                0x00000000a0091000                . = 0xa0091000

.interp
 *(.interp)

.hash
 *(.hash)

.dynsym
 *(.dynsym)

.dynstr
 *(.dynstr)

.gnu.version
 *(.gnu.version)

.gnu.version_d
 *(.gnu.version_d)

.gnu.version_r
 *(.gnu.version_r)

.rel.dyn        0x00000000a0091000        0x0
 *(.rel.init)
 *(.rel.text .rel.text.* .rel.gnu.linkonce.t.*)
 *(.rel.fini)
 *(.rel.rodata .rel.rodata.* .rel.gnu.linkonce.r.*)
 *(.rel.data .rel.data.* .rel.gnu.linkonce.d.*)
 *(.rel.tdata .rel.tdata.* .rel.gnu.linkonce.td.*)
 *(.rel.tbss .rel.tbss.* .rel.gnu.linkonce.tb.*)
 *(.rel.ctors)
 *(.rel.dtors)
 *(.rel.got)
 *(.rel.sdata .rel.sdata.* .rel.gnu.linkonce.s.*)
 *(.rel.sbss .rel.sbss.* .rel.gnu.linkonce.sb.*)
 *(.rel.sdata2 .rel.sdata2.* .rel.gnu.linkonce.s2.*)
 *(.rel.sbss2 .rel.sbss2.* .rel.gnu.linkonce.sb2.*)
 *(.rel.bss .rel.bss.* .rel.gnu.linkonce.b.*)
 .rel.dyn       0x0000000000000000        0x0 c:/sunplus/s_core~1.1/gnu/bin/../lib/gcc/score-elf/4.2.1/../../../../score-elf/lib/mel\libc.a(mallocr.o)

.rela.dyn
 *(.rela.init)
 *(.rela.text .rela.text.* .rela.gnu.linkonce.t.*)
 *(.rela.fini)
 *(.rela.rodata .rela.rodata.* .rela.gnu.linkonce.r.*)
 *(.rela.data .rela.data.* .rela.gnu.linkonce.d.*)
 *(.rela.tdata .rela.tdata.* .rela.gnu.linkonce.td.*)
 *(.rela.tbss .rela.tbss.* .rela.gnu.linkonce.tb.*)
 *(.rela.ctors)
 *(.rela.dtors)
 *(.rela.got)
 *(.rela.sdata .rela.sdata.* .rela.gnu.linkonce.s.*)
 *(.rela.sbss .rela.sbss.* .rela.gnu.linkonce.sb.*)
 *(.rela.sdata2 .rela.sdata2.* .rela.gnu.linkonce.s2.*)
 *(.rela.sbss2 .rela.sbss2.* .rela.gnu.linkonce.sb2.*)
 *(.rela.bss .rela.bss.* .rela.gnu.linkonce.b.*)

.rel.plt
 *(.rel.plt)

.rela.plt
 *(.rela.plt)

.hardware_init  0x00000000a0091000       0x94
 *(.hardware_init)
 .hardware_init
                0x00000000a0091000       0x94 Debug\hyperscan_startup.o
                0x00000000a0091000                _hardware_init

.init
 *(.init)

.plt
 *(.plt)

.text           0x00000000a0091094     0x2440
 *(.text .stub .text.* .gnu.linkonce.t.*)
 .text          0x00000000a0091094        0x0 Debug\hyperscan_startup.o
 .text          0x00000000a0091094       0x44 Debug\main.o
                0x00000000a0091094                main
 .text          0x00000000a00910d8      0x3c0 Debug\libgloss.o
                0x00000000a0091408                _getpid
                0x00000000a0091388                _lseek_r
                0x00000000a0091460                _kill_r
                0x00000000a00913a0                _fstat_r
                0x00000000a00913c0                isatty
                0x00000000a0091418                _getpid_r
                0x00000000a00912f8                _sbrk_r
                0x00000000a0091158                _read_r
                0x00000000a00910d8                _putc_r
                0x00000000a00912ac                _open_r
                0x00000000a00912c4                _close_r
                0x00000000a0091228                _write_r
                0x00000000a0091428                _kill
                0x00000000a00912d8                _exit
 .text          0x00000000a0091498       0xd8 Debug\UART.o
                0x00000000a0091498                UART_Init
                0x00000000a00914a4                UART_SendChar
                0x00000000a00914f4                UART_GetChar
 .text          0x00000000a0091570      0x5bc Debug\TV.o
                0x00000000a0091acc                TV_FadeIn
                0x00000000a00915c4                TV_Init
                0x00000000a00916a4                TV_Buffer_Sel
                0x00000000a0091570                TV_ClearScreen
                0x00000000a0091700                TV_Fade
                0x00000000a0091864                TV_PrintColor
                0x00000000a0091a74                TV_FadeOut
                0x00000000a009199c                TV_PrintHex
                0x00000000a0091670                TV_Buffer_Set
                0x00000000a0091720                TV_Print
                0x00000000a00916e0                TV_Hue
                0x00000000a00916c0                TV_Saturation
 .text          0x00000000a0091b2c      0x3d0 Debug\NorFlash.o
                0x00000000a0091b64                NorFlash_ChipErase
                0x00000000a0091ca0                NorFlash_SectorErase
                0x00000000a0091b2c                NorFlash_Init
                0x00000000a0091e74                NorFlash_SetAddress
                0x00000000a0091e00                NorFlash_WordWrite
                0x00000000a0091be8                NorFlash_BlockErase
                0x00000000a0091d58                NorFlash_Write32
                0x00000000a0091ec8                NorFlash_Delay
 .text          0x00000000a0091efc      0x1e0 Debug\User_IRQ.o
                0x00000000a00920a0                IRQ28
                0x00000000a0091f5c                IRQ55
                0x00000000a0091f38                IRQ58
                0x00000000a0092010                IRQ40
                0x00000000a0092040                IRQ36
                0x00000000a009207c                IRQ31
                0x00000000a0091f08                IRQ62
                0x00000000a0091f14                IRQ61
                0x00000000a0092034                IRQ37
                0x00000000a0092028                IRQ38
                0x00000000a0092088                IRQ30
                0x00000000a0092094                IRQ29
                0x00000000a0091f68                IRQ54
                0x00000000a0091ff8                IRQ42
                0x00000000a0091f44                IRQ57
                0x00000000a0091f50                IRQ56
                0x00000000a0092004                IRQ41
                0x00000000a0091fbc                IRQ47
                0x00000000a0092064                IRQ33
                0x00000000a0091f2c                IRQ59
                0x00000000a00920d0                IRQ24
                0x00000000a009201c                IRQ39
                0x00000000a0091fe0                IRQ44
                0x00000000a00920ac                IRQ27
                0x00000000a0091f8c                IRQ51
                0x00000000a0092058                IRQ34
                0x00000000a0091f98                IRQ50
                0x00000000a0091f20                IRQ60
                0x00000000a00920c4                IRQ25
                0x00000000a0091f74                IRQ53
                0x00000000a0091fa4                IRQ49
                0x00000000a0091fc8                IRQ46
                0x00000000a0091fd4                IRQ45
                0x00000000a00920b8                IRQ26
                0x00000000a0091f80                IRQ52
                0x00000000a0092070                IRQ32
                0x00000000a0091fec                IRQ43
                0x00000000a0091fb0                IRQ48
                0x00000000a0091efc                IRQ63
                0x00000000a009204c                IRQ35
 .text          0x00000000a00920dc        0x0 Debug\Sys_isr.o
 .text          0x00000000a00920dc      0x198 Debug\Sys_IRQ.o
                0x00000000a00920e4                irq_dispatch
                0x00000000a00920dc                intmsg
 .text          0x00000000a0092274      0x164 Debug\I2C.o
                0x00000000a0092350                I2C_Write8
                0x00000000a0092274                I2C_Init
                0x00000000a00922c4                I2C_Read8
 .text          0x00000000a00923d8      0x138 Debug\HS_Controller.o
                0x00000000a009242c                HS_Controller_Read
                0x00000000a00923d8                HS_Controller_Init
 .text          0x00000000a0092510       0x14 c:/sunplus/s_core~1.1/gnu/bin/../lib/gcc/score-elf/4.2.1/../../../../score-elf/lib/mel\libc.a(abort.o)
                0x00000000a0092510                abort
 .text          0x00000000a0092524      0x2a8 c:/sunplus/s_core~1.1/gnu/bin/../lib/gcc/score-elf/4.2.1/../../../../score-elf/lib/mel\libc.a(signal.o)
                0x00000000a009272c                _signal_r
                0x00000000a0092650                _raise_r
                0x00000000a00925a0                __sigtramp_r
                0x00000000a00927a4                signal
                0x00000000a0092590                _init_signal
                0x00000000a0092524                _init_signal_r
                0x00000000a0092630                __sigtramp
                0x00000000a009270c                raise
 .text          0x00000000a00927cc       0x28 c:/sunplus/s_core~1.1/gnu/bin/../lib/gcc/score-elf/4.2.1/../../../../score-elf/lib/mel\libc.a(syswrite.o)
                0x00000000a00927cc                write
 .text          0x00000000a00927f4        0x0 c:/sunplus/s_core~1.1/gnu/bin/../lib/gcc/score-elf/4.2.1/../../../../score-elf/lib/mel\libc.a(impure.o)
 .text          0x00000000a00927f4      0x8ac c:/sunplus/s_core~1.1/gnu/bin/../lib/gcc/score-elf/4.2.1/../../../../score-elf/lib/mel\libc.a(mallocr.o)
                0x00000000a00927f4                _malloc_r
 .text          0x00000000a00930a0        0x8 c:/sunplus/s_core~1.1/gnu/bin/../lib/gcc/score-elf/4.2.1/../../../../score-elf/lib/mel\libc.a(mlock.o)
                0x00000000a00930a4                __malloc_unlock
                0x00000000a00930a0                __malloc_lock
 .text          0x00000000a00930a8      0x42c c:/sunplus/s_core~1.1/gnu/bin/../lib/gcc/score-elf/4.2.1/../../../../score-elf/lib/mel\libc.a(freer.o)
                0x00000000a00931c4                _free_r
                0x00000000a00930a8                _malloc_trim_r
 *(.gnu.warning)
 *(.glue_7t)
 *(.glue_7)

.fini
 *(.fini)
                0x00000000a00934d4                PROVIDE (__etext, .)
                0x00000000a00934d4                PROVIDE (_etext, .)
                0x00000000a00934d4                PROVIDE (etext, .)

.rodata         0x00000000a00934d4     0x10c8
 *(.rodata .rodata.* .gnu.linkonce.r.*)
 .rodata        0x00000000a00934d4       0x10 Debug\main.o
 .rodata        0x00000000a00934e4       0x10 Debug\libgloss.o
 .rodata        0x00000000a00934f4     0x1004 Debug\TV.o
                0x00000000a00934f4                font
 .rodata        0x00000000a00944f8       0xa0 Debug\Sys_IRQ.o
 .rodata.str1.4
                0x00000000a0094598        0x4 c:/sunplus/s_core~1.1/gnu/bin/../lib/gcc/score-elf/4.2.1/../../../../score-elf/lib/mel\libc.a(impure.o)

.rodata1
 *(.rodata1)

.sdata2
 *(.sdata2 .sdata2.* .gnu.linkonce.s2.*)

.sbss2
 *(.sbss2 .sbss2.* .gnu.linkonce.sb2.*)

.eh_frame_hdr
 *(.eh_frame_hdr)
                0x00000000a009469c                . = (ALIGN (0x100) + (. & 0xff))
                0x00000000a009469c                . = ALIGN (0x4)
                0x00000000a009469c                PROVIDE (__preinit_array_start, .)

.preinit_array
 *(.preinit_array)
                0x00000000a009469c                PROVIDE (__preinit_array_end, .)
                0x00000000a009469c                PROVIDE (__init_array_start, .)

.init_array
 *(.init_array)
                0x00000000a009469c                PROVIDE (__init_array_end, .)
                0x00000000a009469c                PROVIDE (__fini_array_start, .)

.fini_array
 *(.fini_array)
                0x00000000a009469c                PROVIDE (__fini_array_end, .)

.data           0x00000000a00946a0      0x798
                0x00000000a00946a0                __data_start = .
 *(.data .data.* .gnu.linkonce.d.*)
 .data          0x00000000a00946a0        0x0 Debug\hyperscan_startup.o
 .data          0x00000000a00946a0        0x0 Debug\main.o
 .data          0x00000000a00946a0        0x0 Debug\libgloss.o
 .data          0x00000000a00946a0        0x0 Debug\UART.o
 .data          0x00000000a00946a0        0x0 Debug\TV.o
 .data          0x00000000a00946a0        0x0 Debug\NorFlash.o
 .data          0x00000000a00946a0        0x0 Debug\User_IRQ.o
 .data          0x00000000a00946a0        0x0 Debug\Sys_isr.o
 .data          0x00000000a00946a0        0x0 Debug\Sys_IRQ.o
 .data          0x00000000a00946a0        0x0 Debug\I2C.o
 .data          0x00000000a00946a0        0x0 Debug\HS_Controller.o
 .data          0x00000000a00946a0        0x0 c:/sunplus/s_core~1.1/gnu/bin/../lib/gcc/score-elf/4.2.1/../../../../score-elf/lib/mel\libc.a(abort.o)
 .data          0x00000000a00946a0        0x0 c:/sunplus/s_core~1.1/gnu/bin/../lib/gcc/score-elf/4.2.1/../../../../score-elf/lib/mel\libc.a(signal.o)
 .data          0x00000000a00946a0        0x0 c:/sunplus/s_core~1.1/gnu/bin/../lib/gcc/score-elf/4.2.1/../../../../score-elf/lib/mel\libc.a(syswrite.o)
 .data          0x00000000a00946a0      0x388 c:/sunplus/s_core~1.1/gnu/bin/../lib/gcc/score-elf/4.2.1/../../../../score-elf/lib/mel\libc.a(impure.o)
                0x00000000a00946a0                _impure_ptr
 .data          0x00000000a0094a28      0x410 c:/sunplus/s_core~1.1/gnu/bin/../lib/gcc/score-elf/4.2.1/../../../../score-elf/lib/mel\libc.a(mallocr.o)
                0x00000000a0094e34                __malloc_sbrk_base
                0x00000000a0094a28                __malloc_av_
                0x00000000a0094e30                __malloc_trim_threshold
 .data          0x00000000a0094e38        0x0 c:/sunplus/s_core~1.1/gnu/bin/../lib/gcc/score-elf/4.2.1/../../../../score-elf/lib/mel\libc.a(mlock.o)
 .data          0x00000000a0094e38        0x0 c:/sunplus/s_core~1.1/gnu/bin/../lib/gcc/score-elf/4.2.1/../../../../score-elf/lib/mel\libc.a(freer.o)

.data1
 *(.data1)

.tdata
 *(.tdata .tdata.* .gnu.linkonce.td.*)

.tbss
 *(.tbss .tbss.* .gnu.linkonce.tb.*)
 *(.tcommon)

.eh_frame
 *(.eh_frame)

.gcc_except_table
 *(.gcc_except_table)

.dynamic
 *(.dynamic)

.ctors
 *crtbegin.o(.ctors)
 *(EXCLUDE_FILE(*crtend.o) .ctors)
 *(SORT(.ctors.*))
 *(.ctors)

.dtors
 *crtbegin.o(.dtors)
 *(EXCLUDE_FILE(*crtend.o) .dtors)
 *(SORT(.dtors.*))
 *(.dtors)

.jcr
 *(.jcr)

.got
 *(.got.plt)
 *(.got)
                0x00000000a0098e38                _gp = (. + 0x4000)

.sdata          0x00000000a0094e38        0x4
                0x00000000a0094e38                _sdata_start = .
 *(.sdata .sdata.* .gnu.linkonce.s.*)
 .sdata         0x00000000a0094e38        0x4 Debug\main.o
                0x00000000a0094e38                fb
                0x00000000a0094e3c                _edata = .
                0x00000000a0094e3c                PROVIDE (edata, .)
                0x00000000a0094e3c                . = ALIGN (0x4)
                0x00000000a0094e3c                __bss_start = .
                0x00000000a0094e3c                __bss_start__ = .

.sbss           0x00000000a0094e3c        0x9
                0x00000000a0094e3c                PROVIDE (__sbss_start, .)
                0x00000000a0094e3c                PROVIDE (___sbss_start, .)
 *(.dynsbss)
 *(.sbss .sbss.* .gnu.linkonce.sb.*)
 .sbss          0x00000000a0094e3c        0x4 Debug\libgloss.o
 *(.scommon)
 .scommon       0x00000000a0094e40        0x5 Debug\HS_Controller.o
                0x00000000a0094e40                controller
                0x00000000a0094e45                PROVIDE (__sbss_end, .)
                0x00000000a0094e45                PROVIDE (___sbss_end, .)
                0x00000000a0098e38                _gp = (_sdata_start + 0x4000)

.bss            0x00000000a0094e48    0x80264
 *(.dynbss)
 *(.bss .bss.* .gnu.linkonce.b.*)
 .bss           0x00000000a0094e48        0x0 Debug\hyperscan_startup.o
 .bss           0x00000000a0094e48        0x0 Debug\main.o
 .bss           0x00000000a0094e48    0x80000 Debug\libgloss.o
 .bss           0x00000000a0114e48        0x0 Debug\UART.o
 .bss           0x00000000a0114e48        0x0 Debug\TV.o
 .bss           0x00000000a0114e48        0x0 Debug\NorFlash.o
 .bss           0x00000000a0114e48        0x0 Debug\User_IRQ.o
 .bss           0x00000000a0114e48        0x0 Debug\Sys_isr.o
 .bss           0x00000000a0114e48        0x0 Debug\Sys_IRQ.o
 .bss           0x00000000a0114e48        0x0 Debug\I2C.o
 .bss           0x00000000a0114e48        0x0 Debug\HS_Controller.o
 .bss           0x00000000a0114e48        0x0 c:/sunplus/s_core~1.1/gnu/bin/../lib/gcc/score-elf/4.2.1/../../../../score-elf/lib/mel\libc.a(abort.o)
 .bss           0x00000000a0114e48        0x0 c:/sunplus/s_core~1.1/gnu/bin/../lib/gcc/score-elf/4.2.1/../../../../score-elf/lib/mel\libc.a(signal.o)
 .bss           0x00000000a0114e48        0x0 c:/sunplus/s_core~1.1/gnu/bin/../lib/gcc/score-elf/4.2.1/../../../../score-elf/lib/mel\libc.a(syswrite.o)
 .bss           0x00000000a0114e48        0x0 c:/sunplus/s_core~1.1/gnu/bin/../lib/gcc/score-elf/4.2.1/../../../../score-elf/lib/mel\libc.a(impure.o)
 .bss           0x00000000a0114e48       0x34 c:/sunplus/s_core~1.1/gnu/bin/../lib/gcc/score-elf/4.2.1/../../../../score-elf/lib/mel\libc.a(mallocr.o)
                0x00000000a0114e48                __malloc_top_pad
                0x00000000a0114e4c                __malloc_max_sbrked_mem
                0x00000000a0114e54                __malloc_current_mallinfo
                0x00000000a0114e50                __malloc_max_total_mem
 .bss           0x00000000a0114e7c        0x0 c:/sunplus/s_core~1.1/gnu/bin/../lib/gcc/score-elf/4.2.1/../../../../score-elf/lib/mel\libc.a(mlock.o)
 .bss           0x00000000a0114e7c        0x0 c:/sunplus/s_core~1.1/gnu/bin/../lib/gcc/score-elf/4.2.1/../../../../score-elf/lib/mel\libc.a(freer.o)
 *(COMMON)
 COMMON         0x00000000a0114e7c      0x230 Debug\libgloss.o
                0x00000000a0114e7c                fs
                0x00000000a01150ac                . = ALIGN (0x4)
                0x00000000a01150ac                . = ALIGN (0x4)
                0x00000000a01150ac                _end = .
                0x00000000a01150ac                _bss_end__ = .
                0x00000000a01150ac                __bss_end__ = .
                0x00000000a01150ac                __end__ = .
                0x00000000a01150ac                PROVIDE (end, .)

.stab
 *(.stab)

.stabstr
 *(.stabstr)

.stab.excl
 *(.stab.excl)

.stab.exclstr
 *(.stab.exclstr)

.stab.index
 *(.stab.index)

.stab.indexstr
 *(.stab.indexstr)

.comment        0x0000000000000000      0x120
 *(.comment)
 .comment       0x0000000000000000       0x12 Debug\main.o
 .comment       0x0000000000000012       0x12 Debug\libgloss.o
 .comment       0x0000000000000024       0x12 Debug\UART.o
 .comment       0x0000000000000036       0x12 Debug\TV.o
 .comment       0x0000000000000048       0x12 Debug\NorFlash.o
 .comment       0x000000000000005a       0x12 Debug\User_IRQ.o
 .comment       0x000000000000006c       0x12 Debug\Sys_IRQ.o
 .comment       0x000000000000007e       0x12 Debug\I2C.o
 .comment       0x0000000000000090       0x12 Debug\HS_Controller.o
 .comment       0x00000000000000a2       0x12 c:/sunplus/s_core~1.1/gnu/bin/../lib/gcc/score-elf/4.2.1/../../../../score-elf/lib/mel\libc.a(abort.o)
 .comment       0x00000000000000b4       0x12 c:/sunplus/s_core~1.1/gnu/bin/../lib/gcc/score-elf/4.2.1/../../../../score-elf/lib/mel\libc.a(signal.o)
 .comment       0x00000000000000c6       0x12 c:/sunplus/s_core~1.1/gnu/bin/../lib/gcc/score-elf/4.2.1/../../../../score-elf/lib/mel\libc.a(syswrite.o)
 .comment       0x00000000000000d8       0x12 c:/sunplus/s_core~1.1/gnu/bin/../lib/gcc/score-elf/4.2.1/../../../../score-elf/lib/mel\libc.a(impure.o)
 .comment       0x00000000000000ea       0x12 c:/sunplus/s_core~1.1/gnu/bin/../lib/gcc/score-elf/4.2.1/../../../../score-elf/lib/mel\libc.a(mallocr.o)
 .comment       0x00000000000000fc       0x12 c:/sunplus/s_core~1.1/gnu/bin/../lib/gcc/score-elf/4.2.1/../../../../score-elf/lib/mel\libc.a(mlock.o)
 .comment       0x000000000000010e       0x12 c:/sunplus/s_core~1.1/gnu/bin/../lib/gcc/score-elf/4.2.1/../../../../score-elf/lib/mel\libc.a(freer.o)

.debug
 *(.debug)

.line
 *(.line)

.debug_srcinfo
 *(.debug_srcinfo)

.debug_sfnames
 *(.debug_sfnames)

.debug_aranges  0x0000000000000000      0x160
 *(.debug_aranges)
 .debug_aranges
                0x0000000000000000       0x20 Debug\hyperscan_startup.o
 .debug_aranges
                0x0000000000000020       0x20 Debug\main.o
 .debug_aranges
                0x0000000000000040       0x20 Debug\libgloss.o
 .debug_aranges
                0x0000000000000060       0x20 Debug\UART.o
 .debug_aranges
                0x0000000000000080       0x20 Debug\TV.o
 .debug_aranges
                0x00000000000000a0       0x20 Debug\NorFlash.o
 .debug_aranges
                0x00000000000000c0       0x20 Debug\User_IRQ.o
 .debug_aranges
                0x00000000000000e0       0x20 Debug\Sys_isr.o
 .debug_aranges
                0x0000000000000100       0x20 Debug\Sys_IRQ.o
 .debug_aranges
                0x0000000000000120       0x20 Debug\I2C.o
 .debug_aranges
                0x0000000000000140       0x20 Debug\HS_Controller.o

.debug_pubnames
                0x0000000000000000      0x518
 *(.debug_pubnames)
 .debug_pubnames
                0x0000000000000000       0x22 Debug\main.o
 .debug_pubnames
                0x0000000000000022       0xc2 Debug\libgloss.o
 .debug_pubnames
                0x00000000000000e4       0x43 Debug\UART.o
 .debug_pubnames
                0x0000000000000127       0xd3 Debug\TV.o
 .debug_pubnames
                0x00000000000001fa       0xc3 Debug\NorFlash.o
 .debug_pubnames
                0x00000000000002bd      0x1a2 Debug\User_IRQ.o
 .debug_pubnames
                0x000000000000045f       0x2e Debug\Sys_IRQ.o
 .debug_pubnames
                0x000000000000048d       0x3c Debug\I2C.o
 .debug_pubnames
                0x00000000000004c9       0x4f Debug\HS_Controller.o

.debug_info     0x0000000000000000     0x29c8
 *(.debug_info .gnu.linkonce.wi.*)
 .debug_info    0x0000000000000000       0xe5 Debug\hyperscan_startup.o
 .debug_info    0x00000000000000e5      0x13b Debug\main.o
 .debug_info    0x0000000000000220     0x12ff Debug\libgloss.o
 .debug_info    0x000000000000151f      0x194 Debug\UART.o
 .debug_info    0x00000000000016b3      0x526 Debug\TV.o
 .debug_info    0x0000000000001bd9      0x2bf Debug\NorFlash.o
 .debug_info    0x0000000000001e98      0x48d Debug\User_IRQ.o
 .debug_info    0x0000000000002325       0xd5 Debug\Sys_isr.o
 .debug_info    0x00000000000023fa      0x149 Debug\Sys_IRQ.o
 .debug_info    0x0000000000002543      0x186 Debug\I2C.o
 .debug_info    0x00000000000026c9      0x2ff Debug\HS_Controller.o

.debug_abbrev   0x0000000000000000      0x625
 *(.debug_abbrev)
 .debug_abbrev  0x0000000000000000       0x14 Debug\hyperscan_startup.o
 .debug_abbrev  0x0000000000000014       0x5f Debug\main.o
 .debug_abbrev  0x0000000000000073      0x1f5 Debug\libgloss.o
 .debug_abbrev  0x0000000000000268       0x69 Debug\UART.o
 .debug_abbrev  0x00000000000002d1       0xa8 Debug\TV.o
 .debug_abbrev  0x0000000000000379       0x97 Debug\NorFlash.o
 .debug_abbrev  0x0000000000000410       0x49 Debug\User_IRQ.o
 .debug_abbrev  0x0000000000000459       0x14 Debug\Sys_isr.o
 .debug_abbrev  0x000000000000046d       0x69 Debug\Sys_IRQ.o
 .debug_abbrev  0x00000000000004d6       0x80 Debug\I2C.o
 .debug_abbrev  0x0000000000000556       0xcf Debug\HS_Controller.o

.debug_line     0x0000000000000000      0xbe0
 *(.debug_line)
 .debug_line    0x0000000000000000       0xbe Debug\hyperscan_startup.o
 .debug_line    0x00000000000000be       0x9a Debug\main.o
 .debug_line    0x0000000000000158      0x22e Debug\libgloss.o
 .debug_line    0x0000000000000386       0xa1 Debug\UART.o
 .debug_line    0x0000000000000427      0x190 Debug\TV.o
 .debug_line    0x00000000000005b7       0xfc Debug\NorFlash.o
 .debug_line    0x00000000000006b3      0x12d Debug\User_IRQ.o
 .debug_line    0x00000000000007e0      0x120 Debug\Sys_isr.o
 .debug_line    0x0000000000000900       0xe8 Debug\Sys_IRQ.o
 .debug_line    0x00000000000009e8       0xad Debug\I2C.o
 .debug_line    0x0000000000000a95      0x14b Debug\HS_Controller.o

.debug_frame    0x0000000000000000      0x940
 *(.debug_frame)
 .debug_frame   0x0000000000000000       0x30 Debug\main.o
 .debug_frame   0x0000000000000030      0x184 Debug\libgloss.o
 .debug_frame   0x00000000000001b4       0x5c Debug\UART.o
 .debug_frame   0x0000000000000210      0x15c Debug\TV.o
 .debug_frame   0x000000000000036c      0x100 Debug\NorFlash.o
 .debug_frame   0x000000000000046c      0x3d0 Debug\User_IRQ.o
 .debug_frame   0x000000000000083c       0x48 Debug\Sys_IRQ.o
 .debug_frame   0x0000000000000884       0x60 Debug\I2C.o
 .debug_frame   0x00000000000008e4       0x5c Debug\HS_Controller.o

.debug_str      0x0000000000000000       0x3a
 *(.debug_str)
 .debug_str     0x0000000000000000       0x1f Debug\libgloss.o
 .debug_str     0x000000000000001f       0x1b Debug\TV.o

.debug_loc      0x0000000000000000     0x1063
 *(.debug_loc)
 .debug_loc     0x0000000000000000       0x43 Debug\main.o
 .debug_loc     0x0000000000000043      0x2c6 Debug\libgloss.o
 .debug_loc     0x0000000000000309       0x8d Debug\UART.o
 .debug_loc     0x0000000000000396      0x288 Debug\TV.o
 .debug_loc     0x000000000000061e      0x1e8 Debug\NorFlash.o
 .debug_loc     0x0000000000000806      0x6b8 Debug\User_IRQ.o
 .debug_loc     0x0000000000000ebe       0x6e Debug\Sys_IRQ.o
 .debug_loc     0x0000000000000f2c       0x99 Debug\I2C.o
 .debug_loc     0x0000000000000fc5       0x9e Debug\HS_Controller.o

.debug_macinfo
 *(.debug_macinfo)

.debug_weaknames
 *(.debug_weaknames)

.debug_funcnames
 *(.debug_funcnames)

.debug_typenames
 *(.debug_typenames)

.debug_varnames
 *(.debug_varnames)
OUTPUT(Debug\hyperscan.elf elf32-littlescore)

.pdr            0x0000000000000000      0xc80
 .pdr           0x0000000000000000        0x0 Debug\hyperscan_startup.o
 .pdr           0x0000000000000000       0x20 Debug\main.o
 .pdr           0x0000000000000020      0x1c0 Debug\libgloss.o
 .pdr           0x00000000000001e0       0x60 Debug\UART.o
 .pdr           0x0000000000000240      0x180 Debug\TV.o
 .pdr           0x00000000000003c0      0x100 Debug\NorFlash.o
 .pdr           0x00000000000004c0      0x500 Debug\User_IRQ.o
 .pdr           0x00000000000009c0        0x0 Debug\Sys_isr.o
 .pdr           0x00000000000009c0       0x40 Debug\Sys_IRQ.o
 .pdr           0x0000000000000a00       0x60 Debug\I2C.o
 .pdr           0x0000000000000a60       0x40 Debug\HS_Controller.o
 .pdr           0x0000000000000aa0       0x20 c:/sunplus/s_core~1.1/gnu/bin/../lib/gcc/score-elf/4.2.1/../../../../score-elf/lib/mel\libc.a(abort.o)
 .pdr           0x0000000000000ac0      0x100 c:/sunplus/s_core~1.1/gnu/bin/../lib/gcc/score-elf/4.2.1/../../../../score-elf/lib/mel\libc.a(signal.o)
 .pdr           0x0000000000000bc0       0x20 c:/sunplus/s_core~1.1/gnu/bin/../lib/gcc/score-elf/4.2.1/../../../../score-elf/lib/mel\libc.a(syswrite.o)
 .pdr           0x0000000000000be0        0x0 c:/sunplus/s_core~1.1/gnu/bin/../lib/gcc/score-elf/4.2.1/../../../../score-elf/lib/mel\libc.a(impure.o)
 .pdr           0x0000000000000be0       0x20 c:/sunplus/s_core~1.1/gnu/bin/../lib/gcc/score-elf/4.2.1/../../../../score-elf/lib/mel\libc.a(mallocr.o)
 .pdr           0x0000000000000c00       0x40 c:/sunplus/s_core~1.1/gnu/bin/../lib/gcc/score-elf/4.2.1/../../../../score-elf/lib/mel\libc.a(mlock.o)
 .pdr           0x0000000000000c40       0x40 c:/sunplus/s_core~1.1/gnu/bin/../lib/gcc/score-elf/4.2.1/../../../../score-elf/lib/mel\libc.a(freer.o)
