Archive member included because of file (symbol)

.\Lib\MP3Core.a(scr_mp3entry.o)
                              Debug\MP3Drv.o (mp3_decoder_run)
.\Lib\MP3Core.a(mpgaudio.o)   Debug\MP3Drv.o (mp3_decoder_init)
.\Lib\MP3Core.a(mp3enc.o)     .\Lib\MP3Core.a(scr_mp3entry.o) (__mp3_encoder_run)
.\Lib\MP3Core.a(layer3_enc.o)
                              .\Lib\MP3Core.a(mp3enc.o) (init_slot_state)
.\Lib\MP3Core.a(layer3.o)     .\Lib\MP3Core.a(mpgaudio.o) (mp3_do_layer3)
.\Lib\MP3Core.a(layer2.o)     .\Lib\MP3Core.a(mpgaudio.o) (mp3_do_layer2)
.\Lib\MP3Core.a(layer1.o)     .\Lib\MP3Core.a(mpgaudio.o) (mp3_do_layer1)
.\Lib\MP3Core.a(L3subband.o)  .\Lib\MP3Core.a(mp3enc.o) (init_analysis_filterbank)
.\Lib\MP3Core.a(L3mdct.o)     .\Lib\MP3Core.a(mp3enc.o) (mdct_analysis)
.\Lib\MP3Core.a(L3loop.o)     .\Lib\MP3Core.a(mp3enc.o) (iteration_loop)
.\Lib\MP3Core.a(L3bitstream.o)
                              .\Lib\MP3Core.a(mp3enc.o) (encode_side_info)
.\Lib\MP3Core.a(i_stereo.o)   .\Lib\MP3Core.a(layer3.o) (III_i_stereo)
.\Lib\MP3Core.a(hybrid.o)     .\Lib\MP3Core.a(mpgaudio.o) (mp3_reset_old_block)
.\Lib\MP3Core.a(huffman.o)    .\Lib\MP3Core.a(L3loop.o) (count1_eht)
.\Lib\MP3Core.a(filterbank.o)
                              .\Lib\MP3Core.a(mpgaudio.o) (mp3_reset_Vi)
.\Lib\MP3Core.a(common.o)     .\Lib\MP3Core.a(mpgaudio.o) (mp3_freqs)
.\Lib\MP3Core.a(bitstream.o)  .\Lib\MP3Core.a(mp3enc.o) (init_putbits)
.\Lib\MP3Core.a(tables.o)     .\Lib\MP3Core.a(L3loop.o) (scf_band_index)
.\Lib\MP3Core.a(scr_windowing.o)
                              .\Lib\MP3Core.a(filterbank.o) (windowing_a)
.\Lib\MP3Core.a(scr_scaled_dct.o)
                              .\Lib\MP3Core.a(filterbank.o) (scaled_chen_DCT_32_a)
.\Lib\MP3Core.a(scr_ms_stereo.o)
                              .\Lib\MP3Core.a(layer3.o) (do_ms_stereo_a)
.\Lib\MP3Core.a(scr_mdct32_type3.o)
                              .\Lib\MP3Core.a(L3subband.o) (dct32_type3_a)
.\Lib\MP3Core.a(scr_mdct.o)   .\Lib\MP3Core.a(L3mdct.o) (FDCT18_type4_inv_a)
.\Lib\MP3Core.a(scr_imdct36.o)
                              .\Lib\MP3Core.a(scr_mdct.o) (FFT9_radix3_a)
.\Lib\MP3Core.a(scr_imdct12.o)
                              .\Lib\MP3Core.a(hybrid.o) (imdct12_a)
.\Lib\MP3Core.a(scr_enc_aa.o)
                              .\Lib\MP3Core.a(L3mdct.o) (enc_antialiasing_a)
.\Lib\MP3Core.a(scr_antialiasing.o)
                              .\Lib\MP3Core.a(layer3.o) (III_antialias_a)
.\Lib\MP3Core.a(scr_analysis_filter.o)
                              .\Lib\MP3Core.a(L3subband.o) (analysis_filtering_a)
.\Lib\MP3Core.a(reservoir.o)  .\Lib\MP3Core.a(L3loop.o) (bits_per_channel)
.\Lib\MP3Core.a(mp3deq.o)     .\Lib\MP3Core.a(layer3.o) (III_dequantize_sample)
c:/sunplus/s_core~1.1/gnu/bin/../lib/gcc/score-elf/4.2.1/../../../../score-elf/lib/mel\libc.a(abort.o)
                              Debug\libgloss.o (abort)
c:/sunplus/s_core~1.1/gnu/bin/../lib/gcc/score-elf/4.2.1/../../../../score-elf/lib/mel\libc.a(exit.o)
                              c:/sunplus/s_core~1.1/gnu/bin/../lib/gcc/score-elf/4.2.1/mel/crti.o (exit)
c:/sunplus/s_core~1.1/gnu/bin/../lib/gcc/score-elf/4.2.1/../../../../score-elf/lib/mel\libc.a(impure.o)
                              c:/sunplus/s_core~1.1/gnu/bin/../lib/gcc/score-elf/4.2.1/../../../../score-elf/lib/mel\libc.a(exit.o) (_impure_ptr)
c:/sunplus/s_core~1.1/gnu/bin/../lib/gcc/score-elf/4.2.1/../../../../score-elf/lib/mel\libc.a(malloc.o)
                              Debug\main.o (malloc)
c:/sunplus/s_core~1.1/gnu/bin/../lib/gcc/score-elf/4.2.1/../../../../score-elf/lib/mel\libc.a(mallocr.o)
                              c:/sunplus/s_core~1.1/gnu/bin/../lib/gcc/score-elf/4.2.1/../../../../score-elf/lib/mel\libc.a(malloc.o) (_malloc_r)
c:/sunplus/s_core~1.1/gnu/bin/../lib/gcc/score-elf/4.2.1/../../../../score-elf/lib/mel\libc.a(memcmp.o)
                              Debug\ff.o (memcmp)
c:/sunplus/s_core~1.1/gnu/bin/../lib/gcc/score-elf/4.2.1/../../../../score-elf/lib/mel\libc.a(memcpy.o)
                              Debug\ff.o (memcpy)
c:/sunplus/s_core~1.1/gnu/bin/../lib/gcc/score-elf/4.2.1/../../../../score-elf/lib/mel\libc.a(memset.o)
                              Debug\ff.o (memset)
c:/sunplus/s_core~1.1/gnu/bin/../lib/gcc/score-elf/4.2.1/../../../../score-elf/lib/mel\libc.a(mlock.o)
                              c:/sunplus/s_core~1.1/gnu/bin/../lib/gcc/score-elf/4.2.1/../../../../score-elf/lib/mel\libc.a(mallocr.o) (__malloc_lock)
c:/sunplus/s_core~1.1/gnu/bin/../lib/gcc/score-elf/4.2.1/../../../../score-elf/lib/mel\libc.a(printf.o)
                              Debug\main.o (printf)
c:/sunplus/s_core~1.1/gnu/bin/../lib/gcc/score-elf/4.2.1/../../../../score-elf/lib/mel\libc.a(signal.o)
                              c:/sunplus/s_core~1.1/gnu/bin/../lib/gcc/score-elf/4.2.1/../../../../score-elf/lib/mel\libc.a(abort.o) (raise)
c:/sunplus/s_core~1.1/gnu/bin/../lib/gcc/score-elf/4.2.1/../../../../score-elf/lib/mel\libc.a(sprintf.o)
                              Debug\main.o (sprintf)
[...]
Memory Configuration

Name             Origin             Length             Attributes
*default*        0x0000000000000000 0xffffffffffffffff

Linker script and memory map

LOAD c:/sunplus/s_core~1.1/gnu/bin/../lib/gcc/score-elf/4.2.1/mel/crti.o
LOAD c:/sunplus/s_core~1.1/gnu/bin/../lib/gcc/score-elf/4.2.1/mel/crtbegin.o
LOAD Obj.lst
LOAD Debug\hyperscan_startup.o
LOAD Debug\main.o
LOAD Debug\MP3Drv.o
LOAD Debug\libgloss.o
LOAD Debug\UART.o
LOAD Debug\TV.o
LOAD Debug\NorFlash.o
LOAD Debug\User_IRQ.o
LOAD Debug\Sys_isr.o
LOAD Debug\Sys_IRQ.o
LOAD Debug\I2C.o
LOAD Debug\ff.o
LOAD Debug\diskio.o
LOAD Debug\HS_Controller.o
LOAD Lib.lst
LOAD .\Lib\MP3Core.a
LOAD c:/sunplus/s_core~1.1/gnu/bin/../lib/gcc/score-elf/4.2.1/../../../../score-elf/lib/mel\libm.a
LOAD c:/sunplus/s_core~1.1/gnu/bin/../lib/gcc/score-elf/4.2.1/../../../../score-elf/lib/mel\libc.a
LOAD c:/sunplus/s_core~1.1/gnu/bin/../lib/gcc/score-elf/4.2.1/mel\libgcc.a
LOAD c:/sunplus/s_core~1.1/gnu/bin/../lib/gcc/score-elf/4.2.1/mel\libgcc.a
LOAD c:/sunplus/s_core~1.1/gnu/bin/../lib/gcc/score-elf/4.2.1/../../../../score-elf/lib/mel\libc.a
LOAD c:/sunplus/s_core~1.1/gnu/bin/../lib/gcc/score-elf/4.2.1/mel\libgcc.a
LOAD c:/sunplus/s_core~1.1/gnu/bin/../lib/gcc/score-elf/4.2.1/mel/crtend.o
LOAD c:/sunplus/s_core~1.1/gnu/bin/../lib/gcc/score-elf/4.2.1/mel/crtn.o
START GROUP
LOAD c:/sunplus/s_core~1.1/gnu/bin/../lib/gcc/score-elf/4.2.1/../../../../score-elf/lib/mel\libc.a
LOAD c:/sunplus/s_core~1.1/gnu/bin/../lib/gcc/score-elf/4.2.1/../../../../score-elf/lib/mel\libm.a
LOAD c:/sunplus/s_core~1.1/gnu/bin/../lib/gcc/score-elf/4.2.1/mel\libgcc.a
END GROUP

.exception      0x00000000a0e001fc      0x23c
 *(.exception_vec)
 .exception_vec
                0x00000000a0e001fc      0x23c Debug\Sys_isr.o

.stack          0x00000000a0fffff0        0x0
                0x00000000a0fffff0                _stack = .
 *(.stack)
                0x00000000a0e01000                . = 0xa0e01000

.interp
 *(.interp)

.hash
 *(.hash)

.dynsym
 *(.dynsym)

.dynstr
 *(.dynstr)

.gnu.version
 *(.gnu.version)

.gnu.version_d
 *(.gnu.version_d)

.gnu.version_r
 *(.gnu.version_r)

.rel.dyn        0x00000000a0e01000        0x0
 *(.rel.init)
 *(.rel.text .rel.text.* .rel.gnu.linkonce.t.*)
 *(.rel.fini)
 *(.rel.rodata .rel.rodata.* .rel.gnu.linkonce.r.*)
 *(.rel.data .rel.data.* .rel.gnu.linkonce.d.*)
 *(.rel.tdata .rel.tdata.* .rel.gnu.linkonce.td.*)
 *(.rel.tbss .rel.tbss.* .rel.gnu.linkonce.tb.*)
 *(.rel.ctors)
 *(.rel.dtors)
 *(.rel.got)
 *(.rel.sdata .rel.sdata.* .rel.gnu.linkonce.s.*)
 *(.rel.sbss .rel.sbss.* .rel.gnu.linkonce.sb.*)
 *(.rel.sdata2 .rel.sdata2.* .rel.gnu.linkonce.s2.*)
 *(.rel.sbss2 .rel.sbss2.* .rel.gnu.linkonce.sb2.*)
 *(.rel.bss .rel.bss.* .rel.gnu.linkonce.b.*)
 .rel.dyn       0x0000000000000000        0x0 .\Lib\MP3Core.a(layer3.o)

.rela.dyn
 *(.rela.init)
 *(.rela.text .rela.text.* .rela.gnu.linkonce.t.*)
 *(.rela.fini)
 *(.rela.rodata .rela.rodata.* .rela.gnu.linkonce.r.*)
 *(.rela.data .rela.data.* .rela.gnu.linkonce.d.*)
 *(.rela.tdata .rela.tdata.* .rela.gnu.linkonce.td.*)
 *(.rela.tbss .rela.tbss.* .rela.gnu.linkonce.tb.*)
 *(.rela.ctors)
 *(.rela.dtors)
 *(.rela.got)
 *(.rela.sdata .rela.sdata.* .rela.gnu.linkonce.s.*)
 *(.rela.sbss .rela.sbss.* .rela.gnu.linkonce.sb.*)
 *(.rela.sdata2 .rela.sdata2.* .rela.gnu.linkonce.s2.*)
 *(.rela.sbss2 .rela.sbss2.* .rela.gnu.linkonce.sb2.*)
 *(.rela.bss .rela.bss.* .rela.gnu.linkonce.b.*)

.rel.plt
 *(.rel.plt)

.rela.plt
 *(.rela.plt)

.hardware_init  0x00000000a0e01000       0x70
 *(.hardware_init)
 .hardware_init
                0x00000000a0e01000       0x70 Debug\hyperscan_startup.o
                0x00000000a0e01000                _hardware_init

.init           0x00000000a0e01070       0x70
 *(.init)
 .init          0x00000000a0e01070       0x5c c:/sunplus/s_core~1.1/gnu/bin/../lib/gcc/score-elf/4.2.1/mel/crti.o
                0x00000000a0e010bc                _init_argv
                0x00000000a0e010c4                _init
                0x00000000a0e01070                _start
 .init          0x00000000a0e010cc        0x4 c:/sunplus/s_core~1.1/gnu/bin/../lib/gcc/score-elf/4.2.1/mel/crtbegin.o
 .init          0x00000000a0e010d0        0x4 c:/sunplus/s_core~1.1/gnu/bin/../lib/gcc/score-elf/4.2.1/mel/crtend.o
 .init          0x00000000a0e010d4        0xc c:/sunplus/s_core~1.1/gnu/bin/../lib/gcc/score-elf/4.2.1/mel/crtn.o

.plt
 *(.plt)

.text           0x00000000a0e010e0    0x18d78
 *(.text .stub .text.* .gnu.linkonce.t.*)
 .text          0x00000000a0e010e0        0x0 c:/sunplus/s_core~1.1/gnu/bin/../lib/gcc/score-elf/4.2.1/mel/crti.o
 .text          0x00000000a0e010e0       0xe4 c:/sunplus/s_core~1.1/gnu/bin/../lib/gcc/score-elf/4.2.1/mel/crtbegin.o
 .text          0x00000000a0e011c4        0x0 Debug\hyperscan_startup.o
 .text          0x00000000a0e011c4      0xcd8 Debug\main.o
                0x00000000a0e01a30                execute_binary
                0x00000000a0e01228                box
                0x00000000a0e01784                Load_Directory_List
                0x00000000a0e011c4                draw_pixel
                0x00000000a0e01678                Get_Dir_List_Size
                0x00000000a0e01470                Menu_Border
                0x00000000a0e01b34                main
                0x00000000a0e01508                DAC_Init
                0x00000000a0e015a4                Load_BG_Music
 .text          0x00000000a0e01e9c      0xcb8 Debug\MP3Drv.o
                0x00000000a0e025fc                MP3_Output_Left_Only
                0x00000000a0e025cc                Repeat_OFF_MP3
                0x00000000a0e025b4                Repeat_ON_MP3
                0x00000000a0e0294c                bs_byte_size
                0x00000000a0e0257c                Resume_MP3
                0x00000000a0e02294                MP3_Service_Loop_ISR
                0x00000000a0e029e4                read_bs
                0x00000000a0e0232c                EnableSoftCh
                0x00000000a0e02624                MP3_Service_Loop
                0x00000000a0e02610                MP3_Output_Right_Only
                0x00000000a0e02998                get_bs_free_bytes
                0x00000000a0e025e8                MP3_Output_Stereo
                0x00000000a0e02510                Get_MP3_Status
                0x00000000a0e01e9c                FillSoftFIFO
                0x00000000a0e023d4                Init_MP3
                0x00000000a0e02410                Play_MP3
                0x00000000a0e02ad4                read_bitstream
                0x00000000a0e0254c                Pause_MP3
                0x00000000a0e02520                Stop_MP3
 .text          0x00000000a0e02b54      0x3c0 Debug\libgloss.o
                0x00000000a0e02e84                _getpid
                0x00000000a0e02e04                _lseek_r
                0x00000000a0e02edc                _kill_r
                0x00000000a0e02e1c                _fstat_r
                0x00000000a0e02e3c                isatty
                0x00000000a0e02e94                _getpid_r
                0x00000000a0e02d74                _sbrk_r
                0x00000000a0e02bd4                _read_r
                0x00000000a0e02b54                _putc_r
                0x00000000a0e02d28                _open_r
                0x00000000a0e02d40                _close_r
                0x00000000a0e02ca4                _write_r
                0x00000000a0e02ea4                _kill
                0x00000000a0e02d54                _exit
 .text          0x00000000a0e02f14       0xd8 Debug\UART.o
                0x00000000a0e02f14                UART_Init
                0x00000000a0e02f20                UART_SendChar
                0x00000000a0e02f70                UART_GetChar
 .text          0x00000000a0e02fec      0x5a4 Debug\TV.o
                0x00000000a0e03530                TV_FadeIn
                0x00000000a0e03040                TV_Init
                0x00000000a0e03108                TV_Buffer_Sel
                0x00000000a0e02fec                TV_ClearScreen
                0x00000000a0e03164                TV_Fade
                0x00000000a0e032c8                TV_PrintColor
                0x00000000a0e034d8                TV_FadeOut
                0x00000000a0e03400                TV_PrintHex
                0x00000000a0e030d4                TV_Buffer_Set
                0x00000000a0e03184                TV_Print
                0x00000000a0e03144                TV_Hue
                0x00000000a0e03124                TV_Saturation
 .text          0x00000000a0e03590      0x3d0 Debug\NorFlash.o
                0x00000000a0e035c8                NorFlash_ChipErase
                0x00000000a0e03704                NorFlash_SectorErase
                0x00000000a0e03590                NorFlash_Init
                0x00000000a0e038d8                NorFlash_SetAddress
                0x00000000a0e03864                NorFlash_WordWrite
                0x00000000a0e0364c                NorFlash_BlockErase
                0x00000000a0e037bc                NorFlash_Write32
                0x00000000a0e0392c                NorFlash_Delay
 .text          0x00000000a0e03960      0x1e0 Debug\User_IRQ.o
                0x00000000a0e03b04                IRQ28
                0x00000000a0e039c0                IRQ55
                0x00000000a0e0399c                IRQ58
                0x00000000a0e03a74                IRQ40
                0x00000000a0e03aa4                IRQ36
                0x00000000a0e03ae0                IRQ31
                0x00000000a0e0396c                IRQ62
                0x00000000a0e03978                IRQ61
                0x00000000a0e03a98                IRQ37
                0x00000000a0e03a8c                IRQ38
                0x00000000a0e03aec                IRQ30
                0x00000000a0e03af8                IRQ29
                0x00000000a0e039cc                IRQ54
                0x00000000a0e03a5c                IRQ42
                0x00000000a0e039a8                IRQ57
                0x00000000a0e039b4                IRQ56
                0x00000000a0e03a68                IRQ41
                0x00000000a0e03a20                IRQ47
                0x00000000a0e03ac8                IRQ33
                0x00000000a0e03990                IRQ59
                0x00000000a0e03b34                IRQ24
                0x00000000a0e03a80                IRQ39
                0x00000000a0e03a44                IRQ44
                0x00000000a0e03b10                IRQ27
                0x00000000a0e039f0                IRQ51
                0x00000000a0e03abc                IRQ34
                0x00000000a0e039fc                IRQ50
                0x00000000a0e03984                IRQ60
                0x00000000a0e03b28                IRQ25
                0x00000000a0e039d8                IRQ53
                0x00000000a0e03a08                IRQ49
                0x00000000a0e03a2c                IRQ46
                0x00000000a0e03a38                IRQ45
                0x00000000a0e03b1c                IRQ26
                0x00000000a0e039e4                IRQ52
                0x00000000a0e03ad4                IRQ32
                0x00000000a0e03a50                IRQ43
                0x00000000a0e03a14                IRQ48
                0x00000000a0e03960                IRQ63
                0x00000000a0e03ab0                IRQ35
 .text          0x00000000a0e03b40        0x0 Debug\Sys_isr.o
 .text          0x00000000a0e03b40      0x198 Debug\Sys_IRQ.o
                0x00000000a0e03b48                irq_dispatch
                0x00000000a0e03b40                intmsg
 .text          0x00000000a0e03cd8      0x164 Debug\I2C.o
                0x00000000a0e03db4                I2C_Write8
                0x00000000a0e03cd8                I2C_Init
                0x00000000a0e03d28                I2C_Read8
 .text          0x00000000a0e03e3c     0x4644 Debug\ff.o
                0x00000000a0e081dc                f_rename
                0x00000000a0e07ce0                f_truncate
                0x00000000a0e0794c                f_closedir
                0x00000000a0e07e64                f_unlink
                0x00000000a0e07480                f_close
                0x00000000a0e06bd0                f_read
                0x00000000a0e07990                f_readdir
                0x00000000a0e07360                f_sync
                0x00000000a0e06698                f_mount
                0x00000000a0e07834                f_opendir
                0x00000000a0e074dc                f_lseek
                0x00000000a0e07a34                f_stat
                0x00000000a0e06f18                f_write
                0x00000000a0e06790                f_open
                0x00000000a0e07fe4                f_mkdir
                0x00000000a0e07ac8                f_getfree
 .text          0x00000000a0e08480      0x220 Debug\diskio.o
                0x00000000a0e084ec                USB_disk_initialize
                0x00000000a0e08568                DiskB_ReadSector
                0x00000000a0e08604                disk_initialize
                0x00000000a0e085f0                disk_status
                0x00000000a0e08688                disk_ioctl
                0x00000000a0e08480                DiskB_Initial
                0x00000000a0e085ac                DiskB_WriteSector
                0x00000000a0e08658                disk_write
                0x00000000a0e08628                disk_read
 .text          0x00000000a0e086a0      0x138 Debug\HS_Controller.o
                0x00000000a0e086f4                HS_Controller_Read
                0x00000000a0e086a0                HS_Controller_Init
 *fill*         0x00000000a0e087d8        0x8 00000000
 .text          0x00000000a0e087e0       0x60 .\Lib\MP3Core.a(scr_mp3entry.o)
                0x00000000a0e08818                mp3_encoder_run
                0x00000000a0e087e0                mp3_decoder_run
 .text          0x00000000a0e08840      0x5f0 .\Lib\MP3Core.a(mpgaudio.o)
                0x00000000a0e08d04                mp3_get_channel_number
                0x00000000a0e08e0c                mp3_errno
                0x00000000a0e08cd0                mp3_decoder_read_index
                0x00000000a0e08dac                mp3_get_sampling_rate
                0x00000000a0e08df4                mp3_get_frame_count
                0x00000000a0e08840                mp3_decoder_init
                0x00000000a0e08e24                mp3_version_string
                0x00000000a0e08ce8                mp3_decoder_set_file_end
                0x00000000a0e0888c                __mp3_decoder_run
                0x00000000a0e08d38                mp3_get_bitrate
 .text          0x00000000a0e08e30      0x538 .\Lib\MP3Core.a(mp3enc.o)
                0x00000000a0e0904c                __mp3_encoder_run
                0x00000000a0e09358                mp3_encoder_frame_size
                0x00000000a0e08e30                mp3_encoder_init
 .text          0x00000000a0e09368      0x124 .\Lib\MP3Core.a(layer3_enc.o)
                0x00000000a0e09368                init_slot_state
                0x00000000a0e093d0                update_slot_state
 .text          0x00000000a0e0948c     0x1138 .\Lib\MP3Core.a(layer3.o)
                0x00000000a0e09c60                mp3_do_layer3
 .text          0x00000000a0e0a5c4      0xb34 .\Lib\MP3Core.a(layer2.o)
                0x00000000a0e0a5c4                mp3_do_layer2
 .text          0x00000000a0e0b0f8      0x634 .\Lib\MP3Core.a(layer1.o)
                0x00000000a0e0b0f8                mp3_do_layer1
 .text          0x00000000a0e0b72c      0x1ec .\Lib\MP3Core.a(L3subband.o)
                0x00000000a0e0b774                analysis_filterbank
                0x00000000a0e0b72c                init_analysis_filterbank
 .text          0x00000000a0e0b918      0x23c .\Lib\MP3Core.a(L3mdct.o)
                0x00000000a0e0b918                mdct_analysis
 .text          0x00000000a0e0bb54     0x11b0 .\Lib\MP3Core.a(L3loop.o)
                0x00000000a0e0bfa0                iteration_loop
 .text          0x00000000a0e0cd04      0x918 .\Lib\MP3Core.a(L3bitstream.o)
                0x00000000a0e0cf84                HuffmanCode
                0x00000000a0e0cd04                encode_side_info
                0x00000000a0e0d1b4                L3_huffman_coder_count1
                0x00000000a0e0d544                write_padding_bits
                0x00000000a0e0d2d0                format_main_data
 .text          0x00000000a0e0d61c      0x324 .\Lib\MP3Core.a(i_stereo.o)
                0x00000000a0e0d61c                III_i_stereo
 .text          0x00000000a0e0d940      0x250 .\Lib\MP3Core.a(hybrid.o)
                0x00000000a0e0d958                III_hybrid
                0x00000000a0e0d940                mp3_reset_old_block
 .text          0x00000000a0e0db90        0x0 .\Lib\MP3Core.a(huffman.o)
 .text          0x00000000a0e0db90      0x2f8 .\Lib\MP3Core.a(filterbank.o)
                0x00000000a0e0db90                mp3_reset_Vi
                0x00000000a0e0dba8                synthesis_gr
 .text          0x00000000a0e0de88     0x118c .\Lib\MP3Core.a(common.o)
                0x00000000a0e0ec50                mp3_go_to_next_header
                0x00000000a0e0e2e4                mp3_reload_bitstream
                0x00000000a0e0e38c                mp3_search_possible_header
                0x00000000a0e0e318                mp3_get_bits
                0x00000000a0e0df68                mp3_decode_header
                0x00000000a0e0eca8                match_next_header
                0x00000000a0e0de88                mp3_check_header
                0x00000000a0e0e074                mp3_set_frame
                0x00000000a0e0ef34                mp3_set_main_data_index
                0x00000000a0e0ee38                mp3_decode_and_check_header
 .text          0x00000000a0e0f014      0x12c .\Lib\MP3Core.a(bitstream.o)
                0x00000000a0e0f0dc                flush_bits
                0x00000000a0e0f02c                put_bits
                0x00000000a0e0f014                init_putbits
 .text          0x00000000a0e0f140        0x0 .\Lib\MP3Core.a(tables.o)
 .text          0x00000000a0e0f140      0x220 .\Lib\MP3Core.a(scr_windowing.o)
                0x00000000a0e0f310                dct_32_to_64_a
                0x00000000a0e0f140                windowing_a
 .text          0x00000000a0e0f360      0x970 .\Lib\MP3Core.a(scr_scaled_dct.o)
                0x00000000a0e0f360                scaled_chen_DCT_32_a
 .text          0x00000000a0e0fcd0       0x40 .\Lib\MP3Core.a(scr_ms_stereo.o)
                0x00000000a0e0fcd0                do_ms_stereo_a
 .text          0x00000000a0e0fd10      0x440 .\Lib\MP3Core.a(scr_mdct32_type3.o)
                0x00000000a0e10048                dct16_type3_inv_a
                0x00000000a0e100f0                dct32_type3_a
                0x00000000a0e0fd10                srfft8_a
                0x00000000a0e0ff5e                dct16_type4_a
 .text          0x00000000a0e10150       0xf0 .\Lib\MP3Core.a(scr_mdct.o)
                0x00000000a0e10150                FDCT18_type4_inv_a
 .text          0x00000000a0e10240      0x3d0 .\Lib\MP3Core.a(scr_imdct36.o)
                0x00000000a0e102ca                FFT9_radix3_a
                0x00000000a0e10240                FFT3_winograde_3_a
                0x00000000a0e10462                FDCT18_type4_a
                0x00000000a0e1054a                imdct36_a
 .text          0x00000000a0e10610      0x360 .\Lib\MP3Core.a(scr_imdct12.o)
                0x00000000a0e106a0                FDCT6_type4_a
                0x00000000a0e10610                FFT3_winograde_a
                0x00000000a0e10800                imdct12_a
                0x00000000a0e107a0                dct6_to_12_a
 .text          0x00000000a0e10970       0x80 .\Lib\MP3Core.a(scr_enc_aa.o)
                0x00000000a0e10970                enc_antialiasing_a
 .text          0x00000000a0e109f0       0x90 .\Lib\MP3Core.a(scr_antialiasing.o)
                0x00000000a0e109f0                III_antialias_a
 .text          0x00000000a0e10a80       0x90 .\Lib\MP3Core.a(scr_analysis_filter.o)
                0x00000000a0e10a80                analysis_filtering_a
 .text          0x00000000a0e10b10       0x38 .\Lib\MP3Core.a(reservoir.o)
                0x00000000a0e10b10                bits_per_channel
 .text          0x00000000a0e10b48     0x1430 .\Lib\MP3Core.a(mp3deq.o)
                0x00000000a0e10b48                III_dequantize_sample
 .text          0x00000000a0e11f78       0x14 c:/sunplus/s_core~1.1/gnu/bin/../lib/gcc/score-elf/4.2.1/../../../../score-elf/lib/mel\libc.a(abort.o)
                0x00000000a0e11f78                abort
 .text          0x00000000a0e11f8c       0xd4 c:/sunplus/s_core~1.1/gnu/bin/../lib/gcc/score-elf/4.2.1/../../../../score-elf/lib/mel\libc.a(exit.o)
                0x00000000a0e11f8c                exit
 .text          0x00000000a0e12060        0x0 c:/sunplus/s_core~1.1/gnu/bin/../lib/gcc/score-elf/4.2.1/../../../../score-elf/lib/mel\libc.a(impure.o)
 .text          0x00000000a0e12060       0x40 c:/sunplus/s_core~1.1/gnu/bin/../lib/gcc/score-elf/4.2.1/../../../../score-elf/lib/mel\libc.a(malloc.o)
                0x00000000a0e12080                malloc
                0x00000000a0e12060                free
 .text          0x00000000a0e120a0      0x8ac c:/sunplus/s_core~1.1/gnu/bin/../lib/gcc/score-elf/4.2.1/../../../../score-elf/lib/mel\libc.a(mallocr.o)
                0x00000000a0e120a0                _malloc_r
 .text          0x00000000a0e1294c       0x90 c:/sunplus/s_core~1.1/gnu/bin/../lib/gcc/score-elf/4.2.1/../../../../score-elf/lib/mel\libc.a(memcmp.o)
                0x00000000a0e1294c                memcmp
 .text          0x00000000a0e129dc       0xb0 c:/sunplus/s_core~1.1/gnu/bin/../lib/gcc/score-elf/4.2.1/../../../../score-elf/lib/mel\libc.a(memcpy.o)
                0x00000000a0e129dc                memcpy
 .text          0x00000000a0e12a8c       0xb4 c:/sunplus/s_core~1.1/gnu/bin/../lib/gcc/score-elf/4.2.1/../../../../score-elf/lib/mel\libc.a(memset.o)
                0x00000000a0e12a8c                memset
 .text          0x00000000a0e12b40        0x8 c:/sunplus/s_core~1.1/gnu/bin/../lib/gcc/score-elf/4.2.1/../../../../score-elf/lib/mel\libc.a(mlock.o)
                0x00000000a0e12b44                __malloc_unlock
                0x00000000a0e12b40                __malloc_lock
 .text          0x00000000a0e12b48       0x4c c:/sunplus/s_core~1.1/gnu/bin/../lib/gcc/score-elf/4.2.1/../../../../score-elf/lib/mel\libc.a(printf.o)
                0x00000000a0e12b48                printf
                0x00000000a0e12b74                _printf_r
 .text          0x00000000a0e12b94      0x2a8 c:/sunplus/s_core~1.1/gnu/bin/../lib/gcc/score-elf/4.2.1/../../../../score-elf/lib/mel\libc.a(signal.o)
                0x00000000a0e12d9c                _signal_r
                0x00000000a0e12cc0                _raise_r
                0x00000000a0e12c10                __sigtramp_r
                0x00000000a0e12e14                signal
                0x00000000a0e12c00                _init_signal
                0x00000000a0e12b94                _init_signal_r
                0x00000000a0e12ca0                __sigtramp
                0x00000000a0e12d7c                raise
 .text          0x00000000a0e12e3c       0xb0 c:/sunplus/s_core~1.1/gnu/bin/../lib/gcc/score-elf/4.2.1/../../../../score-elf/lib/mel\libc.a(sprintf.o)
                0x00000000a0e12e9c                _sprintf_r
                0x00000000a0e12e3c                sprintf
 .text          0x00000000a0e12eec       0xfc c:/sunplus/s_core~1.1/gnu/bin/../lib/gcc/score-elf/4.2.1/../../../../score-elf/lib/mel\libc.a(strchr.o)
                0x00000000a0e12eec                strchr
 .text          0x00000000a0e12fe8       0x64 c:/sunplus/s_core~1.1/gnu/bin/../lib/gcc/score-elf/4.2.1/../../../../score-elf/lib/mel\libc.a(strcpy.o)
                0x00000000a0e12fe8                strcpy
 .text          0x00000000a0e1304c       0x60 c:/sunplus/s_core~1.1/gnu/bin/../lib/gcc/score-elf/4.2.1/../../../../score-elf/lib/mel\libc.a(strlen.o)
                0x00000000a0e1304c                strlen
 .text          0x00000000a0e130ac       0x28 c:/sunplus/s_core~1.1/gnu/bin/../lib/gcc/score-elf/4.2.1/../../../../score-elf/lib/mel\libc.a(syswrite.o)
                0x00000000a0e130ac                write
 .text          0x00000000a0e130d4     0x1bb0 c:/sunplus/s_core~1.1/gnu/bin/../lib/gcc/score-elf/4.2.1/../../../../score-elf/lib/mel\libc.a(vfprintf.o)
                0x00000000a0e13174                _vfprintf_r
                0x00000000a0e13118                vfprintf
 .text          0x00000000a0e14c84       0x78 c:/sunplus/s_core~1.1/gnu/bin/../lib/gcc/score-elf/4.2.1/../../../../score-elf/lib/mel\libc.a(wcrtomb.o)
                0x00000000a0e14c84                _wcrtomb_r
                0x00000000a0e14cd4                wcrtomb
 .text          0x00000000a0e14cfc      0x174 c:/sunplus/s_core~1.1/gnu/bin/../lib/gcc/score-elf/4.2.1/../../../../score-elf/lib/mel\libc.a(wcsrtombs.o)
                0x00000000a0e14cfc                _wcsrtombs_r
                0x00000000a0e14e44                wcsrtombs
 .text          0x00000000a0e14e70      0x4d8 c:/sunplus/s_core~1.1/gnu/bin/../lib/gcc/score-elf/4.2.1/../../../../score-elf/lib/mel\libc.a(wctomb_r.o)
                0x00000000a0e14e70                _wctomb_r
 .text          0x00000000a0e15348      0x124 c:/sunplus/s_core~1.1/gnu/bin/../lib/gcc/score-elf/4.2.1/../../../../score-elf/lib/mel\libc.a(wsetup.o)
                0x00000000a0e15348                __swsetup
 .text          0x00000000a0e1546c     0x14b0 c:/sunplus/s_core~1.1/gnu/bin/../lib/gcc/score-elf/4.2.1/../../../../score-elf/lib/mel\libc.a(dtoa.o)
                0x00000000a0e1565c                _dtoa_r
 .text          0x00000000a0e1691c       0xf8 c:/sunplus/s_core~1.1/gnu/bin/../lib/gcc/score-elf/4.2.1/../../../../score-elf/lib/mel\libc.a(fflush.o)
                0x00000000a0e1691c                fflush
 .text          0x00000000a0e16a14      0x24c c:/sunplus/s_core~1.1/gnu/bin/../lib/gcc/score-elf/4.2.1/../../../../score-elf/lib/mel\libc.a(findfp.o)
                0x00000000a0e16a70                __sinit
                0x00000000a0e16b0c                __sfmoreglue
                0x00000000a0e16afc                _cleanup
                0x00000000a0e16ae0                _cleanup_r
                0x00000000a0e16b70                __sfp
 .text          0x00000000a0e16c60      0x42c c:/sunplus/s_core~1.1/gnu/bin/../lib/gcc/score-elf/4.2.1/../../../../score-elf/lib/mel\libc.a(freer.o)
                0x00000000a0e16d7c                _free_r
                0x00000000a0e16c60                _malloc_trim_r
 .text          0x00000000a0e1708c      0x390 c:/sunplus/s_core~1.1/gnu/bin/../lib/gcc/score-elf/4.2.1/../../../../score-elf/lib/mel\libc.a(fvwrite.o)
                0x00000000a0e1708c                __sfvwrite
 .text          0x00000000a0e1741c      0x110 c:/sunplus/s_core~1.1/gnu/bin/../lib/gcc/score-elf/4.2.1/../../../../score-elf/lib/mel\libc.a(fwalk.o)
                0x00000000a0e1741c                _fwalk
 .text          0x00000000a0e1752c       0xdc c:/sunplus/s_core~1.1/gnu/bin/../lib/gcc/score-elf/4.2.1/../../../../score-elf/lib/mel\libc.a(locale.o)
                0x00000000a0e17554                _setlocale_r
                0x00000000a0e1752c                __locale_charset
                0x00000000a0e17538                _localeconv_r
                0x00000000a0e175e0                setlocale
                0x00000000a0e17544                localeconv
 .text          0x00000000a0e17608      0x17c c:/sunplus/s_core~1.1/gnu/bin/../lib/gcc/score-elf/4.2.1/../../../../score-elf/lib/mel\libc.a(makebuf.o)
                0x00000000a0e17608                __smakebuf
 .text          0x00000000a0e17784      0x100 c:/sunplus/s_core~1.1/gnu/bin/../lib/gcc/score-elf/4.2.1/../../../../score-elf/lib/mel\libc.a(memchr.o)
                0x00000000a0e17784                memchr
 .text          0x00000000a0e17884       0xe8 c:/sunplus/s_core~1.1/gnu/bin/../lib/gcc/score-elf/4.2.1/../../../../score-elf/lib/mel\libc.a(memmove.o)
                0x00000000a0e17884                memmove
 .text          0x00000000a0e1796c      0xd5c c:/sunplus/s_core~1.1/gnu/bin/../lib/gcc/score-elf/4.2.1/../../../../score-elf/lib/mel\libc.a(mprec.o)
                0x00000000a0e17d0c                _mprec_log10
                0x00000000a0e1798c                _hi0bits
                0x00000000a0e17d7c                _Balloc
                0x00000000a0e17e18                _d2b
                0x00000000a0e181c8                _multiply
                0x00000000a0e17c80                _ratio
                0x00000000a0e185bc                _s2b
                0x00000000a0e183b8                _i2b
                0x00000000a0e17a00                _lo0bits
                0x00000000a0e17ab4                __mcmp
                0x00000000a0e184d0                _pow5mult
                0x00000000a0e17b0c                _ulp
                0x00000000a0e17b68                _b2d
                0x00000000a0e183e0                _multadd
                0x00000000a0e17f54                __mdiff
                0x00000000a0e180ac                _lshift
                0x00000000a0e1796c                _Bfree
 .text          0x00000000a0e186c8      0x5d4 c:/sunplus/s_core~1.1/gnu/bin/../lib/gcc/score-elf/4.2.1/../../../../score-elf/lib/mel\libc.a(reallocr.o)
                0x00000000a0e186c8                _realloc_r
 .text          0x00000000a0e18c9c       0x3c c:/sunplus/s_core~1.1/gnu/bin/../lib/gcc/score-elf/4.2.1/../../../../score-elf/lib/mel\libc.a(s_isinf.o)
                0x00000000a0e18c9c                isinf
 .text          0x00000000a0e18cd8       0x2c c:/sunplus/s_core~1.1/gnu/bin/../lib/gcc/score-elf/4.2.1/../../../../score-elf/lib/mel\libc.a(s_isnan.o)
                0x00000000a0e18cd8                isnan
 .text          0x00000000a0e18d04      0x170 c:/sunplus/s_core~1.1/gnu/bin/../lib/gcc/score-elf/4.2.1/../../../../score-elf/lib/mel\libc.a(stdio.o)
                0x00000000a0e18d2c                __sseek
                0x00000000a0e18e0c                __sread
                0x00000000a0e18d04                __sclose
                0x00000000a0e18d98                __swrite
 .text          0x00000000a0e18e74       0xc4 c:/sunplus/s_core~1.1/gnu/bin/../lib/gcc/score-elf/4.2.1/../../../../score-elf/lib/mel\libc.a(strcmp.o)
                0x00000000a0e18e74                strcmp
 .text          0x00000000a0e18f38       0xb4 c:/sunplus/s_core~1.1/gnu/bin/../lib/gcc/score-elf/4.2.1/../../../../score-elf/lib/mel\libc.a(callocr.o)
                0x00000000a0e18f38                _calloc_r
 .text          0x00000000a0e18fec        0xc c:/sunplus/s_core~1.1/gnu/bin/../lib/gcc/score-elf/4.2.1/../../../../score-elf/lib/mel\libc.a(errno.o)
                0x00000000a0e18fec                __errno
 .text          0x00000000a0e18ff8      0x368 c:/sunplus/s_core~1.1/gnu/bin/../lib/gcc/score-elf/4.2.1/mel\libgcc.a(_addsub_df.o)
                0x00000000a0e18ffa                __adddf3
                0x00000000a0e18ff8                __subdf3
 .text          0x00000000a0e19360      0x324 c:/sunplus/s_core~1.1/gnu/bin/../lib/gcc/score-elf/4.2.1/mel\libgcc.a(_muldf3.o)
                0x00000000a0e19360                __muldf3
 .text          0x00000000a0e19684      0x4c0 c:/sunplus/s_core~1.1/gnu/bin/../lib/gcc/score-elf/4.2.1/mel\libgcc.a(_divdf3.o)
                0x00000000a0e19748                __divdf3
                0x00000000a0e19684                Div64by32To32
 .text          0x00000000a0e19b44       0x80 c:/sunplus/s_core~1.1/gnu/bin/../lib/gcc/score-elf/4.2.1/mel\libgcc.a(_clz64.o)
                0x00000000a0e19b44                countLeadingZeros64
 .text          0x00000000a0e19bc4       0x70 c:/sunplus/s_core~1.1/gnu/bin/../lib/gcc/score-elf/4.2.1/mel\libgcc.a(_floatsidf.o)
                0x00000000a0e19bc4                __floatsidf
 .text          0x00000000a0e19c34       0x54 c:/sunplus/s_core~1.1/gnu/bin/../lib/gcc/score-elf/4.2.1/mel\libgcc.a(_floatunsidf.o)
                0x00000000a0e19c34                __floatunsidf
 .text          0x00000000a0e19c88       0x74 c:/sunplus/s_core~1.1/gnu/bin/../lib/gcc/score-elf/4.2.1/mel\libgcc.a(_fixdfsi.o)
                0x00000000a0e19c88                __fixdfsi
 .text          0x00000000a0e19cfc       0xa4 c:/sunplus/s_core~1.1/gnu/bin/../lib/gcc/score-elf/4.2.1/mel\libgcc.a(_fpcmp_parts_df.o)
                0x00000000a0e19d04                __eqdf2
                0x00000000a0e19cfc                __gtdf2
                0x00000000a0e19d04                __ltdf2
                0x00000000a0e19d08                __compare_df2
                0x00000000a0e19d04                __ledf2
                0x00000000a0e19d04                __nedf2
                0x00000000a0e19cfc                __gedf2
 .text          0x00000000a0e19da0       0x6c c:/sunplus/s_core~1.1/gnu/bin/../lib/gcc/score-elf/4.2.1/mel\libgcc.a(_clz32.o)
                0x00000000a0e19da0                countLeadingZeros32
 .text          0x00000000a0e19e0c       0x4c c:/sunplus/s_core~1.1/gnu/bin/../lib/gcc/score-elf/4.2.1/mel/crtend.o
 .text          0x00000000a0e19e58        0x0 c:/sunplus/s_core~1.1/gnu/bin/../lib/gcc/score-elf/4.2.1/mel/crtn.o
 *(.gnu.warning)
 *(.glue_7t)
 *(.glue_7)

.fini           0x00000000a0e19e58       0x18
 *(.fini)
 .fini          0x00000000a0e19e58        0x8 c:/sunplus/s_core~1.1/gnu/bin/../lib/gcc/score-elf/4.2.1/mel/crti.o
                0x00000000a0e19e58                _fini
 .fini          0x00000000a0e19e60        0x4 c:/sunplus/s_core~1.1/gnu/bin/../lib/gcc/score-elf/4.2.1/mel/crtbegin.o
 .fini          0x00000000a0e19e64        0xc c:/sunplus/s_core~1.1/gnu/bin/../lib/gcc/score-elf/4.2.1/mel/crtn.o
                0x00000000a0e19e70                PROVIDE (__etext, .)
                0x00000000a0e19e70                PROVIDE (_etext, .)
                0x00000000a0e19e70                PROVIDE (etext, .)

.rodata         0x00000000a0e19e70     0x9f70
 *(.rodata .rodata.* .gnu.linkonce.r.*)
 .rodata        0x00000000a0e19e70      0x150 Debug\main.o
 .rodata        0x00000000a0e19fc0       0x10 Debug\libgloss.o
 .rodata        0x00000000a0e19fd0     0x1004 Debug\TV.o
                0x00000000a0e19fd0                font
 .rodata        0x00000000a0e1afd4       0xa0 Debug\Sys_IRQ.o
 .rodata        0x00000000a0e1b074       0x9c Debug\ff.o
 .rodata        0x00000000a0e1b110       0x28 .\Lib\MP3Core.a(mpgaudio.o)
 .rodata        0x00000000a0e1b138       0x90 .\Lib\MP3Core.a(mp3enc.o)
                0x00000000a0e1b1b0                mpeg_fs
                0x00000000a0e1b138                mpeg_bitrate
 .rodata        0x00000000a0e1b1c8     0x13d0 .\Lib\MP3Core.a(layer3.o)
                0x00000000a0e1b1c8                map
                0x00000000a0e1b3d4                mapbuf1
                0x00000000a0e1b234                mapbuf2
                0x00000000a0e1c460                longLimit
                0x00000000a0e1b964                mapbuf0
                0x00000000a0e1c3e0                shortLimit
                0x00000000a0e1bed0                bandInfo
 .rodata        0x00000000a0e1c598      0x108 .\Lib\MP3Core.a(layer2.o)
                0x00000000a0e1c600                bn_index
                0x00000000a0e1c648                bitnumber_pool
                0x00000000a0e1c598                scf_coef
 .rodata        0x00000000a0e1c6a0      0x800 .\Lib\MP3Core.a(L3subband.o)
                0x00000000a0e1c6a0                C
 .rodata        0x00000000a0e1cea0      0x160 .\Lib\MP3Core.a(L3mdct.o)
                0x00000000a0e1cfc0                aa_coef
                0x00000000a0e1cf30                win_l
                0x00000000a0e1cea0                win_l_odd
 .rodata        0x00000000a0e1d000      0xafc .\Lib\MP3Core.a(L3loop.o)
                0x00000000a0e1d024                log2_tab16
                0x00000000a0e1d068                log2_tab32
                0x00000000a0e1d000                log2_tab8
                0x00000000a0e1d0ec                log2_tab64
                0x00000000a0e1d200                subdv_table
                0x00000000a0e1d2f8                pow34
                0x00000000a0e1d1f0                huf_table_no_esc
                0x00000000a0e1d2b8                gainpow3o_table
 .rodata        0x00000000a0e1dafc      0x500 .\Lib\MP3Core.a(i_stereo.o)
                0x00000000a0e1dcfc                pow1
                0x00000000a0e1df7c                tan1
                0x00000000a0e1defc                tan2
                0x00000000a0e1dafc                pow2
 .rodata        0x00000000a0e1dffc      0x480 .\Lib\MP3Core.a(hybrid.o)
                0x00000000a0e1e23c                win
                0x00000000a0e1dffc                win_odd
 .rodata        0x00000000a0e1e47c     0x1d9c .\Lib\MP3Core.a(huffman.o)
                0x00000000a0e1e7ac                t16l
                0x00000000a0e1ec04                t2l
                0x00000000a0e1e48c                eht
                0x00000000a0e1e8ac                t15l
                0x00000000a0e1e69c                t32l
                0x00000000a0e1eb6c                t9l
                0x00000000a0e1ebf8                t3l
                0x00000000a0e201e4                t2HB
                0x00000000a0e20180                t5HB
                0x00000000a0e1eb90                t8l
                0x00000000a0e1e47c                count1_eht
                0x00000000a0e1ebd8                t6l
                0x00000000a0e1ebe8                t5l
                0x00000000a0e1fc90                t12HB
                0x00000000a0e1eaec                t11l
                0x00000000a0e1ec90                t24HB
                0x00000000a0e1e6ac                t24l
                0x00000000a0e20020                t8HB
                0x00000000a0e1eb2c                t10l
                0x00000000a0e1ebb4                t7l
                0x00000000a0e201c0                t3HB
                0x00000000a0e1e68c                t33l
                0x00000000a0e1ec10                t33HB
                0x00000000a0e1f890                t13HB
                0x00000000a0e1e9ac                t13l
                0x00000000a0e1f490                t15HB
                0x00000000a0e20140                t6HB
                0x00000000a0e1fe90                t10HB
                0x00000000a0e20208                t1HB
                0x00000000a0e1eaac                t12l
                0x00000000a0e1fd90                t11HB
                0x00000000a0e1f090                t16HB
                0x00000000a0e200b0                t7HB
                0x00000000a0e1ff90                t9HB
                0x00000000a0e1ec50                t32HB
 .rodata        0x00000000a0e20218      0x880 .\Lib\MP3Core.a(filterbank.o)
                0x00000000a0e20218                descaled_window_2x
 .rodata        0x00000000a0e20a98      0x174 .\Lib\MP3Core.a(common.o)
                0x00000000a0e20ae8                DIV12_Fs
                0x00000000a0e20ab0                mp3_freqs
                0x00000000a0e20ad4                DIV144_Fs
                0x00000000a0e20afc                mp3_bitrate_table
                0x00000000a0e20a98                translate_table
 .rodata        0x00000000a0e20c0c      0x378 .\Lib\MP3Core.a(tables.o)
                0x00000000a0e20c0c                scf_band_index
 *fill*         0x00000000a0e20f84        0xc 00
 .rodata        0x00000000a0e20f90      0x280 .\Lib\MP3Core.a(scr_mdct32_type3.o)
 .rodata        0x00000000a0e21210       0xb0 .\Lib\MP3Core.a(scr_imdct36.o)
                0x00000000a0e21278                w18_post
                0x00000000a0e21230                w18_pre
 .rodata        0x00000000a0e212c0       0x20 .\Lib\MP3Core.a(scr_imdct12.o)
 .rodata        0x00000000a0e212e0       0x40 .\Lib\MP3Core.a(scr_antialiasing.o)
 .rodata        0x00000000a0e21320     0x272c .\Lib\MP3Core.a(mp3deq.o)
                0x00000000a0e21338                pretab1
                0x00000000a0e223d4                ht
                0x00000000a0e22364                htc
                0x00000000a0e22354                gainpow2
                0x00000000a0e21350                ispow
                0x00000000a0e21320                pretab2
 .rodata.str1.4
                0x00000000a0e23a4c        0x2 c:/sunplus/s_core~1.1/gnu/bin/../lib/gcc/score-elf/4.2.1/../../../../score-elf/lib/mel\libc.a(impure.o)
                                          0x4 (size before relaxing)
 *fill*         0x00000000a0e23a4e        0x2 00
 .rodata.str1.4
                0x00000000a0e23a50       0x5b c:/sunplus/s_core~1.1/gnu/bin/../lib/gcc/score-elf/4.2.1/../../../../score-elf/lib/mel\libc.a(vfprintf.o)
                                         0x5c (size before relaxing)
 *fill*         0x00000000a0e23aab        0x1 00
 .rodata        0x00000000a0e23aac      0x184 c:/sunplus/s_core~1.1/gnu/bin/../lib/gcc/score-elf/4.2.1/../../../../score-elf/lib/mel\libc.a(vfprintf.o)
 .rodata.str1.4
                0x00000000a0e23c30       0x1e c:/sunplus/s_core~1.1/gnu/bin/../lib/gcc/score-elf/4.2.1/../../../../score-elf/lib/mel\libc.a(wctomb_r.o)
                                         0x20 (size before relaxing)
 *fill*         0x00000000a0e23c4e        0x2 00
 .rodata.str1.4
                0x00000000a0e23c50        0x9 c:/sunplus/s_core~1.1/gnu/bin/../lib/gcc/score-elf/4.2.1/../../../../score-elf/lib/mel\libc.a(dtoa.o)
                                         0x14 (size before relaxing)
 *fill*         0x00000000a0e23c59        0x3 00
 .rodata        0x00000000a0e23c5c       0x18 c:/sunplus/s_core~1.1/gnu/bin/../lib/gcc/score-elf/4.2.1/../../../../score-elf/lib/mel\libc.a(dtoa.o)
 .rodata.str1.4
                0x00000000a0e23c74        0xc c:/sunplus/s_core~1.1/gnu/bin/../lib/gcc/score-elf/4.2.1/../../../../score-elf/lib/mel\libc.a(locale.o)
                                         0x18 (size before relaxing)
 .rodata        0x00000000a0e23c80       0x34 c:/sunplus/s_core~1.1/gnu/bin/../lib/gcc/score-elf/4.2.1/../../../../score-elf/lib/mel\libc.a(locale.o)
 *fill*         0x00000000a0e23cb4        0x4 00
 .rodata        0x00000000a0e23cb8      0x128 c:/sunplus/s_core~1.1/gnu/bin/../lib/gcc/score-elf/4.2.1/../../../../score-elf/lib/mel\libc.a(mprec.o)
                0x00000000a0e23da8                __mprec_tinytens
                0x00000000a0e23cb8                __mprec_tens
                0x00000000a0e23d80                __mprec_bigtens

.rodata1
 *(.rodata1)

.sdata2
 *(.sdata2 .sdata2.* .gnu.linkonce.s2.*)

.sbss2
 *(.sbss2 .sbss2.* .gnu.linkonce.sb2.*)

.eh_frame_hdr
 *(.eh_frame_hdr)
                0x00000000a0e23ee0                . = (ALIGN (0x100) + (. & 0xff))
                0x00000000a0e23ee0                . = ALIGN (0x4)
                0x00000000a0e23ee0                PROVIDE (__preinit_array_start, .)

.preinit_array
 *(.preinit_array)
                0x00000000a0e23ee0                PROVIDE (__preinit_array_end, .)
                0x00000000a0e23ee0                PROVIDE (__init_array_start, .)

.init_array
 *(.init_array)
                0x00000000a0e23ee0                PROVIDE (__init_array_end, .)
                0x00000000a0e23ee0                PROVIDE (__fini_array_start, .)

.fini_array
 *(.fini_array)
                0x00000000a0e23ee0                PROVIDE (__fini_array_end, .)

.data           0x00000000a0e23ee0      0x7a8
                0x00000000a0e23ee0                __data_start = .
 *(.data .data.* .gnu.linkonce.d.*)
 .data          0x00000000a0e23ee0        0x0 c:/sunplus/s_core~1.1/gnu/bin/../lib/gcc/score-elf/4.2.1/mel/crti.o
 .data          0x00000000a0e23ee0        0x0 c:/sunplus/s_core~1.1/gnu/bin/../lib/gcc/score-elf/4.2.1/mel/crtbegin.o
 .data          0x00000000a0e23ee0        0x0 Debug\hyperscan_startup.o
 .data          0x00000000a0e23ee0        0x0 Debug\main.o
 .data          0x00000000a0e23ee0        0x0 Debug\MP3Drv.o
 .data          0x00000000a0e23ee0        0x0 Debug\libgloss.o
 .data          0x00000000a0e23ee0        0x0 Debug\UART.o
 .data          0x00000000a0e23ee0        0x0 Debug\TV.o
 .data          0x00000000a0e23ee0        0x0 Debug\NorFlash.o
 .data          0x00000000a0e23ee0        0x0 Debug\User_IRQ.o
 .data          0x00000000a0e23ee0        0x0 Debug\Sys_isr.o
 .data          0x00000000a0e23ee0        0x0 Debug\Sys_IRQ.o
 .data          0x00000000a0e23ee0        0x0 Debug\I2C.o
 .data          0x00000000a0e23ee0        0x0 Debug\ff.o
 .data          0x00000000a0e23ee0        0x0 Debug\diskio.o
 .data          0x00000000a0e23ee0        0x0 Debug\HS_Controller.o
 .data          0x00000000a0e23ee0        0x0 .\Lib\MP3Core.a(scr_mp3entry.o)
 .data          0x00000000a0e23ee0        0x0 .\Lib\MP3Core.a(mpgaudio.o)
 .data          0x00000000a0e23ee0        0x0 .\Lib\MP3Core.a(mp3enc.o)
 .data          0x00000000a0e23ee0        0x0 .\Lib\MP3Core.a(layer3_enc.o)
 .data          0x00000000a0e23ee0        0x0 .\Lib\MP3Core.a(layer3.o)
 .data          0x00000000a0e23ee0        0x0 .\Lib\MP3Core.a(layer2.o)
 .data          0x00000000a0e23ee0        0x0 .\Lib\MP3Core.a(layer1.o)
 .data          0x00000000a0e23ee0        0x0 .\Lib\MP3Core.a(L3subband.o)
 .data          0x00000000a0e23ee0        0x0 .\Lib\MP3Core.a(L3mdct.o)
 .data          0x00000000a0e23ee0        0x0 .\Lib\MP3Core.a(L3loop.o)
 .data          0x00000000a0e23ee0        0x0 .\Lib\MP3Core.a(L3bitstream.o)
 .data          0x00000000a0e23ee0        0x0 .\Lib\MP3Core.a(i_stereo.o)
 .data          0x00000000a0e23ee0        0x0 .\Lib\MP3Core.a(hybrid.o)
 .data          0x00000000a0e23ee0        0x0 .\Lib\MP3Core.a(huffman.o)
 .data          0x00000000a0e23ee0        0x0 .\Lib\MP3Core.a(filterbank.o)
 .data          0x00000000a0e23ee0        0x0 .\Lib\MP3Core.a(common.o)
 .data          0x00000000a0e23ee0        0x0 .\Lib\MP3Core.a(bitstream.o)
 .data          0x00000000a0e23ee0        0x0 .\Lib\MP3Core.a(tables.o)
 .data          0x00000000a0e23ee0        0x0 .\Lib\MP3Core.a(scr_windowing.o)
 .data          0x00000000a0e23ee0        0x0 .\Lib\MP3Core.a(scr_scaled_dct.o)
 .data          0x00000000a0e23ee0        0x0 .\Lib\MP3Core.a(scr_ms_stereo.o)
 .data          0x00000000a0e23ee0        0x0 .\Lib\MP3Core.a(scr_mdct32_type3.o)
 .data          0x00000000a0e23ee0        0x0 .\Lib\MP3Core.a(scr_mdct.o)
 .data          0x00000000a0e23ee0        0x0 .\Lib\MP3Core.a(scr_imdct36.o)
 .data          0x00000000a0e23ee0        0x0 .\Lib\MP3Core.a(scr_imdct12.o)
 .data          0x00000000a0e23ee0        0x0 .\Lib\MP3Core.a(scr_enc_aa.o)
 .data          0x00000000a0e23ee0        0x0 .\Lib\MP3Core.a(scr_antialiasing.o)
 .data          0x00000000a0e23ee0        0x0 .\Lib\MP3Core.a(scr_analysis_filter.o)
 .data          0x00000000a0e23ee0        0x0 .\Lib\MP3Core.a(reservoir.o)
 .data          0x00000000a0e23ee0        0x0 .\Lib\MP3Core.a(mp3deq.o)
 .data          0x00000000a0e23ee0        0x0 c:/sunplus/s_core~1.1/gnu/bin/../lib/gcc/score-elf/4.2.1/../../../../score-elf/lib/mel\libc.a(abort.o)
 .data          0x00000000a0e23ee0        0x0 c:/sunplus/s_core~1.1/gnu/bin/../lib/gcc/score-elf/4.2.1/../../../../score-elf/lib/mel\libc.a(exit.o)
 .data          0x00000000a0e23ee0      0x388 c:/sunplus/s_core~1.1/gnu/bin/../lib/gcc/score-elf/4.2.1/../../../../score-elf/lib/mel\libc.a(impure.o)
                0x00000000a0e23ee0                _impure_ptr
 .data          0x00000000a0e24268        0x0 c:/sunplus/s_core~1.1/gnu/bin/../lib/gcc/score-elf/4.2.1/../../../../score-elf/lib/mel\libc.a(malloc.o)
 .data          0x00000000a0e24268      0x410 c:/sunplus/s_core~1.1/gnu/bin/../lib/gcc/score-elf/4.2.1/../../../../score-elf/lib/mel\libc.a(mallocr.o)
                0x00000000a0e24674                __malloc_sbrk_base
                0x00000000a0e24268                __malloc_av_
                0x00000000a0e24670                __malloc_trim_threshold
 .data          0x00000000a0e24678        0x0 c:/sunplus/s_core~1.1/gnu/bin/../lib/gcc/score-elf/4.2.1/../../../../score-elf/lib/mel\libc.a(memcmp.o)
 .data          0x00000000a0e24678        0x0 c:/sunplus/s_core~1.1/gnu/bin/../lib/gcc/score-elf/4.2.1/../../../../score-elf/lib/mel\libc.a(memcpy.o)
 .data          0x00000000a0e24678        0x0 c:/sunplus/s_core~1.1/gnu/bin/../lib/gcc/score-elf/4.2.1/../../../../score-elf/lib/mel\libc.a(memset.o)
 .data          0x00000000a0e24678        0x0 c:/sunplus/s_core~1.1/gnu/bin/../lib/gcc/score-elf/4.2.1/../../../../score-elf/lib/mel\libc.a(mlock.o)
 .data          0x00000000a0e24678        0x0 c:/sunplus/s_core~1.1/gnu/bin/../lib/gcc/score-elf/4.2.1/../../../../score-elf/lib/mel\libc.a(printf.o)
 .data          0x00000000a0e24678        0x0 c:/sunplus/s_core~1.1/gnu/bin/../lib/gcc/score-elf/4.2.1/../../../../score-elf/lib/mel\libc.a(signal.o)
 .data          0x00000000a0e24678        0x0 c:/sunplus/s_core~1.1/gnu/bin/../lib/gcc/score-elf/4.2.1/../../../../score-elf/lib/mel\libc.a(sprintf.o)
 .data          0x00000000a0e24678        0x0 c:/sunplus/s_core~1.1/gnu/bin/../lib/gcc/score-elf/4.2.1/../../../../score-elf/lib/mel\libc.a(strchr.o)
 .data          0x00000000a0e24678        0x0 c:/sunplus/s_core~1.1/gnu/bin/../lib/gcc/score-elf/4.2.1/../../../../score-elf/lib/mel\libc.a(strcpy.o)
 .data          0x00000000a0e24678        0x0 c:/sunplus/s_core~1.1/gnu/bin/../lib/gcc/score-elf/4.2.1/../../../../score-elf/lib/mel\libc.a(strlen.o)
 .data          0x00000000a0e24678        0x0 c:/sunplus/s_core~1.1/gnu/bin/../lib/gcc/score-elf/4.2.1/../../../../score-elf/lib/mel\libc.a(syswrite.o)
 .data          0x00000000a0e24678        0x0 c:/sunplus/s_core~1.1/gnu/bin/../lib/gcc/score-elf/4.2.1/../../../../score-elf/lib/mel\libc.a(vfprintf.o)
 .data          0x00000000a0e24678        0x0 c:/sunplus/s_core~1.1/gnu/bin/../lib/gcc/score-elf/4.2.1/../../../../score-elf/lib/mel\libc.a(wcrtomb.o)
 .data          0x00000000a0e24678        0x0 c:/sunplus/s_core~1.1/gnu/bin/../lib/gcc/score-elf/4.2.1/../../../../score-elf/lib/mel\libc.a(wcsrtombs.o)
 .data          0x00000000a0e24678        0x0 c:/sunplus/s_core~1.1/gnu/bin/../lib/gcc/score-elf/4.2.1/../../../../score-elf/lib/mel\libc.a(wctomb_r.o)
 .data          0x00000000a0e24678        0x0 c:/sunplus/s_core~1.1/gnu/bin/../lib/gcc/score-elf/4.2.1/../../../../score-elf/lib/mel\libc.a(wsetup.o)
 .data          0x00000000a0e24678        0x0 c:/sunplus/s_core~1.1/gnu/bin/../lib/gcc/score-elf/4.2.1/../../../../score-elf/lib/mel\libc.a(dtoa.o)
 .data          0x00000000a0e24678        0x0 c:/sunplus/s_core~1.1/gnu/bin/../lib/gcc/score-elf/4.2.1/../../../../score-elf/lib/mel\libc.a(fflush.o)
 .data          0x00000000a0e24678        0x0 c:/sunplus/s_core~1.1/gnu/bin/../lib/gcc/score-elf/4.2.1/../../../../score-elf/lib/mel\libc.a(findfp.o)
 .data          0x00000000a0e24678        0x0 c:/sunplus/s_core~1.1/gnu/bin/../lib/gcc/score-elf/4.2.1/../../../../score-elf/lib/mel\libc.a(freer.o)
 .data          0x00000000a0e24678        0x0 c:/sunplus/s_core~1.1/gnu/bin/../lib/gcc/score-elf/4.2.1/../../../../score-elf/lib/mel\libc.a(fvwrite.o)
 .data          0x00000000a0e24678        0x0 c:/sunplus/s_core~1.1/gnu/bin/../lib/gcc/score-elf/4.2.1/../../../../score-elf/lib/mel\libc.a(fwalk.o)
 .data          0x00000000a0e24678       0x10 c:/sunplus/s_core~1.1/gnu/bin/../lib/gcc/score-elf/4.2.1/../../../../score-elf/lib/mel\libc.a(locale.o)
                0x00000000a0e24678                __mb_cur_max
                0x00000000a0e2467c                __lc_ctype
 .data          0x00000000a0e24688        0x0 c:/sunplus/s_core~1.1/gnu/bin/../lib/gcc/score-elf/4.2.1/../../../../score-elf/lib/mel\libc.a(makebuf.o)
 .data          0x00000000a0e24688        0x0 c:/sunplus/s_core~1.1/gnu/bin/../lib/gcc/score-elf/4.2.1/../../../../score-elf/lib/mel\libc.a(memchr.o)
 .data          0x00000000a0e24688        0x0 c:/sunplus/s_core~1.1/gnu/bin/../lib/gcc/score-elf/4.2.1/../../../../score-elf/lib/mel\libc.a(memmove.o)
 .data          0x00000000a0e24688        0x0 c:/sunplus/s_core~1.1/gnu/bin/../lib/gcc/score-elf/4.2.1/../../../../score-elf/lib/mel\libc.a(mprec.o)
 .data          0x00000000a0e24688        0x0 c:/sunplus/s_core~1.1/gnu/bin/../lib/gcc/score-elf/4.2.1/../../../../score-elf/lib/mel\libc.a(reallocr.o)
 .data          0x00000000a0e24688        0x0 c:/sunplus/s_core~1.1/gnu/bin/../lib/gcc/score-elf/4.2.1/../../../../score-elf/lib/mel\libc.a(s_isinf.o)
 .data          0x00000000a0e24688        0x0 c:/sunplus/s_core~1.1/gnu/bin/../lib/gcc/score-elf/4.2.1/../../../../score-elf/lib/mel\libc.a(s_isnan.o)
 .data          0x00000000a0e24688        0x0 c:/sunplus/s_core~1.1/gnu/bin/../lib/gcc/score-elf/4.2.1/../../../../score-elf/lib/mel\libc.a(stdio.o)
 .data          0x00000000a0e24688        0x0 c:/sunplus/s_core~1.1/gnu/bin/../lib/gcc/score-elf/4.2.1/../../../../score-elf/lib/mel\libc.a(strcmp.o)
 .data          0x00000000a0e24688        0x0 c:/sunplus/s_core~1.1/gnu/bin/../lib/gcc/score-elf/4.2.1/../../../../score-elf/lib/mel\libc.a(callocr.o)
 .data          0x00000000a0e24688        0x0 c:/sunplus/s_core~1.1/gnu/bin/../lib/gcc/score-elf/4.2.1/../../../../score-elf/lib/mel\libc.a(errno.o)
 .data          0x00000000a0e24688        0x0 c:/sunplus/s_core~1.1/gnu/bin/../lib/gcc/score-elf/4.2.1/mel\libgcc.a(_addsub_df.o)
 .data          0x00000000a0e24688        0x0 c:/sunplus/s_core~1.1/gnu/bin/../lib/gcc/score-elf/4.2.1/mel\libgcc.a(_muldf3.o)
 .data          0x00000000a0e24688        0x0 c:/sunplus/s_core~1.1/gnu/bin/../lib/gcc/score-elf/4.2.1/mel\libgcc.a(_divdf3.o)
 .data          0x00000000a0e24688        0x0 c:/sunplus/s_core~1.1/gnu/bin/../lib/gcc/score-elf/4.2.1/mel\libgcc.a(_clz64.o)
 .data          0x00000000a0e24688        0x0 c:/sunplus/s_core~1.1/gnu/bin/../lib/gcc/score-elf/4.2.1/mel\libgcc.a(_floatsidf.o)
 .data          0x00000000a0e24688        0x0 c:/sunplus/s_core~1.1/gnu/bin/../lib/gcc/score-elf/4.2.1/mel\libgcc.a(_floatunsidf.o)
 .data          0x00000000a0e24688        0x0 c:/sunplus/s_core~1.1/gnu/bin/../lib/gcc/score-elf/4.2.1/mel\libgcc.a(_fixdfsi.o)
 .data          0x00000000a0e24688        0x0 c:/sunplus/s_core~1.1/gnu/bin/../lib/gcc/score-elf/4.2.1/mel\libgcc.a(_fpcmp_parts_df.o)
 .data          0x00000000a0e24688        0x0 c:/sunplus/s_core~1.1/gnu/bin/../lib/gcc/score-elf/4.2.1/mel\libgcc.a(_clz32.o)
 .data          0x00000000a0e24688        0x0 c:/sunplus/s_core~1.1/gnu/bin/../lib/gcc/score-elf/4.2.1/mel/crtend.o
 .data          0x00000000a0e24688        0x0 c:/sunplus/s_core~1.1/gnu/bin/../lib/gcc/score-elf/4.2.1/mel/crtn.o

.data1
 *(.data1)

.tdata
 *(.tdata .tdata.* .gnu.linkonce.td.*)

.tbss
 *(.tbss .tbss.* .gnu.linkonce.tb.*)
 *(.tcommon)

.eh_frame       0x00000000a0e24688        0x4
 *(.eh_frame)
 .eh_frame      0x00000000a0e24688        0x0 c:/sunplus/s_core~1.1/gnu/bin/../lib/gcc/score-elf/4.2.1/mel/crtbegin.o
 .eh_frame      0x00000000a0e24688        0x4 c:/sunplus/s_core~1.1/gnu/bin/../lib/gcc/score-elf/4.2.1/mel/crtend.o

.gcc_except_table
 *(.gcc_except_table)

.dynamic
 *(.dynamic)

.ctors          0x00000000a0e2468c        0x8
 *crtbegin.o(.ctors)
 .ctors         0x00000000a0e2468c        0x4 c:/sunplus/s_core~1.1/gnu/bin/../lib/gcc/score-elf/4.2.1/mel/crtbegin.o
 *(EXCLUDE_FILE(*crtend.o) .ctors)
 *(SORT(.ctors.*))
 *(.ctors)
 .ctors         0x00000000a0e24690        0x4 c:/sunplus/s_core~1.1/gnu/bin/../lib/gcc/score-elf/4.2.1/mel/crtend.o

.dtors          0x00000000a0e24694        0x8
 *crtbegin.o(.dtors)
 .dtors         0x00000000a0e24694        0x4 c:/sunplus/s_core~1.1/gnu/bin/../lib/gcc/score-elf/4.2.1/mel/crtbegin.o
 *(EXCLUDE_FILE(*crtend.o) .dtors)
 *(SORT(.dtors.*))
 *(.dtors)
 .dtors         0x00000000a0e24698        0x4 c:/sunplus/s_core~1.1/gnu/bin/../lib/gcc/score-elf/4.2.1/mel/crtend.o

.jcr            0x00000000a0e2469c        0x4
 *(.jcr)
 .jcr           0x00000000a0e2469c        0x0 c:/sunplus/s_core~1.1/gnu/bin/../lib/gcc/score-elf/4.2.1/mel/crtbegin.o
 .jcr           0x00000000a0e2469c        0x4 c:/sunplus/s_core~1.1/gnu/bin/../lib/gcc/score-elf/4.2.1/mel/crtend.o

.got
 *(.got.plt)
 *(.got)
                0x00000000a0e286a0                _gp = (. + 0x4000)

.sdata          0x00000000a0e246a0       0x1c
                0x00000000a0e246a0                _sdata_start = .
 *(.sdata .sdata.* .gnu.linkonce.s.*)
 .sdata         0x00000000a0e246a0        0x8 c:/sunplus/s_core~1.1/gnu/bin/../lib/gcc/score-elf/4.2.1/mel/crtbegin.o
                0x00000000a0e246a0                __dso_handle
 .sdata         0x00000000a0e246a8        0x8 .\Lib\MP3Core.a(layer2.o)
                0x00000000a0e246a8                divider_table
 .sdata         0x00000000a0e246b0        0x4 .\Lib\MP3Core.a(huffman.o)
                0x00000000a0e246b0                t1l
 .sdata         0x00000000a0e246b4        0x8 .\Lib\MP3Core.a(mp3deq.o)
                0x00000000a0e246bc                _edata = .
                0x00000000a0e246bc                PROVIDE (edata, .)
                0x00000000a0e246bc                . = ALIGN (0x4)
                0x00000000a0e246bc                __bss_start = .
                0x00000000a0e246bc                __bss_start__ = .

.sbss           0x00000000a0e246bc       0x74
                0x00000000a0e246bc                PROVIDE (__sbss_start, .)
                0x00000000a0e246bc                PROVIDE (___sbss_start, .)
 *(.dynsbss)
 *(.sbss .sbss.* .gnu.linkonce.sb.*)
 .sbss          0x00000000a0e246bc        0x1 c:/sunplus/s_core~1.1/gnu/bin/../lib/gcc/score-elf/4.2.1/mel/crtbegin.o
 *fill*         0x00000000a0e246bd        0x3 00
 .sbss          0x00000000a0e246c0        0x4 Debug\libgloss.o
 .sbss          0x00000000a0e246c4        0x8 Debug\ff.o
 *(.scommon)
 .scommon       0x00000000a0e246cc        0x5 Debug\main.o
                0x00000000a0e246cc                controller
 *fill*         0x00000000a0e246d1        0x3 00
 .scommon       0x00000000a0e246d4       0x5c Debug\MP3Drv.o
                0x00000000a0e246d4                Fill_count
                0x00000000a0e246d8                MP3_Start_Addr
                0x00000000a0e246dc                TempPCM_ready
                0x00000000a0e246e0                TempAddress
                0x00000000a0e246e4                MP3_Encoded_Data_Ptr
                0x00000000a0e246e8                temp_wp
                0x00000000a0e246ec                space
                0x00000000a0e246f0                Address
                0x00000000a0e246f4                wp
                0x00000000a0e246f8                MP3_Length
                0x00000000a0e246fc                pcm_wp
                0x00000000a0e24700                rp
                0x00000000a0e24704                pcm_rp
                0x00000000a0e24708                Need_PCM_Flag
                0x00000000a0e2470c                FIFOAddress
                0x00000000a0e24710                pcm_cnt
                0x00000000a0e24714                PCMAddress
                0x00000000a0e24718                bitrate
                0x00000000a0e2471c                MP3_Output_Type
                0x00000000a0e24720                samplerate
                0x00000000a0e24724                error_msg
                0x00000000a0e24728                temp_rp
                0x00000000a0e2472c                MP3_Status
 .scommon       0x00000000a0e24730        0x0 Debug\HS_Controller.o
                0x00000000a0e24730                PROVIDE (__sbss_end, .)
                0x00000000a0e24730                PROVIDE (___sbss_end, .)
                0x00000000a0e286a0                _gp = (_sdata_start + 0x4000)

.bss            0x00000000a0e24730    0xde164
 *(.dynbss)
 *(.bss .bss.* .gnu.linkonce.b.*)
 .bss           0x00000000a0e24730        0x0 c:/sunplus/s_core~1.1/gnu/bin/../lib/gcc/score-elf/4.2.1/mel/crti.o
 .bss           0x00000000a0e24730       0x18 c:/sunplus/s_core~1.1/gnu/bin/../lib/gcc/score-elf/4.2.1/mel/crtbegin.o
 .bss           0x00000000a0e24748        0x0 Debug\hyperscan_startup.o
 .bss           0x00000000a0e24748        0x0 Debug\main.o
 .bss           0x00000000a0e24748    0x4c00c Debug\MP3Drv.o
                0x00000000a0e6f748                MP3_Encoded_Data_Buf_Spare
                0x00000000a0e70748                MP3_Encoded_Data_Buf_Index
                0x00000000a0e24748                MP3_Encoded_Data_Buf_1
                0x00000000a0e70750                TempData
                0x00000000a0e7074e                FIFO_Offset
                0x00000000a0e7074c                FIFOCounter
                0x00000000a0e49f48                MP3_Encoded_Data_Buf_2
 .bss           0x00000000a0e70754    0x80000 Debug\libgloss.o
 .bss           0x00000000a0ef0754        0x0 Debug\UART.o
 .bss           0x00000000a0ef0754        0x0 Debug\TV.o
 .bss           0x00000000a0ef0754        0x0 Debug\NorFlash.o
 .bss           0x00000000a0ef0754        0x0 Debug\User_IRQ.o
 .bss           0x00000000a0ef0754        0x0 Debug\Sys_isr.o
 .bss           0x00000000a0ef0754        0x0 Debug\Sys_IRQ.o
 .bss           0x00000000a0ef0754        0x0 Debug\I2C.o
 .bss           0x00000000a0ef0754        0x0 Debug\ff.o
 .bss           0x00000000a0ef0754        0x0 Debug\diskio.o
 .bss           0x00000000a0ef0754        0x0 Debug\HS_Controller.o
 .bss           0x00000000a0ef0754        0x0 .\Lib\MP3Core.a(scr_mp3entry.o)
 .bss           0x00000000a0ef0754        0x0 .\Lib\MP3Core.a(mpgaudio.o)
 .bss           0x00000000a0ef0754        0x0 .\Lib\MP3Core.a(mp3enc.o)
 .bss           0x00000000a0ef0754        0x0 .\Lib\MP3Core.a(layer3_enc.o)
 .bss           0x00000000a0ef0754        0x0 .\Lib\MP3Core.a(layer3.o)
 .bss           0x00000000a0ef0754        0x0 .\Lib\MP3Core.a(layer2.o)
 .bss           0x00000000a0ef0754        0x0 .\Lib\MP3Core.a(layer1.o)
 .bss           0x00000000a0ef0754        0x0 .\Lib\MP3Core.a(L3subband.o)
 .bss           0x00000000a0ef0754        0x0 .\Lib\MP3Core.a(L3mdct.o)
 .bss           0x00000000a0ef0754        0x0 .\Lib\MP3Core.a(L3loop.o)
 .bss           0x00000000a0ef0754        0x0 .\Lib\MP3Core.a(L3bitstream.o)
 .bss           0x00000000a0ef0754        0x0 .\Lib\MP3Core.a(i_stereo.o)
 .bss           0x00000000a0ef0754        0x0 .\Lib\MP3Core.a(hybrid.o)
 .bss           0x00000000a0ef0754        0x0 .\Lib\MP3Core.a(huffman.o)
 .bss           0x00000000a0ef0754        0x0 .\Lib\MP3Core.a(filterbank.o)
 .bss           0x00000000a0ef0754        0x0 .\Lib\MP3Core.a(common.o)
 .bss           0x00000000a0ef0754        0x0 .\Lib\MP3Core.a(bitstream.o)
 .bss           0x00000000a0ef0754        0x0 .\Lib\MP3Core.a(tables.o)
 .bss           0x00000000a0ef0754        0x0 .\Lib\MP3Core.a(scr_windowing.o)
 .bss           0x00000000a0ef0754        0x0 .\Lib\MP3Core.a(scr_scaled_dct.o)
 .bss           0x00000000a0ef0754        0x0 .\Lib\MP3Core.a(scr_ms_stereo.o)
 .bss           0x00000000a0ef0754        0x0 .\Lib\MP3Core.a(scr_mdct32_type3.o)
 .bss           0x00000000a0ef0754        0x0 .\Lib\MP3Core.a(scr_mdct.o)
 .bss           0x00000000a0ef0754        0x0 .\Lib\MP3Core.a(scr_imdct36.o)
 .bss           0x00000000a0ef0754        0x0 .\Lib\MP3Core.a(scr_imdct12.o)
 .bss           0x00000000a0ef0754        0x0 .\Lib\MP3Core.a(scr_enc_aa.o)
 .bss           0x00000000a0ef0754        0x0 .\Lib\MP3Core.a(scr_antialiasing.o)
 .bss           0x00000000a0ef0754        0x0 .\Lib\MP3Core.a(scr_analysis_filter.o)
 .bss           0x00000000a0ef0754        0x0 .\Lib\MP3Core.a(reservoir.o)
 .bss           0x00000000a0ef0754        0x0 .\Lib\MP3Core.a(mp3deq.o)
 .bss           0x00000000a0ef0754        0x0 c:/sunplus/s_core~1.1/gnu/bin/../lib/gcc/score-elf/4.2.1/../../../../score-elf/lib/mel\libc.a(abort.o)
 .bss           0x00000000a0ef0754        0x0 c:/sunplus/s_core~1.1/gnu/bin/../lib/gcc/score-elf/4.2.1/../../../../score-elf/lib/mel\libc.a(exit.o)
 .bss           0x00000000a0ef0754        0x0 c:/sunplus/s_core~1.1/gnu/bin/../lib/gcc/score-elf/4.2.1/../../../../score-elf/lib/mel\libc.a(impure.o)
 .bss           0x00000000a0ef0754        0x0 c:/sunplus/s_core~1.1/gnu/bin/../lib/gcc/score-elf/4.2.1/../../../../score-elf/lib/mel\libc.a(malloc.o)
 .bss           0x00000000a0ef0754       0x34 c:/sunplus/s_core~1.1/gnu/bin/../lib/gcc/score-elf/4.2.1/../../../../score-elf/lib/mel\libc.a(mallocr.o)
                0x00000000a0ef0754                __malloc_top_pad
                0x00000000a0ef0758                __malloc_max_sbrked_mem
                0x00000000a0ef0760                __malloc_current_mallinfo
                0x00000000a0ef075c                __malloc_max_total_mem
 .bss           0x00000000a0ef0788        0x0 c:/sunplus/s_core~1.1/gnu/bin/../lib/gcc/score-elf/4.2.1/../../../../score-elf/lib/mel\libc.a(memcmp.o)
 .bss           0x00000000a0ef0788        0x0 c:/sunplus/s_core~1.1/gnu/bin/../lib/gcc/score-elf/4.2.1/../../../../score-elf/lib/mel\libc.a(memcpy.o)
 .bss           0x00000000a0ef0788        0x0 c:/sunplus/s_core~1.1/gnu/bin/../lib/gcc/score-elf/4.2.1/../../../../score-elf/lib/mel\libc.a(memset.o)
 .bss           0x00000000a0ef0788        0x0 c:/sunplus/s_core~1.1/gnu/bin/../lib/gcc/score-elf/4.2.1/../../../../score-elf/lib/mel\libc.a(mlock.o)
 .bss           0x00000000a0ef0788        0x0 c:/sunplus/s_core~1.1/gnu/bin/../lib/gcc/score-elf/4.2.1/../../../../score-elf/lib/mel\libc.a(printf.o)
 .bss           0x00000000a0ef0788        0x0 c:/sunplus/s_core~1.1/gnu/bin/../lib/gcc/score-elf/4.2.1/../../../../score-elf/lib/mel\libc.a(signal.o)
 .bss           0x00000000a0ef0788        0x0 c:/sunplus/s_core~1.1/gnu/bin/../lib/gcc/score-elf/4.2.1/../../../../score-elf/lib/mel\libc.a(sprintf.o)
 .bss           0x00000000a0ef0788        0x0 c:/sunplus/s_core~1.1/gnu/bin/../lib/gcc/score-elf/4.2.1/../../../../score-elf/lib/mel\libc.a(strchr.o)
 .bss           0x00000000a0ef0788        0x0 c:/sunplus/s_core~1.1/gnu/bin/../lib/gcc/score-elf/4.2.1/../../../../score-elf/lib/mel\libc.a(strcpy.o)
 .bss           0x00000000a0ef0788        0x0 c:/sunplus/s_core~1.1/gnu/bin/../lib/gcc/score-elf/4.2.1/../../../../score-elf/lib/mel\libc.a(strlen.o)
 .bss           0x00000000a0ef0788        0x0 c:/sunplus/s_core~1.1/gnu/bin/../lib/gcc/score-elf/4.2.1/../../../../score-elf/lib/mel\libc.a(syswrite.o)
 .bss           0x00000000a0ef0788        0x0 c:/sunplus/s_core~1.1/gnu/bin/../lib/gcc/score-elf/4.2.1/../../../../score-elf/lib/mel\libc.a(vfprintf.o)
 .bss           0x00000000a0ef0788        0x0 c:/sunplus/s_core~1.1/gnu/bin/../lib/gcc/score-elf/4.2.1/../../../../score-elf/lib/mel\libc.a(wcrtomb.o)
 .bss           0x00000000a0ef0788        0x0 c:/sunplus/s_core~1.1/gnu/bin/../lib/gcc/score-elf/4.2.1/../../../../score-elf/lib/mel\libc.a(wcsrtombs.o)
 .bss           0x00000000a0ef0788        0x0 c:/sunplus/s_core~1.1/gnu/bin/../lib/gcc/score-elf/4.2.1/../../../../score-elf/lib/mel\libc.a(wctomb_r.o)
 .bss           0x00000000a0ef0788        0x0 c:/sunplus/s_core~1.1/gnu/bin/../lib/gcc/score-elf/4.2.1/../../../../score-elf/lib/mel\libc.a(wsetup.o)
 .bss           0x00000000a0ef0788        0x0 c:/sunplus/s_core~1.1/gnu/bin/../lib/gcc/score-elf/4.2.1/../../../../score-elf/lib/mel\libc.a(dtoa.o)
 .bss           0x00000000a0ef0788        0x0 c:/sunplus/s_core~1.1/gnu/bin/../lib/gcc/score-elf/4.2.1/../../../../score-elf/lib/mel\libc.a(fflush.o)
 .bss           0x00000000a0ef0788        0x0 c:/sunplus/s_core~1.1/gnu/bin/../lib/gcc/score-elf/4.2.1/../../../../score-elf/lib/mel\libc.a(findfp.o)
 .bss           0x00000000a0ef0788        0x0 c:/sunplus/s_core~1.1/gnu/bin/../lib/gcc/score-elf/4.2.1/../../../../score-elf/lib/mel\libc.a(freer.o)
 .bss           0x00000000a0ef0788        0x0 c:/sunplus/s_core~1.1/gnu/bin/../lib/gcc/score-elf/4.2.1/../../../../score-elf/lib/mel\libc.a(fvwrite.o)
 .bss           0x00000000a0ef0788        0x0 c:/sunplus/s_core~1.1/gnu/bin/../lib/gcc/score-elf/4.2.1/../../../../score-elf/lib/mel\libc.a(fwalk.o)
 .bss           0x00000000a0ef0788        0xc c:/sunplus/s_core~1.1/gnu/bin/../lib/gcc/score-elf/4.2.1/../../../../score-elf/lib/mel\libc.a(locale.o)
                0x00000000a0ef0788                __nlocale_changed
                0x00000000a0ef078c                __mlocale_changed
                0x00000000a0ef0790                _PathLocale
 .bss           0x00000000a0ef0794        0x0 c:/sunplus/s_core~1.1/gnu/bin/../lib/gcc/score-elf/4.2.1/../../../../score-elf/lib/mel\libc.a(makebuf.o)
 .bss           0x00000000a0ef0794        0x0 c:/sunplus/s_core~1.1/gnu/bin/../lib/gcc/score-elf/4.2.1/../../../../score-elf/lib/mel\libc.a(memchr.o)
 .bss           0x00000000a0ef0794        0x0 c:/sunplus/s_core~1.1/gnu/bin/../lib/gcc/score-elf/4.2.1/../../../../score-elf/lib/mel\libc.a(memmove.o)
 .bss           0x00000000a0ef0794        0x0 c:/sunplus/s_core~1.1/gnu/bin/../lib/gcc/score-elf/4.2.1/../../../../score-elf/lib/mel\libc.a(mprec.o)
 .bss           0x00000000a0ef0794        0x0 c:/sunplus/s_core~1.1/gnu/bin/../lib/gcc/score-elf/4.2.1/../../../../score-elf/lib/mel\libc.a(reallocr.o)
 .bss           0x00000000a0ef0794        0x0 c:/sunplus/s_core~1.1/gnu/bin/../lib/gcc/score-elf/4.2.1/../../../../score-elf/lib/mel\libc.a(s_isinf.o)
 .bss           0x00000000a0ef0794        0x0 c:/sunplus/s_core~1.1/gnu/bin/../lib/gcc/score-elf/4.2.1/../../../../score-elf/lib/mel\libc.a(s_isnan.o)
 .bss           0x00000000a0ef0794        0x0 c:/sunplus/s_core~1.1/gnu/bin/../lib/gcc/score-elf/4.2.1/../../../../score-elf/lib/mel\libc.a(stdio.o)
 .bss           0x00000000a0ef0794        0x0 c:/sunplus/s_core~1.1/gnu/bin/../lib/gcc/score-elf/4.2.1/../../../../score-elf/lib/mel\libc.a(strcmp.o)
 .bss           0x00000000a0ef0794        0x0 c:/sunplus/s_core~1.1/gnu/bin/../lib/gcc/score-elf/4.2.1/../../../../score-elf/lib/mel\libc.a(callocr.o)
 .bss           0x00000000a0ef0794        0x0 c:/sunplus/s_core~1.1/gnu/bin/../lib/gcc/score-elf/4.2.1/../../../../score-elf/lib/mel\libc.a(errno.o)
 .bss           0x00000000a0ef0794        0x0 c:/sunplus/s_core~1.1/gnu/bin/../lib/gcc/score-elf/4.2.1/mel\libgcc.a(_addsub_df.o)
 .bss           0x00000000a0ef0794        0x0 c:/sunplus/s_core~1.1/gnu/bin/../lib/gcc/score-elf/4.2.1/mel\libgcc.a(_muldf3.o)
 .bss           0x00000000a0ef0794        0x0 c:/sunplus/s_core~1.1/gnu/bin/../lib/gcc/score-elf/4.2.1/mel\libgcc.a(_divdf3.o)
 .bss           0x00000000a0ef0794        0x0 c:/sunplus/s_core~1.1/gnu/bin/../lib/gcc/score-elf/4.2.1/mel\libgcc.a(_clz64.o)
 .bss           0x00000000a0ef0794        0x0 c:/sunplus/s_core~1.1/gnu/bin/../lib/gcc/score-elf/4.2.1/mel\libgcc.a(_floatsidf.o)
 .bss           0x00000000a0ef0794        0x0 c:/sunplus/s_core~1.1/gnu/bin/../lib/gcc/score-elf/4.2.1/mel\libgcc.a(_floatunsidf.o)
 .bss           0x00000000a0ef0794        0x0 c:/sunplus/s_core~1.1/gnu/bin/../lib/gcc/score-elf/4.2.1/mel\libgcc.a(_fixdfsi.o)
 .bss           0x00000000a0ef0794        0x0 c:/sunplus/s_core~1.1/gnu/bin/../lib/gcc/score-elf/4.2.1/mel\libgcc.a(_fpcmp_parts_df.o)
 .bss           0x00000000a0ef0794        0x0 c:/sunplus/s_core~1.1/gnu/bin/../lib/gcc/score-elf/4.2.1/mel\libgcc.a(_clz32.o)
 .bss           0x00000000a0ef0794        0x0 c:/sunplus/s_core~1.1/gnu/bin/../lib/gcc/score-elf/4.2.1/mel/crtend.o
 .bss           0x00000000a0ef0794        0x0 c:/sunplus/s_core~1.1/gnu/bin/../lib/gcc/score-elf/4.2.1/mel/crtn.o
 *(COMMON)
 COMMON         0x00000000a0ef0794      0x230 Debug\main.o
                0x00000000a0ef0794                fs
 COMMON         0x00000000a0ef09c4     0xce00 Debug\MP3Drv.o
                0x00000000a0ef09c4                FIFOArray
                0x00000000a0ef29c4                PCM_buf
                0x00000000a0ef3bc4                decoder_instance
                0x00000000a0ef83c4                TempPCM
                0x00000000a0efa3c4                ADC_PCM_Buf_1
                0x00000000a0efb5c4                ADC_PCM_Buf_2
                0x00000000a0efc7c4                MP3_bs_buf
 COMMON         0x00000000a0efd7c4     0x50d0 .\Lib\MP3Core.a(mp3enc.o)
                0x00000000a0efd7c4                enc
                0x00000000a0f02894                . = ALIGN (0x4)
                0x00000000a0f02894                . = ALIGN (0x4)
                0x00000000a0f02894                _end = .
                0x00000000a0f02894                _bss_end__ = .
                0x00000000a0f02894                __bss_end__ = .
                0x00000000a0f02894                __end__ = .
                0x00000000a0f02894                PROVIDE (end, .)

.stab
 *(.stab)

.stabstr
 *(.stabstr)

.stab.excl
 *(.stab.excl)

.stab.exclstr
 *(.stab.exclstr)

.stab.index
 *(.stab.index)

.stab.indexstr
 *(.stab.indexstr)

.comment        0x0000000000000000      0x3ba
 *(.comment)
 .comment       0x0000000000000000       0x12 c:/sunplus/s_core~1.1/gnu/bin/../lib/gcc/score-elf/4.2.1/mel/crtbegin.o
 .comment       0x0000000000000012       0x12 Debug\main.o
 .comment       0x0000000000000024       0x12 Debug\MP3Drv.o
 .comment       0x0000000000000036       0x12 Debug\libgloss.o
 .comment       0x0000000000000048       0x12 Debug\UART.o
 .comment       0x000000000000005a       0x12 Debug\TV.o
 .comment       0x000000000000006c       0x12 Debug\NorFlash.o
 .comment       0x000000000000007e       0x12 Debug\User_IRQ.o
 .comment       0x0000000000000090       0x12 Debug\Sys_IRQ.o
 .comment       0x00000000000000a2       0x12 Debug\I2C.o
 .comment       0x00000000000000b4       0x12 Debug\ff.o
 .comment       0x00000000000000c6       0x12 Debug\diskio.o
 .comment       0x00000000000000d8       0x12 Debug\HS_Controller.o
 .comment       0x00000000000000ea       0x12 c:/sunplus/s_core~1.1/gnu/bin/../lib/gcc/score-elf/4.2.1/../../../../score-elf/lib/mel\libc.a(abort.o)
 .comment       0x00000000000000fc       0x12 c:/sunplus/s_core~1.1/gnu/bin/../lib/gcc/score-elf/4.2.1/../../../../score-elf/lib/mel\libc.a(exit.o)
 .comment       0x000000000000010e       0x12 c:/sunplus/s_core~1.1/gnu/bin/../lib/gcc/score-elf/4.2.1/../../../../score-elf/lib/mel\libc.a(impure.o)
 .comment       0x0000000000000120       0x12 c:/sunplus/s_core~1.1/gnu/bin/../lib/gcc/score-elf/4.2.1/../../../../score-elf/lib/mel\libc.a(malloc.o)
 .comment       0x0000000000000132       0x12 c:/sunplus/s_core~1.1/gnu/bin/../lib/gcc/score-elf/4.2.1/../../../../score-elf/lib/mel\libc.a(mallocr.o)
 .comment       0x0000000000000144       0x12 c:/sunplus/s_core~1.1/gnu/bin/../lib/gcc/score-elf/4.2.1/../../../../score-elf/lib/mel\libc.a(memcmp.o)
 .comment       0x0000000000000156       0x12 c:/sunplus/s_core~1.1/gnu/bin/../lib/gcc/score-elf/4.2.1/../../../../score-elf/lib/mel\libc.a(memcpy.o)
 .comment       0x0000000000000168       0x12 c:/sunplus/s_core~1.1/gnu/bin/../lib/gcc/score-elf/4.2.1/../../../../score-elf/lib/mel\libc.a(memset.o)
 .comment       0x000000000000017a       0x12 c:/sunplus/s_core~1.1/gnu/bin/../lib/gcc/score-elf/4.2.1/../../../../score-elf/lib/mel\libc.a(mlock.o)
 .comment       0x000000000000018c       0x12 c:/sunplus/s_core~1.1/gnu/bin/../lib/gcc/score-elf/4.2.1/../../../../score-elf/lib/mel\libc.a(printf.o)
 .comment       0x000000000000019e       0x12 c:/sunplus/s_core~1.1/gnu/bin/../lib/gcc/score-elf/4.2.1/../../../../score-elf/lib/mel\libc.a(signal.o)
 .comment       0x00000000000001b0       0x12 c:/sunplus/s_core~1.1/gnu/bin/../lib/gcc/score-elf/4.2.1/../../../../score-elf/lib/mel\libc.a(sprintf.o)
 .comment       0x00000000000001c2       0x12 c:/sunplus/s_core~1.1/gnu/bin/../lib/gcc/score-elf/4.2.1/../../../../score-elf/lib/mel\libc.a(strchr.o)
 .comment       0x00000000000001d4       0x12 c:/sunplus/s_core~1.1/gnu/bin/../lib/gcc/score-elf/4.2.1/../../../../score-elf/lib/mel\libc.a(strcpy.o)
 .comment       0x00000000000001e6       0x12 c:/sunplus/s_core~1.1/gnu/bin/../lib/gcc/score-elf/4.2.1/../../../../score-elf/lib/mel\libc.a(strlen.o)
 .comment       0x00000000000001f8       0x12 c:/sunplus/s_core~1.1/gnu/bin/../lib/gcc/score-elf/4.2.1/../../../../score-elf/lib/mel\libc.a(syswrite.o)
 .comment       0x000000000000020a       0x12 c:/sunplus/s_core~1.1/gnu/bin/../lib/gcc/score-elf/4.2.1/../../../../score-elf/lib/mel\libc.a(vfprintf.o)
 .comment       0x000000000000021c       0x12 c:/sunplus/s_core~1.1/gnu/bin/../lib/gcc/score-elf/4.2.1/../../../../score-elf/lib/mel\libc.a(wcrtomb.o)
 .comment       0x000000000000022e       0x12 c:/sunplus/s_core~1.1/gnu/bin/../lib/gcc/score-elf/4.2.1/../../../../score-elf/lib/mel\libc.a(wcsrtombs.o)
 .comment       0x0000000000000240       0x12 c:/sunplus/s_core~1.1/gnu/bin/../lib/gcc/score-elf/4.2.1/../../../../score-elf/lib/mel\libc.a(wctomb_r.o)
 .comment       0x0000000000000252       0x12 c:/sunplus/s_core~1.1/gnu/bin/../lib/gcc/score-elf/4.2.1/../../../../score-elf/lib/mel\libc.a(wsetup.o)
 .comment       0x0000000000000264       0x12 c:/sunplus/s_core~1.1/gnu/bin/../lib/gcc/score-elf/4.2.1/../../../../score-elf/lib/mel\libc.a(dtoa.o)
 .comment       0x0000000000000276       0x12 c:/sunplus/s_core~1.1/gnu/bin/../lib/gcc/score-elf/4.2.1/../../../../score-elf/lib/mel\libc.a(fflush.o)
 .comment       0x0000000000000288       0x12 c:/sunplus/s_core~1.1/gnu/bin/../lib/gcc/score-elf/4.2.1/../../../../score-elf/lib/mel\libc.a(findfp.o)
 .comment       0x000000000000029a       0x12 c:/sunplus/s_core~1.1/gnu/bin/../lib/gcc/score-elf/4.2.1/../../../../score-elf/lib/mel\libc.a(freer.o)
 .comment       0x00000000000002ac       0x12 c:/sunplus/s_core~1.1/gnu/bin/../lib/gcc/score-elf/4.2.1/../../../../score-elf/lib/mel\libc.a(fvwrite.o)
 .comment       0x00000000000002be       0x12 c:/sunplus/s_core~1.1/gnu/bin/../lib/gcc/score-elf/4.2.1/../../../../score-elf/lib/mel\libc.a(fwalk.o)
 .comment       0x00000000000002d0       0x12 c:/sunplus/s_core~1.1/gnu/bin/../lib/gcc/score-elf/4.2.1/../../../../score-elf/lib/mel\libc.a(locale.o)
 .comment       0x00000000000002e2       0x12 c:/sunplus/s_core~1.1/gnu/bin/../lib/gcc/score-elf/4.2.1/../../../../score-elf/lib/mel\libc.a(makebuf.o)
 .comment       0x00000000000002f4       0x12 c:/sunplus/s_core~1.1/gnu/bin/../lib/gcc/score-elf/4.2.1/../../../../score-elf/lib/mel\libc.a(memchr.o)
 .comment       0x0000000000000306       0x12 c:/sunplus/s_core~1.1/gnu/bin/../lib/gcc/score-elf/4.2.1/../../../../score-elf/lib/mel\libc.a(memmove.o)
 .comment       0x0000000000000318       0x12 c:/sunplus/s_core~1.1/gnu/bin/../lib/gcc/score-elf/4.2.1/../../../../score-elf/lib/mel\libc.a(mprec.o)
 .comment       0x000000000000032a       0x12 c:/sunplus/s_core~1.1/gnu/bin/../lib/gcc/score-elf/4.2.1/../../../../score-elf/lib/mel\libc.a(reallocr.o)
 .comment       0x000000000000033c       0x12 c:/sunplus/s_core~1.1/gnu/bin/../lib/gcc/score-elf/4.2.1/../../../../score-elf/lib/mel\libc.a(s_isinf.o)
 .comment       0x000000000000034e       0x12 c:/sunplus/s_core~1.1/gnu/bin/../lib/gcc/score-elf/4.2.1/../../../../score-elf/lib/mel\libc.a(s_isnan.o)
 .comment       0x0000000000000360       0x12 c:/sunplus/s_core~1.1/gnu/bin/../lib/gcc/score-elf/4.2.1/../../../../score-elf/lib/mel\libc.a(stdio.o)
 .comment       0x0000000000000372       0x12 c:/sunplus/s_core~1.1/gnu/bin/../lib/gcc/score-elf/4.2.1/../../../../score-elf/lib/mel\libc.a(strcmp.o)
 .comment       0x0000000000000384       0x12 c:/sunplus/s_core~1.1/gnu/bin/../lib/gcc/score-elf/4.2.1/../../../../score-elf/lib/mel\libc.a(callocr.o)
 .comment       0x0000000000000396       0x12 c:/sunplus/s_core~1.1/gnu/bin/../lib/gcc/score-elf/4.2.1/../../../../score-elf/lib/mel\libc.a(errno.o)
 .comment       0x00000000000003a8       0x12 c:/sunplus/s_core~1.1/gnu/bin/../lib/gcc/score-elf/4.2.1/mel/crtend.o

.debug
 *(.debug)

.line
 *(.line)

.debug_srcinfo
 *(.debug_srcinfo)

.debug_sfnames
 *(.debug_sfnames)

.debug_aranges  0x0000000000000000      0x1c0
 *(.debug_aranges)
 .debug_aranges
                0x0000000000000000       0x20 Debug\hyperscan_startup.o
 .debug_aranges
                0x0000000000000020       0x20 Debug\main.o
 .debug_aranges
                0x0000000000000040       0x20 Debug\MP3Drv.o
 .debug_aranges
                0x0000000000000060       0x20 Debug\libgloss.o
 .debug_aranges
                0x0000000000000080       0x20 Debug\UART.o
 .debug_aranges
                0x00000000000000a0       0x20 Debug\TV.o
 .debug_aranges
                0x00000000000000c0       0x20 Debug\NorFlash.o
 .debug_aranges
                0x00000000000000e0       0x20 Debug\User_IRQ.o
 .debug_aranges
                0x0000000000000100       0x20 Debug\Sys_isr.o
 .debug_aranges
                0x0000000000000120       0x20 Debug\Sys_IRQ.o
 .debug_aranges
                0x0000000000000140       0x20 Debug\I2C.o
 .debug_aranges
                0x0000000000000160       0x20 Debug\ff.o
 .debug_aranges
                0x0000000000000180       0x20 Debug\diskio.o
 .debug_aranges
                0x00000000000001a0       0x20 Debug\HS_Controller.o

.debug_pubnames
                0x0000000000000000      0xb12
 *(.debug_pubnames)
 .debug_pubnames
                0x0000000000000000       0xb8 Debug\main.o
 .debug_pubnames
                0x00000000000000b8      0x3c3 Debug\MP3Drv.o
 .debug_pubnames
                0x000000000000047b       0xc2 Debug\libgloss.o
 .debug_pubnames
                0x000000000000053d       0x43 Debug\UART.o
 .debug_pubnames
                0x0000000000000580       0xd3 Debug\TV.o
 .debug_pubnames
                0x0000000000000653       0xc3 Debug\NorFlash.o
 .debug_pubnames
                0x0000000000000716      0x1a2 Debug\User_IRQ.o
 .debug_pubnames
                0x00000000000008b8       0x2e Debug\Sys_IRQ.o
 .debug_pubnames
                0x00000000000008e6       0x3c Debug\I2C.o
 .debug_pubnames
                0x0000000000000922       0xe3 Debug\ff.o
 .debug_pubnames
                0x0000000000000a05       0xbe Debug\diskio.o
 .debug_pubnames
                0x0000000000000ac3       0x4f Debug\HS_Controller.o

.debug_info     0x0000000000000000     0x6348
 *(.debug_info .gnu.linkonce.wi.*)
 .debug_info    0x0000000000000000       0xe4 Debug\hyperscan_startup.o
 .debug_info    0x00000000000000e4      0xe6e Debug\main.o
 .debug_info    0x0000000000000f52      0x93e Debug\MP3Drv.o
 .debug_info    0x0000000000001890     0x12ff Debug\libgloss.o
 .debug_info    0x0000000000002b8f      0x194 Debug\UART.o
 .debug_info    0x0000000000002d23      0x526 Debug\TV.o
 .debug_info    0x0000000000003249      0x2bf Debug\NorFlash.o
 .debug_info    0x0000000000003508      0x48d Debug\User_IRQ.o
 .debug_info    0x0000000000003995       0xd5 Debug\Sys_isr.o
 .debug_info    0x0000000000003a6a      0x149 Debug\Sys_IRQ.o
 .debug_info    0x0000000000003bb3      0x186 Debug\I2C.o
 .debug_info    0x0000000000003d39     0x1d35 Debug\ff.o
 .debug_info    0x0000000000005a6e      0x5db Debug\diskio.o
 .debug_info    0x0000000000006049      0x2ff Debug\HS_Controller.o

.debug_abbrev   0x0000000000000000      0xbcf
 *(.debug_abbrev)
 .debug_abbrev  0x0000000000000000       0x14 Debug\hyperscan_startup.o
 .debug_abbrev  0x0000000000000014      0x23e Debug\main.o
 .debug_abbrev  0x0000000000000252      0x15f Debug\MP3Drv.o
 .debug_abbrev  0x00000000000003b1      0x1f5 Debug\libgloss.o
 .debug_abbrev  0x00000000000005a6       0x69 Debug\UART.o
 .debug_abbrev  0x000000000000060f       0xa8 Debug\TV.o
 .debug_abbrev  0x00000000000006b7       0x97 Debug\NorFlash.o
 .debug_abbrev  0x000000000000074e       0x49 Debug\User_IRQ.o
 .debug_abbrev  0x0000000000000797       0x14 Debug\Sys_isr.o
 .debug_abbrev  0x00000000000007ab       0x69 Debug\Sys_IRQ.o
 .debug_abbrev  0x0000000000000814       0x80 Debug\I2C.o
 .debug_abbrev  0x0000000000000894      0x175 Debug\ff.o
 .debug_abbrev  0x0000000000000a09       0xf7 Debug\diskio.o
 .debug_abbrev  0x0000000000000b00       0xcf Debug\HS_Controller.o

.debug_line     0x0000000000000000     0x19af
 *(.debug_line)
 .debug_line    0x0000000000000000       0xb9 Debug\hyperscan_startup.o
 .debug_line    0x00000000000000b9      0x32e Debug\main.o
 .debug_line    0x00000000000003e7      0x1c2 Debug\MP3Drv.o
 .debug_line    0x00000000000005a9      0x22e Debug\libgloss.o
 .debug_line    0x00000000000007d7       0xa1 Debug\UART.o
 .debug_line    0x0000000000000878      0x18e Debug\TV.o
 .debug_line    0x0000000000000a06       0xfc Debug\NorFlash.o
 .debug_line    0x0000000000000b02      0x12d Debug\User_IRQ.o
 .debug_line    0x0000000000000c2f      0x120 Debug\Sys_isr.o
 .debug_line    0x0000000000000d4f       0xe8 Debug\Sys_IRQ.o
 .debug_line    0x0000000000000e37       0xad Debug\I2C.o
 .debug_line    0x0000000000000ee4      0x7de Debug\ff.o
 .debug_line    0x00000000000016c2      0x1a2 Debug\diskio.o
 .debug_line    0x0000000000001864      0x14b Debug\HS_Controller.o

.debug_frame    0x0000000000000000     0x139c
 *(.debug_frame)
 .debug_frame   0x0000000000000000      0x158 Debug\main.o
 .debug_frame   0x0000000000000158      0x214 Debug\MP3Drv.o
 .debug_frame   0x000000000000036c      0x184 Debug\libgloss.o
 .debug_frame   0x00000000000004f0       0x5c Debug\UART.o
 .debug_frame   0x000000000000054c      0x15c Debug\TV.o
 .debug_frame   0x00000000000006a8      0x100 Debug\NorFlash.o
 .debug_frame   0x00000000000007a8      0x3d0 Debug\User_IRQ.o
 .debug_frame   0x0000000000000b78       0x48 Debug\Sys_IRQ.o
 .debug_frame   0x0000000000000bc0       0x60 Debug\I2C.o
 .debug_frame   0x0000000000000c20      0x600 Debug\ff.o
 .debug_frame   0x0000000000001220      0x120 Debug\diskio.o
 .debug_frame   0x0000000000001340       0x5c Debug\HS_Controller.o

.debug_str      0x0000000000000000       0xa6
 *(.debug_str)
 .debug_str     0x0000000000000000       0x32 Debug\main.o
 .debug_str     0x0000000000000032       0x1d Debug\MP3Drv.o
 .debug_str     0x000000000000004f       0x1f Debug\libgloss.o
 .debug_str     0x000000000000006e       0x1b Debug\TV.o
 .debug_str     0x0000000000000089        0xf Debug\ff.o
 .debug_str     0x0000000000000098        0xe Debug\diskio.o

.debug_loc      0x0000000000000000     0x250c
 *(.debug_loc)
 .debug_loc     0x0000000000000000      0x290 Debug\main.o
 .debug_loc     0x0000000000000290      0x3e5 Debug\MP3Drv.o
 .debug_loc     0x0000000000000675      0x2c6 Debug\libgloss.o
 .debug_loc     0x000000000000093b       0x8d Debug\UART.o
 .debug_loc     0x00000000000009c8      0x288 Debug\TV.o
 .debug_loc     0x0000000000000c50      0x1e8 Debug\NorFlash.o
 .debug_loc     0x0000000000000e38      0x6b8 Debug\User_IRQ.o
 .debug_loc     0x00000000000014f0       0x6e Debug\Sys_IRQ.o
 .debug_loc     0x000000000000155e       0x99 Debug\I2C.o
 .debug_loc     0x00000000000015f7      0xc4c Debug\ff.o
 .debug_loc     0x0000000000002243      0x22b Debug\diskio.o
 .debug_loc     0x000000000000246e       0x9e Debug\HS_Controller.o

.debug_macinfo
 *(.debug_macinfo)

.debug_weaknames
 *(.debug_weaknames)

.debug_funcnames
 *(.debug_funcnames)

.debug_typenames
 *(.debug_typenames)

.debug_varnames
 *(.debug_varnames)
OUTPUT(Debug\hyperscan.elf elf32-littlescore)

.pdr            0x0000000000000000     0x2620
 .pdr           0x0000000000000000       0x40 c:/sunplus/s_core~1.1/gnu/bin/../lib/gcc/score-elf/4.2.1/mel/crti.o
 .pdr           0x0000000000000040        0x0 c:/sunplus/s_core~1.1/gnu/bin/../lib/gcc/score-elf/4.2.1/mel/crtbegin.o
 .pdr           0x0000000000000040        0x0 Debug\hyperscan_startup.o
 .pdr           0x0000000000000040      0x140 Debug\main.o
 .pdr           0x0000000000000180      0x260 Debug\MP3Drv.o
 .pdr           0x00000000000003e0      0x1c0 Debug\libgloss.o
 .pdr           0x00000000000005a0       0x60 Debug\UART.o
 .pdr           0x0000000000000600      0x180 Debug\TV.o
 .pdr           0x0000000000000780      0x100 Debug\NorFlash.o
 .pdr           0x0000000000000880      0x500 Debug\User_IRQ.o
 .pdr           0x0000000000000d80        0x0 Debug\Sys_isr.o
 .pdr           0x0000000000000d80       0x40 Debug\Sys_IRQ.o
 .pdr           0x0000000000000dc0       0x60 Debug\I2C.o
 .pdr           0x0000000000000e20      0x600 Debug\ff.o
 .pdr           0x0000000000001420      0x120 Debug\diskio.o
 .pdr           0x0000000000001540       0x40 Debug\HS_Controller.o
 .pdr           0x0000000000001580        0x0 .\Lib\MP3Core.a(scr_mp3entry.o)
 .pdr           0x0000000000001580      0x140 .\Lib\MP3Core.a(mpgaudio.o)
 .pdr           0x00000000000016c0       0x60 .\Lib\MP3Core.a(mp3enc.o)
 .pdr           0x0000000000001720       0x40 .\Lib\MP3Core.a(layer3_enc.o)
 .pdr           0x0000000000001760       0x60 .\Lib\MP3Core.a(layer3.o)
 .pdr           0x00000000000017c0       0x20 .\Lib\MP3Core.a(layer2.o)
 .pdr           0x00000000000017e0       0x20 .\Lib\MP3Core.a(layer1.o)
 .pdr           0x0000000000001800       0x40 .\Lib\MP3Core.a(L3subband.o)
 .pdr           0x0000000000001840       0x20 .\Lib\MP3Core.a(L3mdct.o)
 .pdr           0x0000000000001860       0x40 .\Lib\MP3Core.a(L3loop.o)
 .pdr           0x00000000000018a0       0xa0 .\Lib\MP3Core.a(L3bitstream.o)
 .pdr           0x0000000000001940       0x20 .\Lib\MP3Core.a(i_stereo.o)
 .pdr           0x0000000000001960       0x40 .\Lib\MP3Core.a(hybrid.o)
 .pdr           0x00000000000019a0        0x0 .\Lib\MP3Core.a(huffman.o)
 .pdr           0x00000000000019a0       0x40 .\Lib\MP3Core.a(filterbank.o)
 .pdr           0x00000000000019e0      0x140 .\Lib\MP3Core.a(common.o)
 .pdr           0x0000000000001b20       0x60 .\Lib\MP3Core.a(bitstream.o)
 .pdr           0x0000000000001b80        0x0 .\Lib\MP3Core.a(tables.o)
 .pdr           0x0000000000001b80        0x0 .\Lib\MP3Core.a(scr_windowing.o)
 .pdr           0x0000000000001b80        0x0 .\Lib\MP3Core.a(scr_scaled_dct.o)
 .pdr           0x0000000000001b80        0x0 .\Lib\MP3Core.a(scr_ms_stereo.o)
 .pdr           0x0000000000001b80        0x0 .\Lib\MP3Core.a(scr_mdct32_type3.o)
 .pdr           0x0000000000001b80        0x0 .\Lib\MP3Core.a(scr_mdct.o)
 .pdr           0x0000000000001b80        0x0 .\Lib\MP3Core.a(scr_imdct36.o)
 .pdr           0x0000000000001b80        0x0 .\Lib\MP3Core.a(scr_imdct12.o)
 .pdr           0x0000000000001b80        0x0 .\Lib\MP3Core.a(scr_enc_aa.o)
 .pdr           0x0000000000001b80        0x0 .\Lib\MP3Core.a(scr_antialiasing.o)
 .pdr           0x0000000000001b80        0x0 .\Lib\MP3Core.a(scr_analysis_filter.o)
 .pdr           0x0000000000001b80       0x20 .\Lib\MP3Core.a(reservoir.o)
 .pdr           0x0000000000001ba0       0x20 .\Lib\MP3Core.a(mp3deq.o)
 .pdr           0x0000000000001bc0       0x20 c:/sunplus/s_core~1.1/gnu/bin/../lib/gcc/score-elf/4.2.1/../../../../score-elf/lib/mel\libc.a(abort.o)
 .pdr           0x0000000000001be0       0x20 c:/sunplus/s_core~1.1/gnu/bin/../lib/gcc/score-elf/4.2.1/../../../../score-elf/lib/mel\libc.a(exit.o)
 .pdr           0x0000000000001c00        0x0 c:/sunplus/s_core~1.1/gnu/bin/../lib/gcc/score-elf/4.2.1/../../../../score-elf/lib/mel\libc.a(impure.o)
 .pdr           0x0000000000001c00       0x40 c:/sunplus/s_core~1.1/gnu/bin/../lib/gcc/score-elf/4.2.1/../../../../score-elf/lib/mel\libc.a(malloc.o)
 .pdr           0x0000000000001c40       0x20 c:/sunplus/s_core~1.1/gnu/bin/../lib/gcc/score-elf/4.2.1/../../../../score-elf/lib/mel\libc.a(mallocr.o)
 .pdr           0x0000000000001c60       0x20 c:/sunplus/s_core~1.1/gnu/bin/../lib/gcc/score-elf/4.2.1/../../../../score-elf/lib/mel\libc.a(memcmp.o)
 .pdr           0x0000000000001c80       0x20 c:/sunplus/s_core~1.1/gnu/bin/../lib/gcc/score-elf/4.2.1/../../../../score-elf/lib/mel\libc.a(memcpy.o)
 .pdr           0x0000000000001ca0       0x20 c:/sunplus/s_core~1.1/gnu/bin/../lib/gcc/score-elf/4.2.1/../../../../score-elf/lib/mel\libc.a(memset.o)
 .pdr           0x0000000000001cc0       0x40 c:/sunplus/s_core~1.1/gnu/bin/../lib/gcc/score-elf/4.2.1/../../../../score-elf/lib/mel\libc.a(mlock.o)
 .pdr           0x0000000000001d00       0x40 c:/sunplus/s_core~1.1/gnu/bin/../lib/gcc/score-elf/4.2.1/../../../../score-elf/lib/mel\libc.a(printf.o)
 .pdr           0x0000000000001d40      0x100 c:/sunplus/s_core~1.1/gnu/bin/../lib/gcc/score-elf/4.2.1/../../../../score-elf/lib/mel\libc.a(signal.o)
 .pdr           0x0000000000001e40       0x40 c:/sunplus/s_core~1.1/gnu/bin/../lib/gcc/score-elf/4.2.1/../../../../score-elf/lib/mel\libc.a(sprintf.o)
 .pdr           0x0000000000001e80       0x20 c:/sunplus/s_core~1.1/gnu/bin/../lib/gcc/score-elf/4.2.1/../../../../score-elf/lib/mel\libc.a(strchr.o)
 .pdr           0x0000000000001ea0       0x20 c:/sunplus/s_core~1.1/gnu/bin/../lib/gcc/score-elf/4.2.1/../../../../score-elf/lib/mel\libc.a(strcpy.o)
 .pdr           0x0000000000001ec0       0x20 c:/sunplus/s_core~1.1/gnu/bin/../lib/gcc/score-elf/4.2.1/../../../../score-elf/lib/mel\libc.a(strlen.o)
 .pdr           0x0000000000001ee0       0x20 c:/sunplus/s_core~1.1/gnu/bin/../lib/gcc/score-elf/4.2.1/../../../../score-elf/lib/mel\libc.a(syswrite.o)
 .pdr           0x0000000000001f00       0x60 c:/sunplus/s_core~1.1/gnu/bin/../lib/gcc/score-elf/4.2.1/../../../../score-elf/lib/mel\libc.a(vfprintf.o)
 .pdr           0x0000000000001f60       0x40 c:/sunplus/s_core~1.1/gnu/bin/../lib/gcc/score-elf/4.2.1/../../../../score-elf/lib/mel\libc.a(wcrtomb.o)
 .pdr           0x0000000000001fa0       0x40 c:/sunplus/s_core~1.1/gnu/bin/../lib/gcc/score-elf/4.2.1/../../../../score-elf/lib/mel\libc.a(wcsrtombs.o)
 .pdr           0x0000000000001fe0       0x20 c:/sunplus/s_core~1.1/gnu/bin/../lib/gcc/score-elf/4.2.1/../../../../score-elf/lib/mel\libc.a(wctomb_r.o)
 .pdr           0x0000000000002000       0x20 c:/sunplus/s_core~1.1/gnu/bin/../lib/gcc/score-elf/4.2.1/../../../../score-elf/lib/mel\libc.a(wsetup.o)
 .pdr           0x0000000000002020       0x40 c:/sunplus/s_core~1.1/gnu/bin/../lib/gcc/score-elf/4.2.1/../../../../score-elf/lib/mel\libc.a(dtoa.o)
 .pdr           0x0000000000002060       0x20 c:/sunplus/s_core~1.1/gnu/bin/../lib/gcc/score-elf/4.2.1/../../../../score-elf/lib/mel\libc.a(fflush.o)
 .pdr           0x0000000000002080       0xc0 c:/sunplus/s_core~1.1/gnu/bin/../lib/gcc/score-elf/4.2.1/../../../../score-elf/lib/mel\libc.a(findfp.o)
 .pdr           0x0000000000002140       0x40 c:/sunplus/s_core~1.1/gnu/bin/../lib/gcc/score-elf/4.2.1/../../../../score-elf/lib/mel\libc.a(freer.o)
 .pdr           0x0000000000002180       0x20 c:/sunplus/s_core~1.1/gnu/bin/../lib/gcc/score-elf/4.2.1/../../../../score-elf/lib/mel\libc.a(fvwrite.o)
 .pdr           0x00000000000021a0       0x20 c:/sunplus/s_core~1.1/gnu/bin/../lib/gcc/score-elf/4.2.1/../../../../score-elf/lib/mel\libc.a(fwalk.o)