Archive member included because of file (symbol)

c:/sunplus/s_core~1.1/gnu/bin/../lib/gcc/score-elf/4.2.1/../../../../score-elf/lib/mel\libc.a(abort.o)
                              Debug\libgloss.o (abort)
c:/sunplus/s_core~1.1/gnu/bin/../lib/gcc/score-elf/4.2.1/../../../../score-elf/lib/mel\libc.a(signal.o)
                              c:/sunplus/s_core~1.1/gnu/bin/../lib/gcc/score-elf/4.2.1/../../../../score-elf/lib/mel\libc.a(abort.o) (raise)
c:/sunplus/s_core~1.1/gnu/bin/../lib/gcc/score-elf/4.2.1/../../../../score-elf/lib/mel\libc.a(syswrite.o)
                              Debug\libgloss.o (write)
c:/sunplus/s_core~1.1/gnu/bin/../lib/gcc/score-elf/4.2.1/../../../../score-elf/lib/mel\libc.a(impure.o)
                              c:/sunplus/s_core~1.1/gnu/bin/../lib/gcc/score-elf/4.2.1/../../../../score-elf/lib/mel\libc.a(signal.o) (_impure_ptr)
c:/sunplus/s_core~1.1/gnu/bin/../lib/gcc/score-elf/4.2.1/../../../../score-elf/lib/mel\libc.a(mallocr.o)
                              c:/sunplus/s_core~1.1/gnu/bin/../lib/gcc/score-elf/4.2.1/../../../../score-elf/lib/mel\libc.a(signal.o) (_malloc_r)
c:/sunplus/s_core~1.1/gnu/bin/../lib/gcc/score-elf/4.2.1/../../../../score-elf/lib/mel\libc.a(mlock.o)
                              c:/sunplus/s_core~1.1/gnu/bin/../lib/gcc/score-elf/4.2.1/../../../../score-elf/lib/mel\libc.a(mallocr.o) (__malloc_lock)
c:/sunplus/s_core~1.1/gnu/bin/../lib/gcc/score-elf/4.2.1/../../../../score-elf/lib/mel\libc.a(freer.o)
                              c:/sunplus/s_core~1.1/gnu/bin/../lib/gcc/score-elf/4.2.1/../../../../score-elf/lib/mel\libc.a(mallocr.o) (_free_r)

Allocating common symbols
Common symbol       size              file

controller          0x5               Debug\main.o

Memory Configuration

Name             Origin             Length             Attributes
*default*        0x0000000000000000 0xffffffffffffffff

Linker script and memory map

LOAD Obj.lst
LOAD Debug\hyperscan_startup.o
LOAD Debug\main.o
LOAD Debug\libgloss.o
LOAD Debug\UART.o
LOAD Debug\TV.o
LOAD Debug\NorFlash.o
LOAD Debug\User_IRQ.o
LOAD Debug\Sys_isr.o
LOAD Debug\Sys_IRQ.o
LOAD Debug\I2C.o
LOAD Debug\HS_Controller.o
LOAD Lib.lst
LOAD c:/sunplus/s_core~1.1/gnu/bin/../lib/gcc/score-elf/4.2.1/../../../../score-elf/lib/mel\libm.a
LOAD c:/sunplus/s_core~1.1/gnu/bin/../lib/gcc/score-elf/4.2.1/../../../../score-elf/lib/mel\libc.a
LOAD c:/sunplus/s_core~1.1/gnu/bin/../lib/gcc/score-elf/4.2.1/mel\libgcc.a
LOAD c:/sunplus/s_core~1.1/gnu/bin/../lib/gcc/score-elf/4.2.1/mel\libgcc.a
LOAD c:/sunplus/s_core~1.1/gnu/bin/../lib/gcc/score-elf/4.2.1/../../../../score-elf/lib/mel\libc.a
LOAD c:/sunplus/s_core~1.1/gnu/bin/../lib/gcc/score-elf/4.2.1/mel\libgcc.a
START GROUP
LOAD c:/sunplus/s_core~1.1/gnu/bin/../lib/gcc/score-elf/4.2.1/../../../../score-elf/lib/mel\libc.a
LOAD c:/sunplus/s_core~1.1/gnu/bin/../lib/gcc/score-elf/4.2.1/../../../../score-elf/lib/mel\libm.a
LOAD c:/sunplus/s_core~1.1/gnu/bin/../lib/gcc/score-elf/4.2.1/mel\libgcc.a
END GROUP

.exception      0x00000000a00901fc      0x23c
 *(.exception_vec)
 .exception_vec
                0x00000000a00901fc      0x23c Debug\Sys_isr.o

.stack          0x00000000a0fffff0        0x0
                0x00000000a0fffff0                _stack = .
 *(.stack)
                0x00000000a0091000                . = 0xa0091000

.interp
 *(.interp)

.hash
 *(.hash)

.dynsym
 *(.dynsym)

.dynstr
 *(.dynstr)

.gnu.version
 *(.gnu.version)

.gnu.version_d
 *(.gnu.version_d)

.gnu.version_r
 *(.gnu.version_r)

.rel.dyn        0x00000000a0091000        0x0
 *(.rel.init)
 *(.rel.text .rel.text.* .rel.gnu.linkonce.t.*)
 *(.rel.fini)
 *(.rel.rodata .rel.rodata.* .rel.gnu.linkonce.r.*)
 *(.rel.data .rel.data.* .rel.gnu.linkonce.d.*)
 *(.rel.tdata .rel.tdata.* .rel.gnu.linkonce.td.*)
 *(.rel.tbss .rel.tbss.* .rel.gnu.linkonce.tb.*)
 *(.rel.ctors)
 *(.rel.dtors)
 *(.rel.got)
 *(.rel.sdata .rel.sdata.* .rel.gnu.linkonce.s.*)
 *(.rel.sbss .rel.sbss.* .rel.gnu.linkonce.sb.*)
 *(.rel.sdata2 .rel.sdata2.* .rel.gnu.linkonce.s2.*)
 *(.rel.sbss2 .rel.sbss2.* .rel.gnu.linkonce.sb2.*)
 *(.rel.bss .rel.bss.* .rel.gnu.linkonce.b.*)
 .rel.dyn       0x0000000000000000        0x0 c:/sunplus/s_core~1.1/gnu/bin/../lib/gcc/score-elf/4.2.1/../../../../score-elf/lib/mel\libc.a(mallocr.o)

.rela.dyn
 *(.rela.init)
 *(.rela.text .rela.text.* .rela.gnu.linkonce.t.*)
 *(.rela.fini)
 *(.rela.rodata .rela.rodata.* .rela.gnu.linkonce.r.*)
 *(.rela.data .rela.data.* .rela.gnu.linkonce.d.*)
 *(.rela.tdata .rela.tdata.* .rela.gnu.linkonce.td.*)
 *(.rela.tbss .rela.tbss.* .rela.gnu.linkonce.tb.*)
 *(.rela.ctors)
 *(.rela.dtors)
 *(.rela.got)
 *(.rela.sdata .rela.sdata.* .rela.gnu.linkonce.s.*)
 *(.rela.sbss .rela.sbss.* .rela.gnu.linkonce.sb.*)
 *(.rela.sdata2 .rela.sdata2.* .rela.gnu.linkonce.s2.*)
 *(.rela.sbss2 .rela.sbss2.* .rela.gnu.linkonce.sb2.*)
 *(.rela.bss .rela.bss.* .rela.gnu.linkonce.b.*)

.rel.plt
 *(.rel.plt)

.rela.plt
 *(.rela.plt)

.hardware_init  0x00000000a0091000       0x94
 *(.hardware_init)
 .hardware_init
                0x00000000a0091000       0x94 Debug\hyperscan_startup.o
                0x00000000a0091000                _hardware_init

.init
 *(.init)

.plt
 *(.plt)

.text           0x00000000a0091094     0x33e4
 *(.text .stub .text.* .gnu.linkonce.t.*)
 .text          0x00000000a0091094        0x0 Debug\hyperscan_startup.o
 .text          0x00000000a0091094     0x113c Debug\main.o
                0x00000000a0091094                draw_player1
                0x00000000a00912a4                draw_ball
                0x00000000a009119c                draw_player2
                0x00000000a0091408                main
 .text          0x00000000a00921d0      0x3c0 Debug\libgloss.o
                0x00000000a0092500                _getpid
                0x00000000a0092480                _lseek_r
                0x00000000a0092558                _kill_r
                0x00000000a0092498                _fstat_r
                0x00000000a00924b8                isatty
                0x00000000a0092510                _getpid_r
                0x00000000a00923f0                _sbrk_r
                0x00000000a0092250                _read_r
                0x00000000a00921d0                _putc_r
                0x00000000a00923a4                _open_r
                0x00000000a00923bc                _close_r
                0x00000000a0092320                _write_r
                0x00000000a0092520                _kill
                0x00000000a00923d0                _exit
 .text          0x00000000a0092590       0xd8 Debug\UART.o
                0x00000000a0092590                UART_Init
                0x00000000a009259c                UART_SendChar
                0x00000000a00925ec                UART_GetChar
 .text          0x00000000a0092668      0x46c Debug\TV.o
                0x00000000a0092a74                TV_FadeIn
                0x00000000a00926bc                TV_Init
                0x00000000a0092784                TV_Buffer_Sel
                0x00000000a0092668                TV_ClearScreen
                0x00000000a00927e0                TV_Fade
                0x00000000a0092a1c                TV_FadeOut
                0x00000000a0092944                TV_PrintHex
                0x00000000a0092750                TV_Buffer_Set
                0x00000000a0092800                TV_Print
                0x00000000a00927c0                TV_Hue
                0x00000000a00927a0                TV_Saturation
 .text          0x00000000a0092ad4      0x3cc Debug\NorFlash.o
                0x00000000a0092b0c                NorFlash_ChipErase
                0x00000000a0092c48                NorFlash_SectorErase
                0x00000000a0092ad4                NorFlash_Init
                0x00000000a0092e18                NorFlash_SetAddress
                0x00000000a0092da8                NorFlash_WordWrite
                0x00000000a0092b90                NorFlash_BlockErase
                0x00000000a0092d00                NorFlash_Write32
                0x00000000a0092e6c                NorFlash_Delay
 .text          0x00000000a0092ea0      0x1e0 Debug\User_IRQ.o
                0x00000000a0093044                IRQ28
                0x00000000a0092f00                IRQ55
                0x00000000a0092edc                IRQ58
                0x00000000a0092fb4                IRQ40
                0x00000000a0092fe4                IRQ36
                0x00000000a0093020                IRQ31
                0x00000000a0092eac                IRQ62
                0x00000000a0092eb8                IRQ61
                0x00000000a0092fd8                IRQ37
                0x00000000a0092fcc                IRQ38
                0x00000000a009302c                IRQ30
                0x00000000a0093038                IRQ29
                0x00000000a0092f0c                IRQ54
                0x00000000a0092f9c                IRQ42
                0x00000000a0092ee8                IRQ57
                0x00000000a0092ef4                IRQ56
                0x00000000a0092fa8                IRQ41
                0x00000000a0092f60                IRQ47
                0x00000000a0093008                IRQ33
                0x00000000a0092ed0                IRQ59
                0x00000000a0093074                IRQ24
                0x00000000a0092fc0                IRQ39
                0x00000000a0092f84                IRQ44
                0x00000000a0093050                IRQ27
                0x00000000a0092f30                IRQ51
                0x00000000a0092ffc                IRQ34
                0x00000000a0092f3c                IRQ50
                0x00000000a0092ec4                IRQ60
                0x00000000a0093068                IRQ25
                0x00000000a0092f18                IRQ53
                0x00000000a0092f48                IRQ49
                0x00000000a0092f6c                IRQ46
                0x00000000a0092f78                IRQ45
                0x00000000a009305c                IRQ26
                0x00000000a0092f24                IRQ52
                0x00000000a0093014                IRQ32
                0x00000000a0092f90                IRQ43
                0x00000000a0092f54                IRQ48
                0x00000000a0092ea0                IRQ63
                0x00000000a0092ff0                IRQ35
 .text          0x00000000a0093080        0x0 Debug\Sys_isr.o
 .text          0x00000000a0093080      0x198 Debug\Sys_IRQ.o
                0x00000000a0093088                irq_dispatch
                0x00000000a0093080                intmsg
 .text          0x00000000a0093218      0x164 Debug\I2C.o
                0x00000000a00932f4                I2C_Write8
                0x00000000a0093218                I2C_Init
                0x00000000a0093268                I2C_Read8
 .text          0x00000000a009337c      0x138 Debug\HS_Controller.o
                0x00000000a00933d0                HS_Controller_Read
                0x00000000a009337c                HS_Controller_Init
 .text          0x00000000a00934b4       0x14 c:/sunplus/s_core~1.1/gnu/bin/../lib/gcc/score-elf/4.2.1/../../../../score-elf/lib/mel\libc.a(abort.o)
                0x00000000a00934b4                abort
 .text          0x00000000a00934c8      0x2a8 c:/sunplus/s_core~1.1/gnu/bin/../lib/gcc/score-elf/4.2.1/../../../../score-elf/lib/mel\libc.a(signal.o)
                0x00000000a00936d0                _signal_r
                0x00000000a00935f4                _raise_r
                0x00000000a0093544                __sigtramp_r
                0x00000000a0093748                signal
                0x00000000a0093534                _init_signal
                0x00000000a00934c8                _init_signal_r
                0x00000000a00935d4                __sigtramp
                0x00000000a00936b0                raise
 .text          0x00000000a0093770       0x28 c:/sunplus/s_core~1.1/gnu/bin/../lib/gcc/score-elf/4.2.1/../../../../score-elf/lib/mel\libc.a(syswrite.o)
                0x00000000a0093770                write
 .text          0x00000000a0093798        0x0 c:/sunplus/s_core~1.1/gnu/bin/../lib/gcc/score-elf/4.2.1/../../../../score-elf/lib/mel\libc.a(impure.o)
 .text          0x00000000a0093798      0x8ac c:/sunplus/s_core~1.1/gnu/bin/../lib/gcc/score-elf/4.2.1/../../../../score-elf/lib/mel\libc.a(mallocr.o)
                0x00000000a0093798                _malloc_r
 .text          0x00000000a0094044        0x8 c:/sunplus/s_core~1.1/gnu/bin/../lib/gcc/score-elf/4.2.1/../../../../score-elf/lib/mel\libc.a(mlock.o)
                0x00000000a0094048                __malloc_unlock
                0x00000000a0094044                __malloc_lock
 .text          0x00000000a009404c      0x42c c:/sunplus/s_core~1.1/gnu/bin/../lib/gcc/score-elf/4.2.1/../../../../score-elf/lib/mel\libc.a(freer.o)
                0x00000000a0094168                _free_r
                0x00000000a009404c                _malloc_trim_r
 *(.gnu.warning)
 *(.glue_7t)
 *(.glue_7)

.fini
 *(.fini)
                0x00000000a0094478                PROVIDE (__etext, .)
                0x00000000a0094478                PROVIDE (_etext, .)
                0x00000000a0094478                PROVIDE (etext, .)

.rodata         0x00000000a0094478     0x1150
 *(.rodata .rodata.* .gnu.linkonce.r.*)
 .rodata        0x00000000a0094478       0x98 Debug\main.o
 .rodata        0x00000000a0094510       0x10 Debug\libgloss.o
 .rodata        0x00000000a0094520     0x1004 Debug\TV.o
                0x00000000a0094520                font
 .rodata        0x00000000a0095524       0xa0 Debug\Sys_IRQ.o
 .rodata.str1.4
                0x00000000a00955c4        0x4 c:/sunplus/s_core~1.1/gnu/bin/../lib/gcc/score-elf/4.2.1/../../../../score-elf/lib/mel\libc.a(impure.o)

.rodata1
 *(.rodata1)

.sdata2
 *(.sdata2 .sdata2.* .gnu.linkonce.s2.*)

.sbss2
 *(.sbss2 .sbss2.* .gnu.linkonce.sb2.*)

.eh_frame_hdr
 *(.eh_frame_hdr)
                0x00000000a00956c8                . = (ALIGN (0x100) + (. & 0xff))
                0x00000000a00956c8                . = ALIGN (0x4)
                0x00000000a00956c8                PROVIDE (__preinit_array_start, .)

.preinit_array
 *(.preinit_array)
                0x00000000a00956c8                PROVIDE (__preinit_array_end, .)
                0x00000000a00956c8                PROVIDE (__init_array_start, .)

.init_array
 *(.init_array)
                0x00000000a00956c8                PROVIDE (__init_array_end, .)
                0x00000000a00956c8                PROVIDE (__fini_array_start, .)

.fini_array
 *(.fini_array)
                0x00000000a00956c8                PROVIDE (__fini_array_end, .)

.data           0x00000000a00956c8      0x898
                0x00000000a00956c8                __data_start = .
 *(.data .data.* .gnu.linkonce.d.*)
 .data          0x00000000a00956c8        0x0 Debug\hyperscan_startup.o
 .data          0x00000000a00956c8      0x100 Debug\main.o
                0x00000000a00956c8                ball
 .data          0x00000000a00957c8        0x0 Debug\libgloss.o
 .data          0x00000000a00957c8        0x0 Debug\UART.o
 .data          0x00000000a00957c8        0x0 Debug\TV.o
 .data          0x00000000a00957c8        0x0 Debug\NorFlash.o
 .data          0x00000000a00957c8        0x0 Debug\User_IRQ.o
 .data          0x00000000a00957c8        0x0 Debug\Sys_isr.o
 .data          0x00000000a00957c8        0x0 Debug\Sys_IRQ.o
 .data          0x00000000a00957c8        0x0 Debug\I2C.o
 .data          0x00000000a00957c8        0x0 Debug\HS_Controller.o
 .data          0x00000000a00957c8        0x0 c:/sunplus/s_core~1.1/gnu/bin/../lib/gcc/score-elf/4.2.1/../../../../score-elf/lib/mel\libc.a(abort.o)
 .data          0x00000000a00957c8        0x0 c:/sunplus/s_core~1.1/gnu/bin/../lib/gcc/score-elf/4.2.1/../../../../score-elf/lib/mel\libc.a(signal.o)
 .data          0x00000000a00957c8        0x0 c:/sunplus/s_core~1.1/gnu/bin/../lib/gcc/score-elf/4.2.1/../../../../score-elf/lib/mel\libc.a(syswrite.o)
 .data          0x00000000a00957c8      0x388 c:/sunplus/s_core~1.1/gnu/bin/../lib/gcc/score-elf/4.2.1/../../../../score-elf/lib/mel\libc.a(impure.o)
                0x00000000a00957c8                _impure_ptr
 .data          0x00000000a0095b50      0x410 c:/sunplus/s_core~1.1/gnu/bin/../lib/gcc/score-elf/4.2.1/../../../../score-elf/lib/mel\libc.a(mallocr.o)
                0x00000000a0095f5c                __malloc_sbrk_base
                0x00000000a0095b50                __malloc_av_
                0x00000000a0095f58                __malloc_trim_threshold
 .data          0x00000000a0095f60        0x0 c:/sunplus/s_core~1.1/gnu/bin/../lib/gcc/score-elf/4.2.1/../../../../score-elf/lib/mel\libc.a(mlock.o)
 .data          0x00000000a0095f60        0x0 c:/sunplus/s_core~1.1/gnu/bin/../lib/gcc/score-elf/4.2.1/../../../../score-elf/lib/mel\libc.a(freer.o)

.data1
 *(.data1)

.tdata
 *(.tdata .tdata.* .gnu.linkonce.td.*)

.tbss
 *(.tbss .tbss.* .gnu.linkonce.tb.*)
 *(.tcommon)

.eh_frame
 *(.eh_frame)

.gcc_except_table
 *(.gcc_except_table)

.dynamic
 *(.dynamic)

.ctors
 *crtbegin.o(.ctors)
 *(EXCLUDE_FILE(*crtend.o) .ctors)
 *(SORT(.ctors.*))
 *(.ctors)

.dtors
 *crtbegin.o(.dtors)
 *(EXCLUDE_FILE(*crtend.o) .dtors)
 *(SORT(.dtors.*))
 *(.dtors)

.jcr
 *(.jcr)

.got
 *(.got.plt)
 *(.got)
                0x00000000a0099f60                _gp = (. + 0x4000)

.sdata          0x00000000a0095f60       0x34
                0x00000000a0095f60                _sdata_start = .
 *(.sdata .sdata.* .gnu.linkonce.s.*)
 .sdata         0x00000000a0095f60       0x34 Debug\main.o
                0x00000000a0095f68                paddle_speed
                0x00000000a0095f8c                prev_p1_pos
                0x00000000a0095f64                ball_speed
                0x00000000a0095f60                fb
                0x00000000a0095f90                prev_p2_pos
                0x00000000a0095f88                cur_p2_pos
                0x00000000a0095f74                cur_ball_x
                0x00000000a0095f78                cur_ball_y
                0x00000000a0095f84                cur_p1_pos
                0x00000000a0095f80                prev_ball_y
                0x00000000a0095f6c                ball_movement_x
                0x00000000a0095f7c                prev_ball_x
                0x00000000a0095f70                ball_movement_y
                0x00000000a0095f94                _edata = .
                0x00000000a0095f94                PROVIDE (edata, .)
                0x00000000a0095f94                . = ALIGN (0x4)
                0x00000000a0095f94                __bss_start = .
                0x00000000a0095f94                __bss_start__ = .

.sbss           0x00000000a0095f94        0x9
                0x00000000a0095f94                PROVIDE (__sbss_start, .)
                0x00000000a0095f94                PROVIDE (___sbss_start, .)
 *(.dynsbss)
 *(.sbss .sbss.* .gnu.linkonce.sb.*)
 .sbss          0x00000000a0095f94        0x4 Debug\libgloss.o
 *(.scommon)
 .scommon       0x00000000a0095f98        0x5 Debug\main.o
                0x00000000a0095f98                controller
 .scommon       0x00000000a0095f9d        0x0 Debug\HS_Controller.o
                0x00000000a0095f9d                PROVIDE (__sbss_end, .)
                0x00000000a0095f9d                PROVIDE (___sbss_end, .)
                0x00000000a0099f60                _gp = (_sdata_start + 0x4000)

.bss            0x00000000a0095fa0   0x100034
 *(.dynbss)
 *(.bss .bss.* .gnu.linkonce.b.*)
 .bss           0x00000000a0095fa0        0x0 Debug\hyperscan_startup.o
 .bss           0x00000000a0095fa0        0x0 Debug\main.o
 .bss           0x00000000a0095fa0   0x100000 Debug\libgloss.o
 .bss           0x00000000a0195fa0        0x0 Debug\UART.o
 .bss           0x00000000a0195fa0        0x0 Debug\TV.o
 .bss           0x00000000a0195fa0        0x0 Debug\NorFlash.o
 .bss           0x00000000a0195fa0        0x0 Debug\User_IRQ.o
 .bss           0x00000000a0195fa0        0x0 Debug\Sys_isr.o
 .bss           0x00000000a0195fa0        0x0 Debug\Sys_IRQ.o
 .bss           0x00000000a0195fa0        0x0 Debug\I2C.o
 .bss           0x00000000a0195fa0        0x0 Debug\HS_Controller.o
 .bss           0x00000000a0195fa0        0x0 c:/sunplus/s_core~1.1/gnu/bin/../lib/gcc/score-elf/4.2.1/../../../../score-elf/lib/mel\libc.a(abort.o)
 .bss           0x00000000a0195fa0        0x0 c:/sunplus/s_core~1.1/gnu/bin/../lib/gcc/score-elf/4.2.1/../../../../score-elf/lib/mel\libc.a(signal.o)
 .bss           0x00000000a0195fa0        0x0 c:/sunplus/s_core~1.1/gnu/bin/../lib/gcc/score-elf/4.2.1/../../../../score-elf/lib/mel\libc.a(syswrite.o)
 .bss           0x00000000a0195fa0        0x0 c:/sunplus/s_core~1.1/gnu/bin/../lib/gcc/score-elf/4.2.1/../../../../score-elf/lib/mel\libc.a(impure.o)
 .bss           0x00000000a0195fa0       0x34 c:/sunplus/s_core~1.1/gnu/bin/../lib/gcc/score-elf/4.2.1/../../../../score-elf/lib/mel\libc.a(mallocr.o)
                0x00000000a0195fa0                __malloc_top_pad
                0x00000000a0195fa4                __malloc_max_sbrked_mem
                0x00000000a0195fac                __malloc_current_mallinfo
                0x00000000a0195fa8                __malloc_max_total_mem
 .bss           0x00000000a0195fd4        0x0 c:/sunplus/s_core~1.1/gnu/bin/../lib/gcc/score-elf/4.2.1/../../../../score-elf/lib/mel\libc.a(mlock.o)
 .bss           0x00000000a0195fd4        0x0 c:/sunplus/s_core~1.1/gnu/bin/../lib/gcc/score-elf/4.2.1/../../../../score-elf/lib/mel\libc.a(freer.o)
 *(COMMON)
                0x00000000a0195fd4                . = ALIGN (0x4)
                0x00000000a0195fd4                . = ALIGN (0x4)
                0x00000000a0195fd4                _end = .
                0x00000000a0195fd4                _bss_end__ = .
                0x00000000a0195fd4                __bss_end__ = .
                0x00000000a0195fd4                __end__ = .
                0x00000000a0195fd4                PROVIDE (end, .)

.stab
 *(.stab)

.stabstr
 *(.stabstr)

.stab.excl
 *(.stab.excl)

.stab.exclstr
 *(.stab.exclstr)

.stab.index
 *(.stab.index)

.stab.indexstr
 *(.stab.indexstr)

.comment        0x0000000000000000      0x120
 *(.comment)
 .comment       0x0000000000000000       0x12 Debug\main.o
 .comment       0x0000000000000012       0x12 Debug\libgloss.o
 .comment       0x0000000000000024       0x12 Debug\UART.o
 .comment       0x0000000000000036       0x12 Debug\TV.o
 .comment       0x0000000000000048       0x12 Debug\NorFlash.o
 .comment       0x000000000000005a       0x12 Debug\User_IRQ.o
 .comment       0x000000000000006c       0x12 Debug\Sys_IRQ.o
 .comment       0x000000000000007e       0x12 Debug\I2C.o
 .comment       0x0000000000000090       0x12 Debug\HS_Controller.o
 .comment       0x00000000000000a2       0x12 c:/sunplus/s_core~1.1/gnu/bin/../lib/gcc/score-elf/4.2.1/../../../../score-elf/lib/mel\libc.a(abort.o)
 .comment       0x00000000000000b4       0x12 c:/sunplus/s_core~1.1/gnu/bin/../lib/gcc/score-elf/4.2.1/../../../../score-elf/lib/mel\libc.a(signal.o)
 .comment       0x00000000000000c6       0x12 c:/sunplus/s_core~1.1/gnu/bin/../lib/gcc/score-elf/4.2.1/../../../../score-elf/lib/mel\libc.a(syswrite.o)
 .comment       0x00000000000000d8       0x12 c:/sunplus/s_core~1.1/gnu/bin/../lib/gcc/score-elf/4.2.1/../../../../score-elf/lib/mel\libc.a(impure.o)
 .comment       0x00000000000000ea       0x12 c:/sunplus/s_core~1.1/gnu/bin/../lib/gcc/score-elf/4.2.1/../../../../score-elf/lib/mel\libc.a(mallocr.o)
 .comment       0x00000000000000fc       0x12 c:/sunplus/s_core~1.1/gnu/bin/../lib/gcc/score-elf/4.2.1/../../../../score-elf/lib/mel\libc.a(mlock.o)
 .comment       0x000000000000010e       0x12 c:/sunplus/s_core~1.1/gnu/bin/../lib/gcc/score-elf/4.2.1/../../../../score-elf/lib/mel\libc.a(freer.o)

.debug
 *(.debug)

.line
 *(.line)

.debug_srcinfo
 *(.debug_srcinfo)

.debug_sfnames
 *(.debug_sfnames)

.debug_aranges  0x0000000000000000      0x160
 *(.debug_aranges)
 .debug_aranges
                0x0000000000000000       0x20 Debug\hyperscan_startup.o
 .debug_aranges
                0x0000000000000020       0x20 Debug\main.o
 .debug_aranges
                0x0000000000000040       0x20 Debug\libgloss.o
 .debug_aranges
                0x0000000000000060       0x20 Debug\UART.o
 .debug_aranges
                0x0000000000000080       0x20 Debug\TV.o
 .debug_aranges
                0x00000000000000a0       0x20 Debug\NorFlash.o
 .debug_aranges
                0x00000000000000c0       0x20 Debug\User_IRQ.o
 .debug_aranges
                0x00000000000000e0       0x20 Debug\Sys_isr.o
 .debug_aranges
                0x0000000000000100       0x20 Debug\Sys_IRQ.o
 .debug_aranges
                0x0000000000000120       0x20 Debug\I2C.o
 .debug_aranges
                0x0000000000000140       0x20 Debug\HS_Controller.o

.debug_pubnames
                0x0000000000000000      0x60b
 *(.debug_pubnames)
 .debug_pubnames
                0x0000000000000000      0x12e Debug\main.o
 .debug_pubnames
                0x000000000000012e       0xbb Debug\libgloss.o
 .debug_pubnames
                0x00000000000001e9       0x43 Debug\UART.o
 .debug_pubnames
                0x000000000000022c       0xc1 Debug\TV.o
 .debug_pubnames
                0x00000000000002ed       0xc3 Debug\NorFlash.o
 .debug_pubnames
                0x00000000000003b0      0x1a2 Debug\User_IRQ.o
 .debug_pubnames
                0x0000000000000552       0x2e Debug\Sys_IRQ.o
 .debug_pubnames
                0x0000000000000580       0x3c Debug\I2C.o
 .debug_pubnames
                0x00000000000005bc       0x4f Debug\HS_Controller.o

.debug_info     0x0000000000000000     0x2adb
 *(.debug_info .gnu.linkonce.wi.*)
 .debug_info    0x0000000000000000       0xc2 Debug\hyperscan_startup.o
 .debug_info    0x00000000000000c2      0x5ae Debug\main.o
 .debug_info    0x0000000000000670     0x112d Debug\libgloss.o
 .debug_info    0x000000000000179d      0x177 Debug\UART.o
 .debug_info    0x0000000000001914      0x487 Debug\TV.o
 .debug_info    0x0000000000001d9b      0x2a2 Debug\NorFlash.o
 .debug_info    0x000000000000203d      0x46f Debug\User_IRQ.o
 .debug_info    0x00000000000024ac       0xb8 Debug\Sys_isr.o
 .debug_info    0x0000000000002564      0x12c Debug\Sys_IRQ.o
 .debug_info    0x0000000000002690      0x169 Debug\I2C.o
 .debug_info    0x00000000000027f9      0x2e2 Debug\HS_Controller.o

.debug_abbrev   0x0000000000000000      0x688
 *(.debug_abbrev)
 .debug_abbrev  0x0000000000000000       0x14 Debug\hyperscan_startup.o
 .debug_abbrev  0x0000000000000014       0xe9 Debug\main.o
 .debug_abbrev  0x00000000000000fd      0x1ce Debug\libgloss.o
 .debug_abbrev  0x00000000000002cb       0x69 Debug\UART.o
 .debug_abbrev  0x0000000000000334       0xa8 Debug\TV.o
 .debug_abbrev  0x00000000000003dc       0x97 Debug\NorFlash.o
 .debug_abbrev  0x0000000000000473       0x49 Debug\User_IRQ.o
 .debug_abbrev  0x00000000000004bc       0x14 Debug\Sys_isr.o
 .debug_abbrev  0x00000000000004d0       0x69 Debug\Sys_IRQ.o
 .debug_abbrev  0x0000000000000539       0x80 Debug\I2C.o
 .debug_abbrev  0x00000000000005b9       0xcf Debug\HS_Controller.o

.debug_line     0x0000000000000000      0xbca
 *(.debug_line)
 .debug_line    0x0000000000000000       0xa7 Debug\hyperscan_startup.o
 .debug_line    0x00000000000000a7      0x1de Debug\main.o
 .debug_line    0x0000000000000285      0x1af Debug\libgloss.o
 .debug_line    0x0000000000000434       0x90 Debug\UART.o
 .debug_line    0x00000000000004c4      0x154 Debug\TV.o
 .debug_line    0x0000000000000618       0xeb Debug\NorFlash.o
 .debug_line    0x0000000000000703      0x11c Debug\User_IRQ.o
 .debug_line    0x000000000000081f      0x10f Debug\Sys_isr.o
 .debug_line    0x000000000000092e       0xd7 Debug\Sys_IRQ.o
 .debug_line    0x0000000000000a05       0x9c Debug\I2C.o
 .debug_line    0x0000000000000aa1      0x129 Debug\HS_Controller.o

.debug_frame    0x0000000000000000      0x97c
 *(.debug_frame)
 .debug_frame   0x0000000000000000       0x88 Debug\main.o
 .debug_frame   0x0000000000000088      0x184 Debug\libgloss.o
 .debug_frame   0x000000000000020c       0x5c Debug\UART.o
 .debug_frame   0x0000000000000268      0x140 Debug\TV.o
 .debug_frame   0x00000000000003a8      0x100 Debug\NorFlash.o
 .debug_frame   0x00000000000004a8      0x3d0 Debug\User_IRQ.o
 .debug_frame   0x0000000000000878       0x48 Debug\Sys_IRQ.o
 .debug_frame   0x00000000000008c0       0x60 Debug\I2C.o
 .debug_frame   0x0000000000000920       0x5c Debug\HS_Controller.o

.debug_str      0x0000000000000000       0x3a
 *(.debug_str)
 .debug_str     0x0000000000000000       0x1f Debug\libgloss.o
 .debug_str     0x000000000000001f       0x1b Debug\TV.o

.debug_loc      0x0000000000000000     0x10d3
 *(.debug_loc)
 .debug_loc     0x0000000000000000       0xea Debug\main.o
 .debug_loc     0x00000000000000ea      0x2c6 Debug\libgloss.o
 .debug_loc     0x00000000000003b0       0x8d Debug\UART.o
 .debug_loc     0x000000000000043d      0x251 Debug\TV.o
 .debug_loc     0x000000000000068e      0x1e8 Debug\NorFlash.o
 .debug_loc     0x0000000000000876      0x6b8 Debug\User_IRQ.o
 .debug_loc     0x0000000000000f2e       0x6e Debug\Sys_IRQ.o
 .debug_loc     0x0000000000000f9c       0x99 Debug\I2C.o
 .debug_loc     0x0000000000001035       0x9e Debug\HS_Controller.o

.debug_macinfo
 *(.debug_macinfo)

.debug_weaknames
 *(.debug_weaknames)

.debug_funcnames
 *(.debug_funcnames)

.debug_typenames
 *(.debug_typenames)

.debug_varnames
 *(.debug_varnames)
OUTPUT(Debug\hyperscan.elf elf32-littlescore)

.pdr            0x0000000000000000      0xcc0
 .pdr           0x0000000000000000        0x0 Debug\hyperscan_startup.o
 .pdr           0x0000000000000000       0x80 Debug\main.o
 .pdr           0x0000000000000080      0x1c0 Debug\libgloss.o
 .pdr           0x0000000000000240       0x60 Debug\UART.o
 .pdr           0x00000000000002a0      0x160 Debug\TV.o
 .pdr           0x0000000000000400      0x100 Debug\NorFlash.o
 .pdr           0x0000000000000500      0x500 Debug\User_IRQ.o
 .pdr           0x0000000000000a00        0x0 Debug\Sys_isr.o
 .pdr           0x0000000000000a00       0x40 Debug\Sys_IRQ.o
 .pdr           0x0000000000000a40       0x60 Debug\I2C.o
 .pdr           0x0000000000000aa0       0x40 Debug\HS_Controller.o
 .pdr           0x0000000000000ae0       0x20 c:/sunplus/s_core~1.1/gnu/bin/../lib/gcc/score-elf/4.2.1/../../../../score-elf/lib/mel\libc.a(abort.o)
 .pdr           0x0000000000000b00      0x100 c:/sunplus/s_core~1.1/gnu/bin/../lib/gcc/score-elf/4.2.1/../../../../score-elf/lib/mel\libc.a(signal.o)
 .pdr           0x0000000000000c00       0x20 c:/sunplus/s_core~1.1/gnu/bin/../lib/gcc/score-elf/4.2.1/../../../../score-elf/lib/mel\libc.a(syswrite.o)
 .pdr           0x0000000000000c20        0x0 c:/sunplus/s_core~1.1/gnu/bin/../lib/gcc/score-elf/4.2.1/../../../../score-elf/lib/mel\libc.a(impure.o)
 .pdr           0x0000000000000c20       0x20 c:/sunplus/s_core~1.1/gnu/bin/../lib/gcc/score-elf/4.2.1/../../../../score-elf/lib/mel\libc.a(mallocr.o)
 .pdr           0x0000000000000c40       0x40 c:/sunplus/s_core~1.1/gnu/bin/../lib/gcc/score-elf/4.2.1/../../../../score-elf/lib/mel\libc.a(mlock.o)
 .pdr           0x0000000000000c80       0x40 c:/sunplus/s_core~1.1/gnu/bin/../lib/gcc/score-elf/4.2.1/../../../../score-elf/lib/mel\libc.a(freer.o)
