Archive member included because of file (symbol)

c:/sunplus/s_core~1.1/gnu/bin/../lib/gcc/score-elf/4.2.1/../../../../score-elf/lib/mel\libc.a(abort.o)
                              Debug\libgloss.o (abort)
c:/sunplus/s_core~1.1/gnu/bin/../lib/gcc/score-elf/4.2.1/../../../../score-elf/lib/mel\libc.a(signal.o)
                              c:/sunplus/s_core~1.1/gnu/bin/../lib/gcc/score-elf/4.2.1/../../../../score-elf/lib/mel\libc.a(abort.o) (raise)
c:/sunplus/s_core~1.1/gnu/bin/../lib/gcc/score-elf/4.2.1/../../../../score-elf/lib/mel\libc.a(syswrite.o)
                              Debug\libgloss.o (write)
c:/sunplus/s_core~1.1/gnu/bin/../lib/gcc/score-elf/4.2.1/../../../../score-elf/lib/mel\libc.a(impure.o)
                              c:/sunplus/s_core~1.1/gnu/bin/../lib/gcc/score-elf/4.2.1/../../../../score-elf/lib/mel\libc.a(signal.o) (_impure_ptr)
c:/sunplus/s_core~1.1/gnu/bin/../lib/gcc/score-elf/4.2.1/../../../../score-elf/lib/mel\libc.a(mallocr.o)
                              c:/sunplus/s_core~1.1/gnu/bin/../lib/gcc/score-elf/4.2.1/../../../../score-elf/lib/mel\libc.a(signal.o) (_malloc_r)
c:/sunplus/s_core~1.1/gnu/bin/../lib/gcc/score-elf/4.2.1/../../../../score-elf/lib/mel\libc.a(mlock.o)
                              c:/sunplus/s_core~1.1/gnu/bin/../lib/gcc/score-elf/4.2.1/../../../../score-elf/lib/mel\libc.a(mallocr.o) (__malloc_lock)
c:/sunplus/s_core~1.1/gnu/bin/../lib/gcc/score-elf/4.2.1/../../../../score-elf/lib/mel\libc.a(freer.o)
                              c:/sunplus/s_core~1.1/gnu/bin/../lib/gcc/score-elf/4.2.1/../../../../score-elf/lib/mel\libc.a(mallocr.o) (_free_r)

Allocating common symbols
Common symbol       size              file

fs                  0x230             Debug\libgloss.o
controller          0x5               Debug\main.o

Memory Configuration

Name             Origin             Length             Attributes
*default*        0x0000000000000000 0xffffffffffffffff

Linker script and memory map

LOAD Obj.lst
LOAD Debug\hyperscan_startup.o
LOAD Debug\main.o
LOAD Debug\libgloss.o
LOAD Debug\UART.o
LOAD Debug\TV.o
LOAD Debug\NorFlash.o
LOAD Debug\User_IRQ.o
LOAD Debug\Sys_isr.o
LOAD Debug\Sys_IRQ.o
LOAD Debug\I2C.o
LOAD Debug\HS_Controller.o
LOAD Lib.lst
LOAD c:/sunplus/s_core~1.1/gnu/bin/../lib/gcc/score-elf/4.2.1/../../../../score-elf/lib/mel\libm.a
LOAD c:/sunplus/s_core~1.1/gnu/bin/../lib/gcc/score-elf/4.2.1/../../../../score-elf/lib/mel\libc.a
LOAD c:/sunplus/s_core~1.1/gnu/bin/../lib/gcc/score-elf/4.2.1/mel\libgcc.a
LOAD c:/sunplus/s_core~1.1/gnu/bin/../lib/gcc/score-elf/4.2.1/mel\libgcc.a
LOAD c:/sunplus/s_core~1.1/gnu/bin/../lib/gcc/score-elf/4.2.1/../../../../score-elf/lib/mel\libc.a
LOAD c:/sunplus/s_core~1.1/gnu/bin/../lib/gcc/score-elf/4.2.1/mel\libgcc.a
START GROUP
LOAD c:/sunplus/s_core~1.1/gnu/bin/../lib/gcc/score-elf/4.2.1/../../../../score-elf/lib/mel\libc.a
LOAD c:/sunplus/s_core~1.1/gnu/bin/../lib/gcc/score-elf/4.2.1/../../../../score-elf/lib/mel\libm.a
LOAD c:/sunplus/s_core~1.1/gnu/bin/../lib/gcc/score-elf/4.2.1/mel\libgcc.a
END GROUP

.exception      0x00000000a00901fc      0x23c
 *(.exception_vec)
 .exception_vec
                0x00000000a00901fc      0x23c Debug\Sys_isr.o

.stack          0x00000000a0fffff0        0x0
                0x00000000a0fffff0                _stack = .
 *(.stack)
                0x00000000a0091000                . = 0xa0091000

.interp
 *(.interp)

.hash
 *(.hash)

.dynsym
 *(.dynsym)

.dynstr
 *(.dynstr)

.gnu.version
 *(.gnu.version)

.gnu.version_d
 *(.gnu.version_d)

.gnu.version_r
 *(.gnu.version_r)

.rel.dyn        0x00000000a0091000        0x0
 *(.rel.init)
 *(.rel.text .rel.text.* .rel.gnu.linkonce.t.*)
 *(.rel.fini)
 *(.rel.rodata .rel.rodata.* .rel.gnu.linkonce.r.*)
 *(.rel.data .rel.data.* .rel.gnu.linkonce.d.*)
 *(.rel.tdata .rel.tdata.* .rel.gnu.linkonce.td.*)
 *(.rel.tbss .rel.tbss.* .rel.gnu.linkonce.tb.*)
 *(.rel.ctors)
 *(.rel.dtors)
 *(.rel.got)
 *(.rel.sdata .rel.sdata.* .rel.gnu.linkonce.s.*)
 *(.rel.sbss .rel.sbss.* .rel.gnu.linkonce.sb.*)
 *(.rel.sdata2 .rel.sdata2.* .rel.gnu.linkonce.s2.*)
 *(.rel.sbss2 .rel.sbss2.* .rel.gnu.linkonce.sb2.*)
 *(.rel.bss .rel.bss.* .rel.gnu.linkonce.b.*)
 .rel.dyn       0x0000000000000000        0x0 c:/sunplus/s_core~1.1/gnu/bin/../lib/gcc/score-elf/4.2.1/../../../../score-elf/lib/mel\libc.a(mallocr.o)

.rela.dyn
 *(.rela.init)
 *(.rela.text .rela.text.* .rela.gnu.linkonce.t.*)
 *(.rela.fini)
 *(.rela.rodata .rela.rodata.* .rela.gnu.linkonce.r.*)
 *(.rela.data .rela.data.* .rela.gnu.linkonce.d.*)
 *(.rela.tdata .rela.tdata.* .rela.gnu.linkonce.td.*)
 *(.rela.tbss .rela.tbss.* .rela.gnu.linkonce.tb.*)
 *(.rela.ctors)
 *(.rela.dtors)
 *(.rela.got)
 *(.rela.sdata .rela.sdata.* .rela.gnu.linkonce.s.*)
 *(.rela.sbss .rela.sbss.* .rela.gnu.linkonce.sb.*)
 *(.rela.sdata2 .rela.sdata2.* .rela.gnu.linkonce.s2.*)
 *(.rela.sbss2 .rela.sbss2.* .rela.gnu.linkonce.sb2.*)
 *(.rela.bss .rela.bss.* .rela.gnu.linkonce.b.*)

.rel.plt
 *(.rel.plt)

.rela.plt
 *(.rela.plt)

.hardware_init  0x00000000a0091000       0x94
 *(.hardware_init)
 .hardware_init
                0x00000000a0091000       0x94 Debug\hyperscan_startup.o
                0x00000000a0091000                _hardware_init

.init
 *(.init)

.plt
 *(.plt)

.text           0x00000000a0091094     0x33e8
 *(.text .stub .text.* .gnu.linkonce.t.*)
 .text          0x00000000a0091094        0x0 Debug\hyperscan_startup.o
 .text          0x00000000a0091094     0x113c Debug\main.o
                0x00000000a0091094                draw_player1
                0x00000000a00912a4                draw_ball
                0x00000000a009119c                draw_player2
                0x00000000a0091408                main
 .text          0x00000000a00921d0      0x3c0 Debug\libgloss.o
                0x00000000a0092500                _getpid
                0x00000000a0092480                _lseek_r
                0x00000000a0092558                _kill_r
                0x00000000a0092498                _fstat_r
                0x00000000a00924b8                isatty
                0x00000000a0092510                _getpid_r
                0x00000000a00923f0                _sbrk_r
                0x00000000a0092250                _read_r
                0x00000000a00921d0                _putc_r
                0x00000000a00923a4                _open_r
                0x00000000a00923bc                _close_r
                0x00000000a0092320                _write_r
                0x00000000a0092520                _kill
                0x00000000a00923d0                _exit
 .text          0x00000000a0092590       0xd8 Debug\UART.o
                0x00000000a0092590                UART_Init
                0x00000000a009259c                UART_SendChar
                0x00000000a00925ec                UART_GetChar
 .text          0x00000000a0092668      0x46c Debug\TV.o
                0x00000000a0092a74                TV_FadeIn
                0x00000000a00926bc                TV_Init
                0x00000000a0092784                TV_Buffer_Sel
                0x00000000a0092668                TV_ClearScreen
                0x00000000a00927e0                TV_Fade
                0x00000000a0092a1c                TV_FadeOut
                0x00000000a0092944                TV_PrintHex
                0x00000000a0092750                TV_Buffer_Set
                0x00000000a0092800                TV_Print
                0x00000000a00927c0                TV_Hue
                0x00000000a00927a0                TV_Saturation
 .text          0x00000000a0092ad4      0x3d0 Debug\NorFlash.o
                0x00000000a0092b0c                NorFlash_ChipErase
                0x00000000a0092c48                NorFlash_SectorErase
                0x00000000a0092ad4                NorFlash_Init
                0x00000000a0092e1c                NorFlash_SetAddress
                0x00000000a0092da8                NorFlash_WordWrite
                0x00000000a0092b90                NorFlash_BlockErase
                0x00000000a0092d00                NorFlash_Write32
                0x00000000a0092e70                NorFlash_Delay
 .text          0x00000000a0092ea4      0x1e0 Debug\User_IRQ.o
                0x00000000a0093048                IRQ28
                0x00000000a0092f04                IRQ55
                0x00000000a0092ee0                IRQ58
                0x00000000a0092fb8                IRQ40
                0x00000000a0092fe8                IRQ36
                0x00000000a0093024                IRQ31
                0x00000000a0092eb0                IRQ62
                0x00000000a0092ebc                IRQ61
                0x00000000a0092fdc                IRQ37
                0x00000000a0092fd0                IRQ38
                0x00000000a0093030                IRQ30
                0x00000000a009303c                IRQ29
                0x00000000a0092f10                IRQ54
                0x00000000a0092fa0                IRQ42
                0x00000000a0092eec                IRQ57
                0x00000000a0092ef8                IRQ56
                0x00000000a0092fac                IRQ41
                0x00000000a0092f64                IRQ47
                0x00000000a009300c                IRQ33
                0x00000000a0092ed4                IRQ59
                0x00000000a0093078                IRQ24
                0x00000000a0092fc4                IRQ39
                0x00000000a0092f88                IRQ44
                0x00000000a0093054                IRQ27
                0x00000000a0092f34                IRQ51
                0x00000000a0093000                IRQ34
                0x00000000a0092f40                IRQ50
                0x00000000a0092ec8                IRQ60
                0x00000000a009306c                IRQ25
                0x00000000a0092f1c                IRQ53
                0x00000000a0092f4c                IRQ49
                0x00000000a0092f70                IRQ46
                0x00000000a0092f7c                IRQ45
                0x00000000a0093060                IRQ26
                0x00000000a0092f28                IRQ52
                0x00000000a0093018                IRQ32
                0x00000000a0092f94                IRQ43
                0x00000000a0092f58                IRQ48
                0x00000000a0092ea4                IRQ63
                0x00000000a0092ff4                IRQ35
 .text          0x00000000a0093084        0x0 Debug\Sys_isr.o
 .text          0x00000000a0093084      0x198 Debug\Sys_IRQ.o
                0x00000000a009308c                irq_dispatch
                0x00000000a0093084                intmsg
 .text          0x00000000a009321c      0x164 Debug\I2C.o
                0x00000000a00932f8                I2C_Write8
                0x00000000a009321c                I2C_Init
                0x00000000a009326c                I2C_Read8
 .text          0x00000000a0093380      0x138 Debug\HS_Controller.o
                0x00000000a00933d4                HS_Controller_Read
                0x00000000a0093380                HS_Controller_Init
 .text          0x00000000a00934b8       0x14 c:/sunplus/s_core~1.1/gnu/bin/../lib/gcc/score-elf/4.2.1/../../../../score-elf/lib/mel\libc.a(abort.o)
                0x00000000a00934b8                abort
 .text          0x00000000a00934cc      0x2a8 c:/sunplus/s_core~1.1/gnu/bin/../lib/gcc/score-elf/4.2.1/../../../../score-elf/lib/mel\libc.a(signal.o)
                0x00000000a00936d4                _signal_r
                0x00000000a00935f8                _raise_r
                0x00000000a0093548                __sigtramp_r
                0x00000000a009374c                signal
                0x00000000a0093538                _init_signal
                0x00000000a00934cc                _init_signal_r
                0x00000000a00935d8                __sigtramp
                0x00000000a00936b4                raise
 .text          0x00000000a0093774       0x28 c:/sunplus/s_core~1.1/gnu/bin/../lib/gcc/score-elf/4.2.1/../../../../score-elf/lib/mel\libc.a(syswrite.o)
                0x00000000a0093774                write
 .text          0x00000000a009379c        0x0 c:/sunplus/s_core~1.1/gnu/bin/../lib/gcc/score-elf/4.2.1/../../../../score-elf/lib/mel\libc.a(impure.o)
 .text          0x00000000a009379c      0x8ac c:/sunplus/s_core~1.1/gnu/bin/../lib/gcc/score-elf/4.2.1/../../../../score-elf/lib/mel\libc.a(mallocr.o)
                0x00000000a009379c                _malloc_r
 .text          0x00000000a0094048        0x8 c:/sunplus/s_core~1.1/gnu/bin/../lib/gcc/score-elf/4.2.1/../../../../score-elf/lib/mel\libc.a(mlock.o)
                0x00000000a009404c                __malloc_unlock
                0x00000000a0094048                __malloc_lock
 .text          0x00000000a0094050      0x42c c:/sunplus/s_core~1.1/gnu/bin/../lib/gcc/score-elf/4.2.1/../../../../score-elf/lib/mel\libc.a(freer.o)
                0x00000000a009416c                _free_r
                0x00000000a0094050                _malloc_trim_r
 *(.gnu.warning)
 *(.glue_7t)
 *(.glue_7)

.fini
 *(.fini)
                0x00000000a009447c                PROVIDE (__etext, .)
                0x00000000a009447c                PROVIDE (_etext, .)
                0x00000000a009447c                PROVIDE (etext, .)

.rodata         0x00000000a009447c     0x1150
 *(.rodata .rodata.* .gnu.linkonce.r.*)
 .rodata        0x00000000a009447c       0x98 Debug\main.o
 .rodata        0x00000000a0094514       0x10 Debug\libgloss.o
 .rodata        0x00000000a0094524     0x1004 Debug\TV.o
                0x00000000a0094524                font
 .rodata        0x00000000a0095528       0xa0 Debug\Sys_IRQ.o
 .rodata.str1.4
                0x00000000a00955c8        0x4 c:/sunplus/s_core~1.1/gnu/bin/../lib/gcc/score-elf/4.2.1/../../../../score-elf/lib/mel\libc.a(impure.o)

.rodata1
 *(.rodata1)

.sdata2
 *(.sdata2 .sdata2.* .gnu.linkonce.s2.*)

.sbss2
 *(.sbss2 .sbss2.* .gnu.linkonce.sb2.*)

.eh_frame_hdr
 *(.eh_frame_hdr)
                0x00000000a00956cc                . = (ALIGN (0x100) + (. & 0xff))
                0x00000000a00956cc                . = ALIGN (0x4)
                0x00000000a00956cc                PROVIDE (__preinit_array_start, .)

.preinit_array
 *(.preinit_array)
                0x00000000a00956cc                PROVIDE (__preinit_array_end, .)
                0x00000000a00956cc                PROVIDE (__init_array_start, .)

.init_array
 *(.init_array)
                0x00000000a00956cc                PROVIDE (__init_array_end, .)
                0x00000000a00956cc                PROVIDE (__fini_array_start, .)

.fini_array
 *(.fini_array)
                0x00000000a00956cc                PROVIDE (__fini_array_end, .)

.data           0x00000000a00956d0      0x898
                0x00000000a00956d0                __data_start = .
 *(.data .data.* .gnu.linkonce.d.*)
 .data          0x00000000a00956d0        0x0 Debug\hyperscan_startup.o
 .data          0x00000000a00956d0      0x100 Debug\main.o
                0x00000000a00956d0                ball
 .data          0x00000000a00957d0        0x0 Debug\libgloss.o
 .data          0x00000000a00957d0        0x0 Debug\UART.o
 .data          0x00000000a00957d0        0x0 Debug\TV.o
 .data          0x00000000a00957d0        0x0 Debug\NorFlash.o
 .data          0x00000000a00957d0        0x0 Debug\User_IRQ.o
 .data          0x00000000a00957d0        0x0 Debug\Sys_isr.o
 .data          0x00000000a00957d0        0x0 Debug\Sys_IRQ.o
 .data          0x00000000a00957d0        0x0 Debug\I2C.o
 .data          0x00000000a00957d0        0x0 Debug\HS_Controller.o
 .data          0x00000000a00957d0        0x0 c:/sunplus/s_core~1.1/gnu/bin/../lib/gcc/score-elf/4.2.1/../../../../score-elf/lib/mel\libc.a(abort.o)
 .data          0x00000000a00957d0        0x0 c:/sunplus/s_core~1.1/gnu/bin/../lib/gcc/score-elf/4.2.1/../../../../score-elf/lib/mel\libc.a(signal.o)
 .data          0x00000000a00957d0        0x0 c:/sunplus/s_core~1.1/gnu/bin/../lib/gcc/score-elf/4.2.1/../../../../score-elf/lib/mel\libc.a(syswrite.o)
 .data          0x00000000a00957d0      0x388 c:/sunplus/s_core~1.1/gnu/bin/../lib/gcc/score-elf/4.2.1/../../../../score-elf/lib/mel\libc.a(impure.o)
                0x00000000a00957d0                _impure_ptr
 .data          0x00000000a0095b58      0x410 c:/sunplus/s_core~1.1/gnu/bin/../lib/gcc/score-elf/4.2.1/../../../../score-elf/lib/mel\libc.a(mallocr.o)
                0x00000000a0095f64                __malloc_sbrk_base
                0x00000000a0095b58                __malloc_av_
                0x00000000a0095f60                __malloc_trim_threshold
 .data          0x00000000a0095f68        0x0 c:/sunplus/s_core~1.1/gnu/bin/../lib/gcc/score-elf/4.2.1/../../../../score-elf/lib/mel\libc.a(mlock.o)
 .data          0x00000000a0095f68        0x0 c:/sunplus/s_core~1.1/gnu/bin/../lib/gcc/score-elf/4.2.1/../../../../score-elf/lib/mel\libc.a(freer.o)

.data1
 *(.data1)

.tdata
 *(.tdata .tdata.* .gnu.linkonce.td.*)

.tbss
 *(.tbss .tbss.* .gnu.linkonce.tb.*)
 *(.tcommon)

.eh_frame
 *(.eh_frame)

.gcc_except_table
 *(.gcc_except_table)

.dynamic
 *(.dynamic)

.ctors
 *crtbegin.o(.ctors)
 *(EXCLUDE_FILE(*crtend.o) .ctors)
 *(SORT(.ctors.*))
 *(.ctors)

.dtors
 *crtbegin.o(.dtors)
 *(EXCLUDE_FILE(*crtend.o) .dtors)
 *(SORT(.dtors.*))
 *(.dtors)

.jcr
 *(.jcr)

.got
 *(.got.plt)
 *(.got)
                0x00000000a0099f68                _gp = (. + 0x4000)

.sdata          0x00000000a0095f68       0x34
                0x00000000a0095f68                _sdata_start = .
 *(.sdata .sdata.* .gnu.linkonce.s.*)
 .sdata         0x00000000a0095f68       0x34 Debug\main.o
                0x00000000a0095f70                paddle_speed
                0x00000000a0095f94                prev_p1_pos
                0x00000000a0095f6c                ball_speed
                0x00000000a0095f68                fb
                0x00000000a0095f98                prev_p2_pos
                0x00000000a0095f90                cur_p2_pos
                0x00000000a0095f7c                cur_ball_x
                0x00000000a0095f80                cur_ball_y
                0x00000000a0095f8c                cur_p1_pos
                0x00000000a0095f88                prev_ball_y
                0x00000000a0095f74                ball_movement_x
                0x00000000a0095f84                prev_ball_x
                0x00000000a0095f78                ball_movement_y
                0x00000000a0095f9c                _edata = .
                0x00000000a0095f9c                PROVIDE (edata, .)
                0x00000000a0095f9c                . = ALIGN (0x4)
                0x00000000a0095f9c                __bss_start = .
                0x00000000a0095f9c                __bss_start__ = .

.sbss           0x00000000a0095f9c        0x9
                0x00000000a0095f9c                PROVIDE (__sbss_start, .)
                0x00000000a0095f9c                PROVIDE (___sbss_start, .)
 *(.dynsbss)
 *(.sbss .sbss.* .gnu.linkonce.sb.*)
 .sbss          0x00000000a0095f9c        0x4 Debug\libgloss.o
 *(.scommon)
 .scommon       0x00000000a0095fa0        0x5 Debug\main.o
                0x00000000a0095fa0                controller
 .scommon       0x00000000a0095fa5        0x0 Debug\HS_Controller.o
                0x00000000a0095fa5                PROVIDE (__sbss_end, .)
                0x00000000a0095fa5                PROVIDE (___sbss_end, .)
                0x00000000a0099f68                _gp = (_sdata_start + 0x4000)

.bss            0x00000000a0095fa8    0x80264
 *(.dynbss)
 *(.bss .bss.* .gnu.linkonce.b.*)
 .bss           0x00000000a0095fa8        0x0 Debug\hyperscan_startup.o
 .bss           0x00000000a0095fa8        0x0 Debug\main.o
 .bss           0x00000000a0095fa8    0x80000 Debug\libgloss.o
 .bss           0x00000000a0115fa8        0x0 Debug\UART.o
 .bss           0x00000000a0115fa8        0x0 Debug\TV.o
 .bss           0x00000000a0115fa8        0x0 Debug\NorFlash.o
 .bss           0x00000000a0115fa8        0x0 Debug\User_IRQ.o
 .bss           0x00000000a0115fa8        0x0 Debug\Sys_isr.o
 .bss           0x00000000a0115fa8        0x0 Debug\Sys_IRQ.o
 .bss           0x00000000a0115fa8        0x0 Debug\I2C.o
 .bss           0x00000000a0115fa8        0x0 Debug\HS_Controller.o
 .bss           0x00000000a0115fa8        0x0 c:/sunplus/s_core~1.1/gnu/bin/../lib/gcc/score-elf/4.2.1/../../../../score-elf/lib/mel\libc.a(abort.o)
 .bss           0x00000000a0115fa8        0x0 c:/sunplus/s_core~1.1/gnu/bin/../lib/gcc/score-elf/4.2.1/../../../../score-elf/lib/mel\libc.a(signal.o)
 .bss           0x00000000a0115fa8        0x0 c:/sunplus/s_core~1.1/gnu/bin/../lib/gcc/score-elf/4.2.1/../../../../score-elf/lib/mel\libc.a(syswrite.o)
 .bss           0x00000000a0115fa8        0x0 c:/sunplus/s_core~1.1/gnu/bin/../lib/gcc/score-elf/4.2.1/../../../../score-elf/lib/mel\libc.a(impure.o)
 .bss           0x00000000a0115fa8       0x34 c:/sunplus/s_core~1.1/gnu/bin/../lib/gcc/score-elf/4.2.1/../../../../score-elf/lib/mel\libc.a(mallocr.o)
                0x00000000a0115fa8                __malloc_top_pad
                0x00000000a0115fac                __malloc_max_sbrked_mem
                0x00000000a0115fb4                __malloc_current_mallinfo
                0x00000000a0115fb0                __malloc_max_total_mem
 .bss           0x00000000a0115fdc        0x0 c:/sunplus/s_core~1.1/gnu/bin/../lib/gcc/score-elf/4.2.1/../../../../score-elf/lib/mel\libc.a(mlock.o)
 .bss           0x00000000a0115fdc        0x0 c:/sunplus/s_core~1.1/gnu/bin/../lib/gcc/score-elf/4.2.1/../../../../score-elf/lib/mel\libc.a(freer.o)
 *(COMMON)
 COMMON         0x00000000a0115fdc      0x230 Debug\libgloss.o
                0x00000000a0115fdc                fs
                0x00000000a011620c                . = ALIGN (0x4)
                0x00000000a011620c                . = ALIGN (0x4)
                0x00000000a011620c                _end = .
                0x00000000a011620c                _bss_end__ = .
                0x00000000a011620c                __bss_end__ = .
                0x00000000a011620c                __end__ = .
                0x00000000a011620c                PROVIDE (end, .)

.stab
 *(.stab)

.stabstr
 *(.stabstr)

.stab.excl
 *(.stab.excl)

.stab.exclstr
 *(.stab.exclstr)

.stab.index
 *(.stab.index)

.stab.indexstr
 *(.stab.indexstr)

.comment        0x0000000000000000      0x120
 *(.comment)
 .comment       0x0000000000000000       0x12 Debug\main.o
 .comment       0x0000000000000012       0x12 Debug\libgloss.o
 .comment       0x0000000000000024       0x12 Debug\UART.o
 .comment       0x0000000000000036       0x12 Debug\TV.o
 .comment       0x0000000000000048       0x12 Debug\NorFlash.o
 .comment       0x000000000000005a       0x12 Debug\User_IRQ.o
 .comment       0x000000000000006c       0x12 Debug\Sys_IRQ.o
 .comment       0x000000000000007e       0x12 Debug\I2C.o
 .comment       0x0000000000000090       0x12 Debug\HS_Controller.o
 .comment       0x00000000000000a2       0x12 c:/sunplus/s_core~1.1/gnu/bin/../lib/gcc/score-elf/4.2.1/../../../../score-elf/lib/mel\libc.a(abort.o)
 .comment       0x00000000000000b4       0x12 c:/sunplus/s_core~1.1/gnu/bin/../lib/gcc/score-elf/4.2.1/../../../../score-elf/lib/mel\libc.a(signal.o)
 .comment       0x00000000000000c6       0x12 c:/sunplus/s_core~1.1/gnu/bin/../lib/gcc/score-elf/4.2.1/../../../../score-elf/lib/mel\libc.a(syswrite.o)
 .comment       0x00000000000000d8       0x12 c:/sunplus/s_core~1.1/gnu/bin/../lib/gcc/score-elf/4.2.1/../../../../score-elf/lib/mel\libc.a(impure.o)
 .comment       0x00000000000000ea       0x12 c:/sunplus/s_core~1.1/gnu/bin/../lib/gcc/score-elf/4.2.1/../../../../score-elf/lib/mel\libc.a(mallocr.o)
 .comment       0x00000000000000fc       0x12 c:/sunplus/s_core~1.1/gnu/bin/../lib/gcc/score-elf/4.2.1/../../../../score-elf/lib/mel\libc.a(mlock.o)
 .comment       0x000000000000010e       0x12 c:/sunplus/s_core~1.1/gnu/bin/../lib/gcc/score-elf/4.2.1/../../../../score-elf/lib/mel\libc.a(freer.o)

.debug
 *(.debug)

.line
 *(.line)

.debug_srcinfo
 *(.debug_srcinfo)

.debug_sfnames
 *(.debug_sfnames)

.debug_aranges  0x0000000000000000      0x160
 *(.debug_aranges)
 .debug_aranges
                0x0000000000000000       0x20 Debug\hyperscan_startup.o
 .debug_aranges
                0x0000000000000020       0x20 Debug\main.o
 .debug_aranges
                0x0000000000000040       0x20 Debug\libgloss.o
 .debug_aranges
                0x0000000000000060       0x20 Debug\UART.o
 .debug_aranges
                0x0000000000000080       0x20 Debug\TV.o
 .debug_aranges
                0x00000000000000a0       0x20 Debug\NorFlash.o
 .debug_aranges
                0x00000000000000c0       0x20 Debug\User_IRQ.o
 .debug_aranges
                0x00000000000000e0       0x20 Debug\Sys_isr.o
 .debug_aranges
                0x0000000000000100       0x20 Debug\Sys_IRQ.o
 .debug_aranges
                0x0000000000000120       0x20 Debug\I2C.o
 .debug_aranges
                0x0000000000000140       0x20 Debug\HS_Controller.o

.debug_pubnames
                0x0000000000000000      0x612
 *(.debug_pubnames)
 .debug_pubnames
                0x0000000000000000      0x12e Debug\main.o
 .debug_pubnames
                0x000000000000012e       0xc2 Debug\libgloss.o
 .debug_pubnames
                0x00000000000001f0       0x43 Debug\UART.o
 .debug_pubnames
                0x0000000000000233       0xc1 Debug\TV.o
 .debug_pubnames
                0x00000000000002f4       0xc3 Debug\NorFlash.o
 .debug_pubnames
                0x00000000000003b7      0x1a2 Debug\User_IRQ.o
 .debug_pubnames
                0x0000000000000559       0x2e Debug\Sys_IRQ.o
 .debug_pubnames
                0x0000000000000587       0x3c Debug\I2C.o
 .debug_pubnames
                0x00000000000005c3       0x4f Debug\HS_Controller.o

.debug_info     0x0000000000000000     0x2da3
 *(.debug_info .gnu.linkonce.wi.*)
 .debug_info    0x0000000000000000       0xdb Debug\hyperscan_startup.o
 .debug_info    0x00000000000000db      0x5c7 Debug\main.o
 .debug_info    0x00000000000006a2     0x12fb Debug\libgloss.o
 .debug_info    0x000000000000199d      0x190 Debug\UART.o
 .debug_info    0x0000000000001b2d      0x4a0 Debug\TV.o
 .debug_info    0x0000000000001fcd      0x2bb Debug\NorFlash.o
 .debug_info    0x0000000000002288      0x488 Debug\User_IRQ.o
 .debug_info    0x0000000000002710       0xd1 Debug\Sys_isr.o
 .debug_info    0x00000000000027e1      0x145 Debug\Sys_IRQ.o
 .debug_info    0x0000000000002926      0x182 Debug\I2C.o
 .debug_info    0x0000000000002aa8      0x2fb Debug\HS_Controller.o

.debug_abbrev   0x0000000000000000      0x6af
 *(.debug_abbrev)
 .debug_abbrev  0x0000000000000000       0x14 Debug\hyperscan_startup.o
 .debug_abbrev  0x0000000000000014       0xe9 Debug\main.o
 .debug_abbrev  0x00000000000000fd      0x1f5 Debug\libgloss.o
 .debug_abbrev  0x00000000000002f2       0x69 Debug\UART.o
 .debug_abbrev  0x000000000000035b       0xa8 Debug\TV.o
 .debug_abbrev  0x0000000000000403       0x97 Debug\NorFlash.o
 .debug_abbrev  0x000000000000049a       0x49 Debug\User_IRQ.o
 .debug_abbrev  0x00000000000004e3       0x14 Debug\Sys_isr.o
 .debug_abbrev  0x00000000000004f7       0x69 Debug\Sys_IRQ.o
 .debug_abbrev  0x0000000000000560       0x80 Debug\I2C.o
 .debug_abbrev  0x00000000000005e0       0xcf Debug\HS_Controller.o

.debug_line     0x0000000000000000      0xd27
 *(.debug_line)
 .debug_line    0x0000000000000000       0xb9 Debug\hyperscan_startup.o
 .debug_line    0x00000000000000b9      0x200 Debug\main.o
 .debug_line    0x00000000000002b9      0x22e Debug\libgloss.o
 .debug_line    0x00000000000004e7       0xa1 Debug\UART.o
 .debug_line    0x0000000000000588      0x176 Debug\TV.o
 .debug_line    0x00000000000006fe       0xfc Debug\NorFlash.o
 .debug_line    0x00000000000007fa      0x12d Debug\User_IRQ.o
 .debug_line    0x0000000000000927      0x120 Debug\Sys_isr.o
 .debug_line    0x0000000000000a47       0xe8 Debug\Sys_IRQ.o
 .debug_line    0x0000000000000b2f       0xad Debug\I2C.o
 .debug_line    0x0000000000000bdc      0x14b Debug\HS_Controller.o

.debug_frame    0x0000000000000000      0x97c
 *(.debug_frame)
 .debug_frame   0x0000000000000000       0x88 Debug\main.o
 .debug_frame   0x0000000000000088      0x184 Debug\libgloss.o
 .debug_frame   0x000000000000020c       0x5c Debug\UART.o
 .debug_frame   0x0000000000000268      0x140 Debug\TV.o
 .debug_frame   0x00000000000003a8      0x100 Debug\NorFlash.o
 .debug_frame   0x00000000000004a8      0x3d0 Debug\User_IRQ.o
 .debug_frame   0x0000000000000878       0x48 Debug\Sys_IRQ.o
 .debug_frame   0x00000000000008c0       0x60 Debug\I2C.o
 .debug_frame   0x0000000000000920       0x5c Debug\HS_Controller.o

.debug_str      0x0000000000000000       0x3a
 *(.debug_str)
 .debug_str     0x0000000000000000       0x1f Debug\libgloss.o
 .debug_str     0x000000000000001f       0x1b Debug\TV.o

.debug_loc      0x0000000000000000     0x10d3
 *(.debug_loc)
 .debug_loc     0x0000000000000000       0xea Debug\main.o
 .debug_loc     0x00000000000000ea      0x2c6 Debug\libgloss.o
 .debug_loc     0x00000000000003b0       0x8d Debug\UART.o
 .debug_loc     0x000000000000043d      0x251 Debug\TV.o
 .debug_loc     0x000000000000068e      0x1e8 Debug\NorFlash.o
 .debug_loc     0x0000000000000876      0x6b8 Debug\User_IRQ.o
 .debug_loc     0x0000000000000f2e       0x6e Debug\Sys_IRQ.o
 .debug_loc     0x0000000000000f9c       0x99 Debug\I2C.o
 .debug_loc     0x0000000000001035       0x9e Debug\HS_Controller.o

.debug_macinfo
 *(.debug_macinfo)

.debug_weaknames
 *(.debug_weaknames)

.debug_funcnames
 *(.debug_funcnames)

.debug_typenames
 *(.debug_typenames)

.debug_varnames
 *(.debug_varnames)
OUTPUT(Debug\hyperscan.elf elf32-littlescore)

.pdr            0x0000000000000000      0xcc0
 .pdr           0x0000000000000000        0x0 Debug\hyperscan_startup.o
 .pdr           0x0000000000000000       0x80 Debug\main.o
 .pdr           0x0000000000000080      0x1c0 Debug\libgloss.o
 .pdr           0x0000000000000240       0x60 Debug\UART.o
 .pdr           0x00000000000002a0      0x160 Debug\TV.o
 .pdr           0x0000000000000400      0x100 Debug\NorFlash.o
 .pdr           0x0000000000000500      0x500 Debug\User_IRQ.o
 .pdr           0x0000000000000a00        0x0 Debug\Sys_isr.o
 .pdr           0x0000000000000a00       0x40 Debug\Sys_IRQ.o
 .pdr           0x0000000000000a40       0x60 Debug\I2C.o
 .pdr           0x0000000000000aa0       0x40 Debug\HS_Controller.o
 .pdr           0x0000000000000ae0       0x20 c:/sunplus/s_core~1.1/gnu/bin/../lib/gcc/score-elf/4.2.1/../../../../score-elf/lib/mel\libc.a(abort.o)
 .pdr           0x0000000000000b00      0x100 c:/sunplus/s_core~1.1/gnu/bin/../lib/gcc/score-elf/4.2.1/../../../../score-elf/lib/mel\libc.a(signal.o)
 .pdr           0x0000000000000c00       0x20 c:/sunplus/s_core~1.1/gnu/bin/../lib/gcc/score-elf/4.2.1/../../../../score-elf/lib/mel\libc.a(syswrite.o)
 .pdr           0x0000000000000c20        0x0 c:/sunplus/s_core~1.1/gnu/bin/../lib/gcc/score-elf/4.2.1/../../../../score-elf/lib/mel\libc.a(impure.o)
 .pdr           0x0000000000000c20       0x20 c:/sunplus/s_core~1.1/gnu/bin/../lib/gcc/score-elf/4.2.1/../../../../score-elf/lib/mel\libc.a(mallocr.o)
 .pdr           0x0000000000000c40       0x40 c:/sunplus/s_core~1.1/gnu/bin/../lib/gcc/score-elf/4.2.1/../../../../score-elf/lib/mel\libc.a(mlock.o)
 .pdr           0x0000000000000c80       0x40 c:/sunplus/s_core~1.1/gnu/bin/../lib/gcc/score-elf/4.2.1/../../../../score-elf/lib/mel\libc.a(freer.o)
