Archive member included because of file (symbol)

c:/sunplus/s_core~1.1/gnu/bin/../lib/gcc/score-elf/4.2.1/../../../../score-elf/lib/mel\libc.a(abort.o)
                              Debug\libgloss.o (abort)
c:/sunplus/s_core~1.1/gnu/bin/../lib/gcc/score-elf/4.2.1/../../../../score-elf/lib/mel\libc.a(atof.o)
                              Debug\m_config.o (atof)
c:/sunplus/s_core~1.1/gnu/bin/../lib/gcc/score-elf/4.2.1/../../../../score-elf/lib/mel\libc.a(atoi.o)
                              Debug\i_video.o (atoi)
c:/sunplus/s_core~1.1/gnu/bin/../lib/gcc/score-elf/4.2.1/../../../../score-elf/lib/mel\libc.a(calloc.o)
                              Debug\w_wad.o (calloc)
c:/sunplus/s_core~1.1/gnu/bin/../lib/gcc/score-elf/4.2.1/../../../../score-elf/lib/mel\libc.a(callocr.o)
                              c:/sunplus/s_core~1.1/gnu/bin/../lib/gcc/score-elf/4.2.1/../../../../score-elf/lib/mel\libc.a(calloc.o) (_calloc_r)
c:/sunplus/s_core~1.1/gnu/bin/../lib/gcc/score-elf/4.2.1/../../../../score-elf/lib/mel\libc.a(ctype_.o)
                              Debug\w_wad.o (_ctype_)
c:/sunplus/s_core~1.1/gnu/bin/../lib/gcc/score-elf/4.2.1/../../../../score-elf/lib/mel\libc.a(errno.o)
                              Debug\m_misc.o (__errno)
c:/sunplus/s_core~1.1/gnu/bin/../lib/gcc/score-elf/4.2.1/../../../../score-elf/lib/mel\libc.a(exit.o)
                              Debug\doomgeneric_hyperscan.o (exit)
c:/sunplus/s_core~1.1/gnu/bin/../lib/gcc/score-elf/4.2.1/../../../../score-elf/lib/mel\libc.a(fclose.o)
                              Debug\m_misc.o (fclose)
c:/sunplus/s_core~1.1/gnu/bin/../lib/gcc/score-elf/4.2.1/../../../../score-elf/lib/mel\libc.a(fflush.o)
                              Debug\i_system.o (fflush)
c:/sunplus/s_core~1.1/gnu/bin/../lib/gcc/score-elf/4.2.1/../../../../score-elf/lib/mel\libc.a(findfp.o)
                              c:/sunplus/s_core~1.1/gnu/bin/../lib/gcc/score-elf/4.2.1/../../../../score-elf/lib/mel\libc.a(fclose.o) (__sinit)
c:/sunplus/s_core~1.1/gnu/bin/../lib/gcc/score-elf/4.2.1/../../../../score-elf/lib/mel\libc.a(fopen.o)
                              Debug\m_misc.o (fopen)
c:/sunplus/s_core~1.1/gnu/bin/../lib/gcc/score-elf/4.2.1/../../../../score-elf/lib/mel\libc.a(fprintf.o)
                              Debug\z_zone.o (fprintf)
c:/sunplus/s_core~1.1/gnu/bin/../lib/gcc/score-elf/4.2.1/../../../../score-elf/lib/mel\libc.a(fputc.o)
                              Debug\gusconf.o (fputc)
c:/sunplus/s_core~1.1/gnu/bin/../lib/gcc/score-elf/4.2.1/../../../../score-elf/lib/mel\libc.a(fread.o)
                              Debug\p_saveg.o (fread)
c:/sunplus/s_core~1.1/gnu/bin/../lib/gcc/score-elf/4.2.1/../../../../score-elf/lib/mel\libc.a(freer.o)
                              c:/sunplus/s_core~1.1/gnu/bin/../lib/gcc/score-elf/4.2.1/../../../../score-elf/lib/mel\libc.a(fclose.o) (_free_r)
c:/sunplus/s_core~1.1/gnu/bin/../lib/gcc/score-elf/4.2.1/../../../../score-elf/lib/mel\libc.a(fseek.o)
                              c:/sunplus/s_core~1.1/gnu/bin/../lib/gcc/score-elf/4.2.1/../../../../score-elf/lib/mel\libc.a(fopen.o) (_fseek_r)
c:/sunplus/s_core~1.1/gnu/bin/../lib/gcc/score-elf/4.2.1/../../../../score-elf/lib/mel\libc.a(ftell.o)
                              Debug\p_saveg.o (ftell)
c:/sunplus/s_core~1.1/gnu/bin/../lib/gcc/score-elf/4.2.1/../../../../score-elf/lib/mel\libc.a(fwalk.o)
                              c:/sunplus/s_core~1.1/gnu/bin/../lib/gcc/score-elf/4.2.1/../../../../score-elf/lib/mel\libc.a(fflush.o) (_fwalk)
c:/sunplus/s_core~1.1/gnu/bin/../lib/gcc/score-elf/4.2.1/../../../../score-elf/lib/mel\libc.a(fwrite.o)
                              Debug\z_zone.o (fwrite)
c:/sunplus/s_core~1.1/gnu/bin/../lib/gcc/score-elf/4.2.1/../../../../score-elf/lib/mel\libc.a(impure.o)
                              Debug\p_spec.o (_impure_ptr)
c:/sunplus/s_core~1.1/gnu/bin/../lib/gcc/score-elf/4.2.1/../../../../score-elf/lib/mel\libc.a(makebuf.o)
                              c:/sunplus/s_core~1.1/gnu/bin/../lib/gcc/score-elf/4.2.1/../../../../score-elf/lib/mel\libc.a(fseek.o) (__smakebuf)
c:/sunplus/s_core~1.1/gnu/bin/../lib/gcc/score-elf/4.2.1/../../../../score-elf/lib/mel\libc.a(malloc.o)
                              Debug\w_wad.o (free)
c:/sunplus/s_core~1.1/gnu/bin/../lib/gcc/score-elf/4.2.1/../../../../score-elf/lib/mel\libc.a(mallocr.o)
                              c:/sunplus/s_core~1.1/gnu/bin/../lib/gcc/score-elf/4.2.1/../../../../score-elf/lib/mel\libc.a(callocr.o) (_malloc_r)
c:/sunplus/s_core~1.1/gnu/bin/../lib/gcc/score-elf/4.2.1/../../../../score-elf/lib/mel\libc.a(memcmp.o)
                              Debug\ff.o (memcmp)
c:/sunplus/s_core~1.1/gnu/bin/../lib/gcc/score-elf/4.2.1/../../../../score-elf/lib/mel\libc.a(memcpy.o)
                              Debug\wi_stuff.o (memcpy)
c:/sunplus/s_core~1.1/gnu/bin/../lib/gcc/score-elf/4.2.1/../../../../score-elf/lib/mel\libc.a(memmove.o)
                              Debug\d_main.o (memmove)
[...]
Memory Configuration

Name             Origin             Length             Attributes
*default*        0x0000000000000000 0xffffffffffffffff

Linker script and memory map

LOAD Obj.lst
LOAD Debug\hyperscan_startup.o
LOAD Debug\z_zone.o
LOAD Debug\wi_stuff.o
LOAD Debug\w_wad.o
LOAD Debug\w_main.o
LOAD Debug\w_file_stdc.o
LOAD Debug\w_file.o
LOAD Debug\w_checksum.o
LOAD Debug\v_video.o
LOAD Debug\tables.o
LOAD Debug\statdump.o
LOAD Debug\st_stuff.o
LOAD Debug\st_lib.o
LOAD Debug\sounds.o
LOAD Debug\sha1.o
LOAD Debug\s_sound.o
LOAD Debug\r_things.o
LOAD Debug\r_sky.o
LOAD Debug\r_segs.o
LOAD Debug\r_plane.o
LOAD Debug\r_main.o
LOAD Debug\r_draw.o
LOAD Debug\r_data.o
LOAD Debug\r_bsp.o
LOAD Debug\p_user.o
LOAD Debug\p_tick.o
LOAD Debug\p_telept.o
LOAD Debug\p_switch.o
LOAD Debug\p_spec.o
LOAD Debug\p_sight.o
LOAD Debug\p_setup.o
LOAD Debug\p_saveg.o
LOAD Debug\p_pspr.o
LOAD Debug\p_plats.o
LOAD Debug\p_mobj.o
LOAD Debug\p_maputl.o
LOAD Debug\p_map.o
LOAD Debug\p_lights.o
LOAD Debug\p_inter.o
LOAD Debug\p_floor.o
LOAD Debug\p_enemy.o
LOAD Debug\p_doors.o
LOAD Debug\p_ceilng.o
LOAD Debug\mus2mid.o
LOAD Debug\memio.o
LOAD Debug\m_random.o
LOAD Debug\m_misc.o
LOAD Debug\m_menu.o
LOAD Debug\m_fixed.o
LOAD Debug\m_controls.o
LOAD Debug\m_config.o
LOAD Debug\m_cheat.o
LOAD Debug\m_bbox.o
LOAD Debug\m_argv.o
LOAD Debug\info.o
LOAD Debug\icon.o
LOAD Debug\i_video.o
LOAD Debug\i_timer.o
LOAD Debug\i_system.o
LOAD Debug\i_sound.o
LOAD Debug\i_scale.o
LOAD Debug\i_joystick.o
LOAD Debug\i_input.o
LOAD Debug\i_endoom.o
LOAD Debug\i_cdmus.o
LOAD Debug\hu_stuff.o
LOAD Debug\hu_lib.o
LOAD Debug\gusconf.o
LOAD Debug\g_game.o
LOAD Debug\f_wipe.o
LOAD Debug\f_finale.o
LOAD Debug\dummy.o
LOAD Debug\dstrings.o
LOAD Debug\doomstat.o
LOAD Debug\doomgeneric_hyperscan.o
LOAD Debug\doomgeneric.o
LOAD Debug\doomdef.o
LOAD Debug\d_net.o
LOAD Debug\d_mode.o
LOAD Debug\d_main.o
LOAD Debug\d_loop.o
LOAD Debug\d_iwad.o
LOAD Debug\d_items.o
LOAD Debug\d_event.o
LOAD Debug\am_map.o
LOAD Debug\libgloss.o
LOAD Debug\UART.o
LOAD Debug\TV.o
LOAD Debug\NorFlash.o
LOAD Debug\User_IRQ.o
LOAD Debug\sys_isr.o
LOAD Debug\I2C.o
LOAD Debug\ff.o
LOAD Debug\diskio.o
LOAD Debug\HS_Controller.o
LOAD Lib.lst
LOAD c:/sunplus/s_core~1.1/gnu/bin/../lib/gcc/score-elf/4.2.1/../../../../score-elf/lib/mel\libm.a
LOAD c:/sunplus/s_core~1.1/gnu/bin/../lib/gcc/score-elf/4.2.1/../../../../score-elf/lib/mel\libc.a
LOAD c:/sunplus/s_core~1.1/gnu/bin/../lib/gcc/score-elf/4.2.1/mel\libgcc.a
LOAD c:/sunplus/s_core~1.1/gnu/bin/../lib/gcc/score-elf/4.2.1/mel\libgcc.a
LOAD c:/sunplus/s_core~1.1/gnu/bin/../lib/gcc/score-elf/4.2.1/../../../../score-elf/lib/mel\libc.a
LOAD c:/sunplus/s_core~1.1/gnu/bin/../lib/gcc/score-elf/4.2.1/mel\libgcc.a
START GROUP
LOAD c:/sunplus/s_core~1.1/gnu/bin/../lib/gcc/score-elf/4.2.1/../../../../score-elf/lib/mel\libc.a
LOAD c:/sunplus/s_core~1.1/gnu/bin/../lib/gcc/score-elf/4.2.1/../../../../score-elf/lib/mel\libm.a
LOAD c:/sunplus/s_core~1.1/gnu/bin/../lib/gcc/score-elf/4.2.1/mel\libgcc.a
END GROUP

.exception      0x00000000a01001fc      0x304
 *(.exception_vec)
 .exception_vec
                0x00000000a01001fc      0x304 Debug\hyperscan_startup.o
                0x00000000a0100300                hal_interrupt_handlers
                0x00000000a0100400                hal_interrupt_data

.stack          0x00000000a0fffff0        0x0
                0x00000000a0fffff0                _stack = .
 *(.stack)
                0x00000000a0101000                . = 0xa0101000

.interp
 *(.interp)

.hash
 *(.hash)

.dynsym
 *(.dynsym)

.dynstr
 *(.dynstr)

.gnu.version
 *(.gnu.version)

.gnu.version_d
 *(.gnu.version_d)

.gnu.version_r
 *(.gnu.version_r)

.rel.dyn        0x00000000a0101000        0x0
 *(.rel.init)
 *(.rel.text .rel.text.* .rel.gnu.linkonce.t.*)
 *(.rel.fini)
 *(.rel.rodata .rel.rodata.* .rel.gnu.linkonce.r.*)
 *(.rel.data .rel.data.* .rel.gnu.linkonce.d.*)
 *(.rel.tdata .rel.tdata.* .rel.gnu.linkonce.td.*)
 *(.rel.tbss .rel.tbss.* .rel.gnu.linkonce.tb.*)
 *(.rel.ctors)
 *(.rel.dtors)
 *(.rel.got)
 *(.rel.sdata .rel.sdata.* .rel.gnu.linkonce.s.*)
 *(.rel.sbss .rel.sbss.* .rel.gnu.linkonce.sb.*)
 *(.rel.sdata2 .rel.sdata2.* .rel.gnu.linkonce.s2.*)
 *(.rel.sbss2 .rel.sbss2.* .rel.gnu.linkonce.sb2.*)
 *(.rel.bss .rel.bss.* .rel.gnu.linkonce.b.*)
 .rel.dyn       0x0000000000000000        0x0 Debug\hyperscan_startup.o

.rela.dyn
 *(.rela.init)
 *(.rela.text .rela.text.* .rela.gnu.linkonce.t.*)
 *(.rela.fini)
 *(.rela.rodata .rela.rodata.* .rela.gnu.linkonce.r.*)
 *(.rela.data .rela.data.* .rela.gnu.linkonce.d.*)
 *(.rela.tdata .rela.tdata.* .rela.gnu.linkonce.td.*)
 *(.rela.tbss .rela.tbss.* .rela.gnu.linkonce.tb.*)
 *(.rela.ctors)
 *(.rela.dtors)
 *(.rela.got)
 *(.rela.sdata .rela.sdata.* .rela.gnu.linkonce.s.*)
 *(.rela.sbss .rela.sbss.* .rela.gnu.linkonce.sb.*)
 *(.rela.sdata2 .rela.sdata2.* .rela.gnu.linkonce.s2.*)
 *(.rela.sbss2 .rela.sbss2.* .rela.gnu.linkonce.sb2.*)
 *(.rela.bss .rela.bss.* .rela.gnu.linkonce.b.*)

.rel.plt
 *(.rel.plt)

.rela.plt
 *(.rela.plt)

.hardware_init  0x00000000a0101000      0x1f0
 *(.hardware_init)
 .hardware_init
                0x00000000a0101000      0x1f0 Debug\hyperscan_startup.o
                0x00000000a0101000                _hardware_init
                0x00000000a0101058                general_service
                0x00000000a01011ec                hal_default_isr
                0x00000000a0101054                norm_debug_service

.init
 *(.init)

.plt
 *(.plt)

.text           0x00000000a01011f0    0x5f7c4
 *(.text .stub .text.* .gnu.linkonce.t.*)
 .text          0x00000000a01011f0        0x0 Debug\hyperscan_startup.o
 .text          0x00000000a01011f0      0x9bc Debug\z_zone.o
                0x00000000a0101480                Z_Malloc
                0x00000000a0101330                Z_Free
                0x00000000a0101674                Z_FreeTags
                0x00000000a0101a38                Z_ChangeTag2
                0x00000000a0101978                Z_CheckHeap
                0x00000000a0101844                Z_FileDumpHeap
                0x00000000a0101acc                Z_ChangeUser
                0x00000000a01016f4                Z_DumpHeap
                0x00000000a0101b20                Z_FreeMemory
                0x00000000a010127c                Z_Init
                0x00000000a0101b98                Z_ZoneSize
                0x00000000a01011f0                Z_ClearZone
 .text          0x00000000a0101bac     0x3c40 Debug\wi_stuff.o
                0x00000000a010357c                WI_initNetgameStats
                0x00000000a0102b60                WI_drawNoState
                0x00000000a0105538                WI_loadData
                0x00000000a0102978                WI_updateNoState
                0x00000000a01025e4                WI_drawNum
                0x00000000a0101be0                WI_drawLF
                0x00000000a01031d4                WI_drawDeathmatchStats
                0x00000000a0105604                WI_unloadData
                0x00000000a01029e0                WI_updateShowNextLoc
                0x00000000a01027a0                WI_drawPercent
                0x00000000a0104d68                WI_checkForAccelerate
                0x00000000a01022b8                WI_updateAnimatedBack
                0x00000000a010578c                WI_Start
                0x00000000a0103ed0                WI_drawNetgameStats
                0x00000000a0102168                WI_initAnimatedBack
                0x00000000a0102b80                WI_fragSum
                0x00000000a01044bc                WI_updateStats
                0x00000000a0102d38                WI_updateDeathmatchStats
                0x00000000a0102c50                WI_initDeathmatchStats
                0x00000000a01056b8                WI_initVariables
                0x00000000a0101ef0                WI_drawOnLnode
                0x00000000a0104434                WI_initStats
                0x00000000a0102954                WI_initNoState
                0x00000000a0104c18                WI_drawStats
                0x00000000a0104e5c                WI_Ticker
                0x00000000a0101bd0                WI_Responder
                0x00000000a0102938                WI_End
                0x00000000a0101da0                WI_drawEL
                0x00000000a01027e4                WI_drawTime
                0x00000000a0105628                WI_Drawer
                0x00000000a01036b4                WI_updateNetgameStats
                0x00000000a0101bac                WI_slamBackground
                0x00000000a0102a48                WI_drawShowNextLoc
                0x00000000a0102500                WI_drawAnimatedBack
                0x00000000a01029b0                WI_initShowNextLoc
 .text          0x00000000a01057ec      0xd38 Debug\w_wad.o
                0x00000000a0106018                W_ReadLump
                0x00000000a01057ec                W_LumpNameHash
                0x00000000a01061f0                W_CacheLumpName
                0x00000000a0105f6c                W_GetNumForName
                0x00000000a0106220                W_ReleaseLumpNum
                0x00000000a01062ac                W_ReleaseLumpName
                0x00000000a0105aa8                W_AddFile
                0x00000000a01062d4                W_GenerateHashTable
                0x00000000a0105e20                W_CheckNumForName
                0x00000000a0105e08                W_NumLumps
                0x00000000a0106428                W_CheckCorrectIWAD
                0x00000000a01060e8                W_CacheLumpNum
                0x00000000a0105fb4                W_LumpLength
 .text          0x00000000a0106524       0xd4 Debug\w_main.o
                0x00000000a0106524                W_ParseCommandLine
 .text          0x00000000a01065f8      0x3b0 Debug\w_file_stdc.o
                0x00000000a01065f8                fopen_fatfs
                0x00000000a01067b4                fwrite_fatfs
                0x00000000a0106750                fread_fatfs
                0x00000000a0106958                W_StdC_Read
                0x00000000a0106818                fseek_fatfs
                0x00000000a0106864                fclose_fatfs
 .text          0x00000000a01069a8      0x13c Debug\w_file.o
                0x00000000a0106a44                W_CloseFile
                0x00000000a0106a68                W_Read
                0x00000000a01069a8                W_OpenFile
 .text          0x00000000a0106ae4      0x1bc Debug\w_checksum.o
                0x00000000a0106c10                W_Checksum
 .text          0x00000000a0106ca0     0x1d08 Debug\v_video.o
                0x00000000a01077ac                V_DrawXlaPatch
                0x00000000a0107ff8                V_DrawBlock
                0x00000000a0106ca0                V_MarkRect
                0x00000000a0108268                V_DrawBox
                0x00000000a0107510                V_DrawTLPatch
                0x00000000a01071e8                V_DrawPatchFlipped
                0x00000000a0107fc0                V_LoadXlaTable
                0x00000000a0106e28                V_SetPatchClipCallback
                0x00000000a0108748                V_DrawMouseSpeedBox
                0x00000000a01079ec                V_DrawAltTLPatch
                0x00000000a0108338                WritePCXfile
                0x00000000a0108168                V_DrawHorizLine
                0x00000000a01082fc                V_Init
                0x00000000a01082d0                V_DrawRawScreen
                0x00000000a0106d10                V_CopyRect
                0x00000000a01074e8                V_DrawPatchDirect
                0x00000000a0107f88                V_LoadTintTable
                0x00000000a0108308                V_UseBuffer
                0x00000000a01080c0                V_DrawFilledBox
                0x00000000a010831c                V_RestoreBuffer
                0x00000000a01081e8                V_DrawVertLine
                0x00000000a0106e3c                V_DrawPatch
                0x00000000a0107c88                V_DrawShadowedPatch
                0x00000000a0108678                V_ScreenShot
 .text          0x00000000a01089a8       0x68 Debug\tables.o
                0x00000000a01089a8                SlopeDiv
 .text          0x00000000a0108a10       0x8c Debug\statdump.o
                0x00000000a0108a90                StatDump
                0x00000000a0108a10                StatCopy
 .text          0x00000000a0108a9c     0x22ac Debug\st_stuff.o
                0x00000000a010aca0                ST_Start
                0x00000000a0109c7c                ST_Ticker
                0x00000000a010a754                ST_createWidgets
                0x00000000a010acd8                ST_Stop
                0x00000000a010a5fc                ST_unloadGraphics
                0x00000000a010a5a4                ST_loadData
                0x00000000a010a620                ST_unloadData
                0x00000000a0109ff8                ST_doRefresh
                0x00000000a0109cbc                ST_doPaletteStuff
                0x00000000a010a03c                ST_Drawer
                0x00000000a010a580                ST_loadGraphics
                0x00000000a0108a9c                ST_refreshBackground
                0x00000000a010a63c                ST_initData
                0x00000000a010a020                ST_diffDraw
                0x00000000a0108b28                ST_Responder
                0x00000000a0109a00                ST_updateWidgets
                0x00000000a010ad18                ST_Init
                0x00000000a0109e2c                ST_drawWidgets
                0x00000000a0109538                ST_calcPainOffset
                0x00000000a01095c4                ST_updateFaceWidget
 .text          0x00000000a010ad48      0x850 Debug\st_lib.o
                0x00000000a010ad78                STlib_initNum
                0x00000000a010b3a8                STlib_initBinIcon
                0x00000000a010b18c                STlib_updateMultIcon
                0x00000000a010b0e8                STlib_updatePercent
                0x00000000a010b144                STlib_initMultIcon
                0x00000000a010b068                STlib_updateNum
                0x00000000a010adc4                STlib_drawNum
                0x00000000a010b09c                STlib_initPercent
                0x00000000a010b3ec                STlib_updateBinIcon
                0x00000000a010ad48                STlib_init
 .text          0x00000000a010b598        0x0 Debug\sounds.o
 .text          0x00000000a010b598     0x269c Debug\sha1.o
                0x00000000a010dbf8                SHA1_UpdateString
                0x00000000a010b598                SHA1_Init
                0x00000000a010d5d0                SHA1_Update
                0x00000000a010d750                SHA1_Final
                0x00000000a010dba4                SHA1_UpdateInt32
 .text          0x00000000a010dc34      0xe60 Debug\s_sound.o
                0x00000000a010e3bc                S_StartSound
                0x00000000a010dc34                S_Init
                0x00000000a010e678                S_ResumeSound
                0x00000000a010e84c                S_SetSfxVolume
                0x00000000a010de64                S_Start
                0x00000000a010ea28                S_StopMusic
                0x00000000a010ea08                S_MusicPlaying
                0x00000000a010e898                S_StartMusic
                0x00000000a010e8b8                S_ChangeMusic
                0x00000000a010e6b4                S_UpdateSounds
                0x00000000a010df90                S_StopSound
                0x00000000a010e800                S_SetMusicVolume
                0x00000000a010dd68                S_Shutdown
                0x00000000a010e63c                S_PauseSound
 .text          0x00000000a010ea94     0x200c Debug\r_things.o
                0x00000000a010f7a4                R_ProjectSprite
                0x00000000a011020c                R_DrawPlayerSprites
                0x00000000a010f2f4                R_DrawMaskedColumn
                0x00000000a010f230                R_InitSprites
                0x00000000a01104f8                R_DrawSprite
                0x00000000a010ea94                R_InstallSpriteLump
                0x00000000a010f29c                R_NewVisSprite
                0x00000000a0110320                R_SortVisSprites
                0x00000000a010f284                R_ClearSprites
                0x00000000a010fd3c                R_AddSprites
                0x00000000a010eda4                R_InitSpriteDefs
                0x00000000a01109c4                R_DrawMasked
                0x00000000a010f518                R_DrawVisSprite
                0x00000000a010fe34                R_DrawPSprite
 .text          0x00000000a0110aa0       0x14 Debug\r_sky.o
                0x00000000a0110aa0                R_InitSkyMap
 .text          0x00000000a0110ab4     0x1f18 Debug\r_segs.o
                0x00000000a0111720                R_StoreWallRange
                0x00000000a0110fd4                R_RenderSegLoop
                0x00000000a0110ab4                R_RenderMaskedSegRange
 .text          0x00000000a01129cc      0xd24 Debug\r_plane.o
                0x00000000a0112fc8                R_CheckPlane
                0x00000000a01129d8                R_MapPlane
                0x00000000a0112d6c                R_ClearPlanes
                0x00000000a0112e9c                R_FindPlane
                0x00000000a0113230                R_DrawPlanes
                0x00000000a0113108                R_MakeSpans
                0x00000000a01129cc                R_InitPlanes
 .text          0x00000000a01136f0     0x13d8 Debug\r_main.o
                0x00000000a01141a4                R_InitLightTables
                0x00000000a0113a70                R_PointToAngle
                0x00000000a01142d0                R_ExecuteSetViewSize
                0x00000000a01142a8                R_SetViewSize
                0x00000000a01136f0                R_AddPointToBox
                0x00000000a011479c                R_Init
                0x00000000a0114a68                R_RenderPlayerView
                0x00000000a0113ddc                R_ScaleFromGlobalAngle
                0x00000000a01138f4                R_PointOnSegSide
                0x00000000a0113770                R_PointOnSide
                0x00000000a0113dd0                R_InitPointToAngle
                0x00000000a0113cfc                R_PointToDist
                0x00000000a0113cc4                R_PointToAngle2
                0x00000000a0113ee8                R_InitTables
                0x00000000a0114914                R_SetupFrame
                0x00000000a0114828                R_PointInSubsector
                0x00000000a0113ef4                R_InitTextureMapping
 .text          0x00000000a0114ac8     0x1444 Debug\r_draw.o
                0x00000000a01151c8                R_DrawTranslatedColumn
                0x00000000a0115610                R_DrawSpan
                0x00000000a0114c08                R_DrawColumnLow
                0x00000000a0114f68                R_DrawFuzzColumnLow
                0x00000000a0115a3c                R_FillBackScreen
                0x00000000a0114d9c                R_DrawFuzzColumn
                0x00000000a0115318                R_DrawTranslatedColumnLow
                0x00000000a0115d84                R_VideoErase
                0x00000000a0115dd8                R_DrawViewBorder
                0x00000000a0115784                R_DrawSpanLow
                0x00000000a01154f4                R_InitTranslationTables
                0x00000000a0115948                R_InitBuffer
                0x00000000a0114ac8                R_DrawColumn
 .text          0x00000000a0115f0c     0x1958 Debug\r_data.o
                0x00000000a0115f0c                R_DrawColumnInCache
                0x00000000a0116ee4                R_InitFlats
                0x00000000a0115fdc                R_GenerateComposite
                0x00000000a01167bc                R_InitTextures
                0x00000000a01172e0                R_TextureNumForName
                0x00000000a0116f98                R_InitSpriteLumps
                0x00000000a0117328                R_PrecacheLevel
                0x00000000a0117234                R_CheckTextureNumForName
                0x00000000a01165ac                R_GetColumn
                0x00000000a011718c                R_InitData
                0x00000000a0117154                R_InitColormaps
                0x00000000a0116228                R_GenerateLookup
                0x00000000a01171cc                R_FlatNumForName
 .text          0x00000000a0117864      0xc98 Debug\r_bsp.o
                0x00000000a011787c                R_ClipSolidWallSegment
                0x00000000a0117864                R_ClearDrawSegs
                0x00000000a0117bb8                R_AddLine
                0x00000000a0117e78                R_CheckBBox
                0x00000000a01181e4                R_Subsector
                0x00000000a01183dc                R_RenderBSPNode
                0x00000000a0117b50                R_ClearClipSegs
                0x00000000a0117a54                R_ClipPassWallSegment
 .text          0x00000000a01184fc      0xad0 Debug\p_user.o
                0x00000000a01185a4                P_CalcHeight
                0x00000000a01184fc                P_Thrust
                0x00000000a0118b7c                P_PlayerThink
                0x00000000a0118850                P_MovePlayer
                0x00000000a0118984                P_DeathThink
 .text          0x00000000a0118fcc      0x260 Debug\p_tick.o
                0x00000000a0118fcc                P_InitThinkers
                0x00000000a011907c                P_RunThinkers
                0x00000000a0119004                P_AddThinker
                0x00000000a0119114                P_Ticker
                0x00000000a0119070                P_AllocateThinker
                0x00000000a0119058                P_RemoveThinker
 .text          0x00000000a011922c      0x338 Debug\p_telept.o
                0x00000000a011922c                EV_Teleport
 .text          0x00000000a0119564      0xd78 Debug\p_switch.o
                0x00000000a0119710                P_StartButton
                0x00000000a011989c                P_ChangeSwitchTexture
                0x00000000a0119564                P_InitSwitchList
                0x00000000a0119bd0                P_UseSpecialLine
 .text          0x00000000a011a2dc     0x1c3c Debug\p_spec.o
                0x00000000a011a2dc                P_InitPicAnims
                0x00000000a011a998                P_FindHighestCeilingSurrounding
                0x00000000a011b998                EV_DoDonut
                0x00000000a011a4d8                getSide
                0x00000000a011a7c0                P_FindNextHighestFloor
                0x00000000a011b3d4                P_UpdateSpecials
                0x00000000a011a6b8                P_FindLowestFloorSurrounding
                0x00000000a011a90c                P_FindLowestCeilingSurrounding
                0x00000000a011a64c                getNextSector
                0x00000000a011a560                getSector
                0x00000000a011bbf0                P_SpawnSpecials
                0x00000000a011aa1c                P_FindSectorFromLineTag
                0x00000000a011aac0                P_FindMinSurroundingLight
                0x00000000a011b14c                P_ShootSpecialLine
                0x00000000a011a73c                P_FindHighestFloorSurrounding
                0x00000000a011ab54                P_CrossSpecialLine
                0x00000000a011b210                P_PlayerInSpecialSector
                0x00000000a011a5ec                twoSided
 .text          0x00000000a011bf18      0x960 Debug\p_sight.o
                0x00000000a011c61c                P_CheckSight
                0x00000000a011bf18                P_DivlineSide
                0x00000000a011c090                P_InterceptVector2
                0x00000000a011c4cc                P_CrossBSPNode
                0x00000000a011c16c                P_CrossSubsector
 .text          0x00000000a011c878     0x1d70 Debug\p_setup.o
                0x00000000a011c9e0                P_LoadSegs
                0x00000000a011d280                P_LoadThings
                0x00000000a011c878                P_LoadVertexes
                0x00000000a011dba0                P_GroupLines
                0x00000000a011e5bc                P_Init
                0x00000000a011c970                GetSectorAtNullAddress
                0x00000000a011d450                P_LoadLineDefs
                0x00000000a011e218                P_SetupLevel
                0x00000000a011da60                P_LoadBlockMap
                0x00000000a011ce04                P_LoadSectors
                0x00000000a011d024                P_LoadNodes
                0x00000000a011ccfc                P_LoadSubsectors
                0x00000000a011d874                P_LoadSideDefs
 .text          0x00000000a011e5e8     0x2ffc Debug\p_saveg.o
                0x00000000a01209c8                P_ArchivePlayers
                0x00000000a0120f7c                P_ArchiveThinkers
                0x00000000a0120b28                P_ArchiveWorld
                0x00000000a0121170                P_ArchiveSpecials
                0x00000000a011e644                P_SaveGameFile
                0x00000000a0120974                P_ReadSaveGameEOF
                0x00000000a0120d68                P_UnArchiveWorld
                0x00000000a0121380                P_UnArchiveSpecials
                0x00000000a0120ff8                P_UnArchiveThinkers
                0x00000000a01209ac                P_WriteSaveGameEOF
                0x00000000a0120618                P_WriteSaveGameHeader
                0x00000000a0120a48                P_UnArchivePlayers
                0x00000000a011e5e8                P_TempSaveGameFile
                0x00000000a01207e0                P_ReadSaveGameHeader
 .text          0x00000000a01215e4     0x1790 Debug\p_pspr.o
                0x00000000a0122c5c                P_SetupPsprites
                0x00000000a01227c0                A_FireShotgun2
                0x00000000a0121858                P_CheckAmmo
                0x00000000a0122574                P_GunShot
                0x00000000a01220e0                A_Saw
                0x00000000a0121de8                A_CheckReload
                0x00000000a01217bc                P_BringUpWeapon
                0x00000000a0121ea8                A_Raise
                0x00000000a012243c                A_FirePlasma
                0x00000000a0122394                A_FireMissile
                0x00000000a01224d8                P_BulletSlope
                0x00000000a0122c34                A_BFGsound
                0x00000000a012293c                A_FireCGun
                0x00000000a01223e8                A_FireBFG
                0x00000000a0121e08                A_Lower
                0x00000000a0122ad0                A_Light2
                0x00000000a0121f84                A_Punch
                0x00000000a0121b40                P_DropWeapon
                0x00000000a0122634                A_FirePistol
                0x00000000a01216e0                P_CalcSwing
                0x00000000a01215e4                P_SetPsprite
                0x00000000a01226f8                A_FireShotgun
                0x00000000a0121ac4                P_FireWeapon
                0x00000000a0121b88                A_WeaponReady
                0x00000000a0122aa0                A_Light0
                0x00000000a0121f2c                A_GunFlash
                0x00000000a0122cbc                P_MovePsprites
                0x00000000a0122ab8                A_Light1
                0x00000000a0121d60                A_ReFire
                0x00000000a0122ae8                A_BFGSpray
 .text          0x00000000a0122d74      0x974 Debug\p_plats.o
                0x00000000a0122fec                EV_DoPlat
                0x00000000a01234a4                EV_StopPlat
                0x00000000a0122d74                T_PlatRaise
                0x00000000a01233b8                P_ActivateInStasis
                0x00000000a012362c                P_RemoveActivePlat
                0x00000000a01235b0                P_AddActivePlat
 .text          0x00000000a01236e8     0x22cc Debug\p_mobj.o
                0x00000000a012467c                P_RemoveMobj
                0x00000000a0124d3c                P_SpawnMapThing
                0x00000000a0125604                P_SpawnMissile
                0x00000000a01237b8                P_ExplodeMissile
                0x00000000a012445c                P_SpawnMobj
                0x00000000a01254c8                P_CheckMissileSpawn
                0x00000000a0125334                P_SpawnPuff
                0x00000000a01257fc                P_SpawnPlayerMissile
                0x00000000a01236e8                P_SetMobjState
                0x00000000a0124304                P_MobjThinker
                0x00000000a01255ac                P_SubstNullMobj
                0x00000000a01249e0                P_SpawnPlayer
                0x00000000a012413c                P_NightmareRespawn
                0x00000000a01253f0                P_SpawnBlood
                0x00000000a0123d60                P_ZMovement
                0x00000000a01238b4                P_XYMovement
                0x00000000a012477c                P_RespawnSpecials
 .text          0x00000000a01259b4     0x17f4 Debug\p_maputl.o
                0x00000000a0126a7c                P_TraverseIntercepts
                0x00000000a01260bc                P_UnsetThingPosition
                0x00000000a0125b70                P_BoxOnLineSide
                0x00000000a0125ed4                P_MakeDivline
                0x00000000a0126d80                P_PathTraverse
                0x00000000a0125f20                P_InterceptVector
                0x00000000a0125ffc                P_LineOpening
                0x00000000a0126260                P_SetThingPosition
                0x00000000a0126568                P_BlockThingsIterator
                0x00000000a012640c                P_BlockLinesIterator
                0x00000000a0126874                PIT_AddThingIntercepts
                0x00000000a0125d40                P_PointOnDivlineSide
                0x00000000a0125a38                P_PointOnLineSide
                0x00000000a01259b4                P_AproxDistance
                0x00000000a0126640                PIT_AddLineIntercepts
 .text          0x00000000a01271a8     0x2620 Debug\p_map.o
                0x00000000a0127d7c                P_TryMove
                0x00000000a0127fa4                P_ThingHeightClip
                0x00000000a012809c                P_HitSlideLine
                0x00000000a01295dc                P_ChangeSector
                0x00000000a0127a6c                P_CheckPosition
                0x00000000a012933c                P_RadiusAttack
                0x00000000a0128224                PTR_SlideTraverse
                0x00000000a01289b8                PTR_ShootTraverse
                0x00000000a0128e4c                P_AimLineAttack
                0x00000000a01272a0                P_TeleportMove
                0x00000000a0128350                P_SlideMove
                0x00000000a01290a0                PTR_UseTraverse
                0x00000000a0129218                PIT_RadiusAttack
                0x00000000a0128f9c                P_LineAttack
                0x00000000a0129454                PIT_ChangeSector
                0x00000000a01274e4                PIT_CheckLine
                0x00000000a01276ec                PIT_CheckThing
                0x00000000a01271a8                PIT_StompThing
                0x00000000a0129164                P_UseLines
                0x00000000a01286d4                PTR_AimTraverse
 .text          0x00000000a01297c8      0x8a8 Debug\p_lights.o
                0x00000000a0129fe4                P_SpawnGlowingLight
                0x00000000a012991c                T_LightFlash
                0x00000000a0129b34                P_SpawnStrobeFlash
                0x00000000a0129a90                T_StrobeFlash
                0x00000000a012988c                P_SpawnFireFlicker
                0x00000000a0129c98                EV_TurnTagLightsOff
                0x00000000a01297c8                T_FireFlicker
                0x00000000a0129c18                EV_StartLightStrobing
                0x00000000a01299e4                P_SpawnLightFlash
                0x00000000a0129da0                EV_LightTurnOn
                0x00000000a0129ea8                T_Glow
 .text          0x00000000a012a070     0x1a6c Debug\p_inter.o
                0x00000000a012a070                P_GiveAmmo
                0x00000000a012a324                P_GiveWeapon
                0x00000000a012a694                P_GivePower
                0x00000000a012a650                P_GiveCard
                0x00000000a012a574                P_GiveBody
                0x00000000a012b564                P_DamageMobj
                0x00000000a012b164                P_KillMobj
                0x00000000a012a7cc                P_TouchSpecialThing
                0x00000000a012a5ec                P_GiveArmor
 .text          0x00000000a012badc      0xdcc Debug\p_floor.o
                0x00000000a012c5ac                EV_BuildStairs
                0x00000000a012bde0                T_MoveFloor
                0x00000000a012badc                T_MovePlane
                0x00000000a012bf48                EV_DoFloor
 .text          0x00000000a012c8a8     0x39a4 Debug\p_enemy.o
                0x00000000a012d704                A_Chase
                0x00000000a012f1a0                A_SkullAttack
                0x00000000a012c8a8                P_RecursiveSound
                0x00000000a012f664                A_XScream
                0x00000000a012cb84                P_CheckMissileRange
                0x00000000a012fe40                A_BrainExplode
                0x00000000a012df2c                A_BspiAttack
                0x00000000a012ff28                A_BrainSpit
                0x00000000a012e014                A_SargAttack
                0x00000000a012fbc8                A_BabyMetal
                0x00000000a012e260                A_SkelMissile
                0x00000000a012fd58                A_BrainScream
                0x00000000a012ee2c                A_FatAttack1
                0x00000000a013003c                A_SpawnFly
                0x00000000a012cfa0                P_TryWalk
                0x00000000a012d55c                A_Look
                0x00000000a012f4bc                A_PainAttack
                0x00000000a012f024                A_FatAttack3
                0x00000000a012dd38                A_CPosAttack
                0x00000000a012df70                A_TroopAttack
                0x00000000a012e320                A_Tracer
                0x00000000a012fbf0                A_OpenShotgun2
                0x00000000a012f310                A_PainShootSkull
                0x00000000a012f4fc                A_PainDie
                0x00000000a012f6c4                A_Fall
                0x00000000a012f558                A_Scream
                0x00000000a012e63c                A_SkelWhoosh
                0x00000000a012eafc                A_FireCrackle
                0x00000000a012f6e8                A_Explode
                0x00000000a012e888                A_VileChase
                0x00000000a012cff0                P_NewChaseDir
                0x00000000a012db44                A_PosAttack
                0x00000000a0130014                A_SpawnSound
                0x00000000a012fb78                A_Hoof
                0x00000000a012cac8                P_CheckMeleeRange
                0x00000000a012f684                A_Pain
                0x00000000a012eab4                A_VileStart
                0x00000000a012e17c                A_CyberAttack
                0x00000000a012d4b0                A_KeenDie
                0x00000000a012ecb8                A_VileAttack
                0x00000000a012ff0c                A_BrainDie
                0x00000000a012fc70                A_BrainAwake
                0x00000000a012eb24                A_Fire
                0x00000000a012e730                PIT_VileCheck
                0x00000000a012e0b8                A_HeadAttack
                0x00000000a012fc40                A_CloseShotgun2
                0x00000000a012ca78                P_NoiseAlert
                0x00000000a012dea8                A_SpidRefire
                0x00000000a012e674                A_SkelFist
                0x00000000a012ee04                A_FatRaise
                0x00000000a012ef28                A_FatAttack2
                0x00000000a012fba0                A_Metal
                0x00000000a012da7c                A_FaceTarget
                0x00000000a012d314                P_LookForPlayers
                0x00000000a012e1c0                A_BruisAttack
                0x00000000a012fc18                A_LoadShotgun2
                0x00000000a012ec2c                A_VileTarget
                0x00000000a012fd38                A_BrainPain
                0x00000000a012cd44                P_Move
                0x00000000a012dc30                A_SPosAttack
                0x00000000a0130200                A_PlayerScream
                0x00000000a012de24                A_CPosRefire
                0x00000000a012ead4                A_StartFire
                0x00000000a012f8ec                A_BossDeath
 .text          0x00000000a013024c      0xcbc Debug\p_doors.o
                0x00000000a01305a0                EV_DoLockedDoor
                0x00000000a0130998                EV_VerticalDoor
                0x00000000a0130e58                P_SpawnDoorRaiseIn5Mins
                0x00000000a0130700                EV_DoDoor
                0x00000000a013024c                T_VerticalDoor
                0x00000000a0130dd8                P_SpawnDoorCloseIn30
 .text          0x00000000a0130f08      0x784 Debug\p_ceilng.o
                0x00000000a0131574                EV_CeilingCrushStop
                0x00000000a0131168                EV_DoCeiling
                0x00000000a0130f08                T_MoveCeiling
                0x00000000a013147c                P_ActivateInStasisCeiling
                0x00000000a01313cc                P_RemoveActiveCeiling
                0x00000000a013135c                P_AddActiveCeiling
 .text          0x00000000a013168c      0xf0c Debug\mus2mid.o
                0x00000000a0131f64                mus2mid
 .text          0x00000000a0132598      0x3f0 Debug\memio.o
                0x00000000a01328a8                mem_ftell
                0x00000000a0132728                mem_fwrite
                0x00000000a013286c                mem_fclose
                0x00000000a01326c0                mem_fopen_write
                0x00000000a0132848                mem_get_buf
                0x00000000a01328bc                mem_fseek
                0x00000000a0132598                mem_fopen_read
                0x00000000a01325e4                mem_fread
 .text          0x00000000a0132988       0xc8 Debug\m_random.o
                0x00000000a01329d4                M_Random
                0x00000000a0132a20                M_ClearRandom
                0x00000000a0132988                P_Random
 .text          0x00000000a0132a50      0xa54 Debug\m_misc.o
                0x00000000a0132d40                M_ExtractFileBase
                0x00000000a0133230                M_StringStartsWith
                0x00000000a0132a5c                M_FileExists
                0x00000000a0132a50                M_MakeDirectory
                0x00000000a0132c44                M_TempFile
                0x00000000a0133158                M_StringCopy
                0x00000000a01331dc                M_StringConcat
                0x00000000a0132b98                M_ReadFile
                0x00000000a0132c90                M_StrToInt
                0x00000000a0132ad4                M_FileLength
                0x00000000a01333ec                M_vsnprintf
                0x00000000a0132f08                M_StrCaseStr
                0x00000000a0132b20                M_WriteFile
                0x00000000a0133298                M_StringEndsWith
                0x00000000a013346c                M_snprintf
                0x00000000a0133318                M_StringJoin
                0x00000000a0132e7c                M_ForceUppercase
                0x00000000a0132ffc                M_StringReplace
                0x00000000a0132fac                M_StringDuplicate
 .text          0x00000000a01334a4     0x31e0 Debug\m_menu.o
                0x00000000a0134bb8                M_DrawSelCell
                0x00000000a01364b4                M_ClearMenus
                0x00000000a0134c20                M_StartMessage
                0x00000000a013465c                M_ReadThis2
                0x00000000a01345b8                M_EndGame
                0x00000000a0134d80                M_StringHeight
                0x00000000a0136144                M_Drawer
                0x00000000a0133958                M_DoSave
                0x00000000a0134c80                M_StringWidth
                0x00000000a0134898                M_ChangeSensitivity
                0x00000000a0133c48                M_QuickLoad
                0x00000000a013653c                M_Init
                0x00000000a0133f48                M_SfxVol
                0x00000000a01337a4                M_LoadGame
                0x00000000a013429c                M_Episode
                0x00000000a01337f4                M_DrawSave
                0x00000000a01364ec                M_Ticker
                0x00000000a0133d00                M_DrawReadThis1
                0x00000000a0136108                M_StartControlPanel
                0x00000000a01336a4                M_DrawSaveLoadBorder
                0x00000000a0133af8                M_QuickSaveResponse
                0x00000000a013375c                M_LoadSelect
                0x00000000a0134b50                M_DrawEmptyCell
                0x00000000a0134e18                M_WriteText
                0x00000000a0133b38                M_QuickSave
                0x00000000a0133e70                M_DrawSound
                0x00000000a01349d4                M_SizeDisplay
                0x00000000a0134134                M_NewGame
                0x00000000a01341cc                M_DrawEpisode
                0x00000000a01346b8                M_FinishReadThis
                0x00000000a0133c08                M_QuickLoadResponse
                0x00000000a0134fb4                M_Responder
                0x00000000a01334a4                M_ReadSaveStrings
                0x00000000a01344cc                M_ChangeMessages
                0x00000000a0134a70                M_DrawThermo
                0x00000000a0133e38                M_DrawReadThis2
                0x00000000a0134200                M_VerifyNightmare
                0x00000000a0134634                M_ReadThis
                0x00000000a0134c64                M_StopMessage
                0x00000000a01364c8                M_SetupNextMenu
                0x00000000a0134244                M_ChooseSkill
                0x00000000a01344a8                M_Options
                0x00000000a0134904                M_ChangeDetail
                0x00000000a01346e0                M_QuitResponse
                0x00000000a01340e4                M_DrawNewGame
                0x00000000a01335c4                M_DrawLoad
                0x00000000a0133ffc                M_MusicVol
                0x00000000a0134574                M_EndGameResponse
                0x00000000a0133f24                M_Sound
                0x00000000a0134844                M_QuitDOOM
                0x00000000a01339b0                M_SaveSelect
                0x00000000a0133a94                M_SaveGame
                0x00000000a01340b0                M_DrawMainMenu
                0x00000000a013434c                M_DrawOptions
 .text          0x00000000a0136684      0x11c Debug\m_fixed.o
                0x00000000a0136684                FixedMul
                0x00000000a01366e4                FixedDiv
 .text          0x00000000a01367a0      0xa54 Debug\m_controls.o
                0x00000000a0136d18                M_BindWeaponControls
                0x00000000a0136f50                M_BindMenuControls
                0x00000000a01371e8                M_ApplyPlatformDefaults
                0x00000000a0136e48                M_BindMapControls
                0x00000000a01367a0                M_BindBaseControls
                0x00000000a0136aa0                M_BindHexenControls
                0x00000000a01369d4                M_BindHereticControls
                0x00000000a0136b94                M_BindStrifeControls
                0x00000000a013715c                M_BindChatControls
 .text          0x00000000a01371f4      0x7d4 Debug\m_config.o
                0x00000000a013743c                M_SaveDefaults
                0x00000000a01378c8                M_SetConfigDir
                0x00000000a01377c8                M_GetStrVariable
                0x00000000a013741c                M_SetConfigFilenames
                0x00000000a01374dc                M_LoadDefaults
                0x00000000a01376fc                M_SetVariable
                0x00000000a013782c                M_GetFloatVariable
                0x00000000a013746c                M_SaveDefaultsAlternate
                0x00000000a0137754                M_GetIntVariable
                0x00000000a0137938                M_GetSaveGameDir
                0x00000000a01376c8                M_BindVariable
 .text          0x00000000a01379c8      0x178 Debug\m_cheat.o
                0x00000000a01379c8                cht_CheckCheat
                0x00000000a0137b10                cht_GetParam
 .text          0x00000000a0137b40       0xc0 Debug\m_bbox.o
                0x00000000a0137b40                M_ClearBox
                0x00000000a0137b7c                M_AddToBox
 .text          0x00000000a0137c00      0x1a0 Debug\m_argv.o
                0x00000000a0137c00                M_CheckParmWithArgs
                0x00000000a0137ce8                M_FindResponseFile
                0x00000000a0137d4c                M_GetExecutableName
                0x00000000a0137c80                M_ParmExists
                0x00000000a0137cb8                M_CheckParm
 .text          0x00000000a0137da0        0x0 Debug\info.o
 .text          0x00000000a0137da0        0x0 Debug\icon.o
 .text          0x00000000a0137da0      0xb18 Debug\i_video.o
                0x00000000a0138350                I_ShutdownGraphics
                0x00000000a0138888                I_EnableLoadingDisk
                0x00000000a0138384                I_StartTic
                0x00000000a01388a0                I_DisplayFPSDots
                0x00000000a013887c                I_SetGrabMouseCallback
                0x00000000a0137e84                cmap_to_fb
                0x00000000a01388ac                I_CheckIsScreensaver
                0x00000000a01383a0                I_UpdateNoBlit
                0x00000000a0138584                I_SetPalette
                0x00000000a0138870                I_GraphicsCheckCommandLine
                0x00000000a0138550                I_ReadScreen
                0x00000000a01383ac                I_FinishUpdate
                0x00000000a0138378                I_StartFrame
                0x00000000a0138020                I_InitGraphics
                0x00000000a0137da0                cmap_to_rgb565
                0x00000000a0138844                I_EndRead
                0x00000000a0138894                I_BindVideoVariables
                0x00000000a0138838                I_BeginRead
                0x00000000a01386cc                I_GetPaletteIndex
                0x00000000a0138850                I_SetWindowTitle
 .text          0x00000000a01388b8      0x110 Debug\i_timer.o
                0x00000000a01389b0                I_WaitVBL
                0x00000000a0138990                I_Sleep
                0x00000000a01388b8                I_GetTicks
                0x00000000a01388d8                I_GetTime
                0x00000000a01389bc                I_InitTimer
                0x00000000a013894c                I_GetTimeMS
 .text          0x00000000a01389c8      0xbfc Debug\i_system.o
                0x00000000a0138a10                I_Tactile
                0x00000000a01389c8                I_AtExit
                0x00000000a0138f50                I_ConsoleStdout
                0x00000000a0138aa0                I_ZoneBase
                0x00000000a0138f18                I_PrintStartupBanner
                0x00000000a0138cb0                I_PrintDivider
                0x00000000a0139154                I_Error
                0x00000000a0138f60                I_Quit
                0x00000000a0138b40                I_PrintBanner
                0x00000000a01392b0                I_GetMemoryValue
 .text          0x00000000a01395c4      0x788 Debug\i_sound.o
                0x00000000a0139718                I_InitSound
                0x00000000a0139a80                I_InitMusic
                0x00000000a0139bfc                I_StopSong
                0x00000000a01399c8                I_StopSound
                0x00000000a01399f8                I_SoundIsPlaying
                0x00000000a0139b4c                I_RegisterSong
                0x00000000a0139864                I_UpdateSound
                0x00000000a0139c6c                I_BindSoundVariables
                0x00000000a0139968                I_StartSound
                0x00000000a0139a38                I_PrecacheSounds
                0x00000000a0139c2c                I_MusicIsPlaying
                0x00000000a0139b94                I_UnRegisterSong
                0x00000000a013991c                I_UpdateSoundParams
                0x00000000a0139824                I_GetSfxLumpNum
                0x00000000a0139aec                I_PauseSong
                0x00000000a01397dc                I_ShutdownSound
                0x00000000a0139b1c                I_ResumeSong
                0x00000000a0139ab0                I_ShutdownMusic
                0x00000000a0139bc4                I_PlaySong
                0x00000000a0139abc                I_SetMusicVolume
 .text          0x00000000a0139d4c     0x31e0 Debug\i_scale.o
                0x00000000a0139d4c                I_InitScale
                0x00000000a013ac50                I_ResetScaleTables
 .text          0x00000000a013cf2c      0x138 Debug\i_joystick.o
                0x00000000a013cf50                I_BindJoystickVariables
                0x00000000a013cf38                I_InitJoystick
                0x00000000a013cf44                I_UpdateJoystick
                0x00000000a013cf2c                I_ShutdownJoystick
 .text          0x00000000a013d064      0x1cc Debug\i_input.o
                0x00000000a013d14c                I_GetEvent
                0x00000000a013d224                I_InitInput
 .text          0x00000000a013d230        0xc Debug\i_endoom.o
                0x00000000a013d230                I_Endoom
 .text          0x00000000a013d23c       0x94 Debug\i_cdmus.o
                0x00000000a013d278                I_CDMusResume
                0x00000000a013d24c                I_CDMusPrintStartup
                0x00000000a013d268                I_CDMusStop
                0x00000000a013d288                I_CDMusSetVolume
                0x00000000a013d23c                I_CDMusInit
                0x00000000a013d2a0                I_CDMusFirstTrack
                0x00000000a013d2b0                I_CDMusLastTrack
                0x00000000a013d258                I_CDMusPlay
                0x00000000a013d2c0                I_CDMusTrackLength
 .text          0x00000000a013d2d0      0xd18 Debug\hu_stuff.o
                0x00000000a013db80                HU_Responder
                0x00000000a013d2d0                HU_Init
                0x00000000a013dac0                HU_queueChatChar
                0x00000000a013d744                HU_Erase
                0x00000000a013db20                HU_dequeueChatChar
                0x00000000a013d36c                HU_Start
                0x00000000a013d780                HU_Ticker
                0x00000000a013d6f0                HU_Drawer
                0x00000000a013d358                HU_Stop
 .text          0x00000000a013dfe8      0xb70 Debug\hu_lib.o
                0x00000000a013dfe8                HUlib_init
                0x00000000a013e060                HUlib_addCharToTextLine
                0x00000000a013e9e8                HUlib_keyInIText
                0x00000000a013e924                HUlib_eraseLineFromIText
                0x00000000a013eac4                HUlib_drawIText
                0x00000000a013e988                HUlib_addPrefixToIText
                0x00000000a013e350                HUlib_eraseTextLine
                0x00000000a013dff4                HUlib_clearTextLine
                0x00000000a013e960                HUlib_resetIText
                0x00000000a013e5ac                HUlib_addLineToSText
                0x00000000a013e8a0                HUlib_initIText
                0x00000000a013e0e0                HUlib_delCharFromTextLine
                0x00000000a013e4dc                HUlib_initSText
                0x00000000a013e14c                HUlib_drawTextLine
                0x00000000a013e744                HUlib_drawSText
                0x00000000a013eafc                HUlib_eraseIText
                0x00000000a013e8ec                HUlib_delCharFromIText
                0x00000000a013e01c                HUlib_initTextLine
                0x00000000a013e66c                HUlib_addMessageToSText
                0x00000000a013e7e8                HUlib_eraseSText
 .text          0x00000000a013eb58      0x6bc Debug\gusconf.o
                0x00000000a013f174                GUS_WriteConfig
 .text          0x00000000a013f214     0x47a8 Debug\g_game.o
                0x00000000a01418f4                G_DeathMatchSpawnPlayer
                0x00000000a0142634                G_SaveGame
                0x00000000a014266c                G_DoSaveGame
                0x00000000a0142940                G_InitNew
                0x00000000a014303c                G_RecordDemo
                0x00000000a0142d30                G_ReadDemoTiccmd
                0x00000000a01411bc                G_PlayerFinishLevel
                0x00000000a0141458                G_CheckSpot
                0x00000000a01437b4                G_CheckDemoStatus
                0x00000000a01424e0                G_LoadGame
                0x00000000a0140b48                G_Ticker
                0x00000000a013f214                G_CmdChecksum
                0x00000000a0143120                G_VanillaVersionCode
                0x00000000a01431a4                G_BeginRecording
                0x00000000a0142874                G_DoNewGame
                0x00000000a0141258                G_PlayerReborn
                0x00000000a014249c                G_DoWorldDone
                0x00000000a0141cf8                G_ExitLevel
                0x00000000a014336c                G_DeferedPlayDemo
                0x00000000a0141a9c                G_DoReborn
                0x00000000a0142edc                G_WriteDemoTiccmd
                0x00000000a0141ce4                G_ScreenShot
                0x00000000a013f524                G_BuildTiccmd
                0x00000000a0141d74                G_DoCompleted
                0x00000000a014119c                G_InitPlayer
                0x00000000a0143760                G_TimeDemo
                0x00000000a0141d14                G_SecretExitLevel
                0x00000000a01402e0                G_DoLoadLevel
                0x00000000a0140734                G_Responder
                0x00000000a01423e0                G_WorldDone
                0x00000000a01434f4                G_DoPlayDemo
                0x00000000a0142514                G_DoLoadGame
                0x00000000a0142844                G_DeferedInitNew
 .text          0x00000000a01439bc      0x94c Debug\f_wipe.o
                0x00000000a01441b0                wipe_EndScreen
                0x00000000a0143a98                wipe_initColorXForm
                0x00000000a0143c2c                wipe_exitColorXForm
                0x00000000a0144124                wipe_exitMelt
                0x00000000a0143ad4                wipe_doColorXForm
                0x00000000a0143c40                wipe_initMelt
                0x00000000a0144168                wipe_StartScreen
                0x00000000a01439bc                wipe_shittyColMajorXform
                0x00000000a0143e04                wipe_doMelt
                0x00000000a014420c                wipe_ScreenWipe
 .text          0x00000000a0144308     0x15bc Debug\f_finale.o
                0x00000000a0144308                F_StartFinale
                0x00000000a0145068                F_CastResponder
                0x00000000a014450c                F_Responder
                0x00000000a01448bc                F_StartCast
                0x00000000a014469c                F_TextWrite
                0x00000000a014586c                F_Drawer
                0x00000000a0144548                F_Ticker
                0x00000000a01451bc                F_CastPrint
                0x00000000a01453d8                F_CastDrawer
                0x00000000a0144988                F_CastTicker
                0x00000000a01455fc                F_BunnyScroll
                0x00000000a01454d8                F_DrawPatchCol
 .text          0x00000000a01458c4        0xc Debug\dummy.o
                0x00000000a01458c4                I_InitTimidityConfig
 .text          0x00000000a01458d0        0x0 Debug\dstrings.o
 .text          0x00000000a01458d0        0x0 Debug\doomstat.o
 .text          0x00000000a01458d0      0x718 Debug\doomgeneric_hyperscan.o
                0x00000000a0145b5c                DG_Init
                0x00000000a0145ea8                DG_GetTicksMs
                0x00000000a0145e70                DG_SleepMs
                0x00000000a0145edc                DG_GetKey
                0x00000000a01458d0                _unlink_r
                0x00000000a0145f70                DG_SetWindowTitle
                0x00000000a0145dc0                DG_DrawFrame
                0x00000000a0145b2c                disableRawMode
                0x00000000a0145f7c                main
                0x00000000a01458f4                _link_r
                0x00000000a0145b38                enableRawMode
                0x00000000a0145b44                fake_mmap
 .text          0x00000000a0145fe8       0x60 Debug\doomgeneric.o
                0x00000000a0145fe8                doomgeneric_Create
 .text          0x00000000a0146048        0x0 Debug\doomdef.o
 .text          0x00000000a0146048      0x784 Debug\d_net.o
                0x00000000a01465d8                D_ConnectNetGame
                0x00000000a0146640                D_CheckNetGame
 .text          0x00000000a01467cc      0x404 Debug\d_mode.o
                0x00000000a01469f4                D_ValidGameVersion
                0x00000000a0146af4                D_GameMissionString
                0x00000000a01467cc                D_ValidGameMode
                0x00000000a0146aa8                D_IsEpisodeMap
                0x00000000a01469a0                D_GetNumEpisodes
                0x00000000a0146850                D_ValidEpisodeMap
 .text          0x00000000a0146bd0     0x2a58 Debug\d_main.o
                0x00000000a0147da8                D_SetGameDescription
                0x00000000a01474ec                D_PageTicker
                0x00000000a0147b88                D_IdentifyVersion
                0x00000000a0146c24                D_Display
                0x00000000a01473f4                D_DoomLoop
                0x00000000a0147550                D_AdvanceDemo
                0x00000000a0147564                D_DoAdvanceDemo
                0x00000000a0147520                D_PageDrawer
                0x00000000a0147864                D_StartTitle
                0x00000000a0148500                PrintGameVersion
                0x00000000a014738c                doomgeneric_Tick
                0x00000000a0146bd0                D_ProcessEvents
                0x00000000a01480cc                PrintDehackedBanners
                0x00000000a01472e0                D_GrabMouseCallback
                0x00000000a0148648                D_DoomMain
                0x00000000a014713c                D_BindVariables
 .text          0x00000000a0149628      0xac8 Debug\d_loop.o
                0x00000000a014995c                D_ReceiveTic
                0x00000000a0149ac0                D_StartNetGame
                0x00000000a0149b18                D_InitNetGame
                0x00000000a0149b54                D_QuitNetGame
                0x00000000a0149a90                D_StartGameLoop
                0x00000000a014a0dc                D_RegisterLoopCallbacks
                0x00000000a0149860                NetUpdate
                0x00000000a0149e28                TryRunTics
 .text          0x00000000a014a0f0      0x89c Debug\d_iwad.o
                0x00000000a014a8e0                D_SuggestGameName
                0x00000000a014a6e0                D_FindAllIWADs
                0x00000000a014a7c0                D_SaveGameIWADName
                0x00000000a014a5a0                D_TryFindWADByName
                0x00000000a014a468                D_FindWADByName
                0x00000000a014a840                D_SuggestIWADName
                0x00000000a014a5e0                D_FindIWAD
 .text          0x00000000a014a98c        0x0 Debug\d_items.o
 .text          0x00000000a014a98c       0xe8 Debug\d_event.o
                0x00000000a014a9f4                D_PopEvent
                0x00000000a014a98c                D_PostEvent
 .text          0x00000000a014aa74     0x2a64 Debug\am_map.o
                0x00000000a014bed0                AM_clearFB
                0x00000000a014b67c                AM_maxOutWindowScale
                0x00000000a014b640                AM_minOutWindowScale
                0x00000000a014b434                AM_unloadPics
                0x00000000a014bf04                AM_clipMline
                0x00000000a014ce98                AM_drawLineCharacter
                0x00000000a014ac60                AM_restoreScaleAndLoc
                0x00000000a014c838                AM_drawGrid
                0x00000000a014b574                AM_Stop
                0x00000000a014aa74                AM_getIslope
                0x00000000a014d408                AM_drawCrosshair
                0x00000000a014ae0c                AM_findMinMaxBoundaries
                0x00000000a014b1cc                AM_initVariables
                0x00000000a014b044                AM_changeWindowLoc
                0x00000000a014ac34                AM_saveScaleAndLoc
                0x00000000a014c9f0                AM_drawWalls
                0x00000000a014bc18                AM_changeWindowScale
                0x00000000a014c55c                AM_drawFline
                0x00000000a014d2bc                AM_drawMarks
                0x00000000a014bc94                AM_doFollowPlayer
                0x00000000a014d000                AM_drawPlayers
                0x00000000a014d44c                AM_Drawer
                0x00000000a014ab4c                AM_activateNewScale
                0x00000000a014ad44                AM_addMark
                0x00000000a014b6b8                AM_Responder
                0x00000000a014bdac                AM_updateLightLev
                0x00000000a014c7f4                AM_drawMline
                0x00000000a014cda8                AM_rotate
                0x00000000a014be58                AM_Ticker
                0x00000000a014b3b8                AM_loadPics
                0x00000000a014b490                AM_clearMarks
                0x00000000a014d1e4                AM_drawThings
                0x00000000a014b4e4                AM_LevelInit
                0x00000000a014b5b4                AM_Start
 .text          0x00000000a014d4d8      0x3c0 Debug\libgloss.o
                0x00000000a014d808                _getpid
                0x00000000a014d788                _lseek_r
                0x00000000a014d860                _kill_r
                0x00000000a014d7a0                _fstat_r
                0x00000000a014d7c0                isatty
                0x00000000a014d818                _getpid_r
                0x00000000a014d6f8                _sbrk_r
                0x00000000a014d558                _read_r
                0x00000000a014d4d8                _putc_r
                0x00000000a014d6ac                _open_r
                0x00000000a014d6c4                _close_r
                0x00000000a014d628                _write_r
                0x00000000a014d828                _kill
                0x00000000a014d6d8                _exit
 .text          0x00000000a014d898       0xd8 Debug\UART.o
                0x00000000a014d898                UART_Init
                0x00000000a014d8a4                UART_SendChar
                0x00000000a014d8f4                UART_GetChar
 .text          0x00000000a014d970      0x46c Debug\TV.o
                0x00000000a014dd7c                TV_FadeIn
                0x00000000a014d9c4                TV_Init
                0x00000000a014da8c                TV_Buffer_Sel
                0x00000000a014d970                TV_ClearScreen
                0x00000000a014dae8                TV_Fade
                0x00000000a014dd24                TV_FadeOut
                0x00000000a014dc4c                TV_PrintHex
                0x00000000a014da58                TV_Buffer_Set
                0x00000000a014db08                TV_Print
                0x00000000a014dac8                TV_Hue
                0x00000000a014daa8                TV_Saturation
 .text          0x00000000a014dddc      0x3d0 Debug\NorFlash.o
                0x00000000a014de14                NorFlash_ChipErase
                0x00000000a014df50                NorFlash_SectorErase
                0x00000000a014dddc                NorFlash_Init
                0x00000000a014e124                NorFlash_SetAddress
                0x00000000a014e0b0                NorFlash_WordWrite
                0x00000000a014de98                NorFlash_BlockErase
                0x00000000a014e008                NorFlash_Write32
                0x00000000a014e178                NorFlash_Delay
 .text          0x00000000a014e1ac        0xc Debug\User_IRQ.o
                0x00000000a014e1ac                AP_Init_SysIRQs
 .text          0x00000000a014e1b8       0xb0 Debug\sys_isr.o
                0x00000000a014e214                AP_Attach_ISR
                0x00000000a014e1b8                irq_dispatch
 .text          0x00000000a014e268      0x164 Debug\I2C.o
                0x00000000a014e344                I2C_Write8
                0x00000000a014e268                I2C_Init
                0x00000000a014e2b8                I2C_Read8
 .text          0x00000000a014e3cc     0x4644 Debug\ff.o
                0x00000000a015276c                f_rename
                0x00000000a0152270                f_truncate
                0x00000000a0151edc                f_closedir
                0x00000000a01523f4                f_unlink
                0x00000000a0151a10                f_close
                0x00000000a0151160                f_read
                0x00000000a0151f20                f_readdir
                0x00000000a01518f0                f_sync
                0x00000000a0150c28                f_mount
                0x00000000a0151dc4                f_opendir
                0x00000000a0151a6c                f_lseek
                0x00000000a0151fc4                f_stat
                0x00000000a01514a8                f_write
                0x00000000a0150d20                f_open
                0x00000000a0152574                f_mkdir
                0x00000000a0152058                f_getfree
 .text          0x00000000a0152a10      0x220 Debug\diskio.o
                0x00000000a0152a7c                USB_disk_initialize
                0x00000000a0152af8                DiskB_ReadSector
                0x00000000a0152b94                disk_initialize
                0x00000000a0152b80                disk_status
                0x00000000a0152c18                disk_ioctl
                0x00000000a0152a10                DiskB_Initial
                0x00000000a0152b3c                DiskB_WriteSector
                0x00000000a0152be8                disk_write
                0x00000000a0152bb8                disk_read
 .text          0x00000000a0152c30      0x138 Debug\HS_Controller.o
                0x00000000a0152c84                HS_Controller_Read
                0x00000000a0152c30                HS_Controller_Init
 .text          0x00000000a0152d68       0x14 c:/sunplus/s_core~1.1/gnu/bin/../lib/gcc/score-elf/4.2.1/../../../../score-elf/lib/mel\libc.a(abort.o)
                0x00000000a0152d68                abort
 .text          0x00000000a0152d7c       0x14 c:/sunplus/s_core~1.1/gnu/bin/../lib/gcc/score-elf/4.2.1/../../../../score-elf/lib/mel\libc.a(atof.o)
                0x00000000a0152d7c                atof
 .text          0x00000000a0152d90       0x30 c:/sunplus/s_core~1.1/gnu/bin/../lib/gcc/score-elf/4.2.1/../../../../score-elf/lib/mel\libc.a(atoi.o)
                0x00000000a0152d90                _atoi_r
                0x00000000a0152da8                atoi
 .text          0x00000000a0152dc0       0x28 c:/sunplus/s_core~1.1/gnu/bin/../lib/gcc/score-elf/4.2.1/../../../../score-elf/lib/mel\libc.a(calloc.o)
                0x00000000a0152dc0                calloc
 .text          0x00000000a0152de8       0xb4 c:/sunplus/s_core~1.1/gnu/bin/../lib/gcc/score-elf/4.2.1/../../../../score-elf/lib/mel\libc.a(callocr.o)
                0x00000000a0152de8                _calloc_r
 .text          0x00000000a0152e9c        0x0 c:/sunplus/s_core~1.1/gnu/bin/../lib/gcc/score-elf/4.2.1/../../../../score-elf/lib/mel\libc.a(ctype_.o)
 .text          0x00000000a0152e9c        0xc c:/sunplus/s_core~1.1/gnu/bin/../lib/gcc/score-elf/4.2.1/../../../../score-elf/lib/mel\libc.a(errno.o)
                0x00000000a0152e9c                __errno
 .text          0x00000000a0152ea8       0xd4 c:/sunplus/s_core~1.1/gnu/bin/../lib/gcc/score-elf/4.2.1/../../../../score-elf/lib/mel\libc.a(exit.o)
                0x00000000a0152ea8                exit
 .text          0x00000000a0152f7c      0x13c c:/sunplus/s_core~1.1/gnu/bin/../lib/gcc/score-elf/4.2.1/../../../../score-elf/lib/mel\libc.a(fclose.o)
                0x00000000a0152f7c                fclose
 .text          0x00000000a01530b8       0xf8 c:/sunplus/s_core~1.1/gnu/bin/../lib/gcc/score-elf/4.2.1/../../../../score-elf/lib/mel\libc.a(fflush.o)
                0x00000000a01530b8                fflush
 .text          0x00000000a01531b0      0x24c c:/sunplus/s_core~1.1/gnu/bin/../lib/gcc/score-elf/4.2.1/../../../../score-elf/lib/mel\libc.a(findfp.o)
                0x00000000a015320c                __sinit
                0x00000000a01532a8                __sfmoreglue
                0x00000000a0153298                _cleanup
                0x00000000a015327c                _cleanup_r
                0x00000000a015330c                __sfp
 .text          0x00000000a01533fc       0xec c:/sunplus/s_core~1.1/gnu/bin/../lib/gcc/score-elf/4.2.1/../../../../score-elf/lib/mel\libc.a(fopen.o)
                0x00000000a01534c0                fopen
                0x00000000a01533fc                _fopen_r
 .text          0x00000000a01534e8       0x1c c:/sunplus/s_core~1.1/gnu/bin/../lib/gcc/score-elf/4.2.1/../../../../score-elf/lib/mel\libc.a(fprintf.o)
                0x00000000a01534e8                fprintf
 .text          0x00000000a0153504       0x58 c:/sunplus/s_core~1.1/gnu/bin/../lib/gcc/score-elf/4.2.1/../../../../score-elf/lib/mel\libc.a(fputc.o)
                0x00000000a0153504                fputc
 .text          0x00000000a015355c       0xdc c:/sunplus/s_core~1.1/gnu/bin/../lib/gcc/score-elf/4.2.1/../../../../score-elf/lib/mel\libc.a(fread.o)
                0x00000000a015355c                fread
 .text          0x00000000a0153638      0x42c c:/sunplus/s_core~1.1/gnu/bin/../lib/gcc/score-elf/4.2.1/../../../../score-elf/lib/mel\libc.a(freer.o)
                0x00000000a0153754                _free_r
                0x00000000a0153638                _malloc_trim_r
 .text          0x00000000a0153a64      0x4b8 c:/sunplus/s_core~1.1/gnu/bin/../lib/gcc/score-elf/4.2.1/../../../../score-elf/lib/mel\libc.a(fseek.o)
                0x00000000a0153ef4                fseek
                0x00000000a0153a64                _fseek_r
 .text          0x00000000a0153f1c      0x108 c:/sunplus/s_core~1.1/gnu/bin/../lib/gcc/score-elf/4.2.1/../../../../score-elf/lib/mel\libc.a(ftell.o)
                0x00000000a0154004                ftell
                0x00000000a0153f1c                _ftell_r
 .text          0x00000000a0154024      0x110 c:/sunplus/s_core~1.1/gnu/bin/../lib/gcc/score-elf/4.2.1/../../../../score-elf/lib/mel\libc.a(fwalk.o)
                0x00000000a0154024                _fwalk
 .text          0x00000000a0154134       0x6c c:/sunplus/s_core~1.1/gnu/bin/../lib/gcc/score-elf/4.2.1/../../../../score-elf/lib/mel\libc.a(fwrite.o)
                0x00000000a0154134                fwrite
 .text          0x00000000a01541a0        0x0 c:/sunplus/s_core~1.1/gnu/bin/../lib/gcc/score-elf/4.2.1/../../../../score-elf/lib/mel\libc.a(impure.o)
 .text          0x00000000a01541a0      0x17c c:/sunplus/s_core~1.1/gnu/bin/../lib/gcc/score-elf/4.2.1/../../../../score-elf/lib/mel\libc.a(makebuf.o)
                0x00000000a01541a0                __smakebuf
 .text          0x00000000a015431c       0x40 c:/sunplus/s_core~1.1/gnu/bin/../lib/gcc/score-elf/4.2.1/../../../../score-elf/lib/mel\libc.a(malloc.o)
                0x00000000a015433c                malloc
                0x00000000a015431c                free
 .text          0x00000000a015435c      0x8ac c:/sunplus/s_core~1.1/gnu/bin/../lib/gcc/score-elf/4.2.1/../../../../score-elf/lib/mel\libc.a(mallocr.o)
                0x00000000a015435c                _malloc_r
 .text          0x00000000a0154c08       0x90 c:/sunplus/s_core~1.1/gnu/bin/../lib/gcc/score-elf/4.2.1/../../../../score-elf/lib/mel\libc.a(memcmp.o)
                0x00000000a0154c08                memcmp
 .text          0x00000000a0154c98       0xb0 c:/sunplus/s_core~1.1/gnu/bin/../lib/gcc/score-elf/4.2.1/../../../../score-elf/lib/mel\libc.a(memcpy.o)
                0x00000000a0154c98                memcpy
 .text          0x00000000a0154d48       0xe8 c:/sunplus/s_core~1.1/gnu/bin/../lib/gcc/score-elf/4.2.1/../../../../score-elf/lib/mel\libc.a(memmove.o)
                0x00000000a0154d48                memmove
 .text          0x00000000a0154e30       0xb4 c:/sunplus/s_core~1.1/gnu/bin/../lib/gcc/score-elf/4.2.1/../../../../score-elf/lib/mel\libc.a(memset.o)
                0x00000000a0154e30                memset
 .text          0x00000000a0154ee4        0x8 c:/sunplus/s_core~1.1/gnu/bin/../lib/gcc/score-elf/4.2.1/../../../../score-elf/lib/mel\libc.a(mlock.o)
                0x00000000a0154ee8                __malloc_unlock
                0x00000000a0154ee4                __malloc_lock
 .text          0x00000000a0154eec       0x4c c:/sunplus/s_core~1.1/gnu/bin/../lib/gcc/score-elf/4.2.1/../../../../score-elf/lib/mel\libc.a(printf.o)
                0x00000000a0154eec                printf
                0x00000000a0154f18                _printf_r
 .text          0x00000000a0154f38       0x88 c:/sunplus/s_core~1.1/gnu/bin/../lib/gcc/score-elf/4.2.1/../../../../score-elf/lib/mel\libc.a(putchar.o)
                0x00000000a0154fa0                putchar
                0x00000000a0154f38                _putchar_r
 .text          0x00000000a0154fc0       0x94 c:/sunplus/s_core~1.1/gnu/bin/../lib/gcc/score-elf/4.2.1/../../../../score-elf/lib/mel\libc.a(puts.o)
                0x00000000a0154fc0                _puts_r
                0x00000000a0155034                puts
 .text          0x00000000a0155054       0x28 c:/sunplus/s_core~1.1/gnu/bin/../lib/gcc/score-elf/4.2.1/../../../../score-elf/lib/mel\libc.a(realloc.o)
                0x00000000a0155054                realloc
 .text          0x00000000a015507c      0x5d4 c:/sunplus/s_core~1.1/gnu/bin/../lib/gcc/score-elf/4.2.1/../../../../score-elf/lib/mel\libc.a(reallocr.o)
                0x00000000a015507c                _realloc_r
 .text          0x00000000a0155650      0x1f0 c:/sunplus/s_core~1.1/gnu/bin/../lib/gcc/score-elf/4.2.1/../../../../score-elf/lib/mel\libc.a(refill.o)
                0x00000000a0155668                __srefill
 .text          0x00000000a0155840       0x44 c:/sunplus/s_core~1.1/gnu/bin/../lib/gcc/score-elf/4.2.1/../../../../score-elf/lib/mel\libc.a(remove.o)
                0x00000000a0155864                remove
                0x00000000a0155840                _remove_r
 .text          0x00000000a0155884       0x74 c:/sunplus/s_core~1.1/gnu/bin/../lib/gcc/score-elf/4.2.1/../../../../score-elf/lib/mel\libc.a(rename.o)
                0x00000000a01558d0                rename
                0x00000000a0155884                _rename_r
 .text          0x00000000a01558f8      0x2a8 c:/sunplus/s_core~1.1/gnu/bin/../lib/gcc/score-elf/4.2.1/../../../../score-elf/lib/mel\libc.a(signal.o)
                0x00000000a0155b00                _signal_r
                0x00000000a0155a24                _raise_r
                0x00000000a0155974                __sigtramp_r
                0x00000000a0155b78                signal
                0x00000000a0155964                _init_signal
                0x00000000a01558f8                _init_signal_r
                0x00000000a0155a04                __sigtramp
                0x00000000a0155ae0                raise
 .text          0x00000000a0155ba0       0xf8 c:/sunplus/s_core~1.1/gnu/bin/../lib/gcc/score-elf/4.2.1/../../../../score-elf/lib/mel\libc.a(snprintf.o)
                0x00000000a0155ba0                snprintf
                0x00000000a0155c24                _snprintf_r
 .text          0x00000000a0155c98       0xd4 c:/sunplus/s_core~1.1/gnu/bin/../lib/gcc/score-elf/4.2.1/../../../../score-elf/lib/mel\libc.a(sscanf.o)
                0x00000000a0155d04                sscanf
                0x00000000a0155c9c                _sscanf_r
 .text          0x00000000a0155d6c      0x170 c:/sunplus/s_core~1.1/gnu/bin/../lib/gcc/score-elf/4.2.1/../../../../score-elf/lib/mel\libc.a(stdio.o)
                0x00000000a0155d94                __sseek
                0x00000000a0155e74                __sread
                0x00000000a0155d6c                __sclose
                0x00000000a0155e00                __swrite
 .text          0x00000000a0155edc       0xc0 c:/sunplus/s_core~1.1/gnu/bin/../lib/gcc/score-elf/4.2.1/../../../../score-elf/lib/mel\libc.a(strcasecmp.o)
                0x00000000a0155edc                strcasecmp
 .text          0x00000000a0155f9c       0xfc c:/sunplus/s_core~1.1/gnu/bin/../lib/gcc/score-elf/4.2.1/../../../../score-elf/lib/mel\libc.a(strchr.o)
                0x00000000a0155f9c                strchr
 .text          0x00000000a0156098       0xc4 c:/sunplus/s_core~1.1/gnu/bin/../lib/gcc/score-elf/4.2.1/../../../../score-elf/lib/mel\libc.a(strcmp.o)
                0x00000000a0156098                strcmp
 .text          0x00000000a015615c       0x20 c:/sunplus/s_core~1.1/gnu/bin/../lib/gcc/score-elf/4.2.1/../../../../score-elf/lib/mel\libc.a(strdup.o)
                0x00000000a015615c                strdup
 .text          0x00000000a015617c       0x48 c:/sunplus/s_core~1.1/gnu/bin/../lib/gcc/score-elf/4.2.1/../../../../score-elf/lib/mel\libc.a(strdup_r.o)
                0x00000000a015617c                _strdup_r
 .text          0x00000000a01561c4       0x60 c:/sunplus/s_core~1.1/gnu/bin/../lib/gcc/score-elf/4.2.1/../../../../score-elf/lib/mel\libc.a(strlen.o)
                0x00000000a01561c4                strlen
 .text          0x00000000a0156224       0xe4 c:/sunplus/s_core~1.1/gnu/bin/../lib/gcc/score-elf/4.2.1/../../../../score-elf/lib/mel\libc.a(strncasecmp.o)
                0x00000000a0156224                strncasecmp
 .text          0x00000000a0156308      0x120 c:/sunplus/s_core~1.1/gnu/bin/../lib/gcc/score-elf/4.2.1/../../../../score-elf/lib/mel\libc.a(strncmp.o)
                0x00000000a0156308                strncmp
 .text          0x00000000a0156428      0x10c c:/sunplus/s_core~1.1/gnu/bin/../lib/gcc/score-elf/4.2.1/../../../../score-elf/lib/mel\libc.a(strncpy.o)
                0x00000000a0156428                strncpy
 .text          0x00000000a0156534       0x54 c:/sunplus/s_core~1.1/gnu/bin/../lib/gcc/score-elf/4.2.1/../../../../score-elf/lib/mel\libc.a(strrchr.o)
                0x00000000a0156534                strrchr
 .text          0x00000000a0156588       0x84 c:/sunplus/s_core~1.1/gnu/bin/../lib/gcc/score-elf/4.2.1/../../../../score-elf/lib/mel\libc.a(strstr.o)
                0x00000000a0156588                strstr
 .text          0x00000000a015660c      0xffc c:/sunplus/s_core~1.1/gnu/bin/../lib/gcc/score-elf/4.2.1/../../../../score-elf/lib/mel\libc.a(strtod.o)
                0x00000000a0156618                _strtod_r
                0x00000000a015660c                getversion
                0x00000000a01575e0                strtod
                0x00000000a01575b8                strtof
 .text          0x00000000a0157608      0x208 c:/sunplus/s_core~1.1/gnu/bin/../lib/gcc/score-elf/4.2.1/../../../../score-elf/lib/mel\libc.a(strtol.o)
                0x00000000a01577e8                strtol
                0x00000000a0157608                _strtol_r
 .text          0x00000000a0157810       0x28 c:/sunplus/s_core~1.1/gnu/bin/../lib/gcc/score-elf/4.2.1/../../../../score-elf/lib/mel\libc.a(sysread.o)
                0x00000000a0157810                read
 .text          0x00000000a0157838       0x50 c:/sunplus/s_core~1.1/gnu/bin/../lib/gcc/score-elf/4.2.1/../../../../score-elf/lib/mel\libc.a(system.o)
                0x00000000a0157868                system
                0x00000000a0157838                _system_r
 .text          0x00000000a0157888       0x28 c:/sunplus/s_core~1.1/gnu/bin/../lib/gcc/score-elf/4.2.1/../../../../score-elf/lib/mel\libc.a(syswrite.o)
                0x00000000a0157888                write
 .text          0x00000000a01578b0     0x1bb0 c:/sunplus/s_core~1.1/gnu/bin/../lib/gcc/score-elf/4.2.1/../../../../score-elf/lib/mel\libc.a(vfprintf.o)
                0x00000000a0157950                _vfprintf_r
                0x00000000a01578f4                vfprintf
 .text          0x00000000a0159460     0x1020 c:/sunplus/s_core~1.1/gnu/bin/../lib/gcc/score-elf/4.2.1/../../../../score-elf/lib/mel\libc.a(vfscanf.o)
                0x00000000a015a3f4                __svfscanf
                0x00000000a015a3f0                _vfscanf_r
                0x00000000a015a41c                vfscanf
                0x00000000a0159460                __sccl
                0x00000000a0159560                __svfscanf_r
 .text          0x00000000a015a480       0xe0 c:/sunplus/s_core~1.1/gnu/bin/../lib/gcc/score-elf/4.2.1/../../../../score-elf/lib/mel\libc.a(vsnprintf.o)
                0x00000000a015a4ec                vsnprintf
                0x00000000a015a480                _vsnprintf_r
 .text          0x00000000a015a560      0x124 c:/sunplus/s_core~1.1/gnu/bin/../lib/gcc/score-elf/4.2.1/../../../../score-elf/lib/mel\libc.a(wbuf.o)
                0x00000000a015a560                __swbuf
 .text          0x00000000a015a684       0x78 c:/sunplus/s_core~1.1/gnu/bin/../lib/gcc/score-elf/4.2.1/../../../../score-elf/lib/mel\libc.a(wcrtomb.o)
                0x00000000a015a684                _wcrtomb_r
                0x00000000a015a6d4                wcrtomb
 .text          0x00000000a015a6fc      0x174 c:/sunplus/s_core~1.1/gnu/bin/../lib/gcc/score-elf/4.2.1/../../../../score-elf/lib/mel\libc.a(wcsrtombs.o)
                0x00000000a015a6fc                _wcsrtombs_r
                0x00000000a015a844                wcsrtombs
 .text          0x00000000a015a870      0x4d8 c:/sunplus/s_core~1.1/gnu/bin/../lib/gcc/score-elf/4.2.1/../../../../score-elf/lib/mel\libc.a(wctomb_r.o)
                0x00000000a015a870                _wctomb_r
 .text          0x00000000a015ad48      0x124 c:/sunplus/s_core~1.1/gnu/bin/../lib/gcc/score-elf/4.2.1/../../../../score-elf/lib/mel\libc.a(wsetup.o)
                0x00000000a015ad48                __swsetup
 .text          0x00000000a015ae6c     0x14b0 c:/sunplus/s_core~1.1/gnu/bin/../lib/gcc/score-elf/4.2.1/../../../../score-elf/lib/mel\libc.a(dtoa.o)
                0x00000000a015b05c                _dtoa_r
 .text          0x00000000a015c31c       0x8c c:/sunplus/s_core~1.1/gnu/bin/../lib/gcc/score-elf/4.2.1/../../../../score-elf/lib/mel\libc.a(flags.o)
                0x00000000a015c31c                __sflags
 .text          0x00000000a015c3a8      0x390 c:/sunplus/s_core~1.1/gnu/bin/../lib/gcc/score-elf/4.2.1/../../../../score-elf/lib/mel\libc.a(fvwrite.o)
                0x00000000a015c3a8                __sfvwrite
 .text          0x00000000a015c738       0x24 c:/sunplus/s_core~1.1/gnu/bin/../lib/gcc/score-elf/4.2.1/../../../../score-elf/lib/mel\libc.a(iswspace.o)
                0x00000000a015c738                iswspace
 .text          0x00000000a015c75c       0xdc c:/sunplus/s_core~1.1/gnu/bin/../lib/gcc/score-elf/4.2.1/../../../../score-elf/lib/mel\libc.a(locale.o)
                0x00000000a015c784                _setlocale_r
                0x00000000a015c75c                __locale_charset
                0x00000000a015c768                _localeconv_r
                0x00000000a015c810                setlocale
                0x00000000a015c774                localeconv
 .text          0x00000000a015c838       0x94 c:/sunplus/s_core~1.1/gnu/bin/../lib/gcc/score-elf/4.2.1/../../../../score-elf/lib/mel\libc.a(mbrtowc.o)
                0x00000000a015c8a0                mbrtowc
                0x00000000a015c838                _mbrtowc_r
 .text          0x00000000a015c8cc       0x54 c:/sunplus/s_core~1.1/gnu/bin/../lib/gcc/score-elf/4.2.1/../../../../score-elf/lib/mel\libc.a(mbtowc_r.o)
                0x00000000a015c8cc                _mbtowc_r
 .text          0x00000000a015c920      0x100 c:/sunplus/s_core~1.1/gnu/bin/../lib/gcc/score-elf/4.2.1/../../../../score-elf/lib/mel\libc.a(memchr.o)
                0x00000000a015c920                memchr
 .text          0x00000000a015ca20      0xd5c c:/sunplus/s_core~1.1/gnu/bin/../lib/gcc/score-elf/4.2.1/../../../../score-elf/lib/mel\libc.a(mprec.o)
                0x00000000a015cdc0                _mprec_log10
                0x00000000a015ca40                _hi0bits
                0x00000000a015ce30                _Balloc
                0x00000000a015cecc                _d2b
                0x00000000a015d27c                _multiply
                0x00000000a015cd34                _ratio
                0x00000000a015d670                _s2b
                0x00000000a015d46c                _i2b
                0x00000000a015cab4                _lo0bits
                0x00000000a015cb68                __mcmp
                0x00000000a015d584                _pow5mult
                0x00000000a015cbc0                _ulp
                0x00000000a015cc1c                _b2d
                0x00000000a015d494                _multadd
                0x00000000a015d008                __mdiff
                0x00000000a015d160                _lshift
                0x00000000a015ca20                _Bfree
 .text          0x00000000a015d77c        0x0 c:/sunplus/s_core~1.1/gnu/bin/../lib/gcc/score-elf/4.2.1/../../../../score-elf/lib/mel\libc.a(s_infconst.o)
 .text          0x00000000a015d77c       0x3c c:/sunplus/s_core~1.1/gnu/bin/../lib/gcc/score-elf/4.2.1/../../../../score-elf/lib/mel\libc.a(s_isinf.o)
                0x00000000a015d77c                isinf
 .text          0x00000000a015d7b8       0x2c c:/sunplus/s_core~1.1/gnu/bin/../lib/gcc/score-elf/4.2.1/../../../../score-elf/lib/mel\libc.a(s_isnan.o)
                0x00000000a015d7b8                isnan
 .text          0x00000000a015d7e4       0xb0 c:/sunplus/s_core~1.1/gnu/bin/../lib/gcc/score-elf/4.2.1/../../../../score-elf/lib/mel\libc.a(sprintf.o)
                0x00000000a015d844                _sprintf_r
                0x00000000a015d7e4                sprintf
 .text          0x00000000a015d894      0x298 c:/sunplus/s_core~1.1/gnu/bin/../lib/gcc/score-elf/4.2.1/../../../../score-elf/lib/mel\libc.a(strtoll_r.o)
                0x00000000a015d894                _strtoll_r
 .text          0x00000000a015db2c      0x27c c:/sunplus/s_core~1.1/gnu/bin/../lib/gcc/score-elf/4.2.1/../../../../score-elf/lib/mel\libc.a(strtoull_r.o)
                0x00000000a015db2c                _strtoull_r
 .text          0x00000000a015dda8      0x204 c:/sunplus/s_core~1.1/gnu/bin/../lib/gcc/score-elf/4.2.1/../../../../score-elf/lib/mel\libc.a(strtoul.o)
                0x00000000a015df84                strtoul
                0x00000000a015dda8                _strtoul_r
 .text          0x00000000a015dfac      0x278 c:/sunplus/s_core~1.1/gnu/bin/../lib/gcc/score-elf/4.2.1/../../../../score-elf/lib/mel\libc.a(ungetc.o)
                0x00000000a015e09c                ungetc
                0x00000000a015dfac                __submore
 .text          0x00000000a015e224      0x1fc c:/sunplus/s_core~1.1/gnu/bin/../lib/gcc/score-elf/4.2.1/mel\libgcc.a(_addsub_sf.o)
                0x00000000a015e224                __subsf3
                0x00000000a015e226                __addsf3
 .text          0x00000000a015e420      0x368 c:/sunplus/s_core~1.1/gnu/bin/../lib/gcc/score-elf/4.2.1/mel\libgcc.a(_addsub_df.o)
                0x00000000a015e422                __adddf3
                0x00000000a015e420                __subdf3
 .text          0x00000000a015e788      0x1b4 c:/sunplus/s_core~1.1/gnu/bin/../lib/gcc/score-elf/4.2.1/mel\libgcc.a(_mulsf3.o)
                0x00000000a015e788                __mulsf3
 .text          0x00000000a015e93c      0x324 c:/sunplus/s_core~1.1/gnu/bin/../lib/gcc/score-elf/4.2.1/mel\libgcc.a(_muldf3.o)
                0x00000000a015e93c                __muldf3
 .text          0x00000000a015ec60      0x228 c:/sunplus/s_core~1.1/gnu/bin/../lib/gcc/score-elf/4.2.1/mel\libgcc.a(_divsf3.o)
                0x00000000a015ec60                __divsf3
 .text          0x00000000a015ee88      0x4c0 c:/sunplus/s_core~1.1/gnu/bin/../lib/gcc/score-elf/4.2.1/mel\libgcc.a(_divdf3.o)
                0x00000000a015ef4c                __divdf3
                0x00000000a015ee88                Div64by32To32
 .text          0x00000000a015f348       0x6c c:/sunplus/s_core~1.1/gnu/bin/../lib/gcc/score-elf/4.2.1/mel\libgcc.a(_clz32.o)
                0x00000000a015f348                countLeadingZeros32
 .text          0x00000000a015f3b4       0x80 c:/sunplus/s_core~1.1/gnu/bin/../lib/gcc/score-elf/4.2.1/mel\libgcc.a(_clz64.o)
                0x00000000a015f3b4                countLeadingZeros64
 .text          0x00000000a015f434       0x74 c:/sunplus/s_core~1.1/gnu/bin/../lib/gcc/score-elf/4.2.1/mel\libgcc.a(_floatsisf.o)
                0x00000000a015f434                __floatsisf
 .text          0x00000000a015f4a8       0x70 c:/sunplus/s_core~1.1/gnu/bin/../lib/gcc/score-elf/4.2.1/mel\libgcc.a(_floatsidf.o)
                0x00000000a015f4a8                __floatsidf
 .text          0x00000000a015f518       0x54 c:/sunplus/s_core~1.1/gnu/bin/../lib/gcc/score-elf/4.2.1/mel\libgcc.a(_floatunsidf.o)
                0x00000000a015f518                __floatunsidf
 .text          0x00000000a015f56c       0xac c:/sunplus/s_core~1.1/gnu/bin/../lib/gcc/score-elf/4.2.1/mel\libgcc.a(_sf_to_df.o)
                0x00000000a015f56c                __extendsfdf2
 .text          0x00000000a015f618       0xe4 c:/sunplus/s_core~1.1/gnu/bin/../lib/gcc/score-elf/4.2.1/mel\libgcc.a(_df_to_sf.o)
                0x00000000a015f618                __truncdfsf2
 .text          0x00000000a015f6fc       0x68 c:/sunplus/s_core~1.1/gnu/bin/../lib/gcc/score-elf/4.2.1/mel\libgcc.a(_fixsfsi.o)
                0x00000000a015f6fc                __fixsfsi
 .text          0x00000000a015f764       0x74 c:/sunplus/s_core~1.1/gnu/bin/../lib/gcc/score-elf/4.2.1/mel\libgcc.a(_fixdfsi.o)
                0x00000000a015f764                __fixdfsi
 .text          0x00000000a015f7d8       0xa4 c:/sunplus/s_core~1.1/gnu/bin/../lib/gcc/score-elf/4.2.1/mel\libgcc.a(_fpcmp_parts_df.o)
                0x00000000a015f7e0                __eqdf2
                0x00000000a015f7d8                __gtdf2
                0x00000000a015f7e0                __ltdf2
                0x00000000a015f7e4                __compare_df2
                0x00000000a015f7e0                __ledf2
                0x00000000a015f7e0                __nedf2
                0x00000000a015f7d8                __gedf2
 .text          0x00000000a015f87c      0x5e0 c:/sunplus/s_core~1.1/gnu/bin/../lib/gcc/score-elf/4.2.1/mel\libgcc.a(_divdi3.o)
                0x00000000a015f87c                __divdi3
 .text          0x00000000a015fe5c      0x5bc c:/sunplus/s_core~1.1/gnu/bin/../lib/gcc/score-elf/4.2.1/mel\libgcc.a(_udivdi3.o)
                0x00000000a015fe5c                __udivdi3