Archive member included because of file (symbol)

c:/sunplus/s_core~1.1/gnu/bin/../lib/gcc/score-elf/4.2.1/../../../../score-elf/lib/mel\libc.a(abort.o)
                              Debug\libgloss.o (abort)
c:/sunplus/s_core~1.1/gnu/bin/../lib/gcc/score-elf/4.2.1/../../../../score-elf/lib/mel\libc.a(atof.o)
                              Debug\m_config.o (atof)
c:/sunplus/s_core~1.1/gnu/bin/../lib/gcc/score-elf/4.2.1/../../../../score-elf/lib/mel\libc.a(atoi.o)
                              Debug\i_video.o (atoi)
c:/sunplus/s_core~1.1/gnu/bin/../lib/gcc/score-elf/4.2.1/../../../../score-elf/lib/mel\libc.a(calloc.o)
                              Debug\w_wad.o (calloc)
c:/sunplus/s_core~1.1/gnu/bin/../lib/gcc/score-elf/4.2.1/../../../../score-elf/lib/mel\libc.a(callocr.o)
                              c:/sunplus/s_core~1.1/gnu/bin/../lib/gcc/score-elf/4.2.1/../../../../score-elf/lib/mel\libc.a(calloc.o) (_calloc_r)
c:/sunplus/s_core~1.1/gnu/bin/../lib/gcc/score-elf/4.2.1/../../../../score-elf/lib/mel\libc.a(ctype_.o)
                              Debug\w_wad.o (_ctype_)
c:/sunplus/s_core~1.1/gnu/bin/../lib/gcc/score-elf/4.2.1/../../../../score-elf/lib/mel\libc.a(exit.o)
                              c:/sunplus/s_core~1.1/gnu/bin/../lib/gcc/score-elf/4.2.1/mel/crti.o (exit)
c:/sunplus/s_core~1.1/gnu/bin/../lib/gcc/score-elf/4.2.1/../../../../score-elf/lib/mel\libc.a(fclose.o)
                              Debug\m_menu.o (fclose)
c:/sunplus/s_core~1.1/gnu/bin/../lib/gcc/score-elf/4.2.1/../../../../score-elf/lib/mel\libc.a(fflush.o)
                              Debug\i_system.o (fflush)
c:/sunplus/s_core~1.1/gnu/bin/../lib/gcc/score-elf/4.2.1/../../../../score-elf/lib/mel\libc.a(findfp.o)
                              c:/sunplus/s_core~1.1/gnu/bin/../lib/gcc/score-elf/4.2.1/../../../../score-elf/lib/mel\libc.a(fclose.o) (__sinit)
c:/sunplus/s_core~1.1/gnu/bin/../lib/gcc/score-elf/4.2.1/../../../../score-elf/lib/mel\libc.a(fopen.o)
                              Debug\m_menu.o (fopen)
c:/sunplus/s_core~1.1/gnu/bin/../lib/gcc/score-elf/4.2.1/../../../../score-elf/lib/mel\libc.a(fprintf.o)
                              Debug\z_zone.o (fprintf)
c:/sunplus/s_core~1.1/gnu/bin/../lib/gcc/score-elf/4.2.1/../../../../score-elf/lib/mel\libc.a(fputc.o)
                              Debug\gusconf.o (fputc)
c:/sunplus/s_core~1.1/gnu/bin/../lib/gcc/score-elf/4.2.1/../../../../score-elf/lib/mel\libc.a(fread.o)
                              Debug\p_saveg.o (fread)
c:/sunplus/s_core~1.1/gnu/bin/../lib/gcc/score-elf/4.2.1/../../../../score-elf/lib/mel\libc.a(freer.o)
                              c:/sunplus/s_core~1.1/gnu/bin/../lib/gcc/score-elf/4.2.1/../../../../score-elf/lib/mel\libc.a(fclose.o) (_free_r)
c:/sunplus/s_core~1.1/gnu/bin/../lib/gcc/score-elf/4.2.1/../../../../score-elf/lib/mel\libc.a(fseek.o)
                              c:/sunplus/s_core~1.1/gnu/bin/../lib/gcc/score-elf/4.2.1/../../../../score-elf/lib/mel\libc.a(fopen.o) (_fseek_r)
c:/sunplus/s_core~1.1/gnu/bin/../lib/gcc/score-elf/4.2.1/../../../../score-elf/lib/mel\libc.a(ftell.o)
                              Debug\p_saveg.o (ftell)
c:/sunplus/s_core~1.1/gnu/bin/../lib/gcc/score-elf/4.2.1/../../../../score-elf/lib/mel\libc.a(fwalk.o)
                              c:/sunplus/s_core~1.1/gnu/bin/../lib/gcc/score-elf/4.2.1/../../../../score-elf/lib/mel\libc.a(fflush.o) (_fwalk)
c:/sunplus/s_core~1.1/gnu/bin/../lib/gcc/score-elf/4.2.1/../../../../score-elf/lib/mel\libc.a(fwrite.o)
                              Debug\z_zone.o (fwrite)
c:/sunplus/s_core~1.1/gnu/bin/../lib/gcc/score-elf/4.2.1/../../../../score-elf/lib/mel\libc.a(getenv.o)
                              Debug\m_config.o (getenv)
c:/sunplus/s_core~1.1/gnu/bin/../lib/gcc/score-elf/4.2.1/../../../../score-elf/lib/mel\libc.a(getenv_r.o)
                              c:/sunplus/s_core~1.1/gnu/bin/../lib/gcc/score-elf/4.2.1/../../../../score-elf/lib/mel\libc.a(getenv.o) (_findenv_r)
c:/sunplus/s_core~1.1/gnu/bin/../lib/gcc/score-elf/4.2.1/../../../../score-elf/lib/mel\libc.a(impure.o)
                              Debug\p_spec.o (_impure_ptr)
c:/sunplus/s_core~1.1/gnu/bin/../lib/gcc/score-elf/4.2.1/../../../../score-elf/lib/mel\libc.a(makebuf.o)
                              c:/sunplus/s_core~1.1/gnu/bin/../lib/gcc/score-elf/4.2.1/../../../../score-elf/lib/mel\libc.a(fseek.o) (__smakebuf)
c:/sunplus/s_core~1.1/gnu/bin/../lib/gcc/score-elf/4.2.1/../../../../score-elf/lib/mel\libc.a(malloc.o)
                              Debug\w_wad.o (free)
c:/sunplus/s_core~1.1/gnu/bin/../lib/gcc/score-elf/4.2.1/../../../../score-elf/lib/mel\libc.a(mallocr.o)
                              c:/sunplus/s_core~1.1/gnu/bin/../lib/gcc/score-elf/4.2.1/../../../../score-elf/lib/mel\libc.a(callocr.o) (_malloc_r)
c:/sunplus/s_core~1.1/gnu/bin/../lib/gcc/score-elf/4.2.1/../../../../score-elf/lib/mel\libc.a(memcmp.o)
                              Debug\ff.o (memcmp)
[...]
Memory Configuration

Name             Origin             Length             Attributes
*default*        0x0000000000000000 0xffffffffffffffff

Linker script and memory map

LOAD c:/sunplus/s_core~1.1/gnu/bin/../lib/gcc/score-elf/4.2.1/mel/crti.o
LOAD c:/sunplus/s_core~1.1/gnu/bin/../lib/gcc/score-elf/4.2.1/mel/crtbegin.o
LOAD Obj.lst
LOAD Debug\hyperscan_startup.o
LOAD Debug\z_zone.o
LOAD Debug\wi_stuff.o
LOAD Debug\w_wad.o
LOAD Debug\w_main.o
LOAD Debug\w_file_stdc.o
LOAD Debug\w_file.o
LOAD Debug\w_checksum.o
LOAD Debug\v_video.o
LOAD Debug\tables.o
LOAD Debug\statdump.o
LOAD Debug\st_stuff.o
LOAD Debug\st_lib.o
LOAD Debug\sounds.o
LOAD Debug\sha1.o
LOAD Debug\s_sound.o
LOAD Debug\r_things.o
LOAD Debug\r_sky.o
LOAD Debug\r_segs.o
LOAD Debug\r_plane.o
LOAD Debug\r_main.o
LOAD Debug\r_draw.o
LOAD Debug\r_data.o
LOAD Debug\r_bsp.o
LOAD Debug\p_user.o
LOAD Debug\p_tick.o
LOAD Debug\p_telept.o
LOAD Debug\p_switch.o
LOAD Debug\p_spec.o
LOAD Debug\p_sight.o
LOAD Debug\p_setup.o
LOAD Debug\p_saveg.o
LOAD Debug\p_pspr.o
LOAD Debug\p_plats.o
LOAD Debug\p_mobj.o
LOAD Debug\p_maputl.o
LOAD Debug\p_map.o
LOAD Debug\p_lights.o
LOAD Debug\p_inter.o
LOAD Debug\p_floor.o
LOAD Debug\p_enemy.o
LOAD Debug\p_doors.o
LOAD Debug\p_ceilng.o
LOAD Debug\mus2mid.o
LOAD Debug\memio.o
LOAD Debug\m_random.o
LOAD Debug\m_misc.o
LOAD Debug\m_menu.o
LOAD Debug\m_fixed.o
LOAD Debug\m_controls.o
LOAD Debug\m_config.o
LOAD Debug\m_cheat.o
LOAD Debug\m_bbox.o
LOAD Debug\m_argv.o
LOAD Debug\info.o
LOAD Debug\icon.o
LOAD Debug\i_video.o
LOAD Debug\i_timer.o
LOAD Debug\i_system.o
LOAD Debug\i_sound.o
LOAD Debug\i_scale.o
LOAD Debug\i_joystick.o
LOAD Debug\i_input.o
LOAD Debug\i_endoom.o
LOAD Debug\i_cdmus.o
LOAD Debug\hu_stuff.o
LOAD Debug\hu_lib.o
LOAD Debug\gusconf.o
LOAD Debug\g_game.o
LOAD Debug\f_wipe.o
LOAD Debug\f_finale.o
LOAD Debug\dummy.o
LOAD Debug\dstrings.o
LOAD Debug\doomstat.o
LOAD Debug\doomgeneric_hyperscan.o
LOAD Debug\doomgeneric.o
LOAD Debug\doomdef.o
LOAD Debug\d_net.o
LOAD Debug\d_mode.o
LOAD Debug\d_main.o
LOAD Debug\d_loop.o
LOAD Debug\d_iwad.o
LOAD Debug\d_items.o
LOAD Debug\d_event.o
LOAD Debug\am_map.o
LOAD Debug\libgloss.o
LOAD Debug\UART.o
LOAD Debug\TV.o
LOAD Debug\NorFlash.o
LOAD Debug\User_IRQ.o
LOAD Debug\Sys_isr.o
LOAD Debug\Sys_IRQ.o
LOAD Debug\I2C.o
LOAD Debug\ff.o
LOAD Debug\diskio.o
LOAD Debug\HS_Controller.o
LOAD Lib.lst
LOAD c:/sunplus/s_core~1.1/gnu/bin/../lib/gcc/score-elf/4.2.1/../../../../score-elf/lib/mel\libm.a
LOAD c:/sunplus/s_core~1.1/gnu/bin/../lib/gcc/score-elf/4.2.1/../../../../score-elf/lib/mel\libc.a
LOAD c:/sunplus/s_core~1.1/gnu/bin/../lib/gcc/score-elf/4.2.1/mel\libgcc.a
LOAD c:/sunplus/s_core~1.1/gnu/bin/../lib/gcc/score-elf/4.2.1/mel\libgcc.a
LOAD c:/sunplus/s_core~1.1/gnu/bin/../lib/gcc/score-elf/4.2.1/../../../../score-elf/lib/mel\libc.a
LOAD c:/sunplus/s_core~1.1/gnu/bin/../lib/gcc/score-elf/4.2.1/mel\libgcc.a
LOAD c:/sunplus/s_core~1.1/gnu/bin/../lib/gcc/score-elf/4.2.1/mel/crtend.o
LOAD c:/sunplus/s_core~1.1/gnu/bin/../lib/gcc/score-elf/4.2.1/mel/crtn.o
START GROUP
LOAD c:/sunplus/s_core~1.1/gnu/bin/../lib/gcc/score-elf/4.2.1/../../../../score-elf/lib/mel\libc.a
LOAD c:/sunplus/s_core~1.1/gnu/bin/../lib/gcc/score-elf/4.2.1/../../../../score-elf/lib/mel\libm.a
LOAD c:/sunplus/s_core~1.1/gnu/bin/../lib/gcc/score-elf/4.2.1/mel\libgcc.a
END GROUP

.exception      0x00000000a00901fc      0x23c
 *(.exception_vec)
 .exception_vec
                0x00000000a00901fc      0x23c Debug\Sys_isr.o

.stack          0x00000000a0fffff0        0x0
                0x00000000a0fffff0                _stack = .
 *(.stack)
                0x00000000a0091000                . = 0xa0091000

.interp
 *(.interp)

.hash
 *(.hash)

.dynsym
 *(.dynsym)

.dynstr
 *(.dynstr)

.gnu.version
 *(.gnu.version)

.gnu.version_d
 *(.gnu.version_d)

.gnu.version_r
 *(.gnu.version_r)

.rel.dyn        0x00000000a0091000        0x0
 *(.rel.init)
 *(.rel.text .rel.text.* .rel.gnu.linkonce.t.*)
 *(.rel.fini)
 *(.rel.rodata .rel.rodata.* .rel.gnu.linkonce.r.*)
 *(.rel.data .rel.data.* .rel.gnu.linkonce.d.*)
 *(.rel.tdata .rel.tdata.* .rel.gnu.linkonce.td.*)
 *(.rel.tbss .rel.tbss.* .rel.gnu.linkonce.tb.*)
 *(.rel.ctors)
 *(.rel.dtors)
 *(.rel.got)
 *(.rel.sdata .rel.sdata.* .rel.gnu.linkonce.s.*)
 *(.rel.sbss .rel.sbss.* .rel.gnu.linkonce.sb.*)
 *(.rel.sdata2 .rel.sdata2.* .rel.gnu.linkonce.s2.*)
 *(.rel.sbss2 .rel.sbss2.* .rel.gnu.linkonce.sb2.*)
 *(.rel.bss .rel.bss.* .rel.gnu.linkonce.b.*)
 .rel.dyn       0x0000000000000000        0x0 Debug\w_file_stdc.o

.rela.dyn
 *(.rela.init)
 *(.rela.text .rela.text.* .rela.gnu.linkonce.t.*)
 *(.rela.fini)
 *(.rela.rodata .rela.rodata.* .rela.gnu.linkonce.r.*)
 *(.rela.data .rela.data.* .rela.gnu.linkonce.d.*)
 *(.rela.tdata .rela.tdata.* .rela.gnu.linkonce.td.*)
 *(.rela.tbss .rela.tbss.* .rela.gnu.linkonce.tb.*)
 *(.rela.ctors)
 *(.rela.dtors)
 *(.rela.got)
 *(.rela.sdata .rela.sdata.* .rela.gnu.linkonce.s.*)
 *(.rela.sbss .rela.sbss.* .rela.gnu.linkonce.sb.*)
 *(.rela.sdata2 .rela.sdata2.* .rela.gnu.linkonce.s2.*)
 *(.rela.sbss2 .rela.sbss2.* .rela.gnu.linkonce.sb2.*)
 *(.rela.bss .rela.bss.* .rela.gnu.linkonce.b.*)

.rel.plt
 *(.rel.plt)

.rela.plt
 *(.rela.plt)

.hardware_init  0x00000000a0091000       0x70
 *(.hardware_init)
 .hardware_init
                0x00000000a0091000       0x70 Debug\hyperscan_startup.o
                0x00000000a0091000                _hardware_init

.init           0x00000000a0091070       0x70
 *(.init)
 .init          0x00000000a0091070       0x5c c:/sunplus/s_core~1.1/gnu/bin/../lib/gcc/score-elf/4.2.1/mel/crti.o
                0x00000000a00910bc                _init_argv
                0x00000000a00910c4                _init
                0x00000000a0091070                _start
 .init          0x00000000a00910cc        0x4 c:/sunplus/s_core~1.1/gnu/bin/../lib/gcc/score-elf/4.2.1/mel/crtbegin.o
 .init          0x00000000a00910d0        0x4 c:/sunplus/s_core~1.1/gnu/bin/../lib/gcc/score-elf/4.2.1/mel/crtend.o
 .init          0x00000000a00910d4        0xc c:/sunplus/s_core~1.1/gnu/bin/../lib/gcc/score-elf/4.2.1/mel/crtn.o

.plt
 *(.plt)

.text           0x00000000a00910e0    0x5faa8
 *(.text .stub .text.* .gnu.linkonce.t.*)
 .text          0x00000000a00910e0        0x0 c:/sunplus/s_core~1.1/gnu/bin/../lib/gcc/score-elf/4.2.1/mel/crti.o
 .text          0x00000000a00910e0       0xe4 c:/sunplus/s_core~1.1/gnu/bin/../lib/gcc/score-elf/4.2.1/mel/crtbegin.o
 .text          0x00000000a00911c4        0x0 Debug\hyperscan_startup.o
 .text          0x00000000a00911c4      0x9bc Debug\z_zone.o
                0x00000000a0091454                Z_Malloc
                0x00000000a0091304                Z_Free
                0x00000000a0091648                Z_FreeTags
                0x00000000a0091a0c                Z_ChangeTag2
                0x00000000a009194c                Z_CheckHeap
                0x00000000a0091818                Z_FileDumpHeap
                0x00000000a0091aa0                Z_ChangeUser
                0x00000000a00916c8                Z_DumpHeap
                0x00000000a0091af4                Z_FreeMemory
                0x00000000a0091250                Z_Init
                0x00000000a0091b6c                Z_ZoneSize
                0x00000000a00911c4                Z_ClearZone
 .text          0x00000000a0091b80     0x3c40 Debug\wi_stuff.o
                0x00000000a0093550                WI_initNetgameStats
                0x00000000a0092b34                WI_drawNoState
                0x00000000a009550c                WI_loadData
                0x00000000a009294c                WI_updateNoState
                0x00000000a00925b8                WI_drawNum
                0x00000000a0091bb4                WI_drawLF
                0x00000000a00931a8                WI_drawDeathmatchStats
                0x00000000a00955d8                WI_unloadData
                0x00000000a00929b4                WI_updateShowNextLoc
                0x00000000a0092774                WI_drawPercent
                0x00000000a0094d3c                WI_checkForAccelerate
                0x00000000a009228c                WI_updateAnimatedBack
                0x00000000a0095760                WI_Start
                0x00000000a0093ea4                WI_drawNetgameStats
                0x00000000a009213c                WI_initAnimatedBack
                0x00000000a0092b54                WI_fragSum
                0x00000000a0094490                WI_updateStats
                0x00000000a0092d0c                WI_updateDeathmatchStats
                0x00000000a0092c24                WI_initDeathmatchStats
                0x00000000a009568c                WI_initVariables
                0x00000000a0091ec4                WI_drawOnLnode
                0x00000000a0094408                WI_initStats
                0x00000000a0092928                WI_initNoState
                0x00000000a0094bec                WI_drawStats
                0x00000000a0094e30                WI_Ticker
                0x00000000a0091ba4                WI_Responder
                0x00000000a009290c                WI_End
                0x00000000a0091d74                WI_drawEL
                0x00000000a00927b8                WI_drawTime
                0x00000000a00955fc                WI_Drawer
                0x00000000a0093688                WI_updateNetgameStats
                0x00000000a0091b80                WI_slamBackground
                0x00000000a0092a1c                WI_drawShowNextLoc
                0x00000000a00924d4                WI_drawAnimatedBack
                0x00000000a0092984                WI_initShowNextLoc
 .text          0x00000000a00957c0      0xd24 Debug\w_wad.o
                0x00000000a0095fd8                W_ReadLump
                0x00000000a00957c0                W_LumpNameHash
                0x00000000a00961b0                W_CacheLumpName
                0x00000000a0095f2c                W_GetNumForName
                0x00000000a00961e0                W_ReleaseLumpNum
                0x00000000a009626c                W_ReleaseLumpName
                0x00000000a0095a7c                W_AddFile
                0x00000000a0096294                W_GenerateHashTable
                0x00000000a0095de0                W_CheckNumForName
                0x00000000a0095dc8                W_NumLumps
                0x00000000a00963e8                W_CheckCorrectIWAD
                0x00000000a00960a8                W_CacheLumpNum
                0x00000000a0095f74                W_LumpLength
 .text          0x00000000a00964e4       0xd4 Debug\w_main.o
                0x00000000a00964e4                W_ParseCommandLine
 .text          0x00000000a00965b8      0x11c Debug\w_file_stdc.o
                0x00000000a0096688                W_StdC_Read
 .text          0x00000000a00966d4       0xf8 Debug\w_file.o
                0x00000000a0096770                W_CloseFile
                0x00000000a0096794                W_Read
                0x00000000a00966d4                W_OpenFile
 .text          0x00000000a00967cc      0x1bc Debug\w_checksum.o
                0x00000000a00968f8                W_Checksum
 .text          0x00000000a0096988     0x1d08 Debug\v_video.o
                0x00000000a0097494                V_DrawXlaPatch
                0x00000000a0097ce0                V_DrawBlock
                0x00000000a0096988                V_MarkRect
                0x00000000a0097f50                V_DrawBox
                0x00000000a00971f8                V_DrawTLPatch
                0x00000000a0096ed0                V_DrawPatchFlipped
                0x00000000a0097ca8                V_LoadXlaTable
                0x00000000a0096b10                V_SetPatchClipCallback
                0x00000000a0098430                V_DrawMouseSpeedBox
                0x00000000a00976d4                V_DrawAltTLPatch
                0x00000000a0098020                WritePCXfile
                0x00000000a0097e50                V_DrawHorizLine
                0x00000000a0097fe4                V_Init
                0x00000000a0097fb8                V_DrawRawScreen
                0x00000000a00969f8                V_CopyRect
                0x00000000a00971d0                V_DrawPatchDirect
                0x00000000a0097c70                V_LoadTintTable
                0x00000000a0097ff0                V_UseBuffer
                0x00000000a0097da8                V_DrawFilledBox
                0x00000000a0098004                V_RestoreBuffer
                0x00000000a0097ed0                V_DrawVertLine
                0x00000000a0096b24                V_DrawPatch
                0x00000000a0097970                V_DrawShadowedPatch
                0x00000000a0098360                V_ScreenShot
 .text          0x00000000a0098690       0x68 Debug\tables.o
                0x00000000a0098690                SlopeDiv
 .text          0x00000000a00986f8       0x8c Debug\statdump.o
                0x00000000a0098778                StatDump
                0x00000000a00986f8                StatCopy
 .text          0x00000000a0098784     0x22ac Debug\st_stuff.o
                0x00000000a009a988                ST_Start
                0x00000000a0099964                ST_Ticker
                0x00000000a009a43c                ST_createWidgets
                0x00000000a009a9c0                ST_Stop
                0x00000000a009a2e4                ST_unloadGraphics
                0x00000000a009a28c                ST_loadData
                0x00000000a009a308                ST_unloadData
                0x00000000a0099ce0                ST_doRefresh
                0x00000000a00999a4                ST_doPaletteStuff
                0x00000000a0099d24                ST_Drawer
                0x00000000a009a268                ST_loadGraphics
                0x00000000a0098784                ST_refreshBackground
                0x00000000a009a324                ST_initData
                0x00000000a0099d08                ST_diffDraw
                0x00000000a0098810                ST_Responder
                0x00000000a00996e8                ST_updateWidgets
                0x00000000a009aa00                ST_Init
                0x00000000a0099b14                ST_drawWidgets
                0x00000000a0099220                ST_calcPainOffset
                0x00000000a00992ac                ST_updateFaceWidget
 .text          0x00000000a009aa30      0x850 Debug\st_lib.o
                0x00000000a009aa60                STlib_initNum
                0x00000000a009b090                STlib_initBinIcon
                0x00000000a009ae74                STlib_updateMultIcon
                0x00000000a009add0                STlib_updatePercent
                0x00000000a009ae2c                STlib_initMultIcon
                0x00000000a009ad50                STlib_updateNum
                0x00000000a009aaac                STlib_drawNum
                0x00000000a009ad84                STlib_initPercent
                0x00000000a009b0d4                STlib_updateBinIcon
                0x00000000a009aa30                STlib_init
 .text          0x00000000a009b280        0x0 Debug\sounds.o
 .text          0x00000000a009b280     0x269c Debug\sha1.o
                0x00000000a009d8e0                SHA1_UpdateString
                0x00000000a009b280                SHA1_Init
                0x00000000a009d2b8                SHA1_Update
                0x00000000a009d438                SHA1_Final
                0x00000000a009d88c                SHA1_UpdateInt32
 .text          0x00000000a009d91c      0xe60 Debug\s_sound.o
                0x00000000a009e0a4                S_StartSound
                0x00000000a009d91c                S_Init
                0x00000000a009e360                S_ResumeSound
                0x00000000a009e534                S_SetSfxVolume
                0x00000000a009db4c                S_Start
                0x00000000a009e710                S_StopMusic
                0x00000000a009e6f0                S_MusicPlaying
                0x00000000a009e580                S_StartMusic
                0x00000000a009e5a0                S_ChangeMusic
                0x00000000a009e39c                S_UpdateSounds
                0x00000000a009dc78                S_StopSound
                0x00000000a009e4e8                S_SetMusicVolume
                0x00000000a009da50                S_Shutdown
                0x00000000a009e324                S_PauseSound
 .text          0x00000000a009e77c     0x200c Debug\r_things.o
                0x00000000a009f48c                R_ProjectSprite
                0x00000000a009fef4                R_DrawPlayerSprites
                0x00000000a009efdc                R_DrawMaskedColumn
                0x00000000a009ef18                R_InitSprites
                0x00000000a00a01e0                R_DrawSprite
                0x00000000a009e77c                R_InstallSpriteLump
                0x00000000a009ef84                R_NewVisSprite
                0x00000000a00a0008                R_SortVisSprites
                0x00000000a009ef6c                R_ClearSprites
                0x00000000a009fa24                R_AddSprites
                0x00000000a009ea8c                R_InitSpriteDefs
                0x00000000a00a06ac                R_DrawMasked
                0x00000000a009f200                R_DrawVisSprite
                0x00000000a009fb1c                R_DrawPSprite
 .text          0x00000000a00a0788       0x14 Debug\r_sky.o
                0x00000000a00a0788                R_InitSkyMap
 .text          0x00000000a00a079c     0x1f18 Debug\r_segs.o
                0x00000000a00a1408                R_StoreWallRange
                0x00000000a00a0cbc                R_RenderSegLoop
                0x00000000a00a079c                R_RenderMaskedSegRange
 .text          0x00000000a00a26b4      0xd24 Debug\r_plane.o
                0x00000000a00a2cb0                R_CheckPlane
                0x00000000a00a26c0                R_MapPlane
                0x00000000a00a2a54                R_ClearPlanes
                0x00000000a00a2b84                R_FindPlane
                0x00000000a00a2f18                R_DrawPlanes
                0x00000000a00a2df0                R_MakeSpans
                0x00000000a00a26b4                R_InitPlanes
 .text          0x00000000a00a33d8     0x13d8 Debug\r_main.o
                0x00000000a00a3e8c                R_InitLightTables
                0x00000000a00a3758                R_PointToAngle
                0x00000000a00a3fb8                R_ExecuteSetViewSize
                0x00000000a00a3f90                R_SetViewSize
                0x00000000a00a33d8                R_AddPointToBox
                0x00000000a00a4484                R_Init
                0x00000000a00a4750                R_RenderPlayerView
                0x00000000a00a3ac4                R_ScaleFromGlobalAngle
                0x00000000a00a35dc                R_PointOnSegSide
                0x00000000a00a3458                R_PointOnSide
                0x00000000a00a3ab8                R_InitPointToAngle
                0x00000000a00a39e4                R_PointToDist
                0x00000000a00a39ac                R_PointToAngle2
                0x00000000a00a3bd0                R_InitTables
                0x00000000a00a45fc                R_SetupFrame
                0x00000000a00a4510                R_PointInSubsector
                0x00000000a00a3bdc                R_InitTextureMapping
 .text          0x00000000a00a47b0     0x1444 Debug\r_draw.o
                0x00000000a00a4eb0                R_DrawTranslatedColumn
                0x00000000a00a52f8                R_DrawSpan
                0x00000000a00a48f0                R_DrawColumnLow
                0x00000000a00a4c50                R_DrawFuzzColumnLow
                0x00000000a00a5724                R_FillBackScreen
                0x00000000a00a4a84                R_DrawFuzzColumn
                0x00000000a00a5000                R_DrawTranslatedColumnLow
                0x00000000a00a5a6c                R_VideoErase
                0x00000000a00a5ac0                R_DrawViewBorder
                0x00000000a00a546c                R_DrawSpanLow
                0x00000000a00a51dc                R_InitTranslationTables
                0x00000000a00a5630                R_InitBuffer
                0x00000000a00a47b0                R_DrawColumn
 .text          0x00000000a00a5bf4     0x1958 Debug\r_data.o
                0x00000000a00a5bf4                R_DrawColumnInCache
                0x00000000a00a6bcc                R_InitFlats
                0x00000000a00a5cc4                R_GenerateComposite
                0x00000000a00a64a4                R_InitTextures
                0x00000000a00a6fc8                R_TextureNumForName
                0x00000000a00a6c80                R_InitSpriteLumps
                0x00000000a00a7010                R_PrecacheLevel
                0x00000000a00a6f1c                R_CheckTextureNumForName
                0x00000000a00a6294                R_GetColumn
                0x00000000a00a6e74                R_InitData
                0x00000000a00a6e3c                R_InitColormaps
                0x00000000a00a5f10                R_GenerateLookup
                0x00000000a00a6eb4                R_FlatNumForName
 .text          0x00000000a00a754c      0xc98 Debug\r_bsp.o
                0x00000000a00a7564                R_ClipSolidWallSegment
                0x00000000a00a754c                R_ClearDrawSegs
                0x00000000a00a78a0                R_AddLine
                0x00000000a00a7b60                R_CheckBBox
                0x00000000a00a7ecc                R_Subsector
                0x00000000a00a80c4                R_RenderBSPNode
                0x00000000a00a7838                R_ClearClipSegs
                0x00000000a00a773c                R_ClipPassWallSegment
 .text          0x00000000a00a81e4      0xad0 Debug\p_user.o
                0x00000000a00a828c                P_CalcHeight
                0x00000000a00a81e4                P_Thrust
                0x00000000a00a8864                P_PlayerThink
                0x00000000a00a8538                P_MovePlayer
                0x00000000a00a866c                P_DeathThink
 .text          0x00000000a00a8cb4      0x260 Debug\p_tick.o
                0x00000000a00a8cb4                P_InitThinkers
                0x00000000a00a8d64                P_RunThinkers
                0x00000000a00a8cec                P_AddThinker
                0x00000000a00a8dfc                P_Ticker
                0x00000000a00a8d58                P_AllocateThinker
                0x00000000a00a8d40                P_RemoveThinker
 .text          0x00000000a00a8f14      0x338 Debug\p_telept.o
                0x00000000a00a8f14                EV_Teleport
 .text          0x00000000a00a924c      0xd78 Debug\p_switch.o
                0x00000000a00a93f8                P_StartButton
                0x00000000a00a9584                P_ChangeSwitchTexture
                0x00000000a00a924c                P_InitSwitchList
                0x00000000a00a98b8                P_UseSpecialLine
 .text          0x00000000a00a9fc4     0x1c3c Debug\p_spec.o
                0x00000000a00a9fc4                P_InitPicAnims
                0x00000000a00aa680                P_FindHighestCeilingSurrounding
                0x00000000a00ab680                EV_DoDonut
                0x00000000a00aa1c0                getSide
                0x00000000a00aa4a8                P_FindNextHighestFloor
                0x00000000a00ab0bc                P_UpdateSpecials
                0x00000000a00aa3a0                P_FindLowestFloorSurrounding
                0x00000000a00aa5f4                P_FindLowestCeilingSurrounding
                0x00000000a00aa334                getNextSector
                0x00000000a00aa248                getSector
                0x00000000a00ab8d8                P_SpawnSpecials
                0x00000000a00aa704                P_FindSectorFromLineTag
                0x00000000a00aa7a8                P_FindMinSurroundingLight
                0x00000000a00aae34                P_ShootSpecialLine
                0x00000000a00aa424                P_FindHighestFloorSurrounding
                0x00000000a00aa83c                P_CrossSpecialLine
                0x00000000a00aaef8                P_PlayerInSpecialSector
                0x00000000a00aa2d4                twoSided
 .text          0x00000000a00abc00      0x960 Debug\p_sight.o
                0x00000000a00ac304                P_CheckSight
                0x00000000a00abc00                P_DivlineSide
                0x00000000a00abd78                P_InterceptVector2
                0x00000000a00ac1b4                P_CrossBSPNode
                0x00000000a00abe54                P_CrossSubsector
 .text          0x00000000a00ac560     0x1d70 Debug\p_setup.o
                0x00000000a00ac6c8                P_LoadSegs
                0x00000000a00acf68                P_LoadThings
                0x00000000a00ac560                P_LoadVertexes
                0x00000000a00ad888                P_GroupLines
                0x00000000a00ae2a4                P_Init
                0x00000000a00ac658                GetSectorAtNullAddress
                0x00000000a00ad138                P_LoadLineDefs
                0x00000000a00adf00                P_SetupLevel
                0x00000000a00ad748                P_LoadBlockMap
                0x00000000a00acaec                P_LoadSectors
                0x00000000a00acd0c                P_LoadNodes
                0x00000000a00ac9e4                P_LoadSubsectors
                0x00000000a00ad55c                P_LoadSideDefs
 .text          0x00000000a00ae2d0     0x2ffc Debug\p_saveg.o
                0x00000000a00b06b0                P_ArchivePlayers
                0x00000000a00b0c64                P_ArchiveThinkers
                0x00000000a00b0810                P_ArchiveWorld
                0x00000000a00b0e58                P_ArchiveSpecials
                0x00000000a00ae32c                P_SaveGameFile
                0x00000000a00b065c                P_ReadSaveGameEOF
                0x00000000a00b0a50                P_UnArchiveWorld
                0x00000000a00b1068                P_UnArchiveSpecials
                0x00000000a00b0ce0                P_UnArchiveThinkers
                0x00000000a00b0694                P_WriteSaveGameEOF
                0x00000000a00b0300                P_WriteSaveGameHeader
                0x00000000a00b0730                P_UnArchivePlayers
                0x00000000a00ae2d0                P_TempSaveGameFile
                0x00000000a00b04c8                P_ReadSaveGameHeader
 .text          0x00000000a00b12cc     0x1790 Debug\p_pspr.o
                0x00000000a00b2944                P_SetupPsprites
                0x00000000a00b24a8                A_FireShotgun2
                0x00000000a00b1540                P_CheckAmmo
                0x00000000a00b225c                P_GunShot
                0x00000000a00b1dc8                A_Saw
                0x00000000a00b1ad0                A_CheckReload
                0x00000000a00b14a4                P_BringUpWeapon
                0x00000000a00b1b90                A_Raise
                0x00000000a00b2124                A_FirePlasma
                0x00000000a00b207c                A_FireMissile
                0x00000000a00b21c0                P_BulletSlope
                0x00000000a00b291c                A_BFGsound
                0x00000000a00b2624                A_FireCGun
                0x00000000a00b20d0                A_FireBFG
                0x00000000a00b1af0                A_Lower
                0x00000000a00b27b8                A_Light2
                0x00000000a00b1c6c                A_Punch
                0x00000000a00b1828                P_DropWeapon
                0x00000000a00b231c                A_FirePistol
                0x00000000a00b13c8                P_CalcSwing
                0x00000000a00b12cc                P_SetPsprite
                0x00000000a00b23e0                A_FireShotgun
                0x00000000a00b17ac                P_FireWeapon
                0x00000000a00b1870                A_WeaponReady
                0x00000000a00b2788                A_Light0
                0x00000000a00b1c14                A_GunFlash
                0x00000000a00b29a4                P_MovePsprites
                0x00000000a00b27a0                A_Light1
                0x00000000a00b1a48                A_ReFire
                0x00000000a00b27d0                A_BFGSpray
 .text          0x00000000a00b2a5c      0x974 Debug\p_plats.o
                0x00000000a00b2cd4                EV_DoPlat
                0x00000000a00b318c                EV_StopPlat
                0x00000000a00b2a5c                T_PlatRaise
                0x00000000a00b30a0                P_ActivateInStasis
                0x00000000a00b3314                P_RemoveActivePlat
                0x00000000a00b3298                P_AddActivePlat
 .text          0x00000000a00b33d0     0x22cc Debug\p_mobj.o
                0x00000000a00b4364                P_RemoveMobj
                0x00000000a00b4a24                P_SpawnMapThing
                0x00000000a00b52ec                P_SpawnMissile
                0x00000000a00b34a0                P_ExplodeMissile
                0x00000000a00b4144                P_SpawnMobj
                0x00000000a00b51b0                P_CheckMissileSpawn
                0x00000000a00b501c                P_SpawnPuff
                0x00000000a00b54e4                P_SpawnPlayerMissile
                0x00000000a00b33d0                P_SetMobjState
                0x00000000a00b3fec                P_MobjThinker
                0x00000000a00b5294                P_SubstNullMobj
                0x00000000a00b46c8                P_SpawnPlayer
                0x00000000a00b3e24                P_NightmareRespawn
                0x00000000a00b50d8                P_SpawnBlood
                0x00000000a00b3a48                P_ZMovement
                0x00000000a00b359c                P_XYMovement
                0x00000000a00b4464                P_RespawnSpecials
 .text          0x00000000a00b569c     0x17f4 Debug\p_maputl.o
                0x00000000a00b6764                P_TraverseIntercepts
                0x00000000a00b5da4                P_UnsetThingPosition
                0x00000000a00b5858                P_BoxOnLineSide
                0x00000000a00b5bbc                P_MakeDivline
                0x00000000a00b6a68                P_PathTraverse
                0x00000000a00b5c08                P_InterceptVector
                0x00000000a00b5ce4                P_LineOpening
                0x00000000a00b5f48                P_SetThingPosition
                0x00000000a00b6250                P_BlockThingsIterator
                0x00000000a00b60f4                P_BlockLinesIterator
                0x00000000a00b655c                PIT_AddThingIntercepts
                0x00000000a00b5a28                P_PointOnDivlineSide
                0x00000000a00b5720                P_PointOnLineSide
                0x00000000a00b569c                P_AproxDistance
                0x00000000a00b6328                PIT_AddLineIntercepts
 .text          0x00000000a00b6e90     0x2620 Debug\p_map.o
                0x00000000a00b7a64                P_TryMove
                0x00000000a00b7c8c                P_ThingHeightClip
                0x00000000a00b7d84                P_HitSlideLine
                0x00000000a00b92c4                P_ChangeSector
                0x00000000a00b7754                P_CheckPosition
                0x00000000a00b9024                P_RadiusAttack
                0x00000000a00b7f0c                PTR_SlideTraverse
                0x00000000a00b86a0                PTR_ShootTraverse
                0x00000000a00b8b34                P_AimLineAttack
                0x00000000a00b6f88                P_TeleportMove
                0x00000000a00b8038                P_SlideMove
                0x00000000a00b8d88                PTR_UseTraverse
                0x00000000a00b8f00                PIT_RadiusAttack
                0x00000000a00b8c84                P_LineAttack
                0x00000000a00b913c                PIT_ChangeSector
                0x00000000a00b71cc                PIT_CheckLine
                0x00000000a00b73d4                PIT_CheckThing
                0x00000000a00b6e90                PIT_StompThing
                0x00000000a00b8e4c                P_UseLines
                0x00000000a00b83bc                PTR_AimTraverse
 .text          0x00000000a00b94b0      0x8a8 Debug\p_lights.o
                0x00000000a00b9ccc                P_SpawnGlowingLight
                0x00000000a00b9604                T_LightFlash
                0x00000000a00b981c                P_SpawnStrobeFlash
                0x00000000a00b9778                T_StrobeFlash
                0x00000000a00b9574                P_SpawnFireFlicker
                0x00000000a00b9980                EV_TurnTagLightsOff
                0x00000000a00b94b0                T_FireFlicker
                0x00000000a00b9900                EV_StartLightStrobing
                0x00000000a00b96cc                P_SpawnLightFlash
                0x00000000a00b9a88                EV_LightTurnOn
                0x00000000a00b9b90                T_Glow
 .text          0x00000000a00b9d58     0x1a6c Debug\p_inter.o
                0x00000000a00b9d58                P_GiveAmmo
                0x00000000a00ba00c                P_GiveWeapon
                0x00000000a00ba37c                P_GivePower
                0x00000000a00ba338                P_GiveCard
                0x00000000a00ba25c                P_GiveBody
                0x00000000a00bb24c                P_DamageMobj
                0x00000000a00bae4c                P_KillMobj
                0x00000000a00ba4b4                P_TouchSpecialThing
                0x00000000a00ba2d4                P_GiveArmor
 .text          0x00000000a00bb7c4      0xdcc Debug\p_floor.o
                0x00000000a00bc294                EV_BuildStairs
                0x00000000a00bbac8                T_MoveFloor
                0x00000000a00bb7c4                T_MovePlane
                0x00000000a00bbc30                EV_DoFloor
 .text          0x00000000a00bc590     0x39a4 Debug\p_enemy.o
                0x00000000a00bd3ec                A_Chase
                0x00000000a00bee88                A_SkullAttack
                0x00000000a00bc590                P_RecursiveSound
                0x00000000a00bf34c                A_XScream
                0x00000000a00bc86c                P_CheckMissileRange
                0x00000000a00bfb28                A_BrainExplode
                0x00000000a00bdc14                A_BspiAttack
                0x00000000a00bfc10                A_BrainSpit
                0x00000000a00bdcfc                A_SargAttack
                0x00000000a00bf8b0                A_BabyMetal
                0x00000000a00bdf48                A_SkelMissile
                0x00000000a00bfa40                A_BrainScream
                0x00000000a00beb14                A_FatAttack1
                0x00000000a00bfd24                A_SpawnFly
                0x00000000a00bcc88                P_TryWalk
                0x00000000a00bd244                A_Look
                0x00000000a00bf1a4                A_PainAttack
                0x00000000a00bed0c                A_FatAttack3
                0x00000000a00bda20                A_CPosAttack
                0x00000000a00bdc58                A_TroopAttack
                0x00000000a00be008                A_Tracer
                0x00000000a00bf8d8                A_OpenShotgun2
                0x00000000a00beff8                A_PainShootSkull
                0x00000000a00bf1e4                A_PainDie
                0x00000000a00bf3ac                A_Fall
                0x00000000a00bf240                A_Scream
                0x00000000a00be324                A_SkelWhoosh
                0x00000000a00be7e4                A_FireCrackle
                0x00000000a00bf3d0                A_Explode
                0x00000000a00be570                A_VileChase
                0x00000000a00bccd8                P_NewChaseDir
                0x00000000a00bd82c                A_PosAttack
                0x00000000a00bfcfc                A_SpawnSound
                0x00000000a00bf860                A_Hoof
                0x00000000a00bc7b0                P_CheckMeleeRange
                0x00000000a00bf36c                A_Pain
                0x00000000a00be79c                A_VileStart
                0x00000000a00bde64                A_CyberAttack
                0x00000000a00bd198                A_KeenDie
                0x00000000a00be9a0                A_VileAttack
                0x00000000a00bfbf4                A_BrainDie
                0x00000000a00bf958                A_BrainAwake
                0x00000000a00be80c                A_Fire
                0x00000000a00be418                PIT_VileCheck
                0x00000000a00bdda0                A_HeadAttack
                0x00000000a00bf928                A_CloseShotgun2
                0x00000000a00bc760                P_NoiseAlert
                0x00000000a00bdb90                A_SpidRefire
                0x00000000a00be35c                A_SkelFist
                0x00000000a00beaec                A_FatRaise
                0x00000000a00bec10                A_FatAttack2
                0x00000000a00bf888                A_Metal
                0x00000000a00bd764                A_FaceTarget
                0x00000000a00bcffc                P_LookForPlayers
                0x00000000a00bdea8                A_BruisAttack
                0x00000000a00bf900                A_LoadShotgun2
                0x00000000a00be914                A_VileTarget
                0x00000000a00bfa20                A_BrainPain
                0x00000000a00bca2c                P_Move
                0x00000000a00bd918                A_SPosAttack
                0x00000000a00bfee8                A_PlayerScream
                0x00000000a00bdb0c                A_CPosRefire
                0x00000000a00be7bc                A_StartFire
                0x00000000a00bf5d4                A_BossDeath
 .text          0x00000000a00bff34      0xcbc Debug\p_doors.o
                0x00000000a00c0288                EV_DoLockedDoor
                0x00000000a00c0680                EV_VerticalDoor
                0x00000000a00c0b40                P_SpawnDoorRaiseIn5Mins
                0x00000000a00c03e8                EV_DoDoor
                0x00000000a00bff34                T_VerticalDoor
                0x00000000a00c0ac0                P_SpawnDoorCloseIn30
 .text          0x00000000a00c0bf0      0x784 Debug\p_ceilng.o
                0x00000000a00c125c                EV_CeilingCrushStop
                0x00000000a00c0e50                EV_DoCeiling
                0x00000000a00c0bf0                T_MoveCeiling
                0x00000000a00c1164                P_ActivateInStasisCeiling
                0x00000000a00c10b4                P_RemoveActiveCeiling
                0x00000000a00c1044                P_AddActiveCeiling
 .text          0x00000000a00c1374      0xf0c Debug\mus2mid.o
                0x00000000a00c1c4c                mus2mid
 .text          0x00000000a00c2280      0x3f0 Debug\memio.o
                0x00000000a00c2590                mem_ftell
                0x00000000a00c2410                mem_fwrite
                0x00000000a00c2554                mem_fclose
                0x00000000a00c23a8                mem_fopen_write
                0x00000000a00c2530                mem_get_buf
                0x00000000a00c25a4                mem_fseek
                0x00000000a00c2280                mem_fopen_read
                0x00000000a00c22cc                mem_fread
 .text          0x00000000a00c2670       0xc8 Debug\m_random.o
                0x00000000a00c26bc                M_Random
                0x00000000a00c2708                M_ClearRandom
                0x00000000a00c2670                P_Random
 .text          0x00000000a00c2738      0xa6c Debug\m_misc.o
                0x00000000a00c2a9c                M_ExtractFileBase
                0x00000000a00c2f30                M_StringStartsWith
                0x00000000a00c27fc                M_FileExists
                0x00000000a00c2738                M_MakeDirectory
                0x00000000a00c29a0                M_TempFile
                0x00000000a00c2e64                M_StringCopy
                0x00000000a00c2edc                M_StringConcat
                0x00000000a00c2910                M_ReadFile
                0x00000000a00c29ec                M_StrToInt
                0x00000000a00c2840                M_FileLength
                0x00000000a00c30ec                M_vsnprintf
                0x00000000a00c2c64                M_StrCaseStr
                0x00000000a00c2854                M_WriteFile
                0x00000000a00c2f98                M_StringEndsWith
                0x00000000a00c316c                M_snprintf
                0x00000000a00c3018                M_StringJoin
                0x00000000a00c2bd8                M_ForceUppercase
                0x00000000a00c2d08                M_StringReplace
 .text          0x00000000a00c31a4     0x31e0 Debug\m_menu.o
                0x00000000a00c48b8                M_DrawSelCell
                0x00000000a00c61b4                M_ClearMenus
                0x00000000a00c4920                M_StartMessage
                0x00000000a00c435c                M_ReadThis2
                0x00000000a00c42b8                M_EndGame
                0x00000000a00c4a80                M_StringHeight
                0x00000000a00c5e44                M_Drawer
                0x00000000a00c3658                M_DoSave
                0x00000000a00c4980                M_StringWidth
                0x00000000a00c4598                M_ChangeSensitivity
                0x00000000a00c3948                M_QuickLoad
                0x00000000a00c623c                M_Init
                0x00000000a00c3c48                M_SfxVol
                0x00000000a00c34a4                M_LoadGame
                0x00000000a00c3f9c                M_Episode
                0x00000000a00c34f4                M_DrawSave
                0x00000000a00c61ec                M_Ticker
                0x00000000a00c3a00                M_DrawReadThis1
                0x00000000a00c5e08                M_StartControlPanel
                0x00000000a00c33a4                M_DrawSaveLoadBorder
                0x00000000a00c37f8                M_QuickSaveResponse
                0x00000000a00c345c                M_LoadSelect
                0x00000000a00c4850                M_DrawEmptyCell
                0x00000000a00c4b18                M_WriteText
                0x00000000a00c3838                M_QuickSave
                0x00000000a00c3b70                M_DrawSound
                0x00000000a00c46d4                M_SizeDisplay
                0x00000000a00c3e34                M_NewGame
                0x00000000a00c3ecc                M_DrawEpisode
                0x00000000a00c43b8                M_FinishReadThis
                0x00000000a00c3908                M_QuickLoadResponse
                0x00000000a00c4cb4                M_Responder
                0x00000000a00c31a4                M_ReadSaveStrings
                0x00000000a00c41cc                M_ChangeMessages
                0x00000000a00c4770                M_DrawThermo
                0x00000000a00c3b38                M_DrawReadThis2
                0x00000000a00c3f00                M_VerifyNightmare
                0x00000000a00c4334                M_ReadThis
                0x00000000a00c4964                M_StopMessage
                0x00000000a00c61c8                M_SetupNextMenu
                0x00000000a00c3f44                M_ChooseSkill
                0x00000000a00c41a8                M_Options
                0x00000000a00c4604                M_ChangeDetail
                0x00000000a00c43e0                M_QuitResponse
                0x00000000a00c3de4                M_DrawNewGame
                0x00000000a00c32c4                M_DrawLoad
                0x00000000a00c3cfc                M_MusicVol
                0x00000000a00c4274                M_EndGameResponse
                0x00000000a00c3c24                M_Sound
                0x00000000a00c4544                M_QuitDOOM
                0x00000000a00c36b0                M_SaveSelect
                0x00000000a00c3794                M_SaveGame
                0x00000000a00c3db0                M_DrawMainMenu
                0x00000000a00c404c                M_DrawOptions
 .text          0x00000000a00c6384      0x11c Debug\m_fixed.o
                0x00000000a00c6384                FixedMul
                0x00000000a00c63e4                FixedDiv
 .text          0x00000000a00c64a0      0xa54 Debug\m_controls.o
                0x00000000a00c6a18                M_BindWeaponControls
                0x00000000a00c6c50                M_BindMenuControls
                0x00000000a00c6ee8                M_ApplyPlatformDefaults
                0x00000000a00c6b48                M_BindMapControls
                0x00000000a00c64a0                M_BindBaseControls
                0x00000000a00c67a0                M_BindHexenControls
                0x00000000a00c66d4                M_BindHereticControls
                0x00000000a00c6894                M_BindStrifeControls
                0x00000000a00c6e5c                M_BindChatControls
 .text          0x00000000a00c6ef4      0x81c Debug\m_config.o
                0x00000000a00c713c                M_SaveDefaults
                0x00000000a00c761c                M_SetConfigDir
                0x00000000a00c74c8                M_GetStrVariable
                0x00000000a00c711c                M_SetConfigFilenames
                0x00000000a00c71dc                M_LoadDefaults
                0x00000000a00c73fc                M_SetVariable
                0x00000000a00c752c                M_GetFloatVariable
                0x00000000a00c716c                M_SaveDefaultsAlternate
                0x00000000a00c7454                M_GetIntVariable
                0x00000000a00c768c                M_GetSaveGameDir
                0x00000000a00c73c8                M_BindVariable
 .text          0x00000000a00c7710      0x178 Debug\m_cheat.o
                0x00000000a00c7710                cht_CheckCheat
                0x00000000a00c7858                cht_GetParam
 .text          0x00000000a00c7888       0xc0 Debug\m_bbox.o
                0x00000000a00c7888                M_ClearBox
                0x00000000a00c78c4                M_AddToBox
 .text          0x00000000a00c7948      0x1a0 Debug\m_argv.o
                0x00000000a00c7948                M_CheckParmWithArgs
                0x00000000a00c7a30                M_FindResponseFile
                0x00000000a00c7a94                M_GetExecutableName
                0x00000000a00c79c8                M_ParmExists
                0x00000000a00c7a00                M_CheckParm
 .text          0x00000000a00c7ae8        0x0 Debug\info.o
 .text          0x00000000a00c7ae8        0x0 Debug\icon.o
 .text          0x00000000a00c7ae8      0xa80 Debug\i_video.o
                0x00000000a00c8068                I_ShutdownGraphics
                0x00000000a00c8538                I_EnableLoadingDisk
                0x00000000a00c809c                I_StartTic
                0x00000000a00c8550                I_DisplayFPSDots
                0x00000000a00c852c                I_SetGrabMouseCallback
                0x00000000a00c7bcc                cmap_to_fb
                0x00000000a00c855c                I_CheckIsScreensaver
                0x00000000a00c80b8                I_UpdateNoBlit
                0x00000000a00c8264                I_SetPalette
                0x00000000a00c8520                I_GraphicsCheckCommandLine
                0x00000000a00c8230                I_ReadScreen
                0x00000000a00c80c4                I_FinishUpdate
                0x00000000a00c8090                I_StartFrame
                0x00000000a00c7d68                I_InitGraphics
                0x00000000a00c7ae8                cmap_to_rgb565
                0x00000000a00c8508                I_EndRead
                0x00000000a00c8544                I_BindVideoVariables
                0x00000000a00c84fc                I_BeginRead
                0x00000000a00c8390                I_GetPaletteIndex
                0x00000000a00c8514                I_SetWindowTitle
 .text          0x00000000a00c8568      0x110 Debug\i_timer.o
                0x00000000a00c8660                I_WaitVBL
                0x00000000a00c8640                I_Sleep
                0x00000000a00c8568                I_GetTicks
                0x00000000a00c8588                I_GetTime
                0x00000000a00c866c                I_InitTimer
                0x00000000a00c85fc                I_GetTimeMS
 .text          0x00000000a00c8678      0xbfc Debug\i_system.o
                0x00000000a00c86c0                I_Tactile
                0x00000000a00c8678                I_AtExit
                0x00000000a00c8c00                I_ConsoleStdout
                0x00000000a00c8750                I_ZoneBase
                0x00000000a00c8bc8                I_PrintStartupBanner
                0x00000000a00c8960                I_PrintDivider
                0x00000000a00c8e04                I_Error
                0x00000000a00c8c10                I_Quit
                0x00000000a00c87f0                I_PrintBanner
                0x00000000a00c8f60                I_GetMemoryValue
 .text          0x00000000a00c9274      0x788 Debug\i_sound.o
                0x00000000a00c93c8                I_InitSound
                0x00000000a00c9730                I_InitMusic
                0x00000000a00c98ac                I_StopSong
                0x00000000a00c9678                I_StopSound
                0x00000000a00c96a8                I_SoundIsPlaying
                0x00000000a00c97fc                I_RegisterSong
                0x00000000a00c9514                I_UpdateSound
                0x00000000a00c991c                I_BindSoundVariables
                0x00000000a00c9618                I_StartSound
                0x00000000a00c96e8                I_PrecacheSounds
                0x00000000a00c98dc                I_MusicIsPlaying
                0x00000000a00c9844                I_UnRegisterSong
                0x00000000a00c95cc                I_UpdateSoundParams
                0x00000000a00c94d4                I_GetSfxLumpNum
                0x00000000a00c979c                I_PauseSong
                0x00000000a00c948c                I_ShutdownSound
                0x00000000a00c97cc                I_ResumeSong
                0x00000000a00c9760                I_ShutdownMusic
                0x00000000a00c9874                I_PlaySong
                0x00000000a00c976c                I_SetMusicVolume
 .text          0x00000000a00c99fc     0x31e0 Debug\i_scale.o
                0x00000000a00c99fc                I_InitScale
                0x00000000a00ca900                I_ResetScaleTables
 .text          0x00000000a00ccbdc      0x138 Debug\i_joystick.o
                0x00000000a00ccc00                I_BindJoystickVariables
                0x00000000a00ccbe8                I_InitJoystick
                0x00000000a00ccbf4                I_UpdateJoystick
                0x00000000a00ccbdc                I_ShutdownJoystick
 .text          0x00000000a00ccd14      0x1cc Debug\i_input.o
                0x00000000a00ccdfc                I_GetEvent
                0x00000000a00cced4                I_InitInput
 .text          0x00000000a00ccee0        0xc Debug\i_endoom.o
                0x00000000a00ccee0                I_Endoom
 .text          0x00000000a00cceec       0x94 Debug\i_cdmus.o
                0x00000000a00ccf28                I_CDMusResume
                0x00000000a00ccefc                I_CDMusPrintStartup
                0x00000000a00ccf18                I_CDMusStop
                0x00000000a00ccf38                I_CDMusSetVolume
                0x00000000a00cceec                I_CDMusInit
                0x00000000a00ccf50                I_CDMusFirstTrack
                0x00000000a00ccf60                I_CDMusLastTrack
                0x00000000a00ccf08                I_CDMusPlay
                0x00000000a00ccf70                I_CDMusTrackLength
 .text          0x00000000a00ccf80      0xd18 Debug\hu_stuff.o
                0x00000000a00cd830                HU_Responder
                0x00000000a00ccf80                HU_Init
                0x00000000a00cd770                HU_queueChatChar
                0x00000000a00cd3f4                HU_Erase
                0x00000000a00cd7d0                HU_dequeueChatChar
                0x00000000a00cd01c                HU_Start
                0x00000000a00cd430                HU_Ticker
                0x00000000a00cd3a0                HU_Drawer
                0x00000000a00cd008                HU_Stop
 .text          0x00000000a00cdc98      0xb70 Debug\hu_lib.o
                0x00000000a00cdc98                HUlib_init
                0x00000000a00cdd10                HUlib_addCharToTextLine
                0x00000000a00ce698                HUlib_keyInIText
                0x00000000a00ce5d4                HUlib_eraseLineFromIText
                0x00000000a00ce774                HUlib_drawIText
                0x00000000a00ce638                HUlib_addPrefixToIText
                0x00000000a00ce000                HUlib_eraseTextLine
                0x00000000a00cdca4                HUlib_clearTextLine
                0x00000000a00ce610                HUlib_resetIText
                0x00000000a00ce25c                HUlib_addLineToSText
                0x00000000a00ce550                HUlib_initIText
                0x00000000a00cdd90                HUlib_delCharFromTextLine
                0x00000000a00ce18c                HUlib_initSText
                0x00000000a00cddfc                HUlib_drawTextLine
                0x00000000a00ce3f4                HUlib_drawSText
                0x00000000a00ce7ac                HUlib_eraseIText
                0x00000000a00ce59c                HUlib_delCharFromIText
                0x00000000a00cdccc                HUlib_initTextLine
                0x00000000a00ce31c                HUlib_addMessageToSText
                0x00000000a00ce498                HUlib_eraseSText
 .text          0x00000000a00ce808      0x6bc Debug\gusconf.o
                0x00000000a00cee24                GUS_WriteConfig
 .text          0x00000000a00ceec4     0x47a8 Debug\g_game.o
                0x00000000a00d15a4                G_DeathMatchSpawnPlayer
                0x00000000a00d22e4                G_SaveGame
                0x00000000a00d231c                G_DoSaveGame
                0x00000000a00d25f0                G_InitNew
                0x00000000a00d2cec                G_RecordDemo
                0x00000000a00d29e0                G_ReadDemoTiccmd
                0x00000000a00d0e6c                G_PlayerFinishLevel
                0x00000000a00d1108                G_CheckSpot
                0x00000000a00d3464                G_CheckDemoStatus
                0x00000000a00d2190                G_LoadGame
                0x00000000a00d07f8                G_Ticker
                0x00000000a00ceec4                G_CmdChecksum
                0x00000000a00d2dd0                G_VanillaVersionCode
                0x00000000a00d2e54                G_BeginRecording
                0x00000000a00d2524                G_DoNewGame
                0x00000000a00d0f08                G_PlayerReborn
                0x00000000a00d214c                G_DoWorldDone
                0x00000000a00d19a8                G_ExitLevel
                0x00000000a00d301c                G_DeferedPlayDemo
                0x00000000a00d174c                G_DoReborn
                0x00000000a00d2b8c                G_WriteDemoTiccmd
                0x00000000a00d1994                G_ScreenShot
                0x00000000a00cf1d4                G_BuildTiccmd
                0x00000000a00d1a24                G_DoCompleted
                0x00000000a00d0e4c                G_InitPlayer
                0x00000000a00d3410                G_TimeDemo
                0x00000000a00d19c4                G_SecretExitLevel
                0x00000000a00cff90                G_DoLoadLevel
                0x00000000a00d03e4                G_Responder
                0x00000000a00d2090                G_WorldDone
                0x00000000a00d31a4                G_DoPlayDemo
                0x00000000a00d21c4                G_DoLoadGame
                0x00000000a00d24f4                G_DeferedInitNew
 .text          0x00000000a00d366c      0x94c Debug\f_wipe.o
                0x00000000a00d3e60                wipe_EndScreen
                0x00000000a00d3748                wipe_initColorXForm
                0x00000000a00d38dc                wipe_exitColorXForm
                0x00000000a00d3dd4                wipe_exitMelt
                0x00000000a00d3784                wipe_doColorXForm
                0x00000000a00d38f0                wipe_initMelt
                0x00000000a00d3e18                wipe_StartScreen
                0x00000000a00d366c                wipe_shittyColMajorXform
                0x00000000a00d3ab4                wipe_doMelt
                0x00000000a00d3ebc                wipe_ScreenWipe
 .text          0x00000000a00d3fb8     0x15bc Debug\f_finale.o
                0x00000000a00d3fb8                F_StartFinale
                0x00000000a00d4d18                F_CastResponder
                0x00000000a00d41bc                F_Responder
                0x00000000a00d456c                F_StartCast
                0x00000000a00d434c                F_TextWrite
                0x00000000a00d551c                F_Drawer
                0x00000000a00d41f8                F_Ticker
                0x00000000a00d4e6c                F_CastPrint
                0x00000000a00d5088                F_CastDrawer
                0x00000000a00d4638                F_CastTicker
                0x00000000a00d52ac                F_BunnyScroll
                0x00000000a00d5188                F_DrawPatchCol
 .text          0x00000000a00d5574        0xc Debug\dummy.o
                0x00000000a00d5574                I_InitTimidityConfig
 .text          0x00000000a00d5580        0x0 Debug\dstrings.o
 .text          0x00000000a00d5580        0x0 Debug\doomstat.o
 .text          0x00000000a00d5580      0x654 Debug\doomgeneric_hyperscan.o
                0x00000000a00d57dc                DG_Init
                0x00000000a00d5a90                DG_GetTicksMs
                0x00000000a00d5a58                DG_SleepMs
                0x00000000a00d5ac4                DG_GetKey
                0x00000000a00d5580                _unlink_r
                0x00000000a00d5b58                DG_SetWindowTitle
                0x00000000a00d59dc                DG_DrawFrame
                0x00000000a00d5b64                main
                0x00000000a00d55a4                _link_r
 .text          0x00000000a00d5bd4       0x60 Debug\doomgeneric.o
                0x00000000a00d5bd4                doomgeneric_Create
 .text          0x00000000a00d5c34        0x0 Debug\doomdef.o
 .text          0x00000000a00d5c34      0x784 Debug\d_net.o
                0x00000000a00d61c4                D_ConnectNetGame
                0x00000000a00d622c                D_CheckNetGame
 .text          0x00000000a00d63b8      0x404 Debug\d_mode.o
                0x00000000a00d65e0                D_ValidGameVersion
                0x00000000a00d66e0                D_GameMissionString
                0x00000000a00d63b8                D_ValidGameMode
                0x00000000a00d6694                D_IsEpisodeMap
                0x00000000a00d658c                D_GetNumEpisodes
                0x00000000a00d643c                D_ValidEpisodeMap
 .text          0x00000000a00d67bc     0x2a84 Debug\d_main.o
                0x00000000a00d7994                D_SetGameDescription
                0x00000000a00d70d8                D_PageTicker
                0x00000000a00d7774                D_IdentifyVersion
                0x00000000a00d6810                D_Display
                0x00000000a00d6fe0                D_DoomLoop
                0x00000000a00d713c                D_AdvanceDemo
                0x00000000a00d7150                D_DoAdvanceDemo
                0x00000000a00d710c                D_PageDrawer
                0x00000000a00d7450                D_StartTitle
                0x00000000a00d80ec                PrintGameVersion
                0x00000000a00d6f78                doomgeneric_Tick
                0x00000000a00d67bc                D_ProcessEvents
                0x00000000a00d7cb8                PrintDehackedBanners
                0x00000000a00d6ecc                D_GrabMouseCallback
                0x00000000a00d8234                D_DoomMain
                0x00000000a00d6d28                D_BindVariables
 .text          0x00000000a00d9240      0xac8 Debug\d_loop.o
                0x00000000a00d9574                D_ReceiveTic
                0x00000000a00d96d8                D_StartNetGame
                0x00000000a00d9730                D_InitNetGame
                0x00000000a00d976c                D_QuitNetGame
                0x00000000a00d96a8                D_StartGameLoop
                0x00000000a00d9cf4                D_RegisterLoopCallbacks
                0x00000000a00d9478                NetUpdate
                0x00000000a00d9a40                TryRunTics
 .text          0x00000000a00d9d08      0x89c Debug\d_iwad.o
                0x00000000a00da4f8                D_SuggestGameName
                0x00000000a00da2f8                D_FindAllIWADs
                0x00000000a00da3d8                D_SaveGameIWADName
                0x00000000a00da1b8                D_TryFindWADByName
                0x00000000a00da080                D_FindWADByName
                0x00000000a00da458                D_SuggestIWADName
                0x00000000a00da1f8                D_FindIWAD
 .text          0x00000000a00da5a4        0x0 Debug\d_items.o
 .text          0x00000000a00da5a4       0xe8 Debug\d_event.o
                0x00000000a00da60c                D_PopEvent
                0x00000000a00da5a4                D_PostEvent
 .text          0x00000000a00da68c     0x2a64 Debug\am_map.o
                0x00000000a00dbae8                AM_clearFB
                0x00000000a00db294                AM_maxOutWindowScale
                0x00000000a00db258                AM_minOutWindowScale
                0x00000000a00db04c                AM_unloadPics
                0x00000000a00dbb1c                AM_clipMline
                0x00000000a00dcab0                AM_drawLineCharacter
                0x00000000a00da878                AM_restoreScaleAndLoc
                0x00000000a00dc450                AM_drawGrid
                0x00000000a00db18c                AM_Stop
                0x00000000a00da68c                AM_getIslope
                0x00000000a00dd020                AM_drawCrosshair
                0x00000000a00daa24                AM_findMinMaxBoundaries
                0x00000000a00dade4                AM_initVariables
                0x00000000a00dac5c                AM_changeWindowLoc
                0x00000000a00da84c                AM_saveScaleAndLoc
                0x00000000a00dc608                AM_drawWalls
                0x00000000a00db830                AM_changeWindowScale
                0x00000000a00dc174                AM_drawFline
                0x00000000a00dced4                AM_drawMarks
                0x00000000a00db8ac                AM_doFollowPlayer
                0x00000000a00dcc18                AM_drawPlayers
                0x00000000a00dd064                AM_Drawer
                0x00000000a00da764                AM_activateNewScale
                0x00000000a00da95c                AM_addMark
                0x00000000a00db2d0                AM_Responder
                0x00000000a00db9c4                AM_updateLightLev
                0x00000000a00dc40c                AM_drawMline
                0x00000000a00dc9c0                AM_rotate
                0x00000000a00dba70                AM_Ticker
                0x00000000a00dafd0                AM_loadPics
                0x00000000a00db0a8                AM_clearMarks
                0x00000000a00dcdfc                AM_drawThings
                0x00000000a00db0fc                AM_LevelInit
                0x00000000a00db1cc                AM_Start
 .text          0x00000000a00dd0f0      0x3c0 Debug\libgloss.o
                0x00000000a00dd420                _getpid
                0x00000000a00dd3a0                _lseek_r
                0x00000000a00dd478                _kill_r
                0x00000000a00dd3b8                _fstat_r
                0x00000000a00dd3d8                isatty
                0x00000000a00dd430                _getpid_r
                0x00000000a00dd310                _sbrk_r
                0x00000000a00dd170                _read_r
                0x00000000a00dd0f0                _putc_r
                0x00000000a00dd2c4                _open_r
                0x00000000a00dd2dc                _close_r
                0x00000000a00dd240                _write_r
                0x00000000a00dd440                _kill
                0x00000000a00dd2f0                _exit
 .text          0x00000000a00dd4b0       0xd8 Debug\UART.o
                0x00000000a00dd4b0                UART_Init
                0x00000000a00dd4bc                UART_SendChar
                0x00000000a00dd50c                UART_GetChar
 .text          0x00000000a00dd588      0x5a4 Debug\TV.o
                0x00000000a00ddacc                TV_FadeIn
                0x00000000a00dd5dc                TV_Init
                0x00000000a00dd6a4                TV_Buffer_Sel
                0x00000000a00dd588                TV_ClearScreen
                0x00000000a00dd700                TV_Fade
                0x00000000a00dd864                TV_PrintColor
                0x00000000a00dda74                TV_FadeOut
                0x00000000a00dd99c                TV_PrintHex
                0x00000000a00dd670                TV_Buffer_Set
                0x00000000a00dd720                TV_Print
                0x00000000a00dd6e0                TV_Hue
                0x00000000a00dd6c0                TV_Saturation
 .text          0x00000000a00ddb2c      0x3d0 Debug\NorFlash.o
                0x00000000a00ddb64                NorFlash_ChipErase
                0x00000000a00ddca0                NorFlash_SectorErase
                0x00000000a00ddb2c                NorFlash_Init
                0x00000000a00dde74                NorFlash_SetAddress
                0x00000000a00dde00                NorFlash_WordWrite
                0x00000000a00ddbe8                NorFlash_BlockErase
                0x00000000a00ddd58                NorFlash_Write32
                0x00000000a00ddec8                NorFlash_Delay
 .text          0x00000000a00ddefc      0x1e0 Debug\User_IRQ.o
                0x00000000a00de0a0                IRQ28
                0x00000000a00ddf5c                IRQ55
                0x00000000a00ddf38                IRQ58
                0x00000000a00de010                IRQ40
                0x00000000a00de040                IRQ36
                0x00000000a00de07c                IRQ31
                0x00000000a00ddf08                IRQ62
                0x00000000a00ddf14                IRQ61
                0x00000000a00de034                IRQ37
                0x00000000a00de028                IRQ38
                0x00000000a00de088                IRQ30
                0x00000000a00de094                IRQ29
                0x00000000a00ddf68                IRQ54
                0x00000000a00ddff8                IRQ42
                0x00000000a00ddf44                IRQ57
                0x00000000a00ddf50                IRQ56
                0x00000000a00de004                IRQ41
                0x00000000a00ddfbc                IRQ47
                0x00000000a00de064                IRQ33
                0x00000000a00ddf2c                IRQ59
                0x00000000a00de0d0                IRQ24
                0x00000000a00de01c                IRQ39
                0x00000000a00ddfe0                IRQ44
                0x00000000a00de0ac                IRQ27
                0x00000000a00ddf8c                IRQ51
                0x00000000a00de058                IRQ34
                0x00000000a00ddf98                IRQ50
                0x00000000a00ddf20                IRQ60
                0x00000000a00de0c4                IRQ25
                0x00000000a00ddf74                IRQ53
                0x00000000a00ddfa4                IRQ49
                0x00000000a00ddfc8                IRQ46
                0x00000000a00ddfd4                IRQ45
                0x00000000a00de0b8                IRQ26
                0x00000000a00ddf80                IRQ52
                0x00000000a00de070                IRQ32
                0x00000000a00ddfec                IRQ43
                0x00000000a00ddfb0                IRQ48
                0x00000000a00ddefc                IRQ63
                0x00000000a00de04c                IRQ35
 .text          0x00000000a00de0dc        0x0 Debug\Sys_isr.o
 .text          0x00000000a00de0dc      0x198 Debug\Sys_IRQ.o
                0x00000000a00de0e4                irq_dispatch
                0x00000000a00de0dc                intmsg
 .text          0x00000000a00de274      0x164 Debug\I2C.o
                0x00000000a00de350                I2C_Write8
                0x00000000a00de274                I2C_Init
                0x00000000a00de2c4                I2C_Read8
 .text          0x00000000a00de3d8     0x4644 Debug\ff.o
                0x00000000a00e2778                f_rename
                0x00000000a00e227c                f_truncate
                0x00000000a00e1ee8                f_closedir
                0x00000000a00e2400                f_unlink
                0x00000000a00e1a1c                f_close
                0x00000000a00e116c                f_read
                0x00000000a00e1f2c                f_readdir
                0x00000000a00e18fc                f_sync
                0x00000000a00e0c34                f_mount
                0x00000000a00e1dd0                f_opendir
                0x00000000a00e1a78                f_lseek
                0x00000000a00e1fd0                f_stat
                0x00000000a00e14b4                f_write
                0x00000000a00e0d2c                f_open
                0x00000000a00e2580                f_mkdir
                0x00000000a00e2064                f_getfree
 .text          0x00000000a00e2a1c      0x220 Debug\diskio.o
                0x00000000a00e2a88                USB_disk_initialize
                0x00000000a00e2b04                DiskB_ReadSector
                0x00000000a00e2ba0                disk_initialize
                0x00000000a00e2b8c                disk_status
                0x00000000a00e2c24                disk_ioctl
                0x00000000a00e2a1c                DiskB_Initial
                0x00000000a00e2b48                DiskB_WriteSector
                0x00000000a00e2bf4                disk_write
                0x00000000a00e2bc4                disk_read
 .text          0x00000000a00e2c3c      0x138 Debug\HS_Controller.o
                0x00000000a00e2c90                HS_Controller_Read
                0x00000000a00e2c3c                HS_Controller_Init
 .text          0x00000000a00e2d74       0x14 c:/sunplus/s_core~1.1/gnu/bin/../lib/gcc/score-elf/4.2.1/../../../../score-elf/lib/mel\libc.a(abort.o)
                0x00000000a00e2d74                abort
 .text          0x00000000a00e2d88       0x14 c:/sunplus/s_core~1.1/gnu/bin/../lib/gcc/score-elf/4.2.1/../../../../score-elf/lib/mel\libc.a(atof.o)
                0x00000000a00e2d88                atof
 .text          0x00000000a00e2d9c       0x30 c:/sunplus/s_core~1.1/gnu/bin/../lib/gcc/score-elf/4.2.1/../../../../score-elf/lib/mel\libc.a(atoi.o)
                0x00000000a00e2d9c                _atoi_r
                0x00000000a00e2db4                atoi
 .text          0x00000000a00e2dcc       0x28 c:/sunplus/s_core~1.1/gnu/bin/../lib/gcc/score-elf/4.2.1/../../../../score-elf/lib/mel\libc.a(calloc.o)
                0x00000000a00e2dcc                calloc
 .text          0x00000000a00e2df4       0xb4 c:/sunplus/s_core~1.1/gnu/bin/../lib/gcc/score-elf/4.2.1/../../../../score-elf/lib/mel\libc.a(callocr.o)
                0x00000000a00e2df4                _calloc_r
 .text          0x00000000a00e2ea8        0x0 c:/sunplus/s_core~1.1/gnu/bin/../lib/gcc/score-elf/4.2.1/../../../../score-elf/lib/mel\libc.a(ctype_.o)
 .text          0x00000000a00e2ea8       0xd4 c:/sunplus/s_core~1.1/gnu/bin/../lib/gcc/score-elf/4.2.1/../../../../score-elf/lib/mel\libc.a(exit.o)
                0x00000000a00e2ea8                exit
 .text          0x00000000a00e2f7c      0x13c c:/sunplus/s_core~1.1/gnu/bin/../lib/gcc/score-elf/4.2.1/../../../../score-elf/lib/mel\libc.a(fclose.o)
                0x00000000a00e2f7c                fclose
 .text          0x00000000a00e30b8       0xf8 c:/sunplus/s_core~1.1/gnu/bin/../lib/gcc/score-elf/4.2.1/../../../../score-elf/lib/mel\libc.a(fflush.o)
                0x00000000a00e30b8                fflush
 .text          0x00000000a00e31b0      0x24c c:/sunplus/s_core~1.1/gnu/bin/../lib/gcc/score-elf/4.2.1/../../../../score-elf/lib/mel\libc.a(findfp.o)
                0x00000000a00e320c                __sinit
                0x00000000a00e32a8                __sfmoreglue
                0x00000000a00e3298                _cleanup
                0x00000000a00e327c                _cleanup_r
                0x00000000a00e330c                __sfp
 .text          0x00000000a00e33fc       0xec c:/sunplus/s_core~1.1/gnu/bin/../lib/gcc/score-elf/4.2.1/../../../../score-elf/lib/mel\libc.a(fopen.o)
                0x00000000a00e34c0                fopen
                0x00000000a00e33fc                _fopen_r
 .text          0x00000000a00e34e8       0x1c c:/sunplus/s_core~1.1/gnu/bin/../lib/gcc/score-elf/4.2.1/../../../../score-elf/lib/mel\libc.a(fprintf.o)
                0x00000000a00e34e8                fprintf
 .text          0x00000000a00e3504       0x58 c:/sunplus/s_core~1.1/gnu/bin/../lib/gcc/score-elf/4.2.1/../../../../score-elf/lib/mel\libc.a(fputc.o)
                0x00000000a00e3504                fputc
 .text          0x00000000a00e355c       0xdc c:/sunplus/s_core~1.1/gnu/bin/../lib/gcc/score-elf/4.2.1/../../../../score-elf/lib/mel\libc.a(fread.o)
                0x00000000a00e355c                fread
 .text          0x00000000a00e3638      0x42c c:/sunplus/s_core~1.1/gnu/bin/../lib/gcc/score-elf/4.2.1/../../../../score-elf/lib/mel\libc.a(freer.o)
                0x00000000a00e3754                _free_r
                0x00000000a00e3638                _malloc_trim_r
 .text          0x00000000a00e3a64      0x4b8 c:/sunplus/s_core~1.1/gnu/bin/../lib/gcc/score-elf/4.2.1/../../../../score-elf/lib/mel\libc.a(fseek.o)
                0x00000000a00e3ef4                fseek
                0x00000000a00e3a64                _fseek_r
 .text          0x00000000a00e3f1c      0x108 c:/sunplus/s_core~1.1/gnu/bin/../lib/gcc/score-elf/4.2.1/../../../../score-elf/lib/mel\libc.a(ftell.o)
                0x00000000a00e4004                ftell
                0x00000000a00e3f1c                _ftell_r
 .text          0x00000000a00e4024      0x110 c:/sunplus/s_core~1.1/gnu/bin/../lib/gcc/score-elf/4.2.1/../../../../score-elf/lib/mel\libc.a(fwalk.o)
                0x00000000a00e4024                _fwalk
 .text          0x00000000a00e4134       0x6c c:/sunplus/s_core~1.1/gnu/bin/../lib/gcc/score-elf/4.2.1/../../../../score-elf/lib/mel\libc.a(fwrite.o)
                0x00000000a00e4134                fwrite
 .text          0x00000000a00e41a0       0x4c c:/sunplus/s_core~1.1/gnu/bin/../lib/gcc/score-elf/4.2.1/../../../../score-elf/lib/mel\libc.a(getenv.o)
                0x00000000a00e41a0                getenv
                0x00000000a00e41c4                _findenv
 .text          0x00000000a00e41ec      0x128 c:/sunplus/s_core~1.1/gnu/bin/../lib/gcc/score-elf/4.2.1/../../../../score-elf/lib/mel\libc.a(getenv_r.o)
                0x00000000a00e41ec                _findenv_r
                0x00000000a00e42fc                _getenv_r
 .text          0x00000000a00e4314        0x0 c:/sunplus/s_core~1.1/gnu/bin/../lib/gcc/score-elf/4.2.1/../../../../score-elf/lib/mel\libc.a(impure.o)
 .text          0x00000000a00e4314      0x17c c:/sunplus/s_core~1.1/gnu/bin/../lib/gcc/score-elf/4.2.1/../../../../score-elf/lib/mel\libc.a(makebuf.o)
                0x00000000a00e4314                __smakebuf
 .text          0x00000000a00e4490       0x40 c:/sunplus/s_core~1.1/gnu/bin/../lib/gcc/score-elf/4.2.1/../../../../score-elf/lib/mel\libc.a(malloc.o)
                0x00000000a00e44b0                malloc
                0x00000000a00e4490                free
 .text          0x00000000a00e44d0      0x8ac c:/sunplus/s_core~1.1/gnu/bin/../lib/gcc/score-elf/4.2.1/../../../../score-elf/lib/mel\libc.a(mallocr.o)
                0x00000000a00e44d0                _malloc_r
 .text          0x00000000a00e4d7c       0x90 c:/sunplus/s_core~1.1/gnu/bin/../lib/gcc/score-elf/4.2.1/../../../../score-elf/lib/mel\libc.a(memcmp.o)
                0x00000000a00e4d7c                memcmp
 .text          0x00000000a00e4e0c       0xb0 c:/sunplus/s_core~1.1/gnu/bin/../lib/gcc/score-elf/4.2.1/../../../../score-elf/lib/mel\libc.a(memcpy.o)
                0x00000000a00e4e0c                memcpy
 .text          0x00000000a00e4ebc       0xe8 c:/sunplus/s_core~1.1/gnu/bin/../lib/gcc/score-elf/4.2.1/../../../../score-elf/lib/mel\libc.a(memmove.o)
                0x00000000a00e4ebc                memmove
 .text          0x00000000a00e4fa4       0xb4 c:/sunplus/s_core~1.1/gnu/bin/../lib/gcc/score-elf/4.2.1/../../../../score-elf/lib/mel\libc.a(memset.o)
                0x00000000a00e4fa4                memset
 .text          0x00000000a00e5058        0x8 c:/sunplus/s_core~1.1/gnu/bin/../lib/gcc/score-elf/4.2.1/../../../../score-elf/lib/mel\libc.a(mlock.o)
                0x00000000a00e505c                __malloc_unlock
                0x00000000a00e5058                __malloc_lock
 .text          0x00000000a00e5060       0x4c c:/sunplus/s_core~1.1/gnu/bin/../lib/gcc/score-elf/4.2.1/../../../../score-elf/lib/mel\libc.a(printf.o)
                0x00000000a00e5060                printf
                0x00000000a00e508c                _printf_r
 .text          0x00000000a00e50ac       0x88 c:/sunplus/s_core~1.1/gnu/bin/../lib/gcc/score-elf/4.2.1/../../../../score-elf/lib/mel\libc.a(putchar.o)
                0x00000000a00e5114                putchar
                0x00000000a00e50ac                _putchar_r
 .text          0x00000000a00e5134       0x94 c:/sunplus/s_core~1.1/gnu/bin/../lib/gcc/score-elf/4.2.1/../../../../score-elf/lib/mel\libc.a(puts.o)
                0x00000000a00e5134                _puts_r
                0x00000000a00e51a8                puts
 .text          0x00000000a00e51c8       0x28 c:/sunplus/s_core~1.1/gnu/bin/../lib/gcc/score-elf/4.2.1/../../../../score-elf/lib/mel\libc.a(realloc.o)
                0x00000000a00e51c8                realloc
 .text          0x00000000a00e51f0      0x5d4 c:/sunplus/s_core~1.1/gnu/bin/../lib/gcc/score-elf/4.2.1/../../../../score-elf/lib/mel\libc.a(reallocr.o)
                0x00000000a00e51f0                _realloc_r
 .text          0x00000000a00e57c4      0x1f0 c:/sunplus/s_core~1.1/gnu/bin/../lib/gcc/score-elf/4.2.1/../../../../score-elf/lib/mel\libc.a(refill.o)
                0x00000000a00e57dc                __srefill
 .text          0x00000000a00e59b4       0x44 c:/sunplus/s_core~1.1/gnu/bin/../lib/gcc/score-elf/4.2.1/../../../../score-elf/lib/mel\libc.a(remove.o)
                0x00000000a00e59d8                remove
                0x00000000a00e59b4                _remove_r
 .text          0x00000000a00e59f8       0x74 c:/sunplus/s_core~1.1/gnu/bin/../lib/gcc/score-elf/4.2.1/../../../../score-elf/lib/mel\libc.a(rename.o)
                0x00000000a00e5a44                rename
                0x00000000a00e59f8                _rename_r
 .text          0x00000000a00e5a6c      0x2a8 c:/sunplus/s_core~1.1/gnu/bin/../lib/gcc/score-elf/4.2.1/../../../../score-elf/lib/mel\libc.a(signal.o)
                0x00000000a00e5c74                _signal_r
                0x00000000a00e5b98                _raise_r
                0x00000000a00e5ae8                __sigtramp_r
                0x00000000a00e5cec                signal
                0x00000000a00e5ad8                _init_signal
                0x00000000a00e5a6c                _init_signal_r
                0x00000000a00e5b78                __sigtramp
                0x00000000a00e5c54                raise
 .text          0x00000000a00e5d14       0xf8 c:/sunplus/s_core~1.1/gnu/bin/../lib/gcc/score-elf/4.2.1/../../../../score-elf/lib/mel\libc.a(snprintf.o)
                0x00000000a00e5d14                snprintf
                0x00000000a00e5d98                _snprintf_r
 .text          0x00000000a00e5e0c       0xd4 c:/sunplus/s_core~1.1/gnu/bin/../lib/gcc/score-elf/4.2.1/../../../../score-elf/lib/mel\libc.a(sscanf.o)
                0x00000000a00e5e78                sscanf
                0x00000000a00e5e10                _sscanf_r
 .text          0x00000000a00e5ee0      0x170 c:/sunplus/s_core~1.1/gnu/bin/../lib/gcc/score-elf/4.2.1/../../../../score-elf/lib/mel\libc.a(stdio.o)
                0x00000000a00e5f08                __sseek
                0x00000000a00e5fe8                __sread
                0x00000000a00e5ee0                __sclose
                0x00000000a00e5f74                __swrite
 .text          0x00000000a00e6050       0xc0 c:/sunplus/s_core~1.1/gnu/bin/../lib/gcc/score-elf/4.2.1/../../../../score-elf/lib/mel\libc.a(strcasecmp.o)
                0x00000000a00e6050                strcasecmp
 .text          0x00000000a00e6110       0xfc c:/sunplus/s_core~1.1/gnu/bin/../lib/gcc/score-elf/4.2.1/../../../../score-elf/lib/mel\libc.a(strchr.o)
                0x00000000a00e6110                strchr
 .text          0x00000000a00e620c       0xc4 c:/sunplus/s_core~1.1/gnu/bin/../lib/gcc/score-elf/4.2.1/../../../../score-elf/lib/mel\libc.a(strcmp.o)
                0x00000000a00e620c                strcmp
 .text          0x00000000a00e62d0       0x20 c:/sunplus/s_core~1.1/gnu/bin/../lib/gcc/score-elf/4.2.1/../../../../score-elf/lib/mel\libc.a(strdup.o)
                0x00000000a00e62d0                strdup
 .text          0x00000000a00e62f0       0x48 c:/sunplus/s_core~1.1/gnu/bin/../lib/gcc/score-elf/4.2.1/../../../../score-elf/lib/mel\libc.a(strdup_r.o)
                0x00000000a00e62f0                _strdup_r
 .text          0x00000000a00e6338       0x60 c:/sunplus/s_core~1.1/gnu/bin/../lib/gcc/score-elf/4.2.1/../../../../score-elf/lib/mel\libc.a(strlen.o)
                0x00000000a00e6338                strlen
 .text          0x00000000a00e6398       0xe4 c:/sunplus/s_core~1.1/gnu/bin/../lib/gcc/score-elf/4.2.1/../../../../score-elf/lib/mel\libc.a(strncasecmp.o)
                0x00000000a00e6398                strncasecmp
 .text          0x00000000a00e647c      0x120 c:/sunplus/s_core~1.1/gnu/bin/../lib/gcc/score-elf/4.2.1/../../../../score-elf/lib/mel\libc.a(strncmp.o)
                0x00000000a00e647c                strncmp
 .text          0x00000000a00e659c      0x10c c:/sunplus/s_core~1.1/gnu/bin/../lib/gcc/score-elf/4.2.1/../../../../score-elf/lib/mel\libc.a(strncpy.o)
                0x00000000a00e659c                strncpy
 .text          0x00000000a00e66a8       0x54 c:/sunplus/s_core~1.1/gnu/bin/../lib/gcc/score-elf/4.2.1/../../../../score-elf/lib/mel\libc.a(strrchr.o)
                0x00000000a00e66a8                strrchr
 .text          0x00000000a00e66fc       0x84 c:/sunplus/s_core~1.1/gnu/bin/../lib/gcc/score-elf/4.2.1/../../../../score-elf/lib/mel\libc.a(strstr.o)
                0x00000000a00e66fc                strstr
 .text          0x00000000a00e6780      0xffc c:/sunplus/s_core~1.1/gnu/bin/../lib/gcc/score-elf/4.2.1/../../../../score-elf/lib/mel\libc.a(strtod.o)
                0x00000000a00e678c                _strtod_r
                0x00000000a00e6780                getversion
                0x00000000a00e7754                strtod
                0x00000000a00e772c                strtof
 .text          0x00000000a00e777c      0x208 c:/sunplus/s_core~1.1/gnu/bin/../lib/gcc/score-elf/4.2.1/../../../../score-elf/lib/mel\libc.a(strtol.o)
                0x00000000a00e795c                strtol
                0x00000000a00e777c                _strtol_r
 .text          0x00000000a00e7984       0x28 c:/sunplus/s_core~1.1/gnu/bin/../lib/gcc/score-elf/4.2.1/../../../../score-elf/lib/mel\libc.a(sysread.o)
                0x00000000a00e7984                read
 .text          0x00000000a00e79ac       0x50 c:/sunplus/s_core~1.1/gnu/bin/../lib/gcc/score-elf/4.2.1/../../../../score-elf/lib/mel\libc.a(system.o)
                0x00000000a00e79dc                system
                0x00000000a00e79ac                _system_r
 .text          0x00000000a00e79fc       0x28 c:/sunplus/s_core~1.1/gnu/bin/../lib/gcc/score-elf/4.2.1/../../../../score-elf/lib/mel\libc.a(syswrite.o)
                0x00000000a00e79fc                write
 .text          0x00000000a00e7a24     0x1bb0 c:/sunplus/s_core~1.1/gnu/bin/../lib/gcc/score-elf/4.2.1/../../../../score-elf/lib/mel\libc.a(vfprintf.o)
                0x00000000a00e7ac4                _vfprintf_r
                0x00000000a00e7a68                vfprintf
 .text          0x00000000a00e95d4     0x1020 c:/sunplus/s_core~1.1/gnu/bin/../lib/gcc/score-elf/4.2.1/../../../../score-elf/lib/mel\libc.a(vfscanf.o)
                0x00000000a00ea568                __svfscanf
                0x00000000a00ea564                _vfscanf_r
                0x00000000a00ea590                vfscanf
                0x00000000a00e95d4                __sccl
                0x00000000a00e96d4                __svfscanf_r
 .text          0x00000000a00ea5f4       0xe0 c:/sunplus/s_core~1.1/gnu/bin/../lib/gcc/score-elf/4.2.1/../../../../score-elf/lib/mel\libc.a(vsnprintf.o)
                0x00000000a00ea660                vsnprintf
                0x00000000a00ea5f4                _vsnprintf_r
 .text          0x00000000a00ea6d4      0x124 c:/sunplus/s_core~1.1/gnu/bin/../lib/gcc/score-elf/4.2.1/../../../../score-elf/lib/mel\libc.a(wbuf.o)
                0x00000000a00ea6d4                __swbuf
 .text          0x00000000a00ea7f8       0x78 c:/sunplus/s_core~1.1/gnu/bin/../lib/gcc/score-elf/4.2.1/../../../../score-elf/lib/mel\libc.a(wcrtomb.o)
                0x00000000a00ea7f8                _wcrtomb_r
                0x00000000a00ea848                wcrtomb
 .text          0x00000000a00ea870      0x174 c:/sunplus/s_core~1.1/gnu/bin/../lib/gcc/score-elf/4.2.1/../../../../score-elf/lib/mel\libc.a(wcsrtombs.o)
                0x00000000a00ea870                _wcsrtombs_r
                0x00000000a00ea9b8                wcsrtombs
 .text          0x00000000a00ea9e4      0x4d8 c:/sunplus/s_core~1.1/gnu/bin/../lib/gcc/score-elf/4.2.1/../../../../score-elf/lib/mel\libc.a(wctomb_r.o)
                0x00000000a00ea9e4                _wctomb_r
 .text          0x00000000a00eaebc      0x124 c:/sunplus/s_core~1.1/gnu/bin/../lib/gcc/score-elf/4.2.1/../../../../score-elf/lib/mel\libc.a(wsetup.o)
                0x00000000a00eaebc                __swsetup
 .text          0x00000000a00eafe0     0x14b0 c:/sunplus/s_core~1.1/gnu/bin/../lib/gcc/score-elf/4.2.1/../../../../score-elf/lib/mel\libc.a(dtoa.o)
                0x00000000a00eb1d0                _dtoa_r
 .text          0x00000000a00ec490        0x0 c:/sunplus/s_core~1.1/gnu/bin/../lib/gcc/score-elf/4.2.1/../../../../score-elf/lib/mel\libc.a(environ.o)
 .text          0x00000000a00ec490        0x8 c:/sunplus/s_core~1.1/gnu/bin/../lib/gcc/score-elf/4.2.1/../../../../score-elf/lib/mel\libc.a(envlock.o)
                0x00000000a00ec494                __env_unlock
                0x00000000a00ec490                __env_lock
 .text          0x00000000a00ec498        0xc c:/sunplus/s_core~1.1/gnu/bin/../lib/gcc/score-elf/4.2.1/../../../../score-elf/lib/mel\libc.a(errno.o)
                0x00000000a00ec498                __errno
 .text          0x00000000a00ec4a4       0x8c c:/sunplus/s_core~1.1/gnu/bin/../lib/gcc/score-elf/4.2.1/../../../../score-elf/lib/mel\libc.a(flags.o)
                0x00000000a00ec4a4                __sflags
 .text          0x00000000a00ec530      0x390 c:/sunplus/s_core~1.1/gnu/bin/../lib/gcc/score-elf/4.2.1/../../../../score-elf/lib/mel\libc.a(fvwrite.o)
                0x00000000a00ec530                __sfvwrite
 .text          0x00000000a00ec8c0       0x24 c:/sunplus/s_core~1.1/gnu/bin/../lib/gcc/score-elf/4.2.1/../../../../score-elf/lib/mel\libc.a(iswspace.o)
                0x00000000a00ec8c0                iswspace
 .text          0x00000000a00ec8e4       0xdc c:/sunplus/s_core~1.1/gnu/bin/../lib/gcc/score-elf/4.2.1/../../../../score-elf/lib/mel\libc.a(locale.o)
                0x00000000a00ec90c                _setlocale_r
                0x00000000a00ec8e4                __locale_charset
                0x00000000a00ec8f0                _localeconv_r
                0x00000000a00ec998                setlocale
                0x00000000a00ec8fc                localeconv
 .text          0x00000000a00ec9c0       0x94 c:/sunplus/s_core~1.1/gnu/bin/../lib/gcc/score-elf/4.2.1/../../../../score-elf/lib/mel\libc.a(mbrtowc.o)
                0x00000000a00eca28                mbrtowc
                0x00000000a00ec9c0                _mbrtowc_r
 .text          0x00000000a00eca54       0x54 c:/sunplus/s_core~1.1/gnu/bin/../lib/gcc/score-elf/4.2.1/../../../../score-elf/lib/mel\libc.a(mbtowc_r.o)
                0x00000000a00eca54                _mbtowc_r
 .text          0x00000000a00ecaa8      0x100 c:/sunplus/s_core~1.1/gnu/bin/../lib/gcc/score-elf/4.2.1/../../../../score-elf/lib/mel\libc.a(memchr.o)
                0x00000000a00ecaa8                memchr
 .text          0x00000000a00ecba8      0xd5c c:/sunplus/s_core~1.1/gnu/bin/../lib/gcc/score-elf/4.2.1/../../../../score-elf/lib/mel\libc.a(mprec.o)
                0x00000000a00ecf48                _mprec_log10
                0x00000000a00ecbc8                _hi0bits
                0x00000000a00ecfb8                _Balloc
                0x00000000a00ed054                _d2b
                0x00000000a00ed404                _multiply
                0x00000000a00ecebc                _ratio
                0x00000000a00ed7f8                _s2b
                0x00000000a00ed5f4                _i2b
                0x00000000a00ecc3c                _lo0bits
                0x00000000a00eccf0                __mcmp
                0x00000000a00ed70c                _pow5mult
                0x00000000a00ecd48                _ulp
                0x00000000a00ecda4                _b2d
                0x00000000a00ed61c                _multadd
                0x00000000a00ed190                __mdiff
                0x00000000a00ed2e8                _lshift
                0x00000000a00ecba8                _Bfree
 .text          0x00000000a00ed904        0x0 c:/sunplus/s_core~1.1/gnu/bin/../lib/gcc/score-elf/4.2.1/../../../../score-elf/lib/mel\libc.a(s_infconst.o)
 .text          0x00000000a00ed904       0x3c c:/sunplus/s_core~1.1/gnu/bin/../lib/gcc/score-elf/4.2.1/../../../../score-elf/lib/mel\libc.a(s_isinf.o)
                0x00000000a00ed904                isinf
 .text          0x00000000a00ed940       0x2c c:/sunplus/s_core~1.1/gnu/bin/../lib/gcc/score-elf/4.2.1/../../../../score-elf/lib/mel\libc.a(s_isnan.o)
                0x00000000a00ed940                isnan
 .text          0x00000000a00ed96c       0xb0 c:/sunplus/s_core~1.1/gnu/bin/../lib/gcc/score-elf/4.2.1/../../../../score-elf/lib/mel\libc.a(sprintf.o)
                0x00000000a00ed9cc                _sprintf_r
                0x00000000a00ed96c                sprintf
 .text          0x00000000a00eda1c      0x298 c:/sunplus/s_core~1.1/gnu/bin/../lib/gcc/score-elf/4.2.1/../../../../score-elf/lib/mel\libc.a(strtoll_r.o)
                0x00000000a00eda1c                _strtoll_r
 .text          0x00000000a00edcb4      0x27c c:/sunplus/s_core~1.1/gnu/bin/../lib/gcc/score-elf/4.2.1/../../../../score-elf/lib/mel\libc.a(strtoull_r.o)
                0x00000000a00edcb4                _strtoull_r
 .text          0x00000000a00edf30      0x204 c:/sunplus/s_core~1.1/gnu/bin/../lib/gcc/score-elf/4.2.1/../../../../score-elf/lib/mel\libc.a(strtoul.o)
                0x00000000a00ee10c                strtoul
                0x00000000a00edf30                _strtoul_r
 .text          0x00000000a00ee134      0x278 c:/sunplus/s_core~1.1/gnu/bin/../lib/gcc/score-elf/4.2.1/../../../../score-elf/lib/mel\libc.a(ungetc.o)
                0x00000000a00ee224                ungetc
                0x00000000a00ee134                __submore
 .text          0x00000000a00ee3ac      0x1fc c:/sunplus/s_core~1.1/gnu/bin/../lib/gcc/score-elf/4.2.1/mel\libgcc.a(_addsub_sf.o)
                0x00000000a00ee3ac                __subsf3
                0x00000000a00ee3ae                __addsf3
 .text          0x00000000a00ee5a8      0x368 c:/sunplus/s_core~1.1/gnu/bin/../lib/gcc/score-elf/4.2.1/mel\libgcc.a(_addsub_df.o)